04-27 13:36:35.220 W/TwinMgr (  491): [TwinInfo_update] WARNING: [TwinInfo_update][0]no deque on AFO over 64 frames
04-27 13:36:35.222 W/MtkCam/BufferProvider_P(  491): [Hal:Image:yuvFD][dequeStreamBuffer] Cannot acquire from pool. Something wrong... SOS
04-27 13:36:35.226 W/TuningMgr(  491): TuningMgr[updateEngine] WARNING: [temp log] AF enable(0_0x100802e0_0x8001e0)
04-27 13:36:35.228 E/SurfaceFlinger(  385): getUniqueId not supported on VirtualDisplaySurface
04-27 13:36:35.230 E/SurfaceFlinger(  385): getUniqueId not supported on VirtualDisplaySurface
04-27 13:36:35.233 D/BufferQueueProducer(  489): [GraphicBufferSource](this:0xe6c62000,id:0,api:1,p:489,c:489) cancelBuffer: slot 0
04-27 13:36:35.234 I/MtkCam/Utils(  491): {CamProfile}[DisplayClient::dequePrvOps] dequeue_buffer > 30ms: (0-th) ===> (overtime > 30 ms) [start-->now: 34 ms]
04-27 13:36:35.245 I/MtkCam/PrvCB(  491): (2420)[onClientThreadLoop] mOneShotSleepCount 0
04-27 13:36:35.248 I/Camera  ( 1670): handleMessage: 16
04-27 13:36:35.260 W/TwinMgr (  491): [TwinInfo_update] WARNING: [TwinInfo_update][0]no deque on AFO over 64 frames
04-27 13:36:35.262 E/SurfaceFlinger(  385): getUniqueId not supported on VirtualDisplaySurface
04-27 13:36:35.262 W/MtkCam/BufferProvider_P(  491): [Hal:Image:yuvFD][dequeStreamBuffer] Cannot acquire from pool. Something wrong... SOS
04-27 13:36:35.264 E/SurfaceFlinger(  385): getUniqueId not supported on VirtualDisplaySurface
04-27 13:36:35.266 W/TuningMgr(  491): TuningMgr[updateEngine] WARNING: [temp log] AF enable(0_0x100802e0_0x8001e0)
04-27 13:36:35.266 D/BufferQueueProducer(  489): [GraphicBufferSource](this:0xe6c62000,id:0,api:1,p:489,c:489) cancelBuffer: slot 1
04-27 13:36:35.286 I/MtkCam/PrvCB(  491): (2420)[onClientThreadLoop] mOneShotSleepCount 0
04-27 13:36:35.289 I/Camera  ( 1670): handleMessage: 16
04-27 13:36:35.294 E/SurfaceFlinger(  385): getUniqueId not supported on VirtualDisplaySurface
04-27 13:36:35.296 E/SurfaceFlinger(  385): getUniqueId not supported on VirtualDisplaySurface
04-27 13:36:35.299 D/BufferQueueProducer(  489): [GraphicBufferSource](this:0xe6c62000,id:0,api:1,p:489,c:489) cancelBuffer: slot 0
04-27 13:36:35.301 W/TwinMgr (  491): [TwinInfo_update] WARNING: [TwinInfo_update][0]no deque on AFO over 64 frames
04-27 13:36:35.303 W/MtkCam/BufferProvider_P(  491): [Hal:Image:yuvFD][dequeStreamBuffer] Cannot acquire from pool. Something wrong... SOS
04-27 13:36:35.306 W/TuningMgr(  491): TuningMgr[updateEngine] WARNING: [temp log] AF enable(0_0x100802e0_0x8001e0)
04-27 13:36:35.326 I/MtkCam/PrvCB(  491): (2420)[onClientThreadLoop] mOneShotSleepCount 0
04-27 13:36:35.330 I/Camera  ( 1670): handleMessage: 16
04-27 13:36:35.341 W/TwinMgr (  491): [TwinInfo_update] WARNING: [TwinInfo_update][0]no deque on AFO over 64 frames
04-27 13:36:35.345 E/SurfaceFlinger(  385): getUniqueId not supported on VirtualDisplaySurface
04-27 13:36:35.345 W/MtkCam/BufferProvider_P(  491): [Hal:Image:yuvFD][dequeStreamBuffer] Cannot acquire from pool. Something wrong... SOS
04-27 13:36:35.346 W/TuningMgr(  491): TuningMgr[updateEngine] WARNING: [temp log] AF enable(0_0x100802e0_0x8001e0)
04-27 13:36:35.347 E/SurfaceFlinger(  385): getUniqueId not supported on VirtualDisplaySurface
04-27 13:36:35.350 D/BufferQueueProducer(  489): [GraphicBufferSource](this:0xe6c62000,id:0,api:1,p:489,c:489) cancelBuffer: slot 1
04-27 13:36:35.366 I/MtkCam/PrvCB(  491): (2420)[onClientThreadLoop] mOneShotSleepCount 0
04-27 13:36:35.370 I/Camera  ( 1670): handleMessage: 16
04-27 13:36:35.378 E/SurfaceFlinger(  385): getUniqueId not supported on VirtualDisplaySurface
04-27 13:36:35.381 E/SurfaceFlinger(  385): getUniqueId not supported on VirtualDisplaySurface
04-27 13:36:35.381 W/TwinMgr (  491): [TwinInfo_update] WARNING: [TwinInfo_update][0]no deque on AFO over 64 frames
04-27 13:36:35.383 D/BufferQueueProducer(  489): [GraphicBufferSource](this:0xe6c62000,id:0,api:1,p:489,c:489) cancelBuffer: slot 0
04-27 13:36:35.384 W/MtkCam/BufferProvider_P(  491): [Hal:Image:yuvFD][dequeStreamBuffer] Cannot acquire from pool. Something wrong... SOS
04-27 13:36:35.386 W/TuningMgr(  491): TuningMgr[updateEngine] WARNING: [temp log] AF enable(0_0x100802e0_0x8001e0)
04-27 13:36:35.405 I/MtkCam/PrvCB(  491): (2420)[onClientThreadLoop] mOneShotSleepCount 0
04-27 13:36:35.410 I/Camera  ( 1670): handleMessage: 16
04-27 13:36:35.421 W/TwinMgr (  491): [TwinInfo_update] WARNING: [TwinInfo_update][0]no deque on AFO over 64 frames
04-27 13:36:35.423 W/MtkCam/BufferProvider_P(  491): [Hal:Image:yuvFD][dequeStreamBuffer] Cannot acquire from pool. Something wrong... SOS
04-27 13:36:35.426 W/TuningMgr(  491): TuningMgr[updateEngine] WARNING: [temp log] AF enable(0_0x100802e0_0x8001e0)
04-27 13:36:35.428 E/SurfaceFlinger(  385): getUniqueId not supported on VirtualDisplaySurface
04-27 13:36:35.430 E/SurfaceFlinger(  385): getUniqueId not supported on VirtualDisplaySurface
04-27 13:36:35.433 D/BufferQueueProducer(  489): [GraphicBufferSource](this:0xe6c62000,id:0,api:1,p:489,c:489) cancelBuffer: slot 1
04-27 13:36:35.434 I/MtkCam/Utils(  491): {CamProfile}[DisplayClient::dequePrvOps] dequeue_buffer > 30ms: (0-th) ===> (overtime > 30 ms) [start-->now: 32 ms]
04-27 13:36:35.445 I/MtkCam/PrvCB(  491): (2420)[onClientThreadLoop] mOneShotSleepCount 0
04-27 13:36:35.449 I/Camera  ( 1670): handleMessage: 16
04-27 13:36:35.460 E/SurfaceFlinger(  385): getUniqueId not supported on VirtualDisplaySurface
04-27 13:36:35.461 W/TwinMgr (  491): [TwinInfo_update] WARNING: [TwinInfo_update][0]no deque on AFO over 64 frames
04-27 13:36:35.463 E/SurfaceFlinger(  385): getUniqueId not supported on VirtualDisplaySurface
04-27 13:36:35.463 W/MtkCam/BufferProvider_P(  491): [Hal:Image:yuvFD][dequeStreamBuffer] Cannot acquire from pool. Something wrong... SOS
04-27 13:36:35.466 D/BufferQueueProducer(  489): [GraphicBufferSource](this:0xe6c62000,id:0,api:1,p:489,c:489) cancelBuffer: slot 0
04-27 13:36:35.466 W/TuningMgr(  491): TuningMgr[updateEngine] WARNING: [temp log] AF enable(0_0x100802e0_0x8001e0)
04-27 13:36:35.485 I/MtkCam/PrvCB(  491): (2420)[onClientThreadLoop] mOneShotSleepCount 0
04-27 13:36:35.491 I/MtkCam/PrvCB(  491): (2420)[onClientThreadLoop] mOneShotSleepCount 1
04-27 13:36:35.491 I/Camera  ( 1670): handleMessage: 16
04-27 13:36:35.494 E/SurfaceFlinger(  385): getUniqueId not supported on VirtualDisplaySurface
04-27 13:36:35.496 E/SurfaceFlinger(  385): getUniqueId not supported on VirtualDisplaySurface
04-27 13:36:35.498 D/BufferQueueProducer(  489): [GraphicBufferSource](this:0xe6c62000,id:0,api:1,p:489,c:489) cancelBuffer: slot 1
04-27 13:36:35.501 W/TwinMgr (  491): [TwinInfo_update] WARNING: [TwinInfo_update][0]no deque on AFO over 64 frames
04-27 13:36:35.503 W/MtkCam/BufferProvider_P(  491): [Hal:Image:yuvFD][dequeStreamBuffer] Cannot acquire from pool. Something wrong... SOS
04-27 13:36:35.506 W/TuningMgr(  491): TuningMgr[updateEngine] WARNING: [temp log] AF enable(0_0x100802e0_0x8001e0)
04-27 13:36:35.525 I/MtkCam/PrvCB(  491): (2420)[onClientThreadLoop] mOneShotSleepCount 0
04-27 13:36:35.529 I/Camera  ( 1670): handleMessage: 16
04-27 13:36:35.541 W/TwinMgr (  491): [TwinInfo_update] WARNING: [TwinInfo_update][0]no deque on AFO over 64 frames
04-27 13:36:35.543 W/MtkCam/BufferProvider_P(  491): [Hal:Image:yuvFD][dequeStreamBuffer] Cannot acquire from pool. Something wrong... SOS
04-27 13:36:35.544 E/SurfaceFlinger(  385): getUniqueId not supported on VirtualDisplaySurface
04-27 13:36:35.546 W/TuningMgr(  491): TuningMgr[updateEngine] WARNING: [temp log] AF enable(0_0x100802e0_0x8001e0)
04-27 13:36:35.546 E/SurfaceFlinger(  385): getUniqueId not supported on VirtualDisplaySurface
04-27 13:36:35.549 D/BufferQueueProducer(  489): [GraphicBufferSource](this:0xe6c62000,id:0,api:1,p:489,c:489) cancelBuffer: slot 0
04-27 13:36:35.560 I/BufferQueueProducer(  385): [SurfaceView - #0](this:0x7efed64800,id:12,api:4,p:474,c:385) queueBuffer: fps=24.94 dur=1002.51 max=46.38 min=36.61
04-27 13:36:35.565 I/MtkCam/PrvCB(  491): (2420)[onClientThreadLoop] mOneShotSleepCount 0
04-27 13:36:35.569 I/Camera  ( 1670): handleMessage: 16
04-27 13:36:35.577 E/SurfaceFlinger(  385): getUniqueId not supported on VirtualDisplaySurface
04-27 13:36:35.579 E/SurfaceFlinger(  385): getUniqueId not supported on VirtualDisplaySurface
04-27 13:36:35.580 D/NxpTml  (  381): PN54X - Read requested.....
04-27 13:36:35.580 D/NxpTml  (  381): PN54X - Invoking I2C Read.....
04-27 13:36:35.581 W/TwinMgr (  491): [TwinInfo_update] WARNING: [TwinInfo_update][0]no deque on AFO over 64 frames
04-27 13:36:35.582 D/BufferQueueProducer(  489): [GraphicBufferSource](this:0xe6c62000,id:0,api:1,p:489,c:489) cancelBuffer: slot 1
04-27 13:36:35.586 W/MtkCam/BufferProvider_P(  491): [Hal:Image:yuvFD][dequeStreamBuffer] Cannot acquire from pool. Something wrong... SOS
04-27 13:36:35.587 W/TuningMgr(  491): TuningMgr[updateEngine] WARNING: [temp log] AF enable(0_0x100802e0_0x8001e0)
04-27 13:36:35.605 I/MtkCam/PrvCB(  491): (2420)[onClientThreadLoop] mOneShotSleepCount 0
04-27 13:36:35.608 I/Camera  ( 1670): handleMessage: 16
04-27 13:36:35.621 W/TwinMgr (  491): [TwinInfo_update] WARNING: [TwinInfo_update][0]no deque on AFO over 64 frames
04-27 13:36:35.623 W/MtkCam/BufferProvider_P(  491): [Hal:Image:yuvFD][dequeStreamBuffer] Cannot acquire from pool. Something wrong... SOS
04-27 13:36:35.627 E/SurfaceFlinger(  385): getUniqueId not supported on VirtualDisplaySurface
04-27 13:36:35.628 W/TuningMgr(  491): TuningMgr[updateEngine] WARNING: [temp log] AF enable(0_0x100802e0_0x8001e0)
04-27 13:36:35.629 E/SurfaceFlinger(  385): getUniqueId not supported on VirtualDisplaySurface
04-27 13:36:35.632 D/BufferQueueProducer(  489): [GraphicBufferSource](this:0xe6c62000,id:0,api:1,p:489,c:489) cancelBuffer: slot 0
04-27 13:36:35.645 I/MtkCam/PrvCB(  491): (2420)[onClientThreadLoop] mOneShotSleepCount 0
04-27 13:36:35.649 I/Camera  ( 1670): handleMessage: 16
04-27 13:36:35.659 E/SurfaceFlinger(  385): getUniqueId not supported on VirtualDisplaySurface
04-27 13:36:35.661 W/TwinMgr (  491): [TwinInfo_update] WARNING: [TwinInfo_update][0]no deque on AFO over 64 frames
04-27 13:36:35.662 E/SurfaceFlinger(  385): getUniqueId not supported on VirtualDisplaySurface
04-27 13:36:35.664 D/BufferQueueProducer(  489): [GraphicBufferSource](this:0xe6c62000,id:0,api:1,p:489,c:489) cancelBuffer: slot 1
04-27 13:36:35.666 W/MtkCam/BufferProvider_P(  491): [Hal:Image:yuvFD][dequeStreamBuffer] Cannot acquire from pool. Something wrong... SOS
04-27 13:36:35.667 W/TuningMgr(  491): TuningMgr[updateEngine] WARNING: [temp log] AF enable(0_0x100802e0_0x8001e0)
04-27 13:36:35.685 I/MtkCam/PrvCB(  491): (2420)[onClientThreadLoop] mOneShotSleepCount 0
04-27 13:36:35.689 I/Camera  ( 1670): handleMessage: 16
04-27 13:36:35.701 W/TwinMgr (  491): [TwinInfo_update] WARNING: [TwinInfo_update][0]no deque on AFO over 64 frames
04-27 13:36:35.706 W/MtkCam/BufferProvider_P(  491): [Hal:Image:yuvFD][dequeStreamBuffer] Cannot acquire from pool. Something wrong... SOS
04-27 13:36:35.707 W/TuningMgr(  491): TuningMgr[updateEngine] WARNING: [temp log] AF enable(0_0x100802e0_0x8001e0)
04-27 13:36:35.710 E/SurfaceFlinger(  385): getUniqueId not supported on VirtualDisplaySurface
04-27 13:36:35.712 E/SurfaceFlinger(  385): getUniqueId not supported on VirtualDisplaySurface
04-27 13:36:35.713 I/DisplayDevice(  385): [stdout (type:2)] fps:24.903658,dur:1044.02,max:53.86,min:30.82
04-27 13:36:35.714 D/BufferQueueProducer(  489): [GraphicBufferSource](this:0xe6c62000,id:0,api:1,p:489,c:489) cancelBuffer: slot 0
04-27 13:36:35.716 I/MtkCam/Utils(  491): {CamProfile}[DisplayClient::dequePrvOps] dequeue_buffer > 30ms: (0-th) ===> (overtime > 30 ms) [start-->now: 32 ms]
04-27 13:36:35.725 I/MtkCam/PrvCB(  491): (2420)[onClientThreadLoop] mOneShotSleepCount 0
04-27 13:36:35.729 I/Camera  ( 1670): handleMessage: 16
04-27 13:36:35.742 W/TwinMgr (  491): [TwinInfo_update] WARNING: [TwinInfo_update][0]no deque on AFO over 64 frames
04-27 13:36:35.742 E/SurfaceFlinger(  385): getUniqueId not supported on VirtualDisplaySurface
04-27 13:36:35.745 E/SurfaceFlinger(  385): getUniqueId not supported on VirtualDisplaySurface
04-27 13:36:35.747 W/MtkCam/BufferProvider_P(  491): [Hal:Image:yuvFD][dequeStreamBuffer] Cannot acquire from pool. Something wrong... SOS
04-27 13:36:35.747 W/TuningMgr(  491): TuningMgr[updateEngine] WARNING: [temp log] AF enable(0_0x100802e0_0x8001e0)
04-27 13:36:35.747 D/BufferQueueProducer(  489): [GraphicBufferSource](this:0xe6c62000,id:0,api:1,p:489,c:489) cancelBuffer: slot 1
04-27 13:36:35.765 I/MtkCam/PrvCB(  491): (2420)[onClientThreadLoop] mOneShotSleepCount 0
04-27 13:36:35.769 I/Camera  ( 1670): handleMessage: 16
04-27 13:36:35.775 E/SurfaceFlinger(  385): getUniqueId not supported on VirtualDisplaySurface
04-27 13:36:35.778 E/SurfaceFlinger(  385): getUniqueId not supported on VirtualDisplaySurface
04-27 13:36:35.780 D/BufferQueueProducer(  489): [GraphicBufferSource](this:0xe6c62000,id:0,api:1,p:489,c:489) cancelBuffer: slot 0
04-27 13:36:35.782 W/TwinMgr (  491): [TwinInfo_update] WARNING: [TwinInfo_update][0]no deque on AFO over 64 frames
04-27 13:36:35.789 W/MtkCam/BufferProvider_P(  491): [Hal:Image:yuvFD][dequeStreamBuffer] Cannot acquire from pool. Something wrong... SOS
04-27 13:36:35.790 W/TuningMgr(  491): TuningMgr[updateEngine] WARNING: [temp log] AF enable(0_0x100802e0_0x8001e0)
04-27 13:36:35.806 I/MtkCam/PrvCB(  491): (2420)[onClientThreadLoop] mOneShotSleepCount 0
04-27 13:36:35.809 I/Camera  ( 1670): handleMessage: 16
04-27 13:36:35.822 W/TwinMgr (  491): [TwinInfo_update] WARNING: [TwinInfo_update][0]no deque on AFO over 64 frames
04-27 13:36:35.823 W/MtkCam/BufferProvider_P(  491): [Hal:Image:yuvFD][dequeStreamBuffer] Cannot acquire from pool. Something wrong... SOS
04-27 13:36:35.826 E/SurfaceFlinger(  385): getUniqueId not supported on VirtualDisplaySurface
04-27 13:36:35.827 W/TuningMgr(  491): TuningMgr[updateEngine] WARNING: [temp log] AF enable(0_0x100802e0_0x8001e0)
04-27 13:36:35.828 E/SurfaceFlinger(  385): getUniqueId not supported on VirtualDisplaySurface
04-27 13:36:35.831 D/BufferQueueProducer(  489): [GraphicBufferSource](this:0xe6c62000,id:0,api:1,p:489,c:489) cancelBuffer: slot 1
04-27 13:36:35.847 I/MtkCam/PrvCB(  491): (2420)[onClientThreadLoop] mOneShotSleepCount 0
04-27 13:36:35.851 I/Camera  ( 1670): handleMessage: 16
04-27 13:36:35.858 E/SurfaceFlinger(  385): getUniqueId not supported on VirtualDisplaySurface
04-27 13:36:35.860 E/SurfaceFlinger(  385): getUniqueId not supported on VirtualDisplaySurface
04-27 13:36:35.862 W/TwinMgr (  491): [TwinInfo_update] WARNING: [TwinInfo_update][0]no deque on AFO over 64 frames
04-27 13:36:35.863 D/BufferQueueProducer(  489): [GraphicBufferSource](this:0xe6c62000,id:0,api:1,p:489,c:489) cancelBuffer: slot 0
04-27 13:36:35.867 W/MtkCam/BufferProvider_P(  491): [Hal:Image:yuvFD][dequeStreamBuffer] Cannot acquire from pool. Something wrong... SOS
04-27 13:36:35.868 W/TuningMgr(  491): TuningMgr[updateEngine] WARNING: [temp log] AF enable(0_0x100802e0_0x8001e0)
04-27 13:36:35.887 I/MtkCam/PrvCB(  491): (2420)[onClientThreadLoop] mOneShotSleepCount 0
04-27 13:36:35.891 I/Camera  ( 1670): handleMessage: 16
04-27 13:36:35.902 W/TwinMgr (  491): [TwinInfo_update] WARNING: [TwinInfo_update][0]no deque on AFO over 64 frames
04-27 13:36:35.905 W/MtkCam/BufferProvider_P(  491): [Hal:Image:yuvFD][dequeStreamBuffer] Cannot acquire from pool. Something wrong... SOS
04-27 13:36:35.908 E/SurfaceFlinger(  385): getUniqueId not supported on VirtualDisplaySurface
04-27 13:36:35.910 E/SurfaceFlinger(  385): getUniqueId not supported on VirtualDisplaySurface
04-27 13:36:35.913 D/BufferQueueProducer(  489): [GraphicBufferSource](this:0xe6c62000,id:0,api:1,p:489,c:489) cancelBuffer: slot 1
04-27 13:36:35.914 W/TuningMgr(  491): TuningMgr[updateEngine] WARNING: [temp log] AF enable(0_0x100802e0_0x8001e0)
04-27 13:36:35.926 I/MtkCam/PrvCB(  491): (2420)[onClientThreadLoop] mOneShotSleepCount 0
04-27 13:36:35.927 D/GB28181 ( 1670): >>>>>>>>=====D:/camera_live/app/src/main/cpp/libgb28181/sip/sip_timer.cpp[208]==========
04-27 13:36:35.927 D/GB28181 ( 1670): #sip_rev接收服务器到SIP消息:msg_buf[(null)]
04-27 13:36:35.927 D/GB28181 ( 1670): #########################stm.msg_src=[2],
04-27 13:36:35.929 I/System.out( 1670): GB28181--->>>-----C++回调java:状态回调 回调函数--- sysState:2 connState:2heartbeatExceptionCount:0 liveState:0 talkState:0 videotapeState:0videotapedownloadState:0---------------------
04-27 13:36:35.930 E/Gb28181Local( 1670): onStateUpdate sysState:2,connState:2,heartbeatExceptionCount:0,liveState:0,talkState:0,videotapeState:0,videotapeDownloadState:0
04-27 13:36:35.931 D/GB28181 ( 1670): #sip_rev------>>>接收服务器SIP消息来源:定时消息 SIP_TIMER_SRC ，收到服务器心跳反馈  
04-27 13:36:35.931 D/GB28181 ( 1670): 
04-27 13:36:35.931 D/GB28181 ( 1670): 
04-27 13:36:35.931 D/GB28181 ( 1670): cur_time=36  (p_user->last_rx_time + g_gb28181_cfg.heartbeat_interval) =45 
04-27 13:36:35.931 D/GB28181 ( 1670): cur_time=36  (p_user->last_rx_time + g_gb28181_cfg.heartbeat_interval) =45 
04-27 13:36:35.931 D/GB28181 ( 1670): --sip_task---->>> hsip.net_rx_flag===1 
04-27 13:36:35.932 I/MtkCam/PrvCB(  491): (2420)[onClientThreadLoop] mOneShotSleepCount 1
04-27 13:36:35.932 I/Camera  ( 1670): handleMessage: 16
04-27 13:36:35.941 E/SurfaceFlinger(  385): getUniqueId not supported on VirtualDisplaySurface
04-27 13:36:35.942 W/TwinMgr (  491): [TwinInfo_update] WARNING: [TwinInfo_update][0]no deque on AFO over 64 frames
04-27 13:36:35.943 E/SurfaceFlinger(  385): getUniqueId not supported on VirtualDisplaySurface
04-27 13:36:35.944 W/MtkCam/BufferProvider_P(  491): [Hal:Image:yuvFD][dequeStreamBuffer] Cannot acquire from pool. Something wrong... SOS
04-27 13:36:35.946 D/BufferQueueProducer(  489): [GraphicBufferSource](this:0xe6c62000,id:0,api:1,p:489,c:489) cancelBuffer: slot 0
04-27 13:36:35.948 W/TuningMgr(  491): TuningMgr[updateEngine] WARNING: [temp log] AF enable(0_0x100802e0_0x8001e0)
04-27 13:36:35.950 E/DCWLog-dcwVochatService( 1670): appRunning: true,app isForeground: false
04-27 13:36:35.966 I/MtkCam/PrvCB(  491): (2420)[onClientThreadLoop] mOneShotSleepCount 0
04-27 13:36:35.970 I/Camera  ( 1670): handleMessage: 16
04-27 13:36:35.982 W/TwinMgr (  491): [TwinInfo_update] WARNING: [TwinInfo_update][0]no deque on AFO over 64 frames
04-27 13:36:35.984 W/MtkCam/BufferProvider_P(  491): [Hal:Image:yuvFD][dequeStreamBuffer] Cannot acquire from pool. Something wrong... SOS
04-27 13:36:35.987 W/TuningMgr(  491): TuningMgr[updateEngine] WARNING: [temp log] AF enable(0_0x100802e0_0x8001e0)
04-27 13:36:35.991 E/SurfaceFlinger(  385): getUniqueId not supported on VirtualDisplaySurface
04-27 13:36:35.994 E/SurfaceFlinger(  385): getUniqueId not supported on VirtualDisplaySurface
04-27 13:36:35.996 D/BufferQueueProducer(  489): [GraphicBufferSource](this:0xe6c62000,id:0,api:1,p:489,c:489) cancelBuffer: slot 1
04-27 13:36:35.997 I/MtkCam/Utils(  491): {CamProfile}[DisplayClient::dequePrvOps] dequeue_buffer > 30ms: (0-th) ===> (overtime > 30 ms) [start-->now: 35 ms]
04-27 13:36:36.000 I/ADB_SERVICES( 1574): g_pending_list length=1
04-27 13:36:36.006 I/MtkCam/PrvCB(  491): (2420)[onClientThreadLoop] mOneShotSleepCount 0
04-27 13:36:36.010 I/Camera  ( 1670): handleMessage: 16
04-27 13:36:36.022 W/TwinMgr (  491): [TwinInfo_update] WARNING: [TwinInfo_update][0]no deque on AFO over 64 frames
04-27 13:36:36.024 E/SurfaceFlinger(  385): getUniqueId not supported on VirtualDisplaySurface
04-27 13:36:36.024 W/MtkCam/BufferProvider_P(  491): [Hal:Image:yuvFD][dequeStreamBuffer] Cannot acquire from pool. Something wrong... SOS
04-27 13:36:36.026 E/SurfaceFlinger(  385): getUniqueId not supported on VirtualDisplaySurface
04-27 13:36:36.028 W/TuningMgr(  491): TuningMgr[updateEngine] WARNING: [temp log] AF enable(0_0x100802e0_0x8001e0)
04-27 13:36:36.030 D/BufferQueueProducer(  489): [GraphicBufferSource](this:0xe6c62000,id:0,api:1,p:489,c:489) cancelBuffer: slot 0
04-27 13:36:36.046 I/MtkCam/PrvCB(  491): (2420)[onClientThreadLoop] mOneShotSleepCount 0
04-27 13:36:36.049 I/Camera  ( 1670): handleMessage: 16
04-27 13:36:36.057 E/SurfaceFlinger(  385): getUniqueId not supported on VirtualDisplaySurface
04-27 13:36:36.059 E/SurfaceFlinger(  385): getUniqueId not supported on VirtualDisplaySurface
04-27 13:36:36.062 D/BufferQueueProducer(  489): [GraphicBufferSource](this:0xe6c62000,id:0,api:1,p:489,c:489) cancelBuffer: slot 1
04-27 13:36:36.062 W/TwinMgr (  491): [TwinInfo_update] WARNING: [TwinInfo_update][0]no deque on AFO over 64 frames
04-27 13:36:36.067 W/MtkCam/BufferProvider_P(  491): [Hal:Image:yuvFD][dequeStreamBuffer] Cannot acquire from pool. Something wrong... SOS
04-27 13:36:36.068 W/TuningMgr(  491): TuningMgr[updateEngine] WARNING: [temp log] AF enable(0_0x100802e0_0x8001e0)
04-27 13:36:36.086 I/MtkCam/PrvCB(  491): (2420)[onClientThreadLoop] mOneShotSleepCount 0
04-27 13:36:36.089 I/Camera  ( 1670): handleMessage: 16
04-27 13:36:36.102 W/TwinMgr (  491): [TwinInfo_update] WARNING: [TwinInfo_update][0]no deque on AFO over 64 frames
04-27 13:36:36.105 W/MtkCam/BufferProvider_P(  491): [Hal:Image:yuvFD][dequeStreamBuffer] Cannot acquire from pool. Something wrong... SOS
04-27 13:36:36.107 E/SurfaceFlinger(  385): getUniqueId not supported on VirtualDisplaySurface
04-27 13:36:36.108 W/TuningMgr(  491): TuningMgr[updateEngine] WARNING: [temp log] AF enable(0_0x100802e0_0x8001e0)
04-27 13:36:36.110 E/SurfaceFlinger(  385): getUniqueId not supported on VirtualDisplaySurface
04-27 13:36:36.113 D/BufferQueueProducer(  489): [GraphicBufferSource](this:0xe6c62000,id:0,api:1,p:489,c:489) cancelBuffer: slot 0
04-27 13:36:36.126 I/MtkCam/PrvCB(  491): (2420)[onClientThreadLoop] mOneShotSleepCount 0
04-27 13:36:36.129 I/Camera  ( 1670): handleMessage: 16
04-27 13:36:36.140 E/SurfaceFlinger(  385): getUniqueId not supported on VirtualDisplaySurface
04-27 13:36:36.142 E/SurfaceFlinger(  385): getUniqueId not supported on VirtualDisplaySurface
04-27 13:36:36.143 D/MPE     (  469): mtk_gps_mnl_trigger_mpe: mpemsg len=0
04-27 13:36:36.146 W/TwinMgr (  491): [TwinInfo_update] WARNING: [TwinInfo_update][0]no deque on AFO over 64 frames
04-27 13:36:36.146 W/MtkCam/BufferProvider_P(  491): [Hal:Image:yuvFD][dequeStreamBuffer] Cannot acquire from pool. Something wrong... SOS
04-27 13:36:36.148 D/BufferQueueProducer(  489): [GraphicBufferSource](this:0xe6c62000,id:0,api:1,p:489,c:489) cancelBuffer: slot 1
04-27 13:36:36.148 W/TuningMgr(  491): TuningMgr[updateEngine] WARNING: [temp log] AF enable(0_0x100802e0_0x8001e0)
04-27 13:36:36.155 D/MPE     (  469): mtk_gps_mnl_trigger_mpe: mpemsg len=0
04-27 13:36:36.158 D/pseudo  (  469): mtk_gps_sys_nmea_output_to_mnld: received 771 bytes:
04-27 13:36:36.162 D/pseudo  (  469): mtk_gps_sys_nmea_output_to_app: len:771, [NMEA]$GNGGA,080939.01...
04-27 13:36:36.163 D/agps    (  498): [agps][n][AGPS] [MNL] write  pmtk  [$PMTK680,1,FFFFEFE0*7B
04-27 13:36:36.163 D/agps    (  498):  ]
04-27 13:36:36.164 I/MtkCam/PrvCB(  491): [performPreviewCallback] fps: 25.002569 = 51 / 2039790462 ns
04-27 13:36:36.166 D/gps_controlller(  469): mtk_gps_sys_gps_mnl_callback: msg:0
04-27 13:36:36.166 D/gps_controlller(  469): send_active_notify: send clean nmea timer cmd!
04-27 13:36:36.166 D/gps_controlller(  469): gps_control_thread: gps_control_thread wait
04-27 13:36:36.166 I/MtkCam/PrvCB(  491): (2420)[onClientThreadLoop] mOneShotSleepCount 0
04-27 13:36:36.166 D/gps_controlller(  469): mtk_gps_sys_gps_mnl_callback: MTK_GPS_MSG_FIX_READY,GET_RTC_FAIL
04-27 13:36:36.167 D/pseudo  (  469): mtk_gps_sys_nmea_output_to_app: len:46, [vAGPS_Auto_Req]:g_FirstDbtt:0,u2BitMap:0x12f
04-27 13:36:36.172 I/MtkCam/PrvCB(  491): (2420)[onClientThreadLoop] mOneShotSleepCount 1
04-27 13:36:36.173 I/Camera  ( 1670): handleMessage: 16
04-27 13:36:36.182 W/MtkCam/BufferProvider_P(  491): [Hal:Image:yuvFD][dequeStreamBuffer] Cannot acquire from pool. Something wrong... SOS
04-27 13:36:36.182 W/TwinMgr (  491): [TwinInfo_update] WARNING: [TwinInfo_update][0]no deque on AFO over 64 frames
04-27 13:36:36.188 W/TuningMgr(  491): TuningMgr[updateEngine] WARNING: [temp log] AF enable(0_0x100802e0_0x8001e0)
04-27 13:36:36.190 E/SurfaceFlinger(  385): getUniqueId not supported on VirtualDisplaySurface
04-27 13:36:36.192 E/SurfaceFlinger(  385): getUniqueId not supported on VirtualDisplaySurface
04-27 13:36:36.195 D/BufferQueueProducer(  489): [GraphicBufferSource](this:0xe6c62000,id:0,api:1,p:489,c:489) cancelBuffer: slot 0
04-27 13:36:36.196 I/MtkCam/Utils(  491): {CamProfile}[DisplayClient::dequePrvOps] dequeue_buffer > 30ms: (0-th) ===> (overtime > 30 ms) [start-->now: 32 ms]
04-27 13:36:36.206 I/MtkCam/PrvCB(  491): (2420)[onClientThreadLoop] mOneShotSleepCount 0
04-27 13:36:36.210 I/Camera  ( 1670): handleMessage: 16
04-27 13:36:36.223 W/TwinMgr (  491): [TwinInfo_update] WARNING: [TwinInfo_update][0]no deque on AFO over 64 frames
04-27 13:36:36.223 E/SurfaceFlinger(  385): getUniqueId not supported on VirtualDisplaySurface
04-27 13:36:36.225 E/SurfaceFlinger(  385): getUniqueId not supported on VirtualDisplaySurface
04-27 13:36:36.228 D/BufferQueueProducer(  489): [GraphicBufferSource](this:0xe6c62000,id:0,api:1,p:489,c:489) cancelBuffer: slot 1
04-27 13:36:36.229 W/TuningMgr(  491): TuningMgr[updateEngine] WARNING: [temp log] AF enable(0_0x100802e0_0x8001e0)
04-27 13:36:36.229 W/MtkCam/BufferProvider_P(  491): [Hal:Image:yuvFD][dequeStreamBuffer] Cannot acquire from pool. Something wrong... SOS
04-27 13:36:36.246 I/MtkCam/PrvCB(  491): (2420)[onClientThreadLoop] mOneShotSleepCount 0
04-27 13:36:36.249 I/Camera  ( 1670): handleMessage: 16
04-27 13:36:36.255 E/SurfaceFlinger(  385): getUniqueId not supported on VirtualDisplaySurface
04-27 13:36:36.258 E/SurfaceFlinger(  385): getUniqueId not supported on VirtualDisplaySurface
04-27 13:36:36.260 D/BufferQueueProducer(  489): [GraphicBufferSource](this:0xe6c62000,id:0,api:1,p:489,c:489) cancelBuffer: slot 0
04-27 13:36:36.263 W/TwinMgr (  491): [TwinInfo_update] WARNING: [TwinInfo_update][0]no deque on AFO over 64 frames
04-27 13:36:36.265 W/MtkCam/BufferProvider_P(  491): [Hal:Image:yuvFD][dequeStreamBuffer] Cannot acquire from pool. Something wrong... SOS
04-27 13:36:36.268 W/TuningMgr(  491): TuningMgr[updateEngine] WARNING: [temp log] AF enable(0_0x100802e0_0x8001e0)
04-27 13:36:36.285 I/MtkCam/PrvCB(  491): (2420)[onClientThreadLoop] mOneShotSleepCount 0
04-27 13:36:36.288 I/Camera  ( 1670): handleMessage: 16
04-27 13:36:36.303 W/TwinMgr (  491): [TwinInfo_update] WARNING: [TwinInfo_update][0]no deque on AFO over 64 frames
04-27 13:36:36.304 W/MtkCam/BufferProvider_P(  491): [Hal:Image:yuvFD][dequeStreamBuffer] Cannot acquire from pool. Something wrong... SOS
04-27 13:36:36.306 E/SurfaceFlinger(  385): getUniqueId not supported on VirtualDisplaySurface
04-27 13:36:36.308 E/SurfaceFlinger(  385): getUniqueId not supported on VirtualDisplaySurface
04-27 13:36:36.309 W/TuningMgr(  491): TuningMgr[updateEngine] WARNING: [temp log] AF enable(0_0x100802e0_0x8001e0)
04-27 13:36:36.310 D/BufferQueueProducer(  489): [GraphicBufferSource](this:0xe6c62000,id:0,api:1,p:489,c:489) cancelBuffer: slot 1
04-27 13:36:36.326 I/MtkCam/PrvCB(  491): (2420)[onClientThreadLoop] mOneShotSleepCount 0
04-27 13:36:36.329 I/Camera  ( 1670): handleMessage: 16
04-27 13:36:36.340 E/SurfaceFlinger(  385): getUniqueId not supported on VirtualDisplaySurface
04-27 13:36:36.342 E/SurfaceFlinger(  385): getUniqueId not supported on VirtualDisplaySurface
04-27 13:36:36.343 W/TwinMgr (  491): [TwinInfo_update] WARNING: [TwinInfo_update][0]no deque on AFO over 64 frames
04-27 13:36:36.346 D/BufferQueueProducer(  489): [GraphicBufferSource](this:0xe6c62000,id:0,api:1,p:489,c:489) cancelBuffer: slot 0
04-27 13:36:36.349 W/TuningMgr(  491): TuningMgr[updateEngine] WARNING: [temp log] AF enable(0_0x100802e0_0x8001e0)
04-27 13:36:36.349 W/MtkCam/BufferProvider_P(  491): [Hal:Image:yuvFD][dequeStreamBuffer] Cannot acquire from pool. Something wrong... SOS
04-27 13:36:36.367 I/MtkCam/PrvCB(  491): (2420)[onClientThreadLoop] mOneShotSleepCount 0
04-27 13:36:36.370 I/Camera  ( 1670): handleMessage: 16
04-27 13:36:36.383 W/TwinMgr (  491): [TwinInfo_update] WARNING: [TwinInfo_update][0]no deque on AFO over 64 frames
04-27 13:36:36.384 W/MtkCam/BufferProvider_P(  491): [Hal:Image:yuvFD][dequeStreamBuffer] Cannot acquire from pool. Something wrong... SOS
04-27 13:36:36.389 W/TuningMgr(  491): TuningMgr[updateEngine] WARNING: [temp log] AF enable(0_0x100802e0_0x8001e0)
04-27 13:36:36.389 E/SurfaceFlinger(  385): getUniqueId not supported on VirtualDisplaySurface
04-27 13:36:36.391 E/SurfaceFlinger(  385): getUniqueId not supported on VirtualDisplaySurface
04-27 13:36:36.393 D/BufferQueueProducer(  489): [GraphicBufferSource](this:0xe6c62000,id:0,api:1,p:489,c:489) cancelBuffer: slot 1
04-27 13:36:36.406 I/MtkCam/PrvCB(  491): (2420)[onClientThreadLoop] mOneShotSleepCount 0
04-27 13:36:36.410 I/Camera  ( 1670): handleMessage: 16
04-27 13:36:36.422 E/SurfaceFlinger(  385): getUniqueId not supported on VirtualDisplaySurface
04-27 13:36:36.423 W/TwinMgr (  491): [TwinInfo_update] WARNING: [TwinInfo_update][0]no deque on AFO over 64 frames
04-27 13:36:36.424 E/SurfaceFlinger(  385): getUniqueId not supported on VirtualDisplaySurface
04-27 13:36:36.425 W/MtkCam/BufferProvider_P(  491): [Hal:Image:yuvFD][dequeStreamBuffer] Cannot acquire from pool. Something wrong... SOS
04-27 13:36:36.426 D/BufferQueueProducer(  489): [GraphicBufferSource](this:0xe6c62000,id:0,api:1,p:489,c:489) cancelBuffer: slot 0
04-27 13:36:36.435 W/TuningMgr(  491): TuningMgr[updateEngine] WARNING: [temp log] AF enable(0_0x100802e0_0x8001e0)
04-27 13:36:36.447 I/MtkCam/PrvCB(  491): (2420)[onClientThreadLoop] mOneShotSleepCount 0
04-27 13:36:36.450 I/Camera  ( 1670): handleMessage: 16
04-27 13:36:36.463 W/TwinMgr (  491): [TwinInfo_update] WARNING: [TwinInfo_update][0]no deque on AFO over 64 frames
04-27 13:36:36.468 W/MtkCam/BufferProvider_P(  491): [Hal:Image:yuvFD][dequeStreamBuffer] Cannot acquire from pool. Something wrong... SOS
04-27 13:36:36.469 W/TuningMgr(  491): TuningMgr[updateEngine] WARNING: [temp log] AF enable(0_0x100802e0_0x8001e0)
04-27 13:36:36.472 E/SurfaceFlinger(  385): getUniqueId not supported on VirtualDisplaySurface
04-27 13:36:36.474 E/SurfaceFlinger(  385): getUniqueId not supported on VirtualDisplaySurface
04-27 13:36:36.476 D/BufferQueueProducer(  489): [GraphicBufferSource](this:0xe6c62000,id:0,api:1,p:489,c:489) cancelBuffer: slot 1
04-27 13:36:36.477 I/MtkCam/Utils(  491): {CamProfile}[DisplayClient::dequePrvOps] dequeue_buffer > 30ms: (0-th) ===> (overtime > 30 ms) [start-->now: 34 ms]
04-27 13:36:36.490 I/MtkCam/PrvCB(  491): (2420)[onClientThreadLoop] mOneShotSleepCount 0
04-27 13:36:36.493 I/Camera  ( 1670): handleMessage: 16
04-27 13:36:36.503 W/TwinMgr (  491): [TwinInfo_update] WARNING: [TwinInfo_update][0]no deque on AFO over 64 frames
04-27 13:36:36.505 E/SurfaceFlinger(  385): getUniqueId not supported on VirtualDisplaySurface
04-27 13:36:36.505 W/MtkCam/BufferProvider_P(  491): [Hal:Image:yuvFD][dequeStreamBuffer] Cannot acquire from pool. Something wrong... SOS
04-27 13:36:36.507 E/SurfaceFlinger(  385): getUniqueId not supported on VirtualDisplaySurface
04-27 13:36:36.509 W/TuningMgr(  491): TuningMgr[updateEngine] WARNING: [temp log] AF enable(0_0x100802e0_0x8001e0)
04-27 13:36:36.510 D/BufferQueueProducer(  489): [GraphicBufferSource](this:0xe6c62000,id:0,api:1,p:489,c:489) cancelBuffer: slot 0
04-27 13:36:36.526 I/MtkCam/PrvCB(  491): (2420)[onClientThreadLoop] mOneShotSleepCount 0
04-27 13:36:36.530 I/Camera  ( 1670): handleMessage: 16
04-27 13:36:36.538 E/SurfaceFlinger(  385): getUniqueId not supported on VirtualDisplaySurface
04-27 13:36:36.540 E/SurfaceFlinger(  385): getUniqueId not supported on VirtualDisplaySurface
04-27 13:36:36.542 D/BufferQueueProducer(  489): [GraphicBufferSource](this:0xe6c62000,id:0,api:1,p:489,c:489) cancelBuffer: slot 1
04-27 13:36:36.543 W/TwinMgr (  491): [TwinInfo_update] WARNING: [TwinInfo_update][0]no deque on AFO over 64 frames
04-27 13:36:36.544 W/MtkCam/BufferProvider_P(  491): [Hal:Image:yuvFD][dequeStreamBuffer] Cannot acquire from pool. Something wrong... SOS
04-27 13:36:36.549 W/TuningMgr(  491): TuningMgr[updateEngine] WARNING: [temp log] AF enable(0_0x100802e0_0x8001e0)
04-27 13:36:36.566 I/MtkCam/PrvCB(  491): (2420)[onClientThreadLoop] mOneShotSleepCount 0
04-27 13:36:36.570 I/Camera  ( 1670): handleMessage: 16
04-27 13:36:36.583 W/TwinMgr (  491): [TwinInfo_update] WARNING: [TwinInfo_update][0]no deque on AFO over 64 frames
04-27 13:36:36.586 W/MtkCam/BufferProvider_P(  491): [Hal:Image:yuvFD][dequeStreamBuffer] Cannot acquire from pool. Something wrong... SOS
04-27 13:36:36.589 W/TuningMgr(  491): TuningMgr[updateEngine] WARNING: [temp log] AF enable(0_0x100802e0_0x8001e0)
04-27 13:36:36.589 E/SurfaceFlinger(  385): getUniqueId not supported on VirtualDisplaySurface
04-27 13:36:36.591 E/SurfaceFlinger(  385): getUniqueId not supported on VirtualDisplaySurface
04-27 13:36:36.594 D/BufferQueueProducer(  489): [GraphicBufferSource](this:0xe6c62000,id:0,api:1,p:489,c:489) cancelBuffer: slot 0
04-27 13:36:36.595 I/MtkCam/Utils(  491): {CamProfile}[DisplayClient::dequePrvOps] dequeue_buffer > 30ms: (0-th) ===> (overtime > 30 ms) [start-->now: 34 ms]
04-27 13:36:36.603 I/BufferQueueProducer(  385): [SurfaceView - #0](this:0x7efed64800,id:12,api:4,p:474,c:385) queueBuffer: fps=24.94 dur=1042.61 max=46.38 min=34.22
04-27 13:36:36.606 I/MtkCam/PrvCB(  491): (2420)[onClientThreadLoop] mOneShotSleepCount 0
04-27 13:36:36.609 I/Camera  ( 1670): handleMessage: 16
04-27 13:36:36.621 E/SurfaceFlinger(  385): getUniqueId not supported on VirtualDisplaySurface
04-27 13:36:36.623 E/SurfaceFlinger(  385): getUniqueId not supported on VirtualDisplaySurface
04-27 13:36:36.624 W/TwinMgr (  491): [TwinInfo_update] WARNING: [TwinInfo_update][0]no deque on AFO over 64 frames
04-27 13:36:36.625 D/BufferQueueProducer(  489): [GraphicBufferSource](this:0xe6c62000,id:0,api:1,p:489,c:489) cancelBuffer: slot 1
04-27 13:36:36.626 W/MtkCam/BufferProvider_P(  491): [Hal:Image:yuvFD][dequeStreamBuffer] Cannot acquire from pool. Something wrong... SOS
04-27 13:36:36.629 W/TuningMgr(  491): TuningMgr[updateEngine] WARNING: [temp log] AF enable(0_0x100802e0_0x8001e0)
04-27 13:36:36.639 I/MtkCam/DisplayClient(  491): [DisplayClient::enquePrvOps] fps: 24.974720 = 50 / 2002024461 ns
04-27 13:36:36.646 I/MtkCam/PrvCB(  491): (2420)[onClientThreadLoop] mOneShotSleepCount 0
04-27 13:36:36.649 I/Camera  ( 1670): handleMessage: 16
04-27 13:36:36.663 W/TwinMgr (  491): [TwinInfo_update] WARNING: [TwinInfo_update][0]no deque on AFO over 64 frames
04-27 13:36:36.670 E/SurfaceFlinger(  385): getUniqueId not supported on VirtualDisplaySurface
04-27 13:36:36.670 W/MtkCam/BufferProvider_P(  491): [Hal:Image:yuvFD][dequeStreamBuffer] Cannot acquire from pool. Something wrong... SOS
04-27 13:36:36.671 W/TuningMgr(  491): TuningMgr[updateEngine] WARNING: [temp log] AF enable(0_0x100802e0_0x8001e0)
04-27 13:36:36.673 E/SurfaceFlinger(  385): getUniqueId not supported on VirtualDisplaySurface
04-27 13:36:36.676 D/BufferQueueProducer(  489): [GraphicBufferSource](this:0xe6c62000,id:0,api:1,p:489,c:489) cancelBuffer: slot 0
04-27 13:36:36.677 I/MtkCam/Utils(  491): {CamProfile}[DisplayClient::dequePrvOps] dequeue_buffer > 30ms: (0-th) ===> (overtime > 30 ms) [start-->now: 34 ms]
04-27 13:36:36.687 I/MtkCam/PrvCB(  491): (2420)[onClientThreadLoop] mOneShotSleepCount 0
04-27 13:36:36.690 I/Camera  ( 1670): handleMessage: 16
04-27 13:36:36.703 E/SurfaceFlinger(  385): getUniqueId not supported on VirtualDisplaySurface
04-27 13:36:36.704 W/TwinMgr (  491): [TwinInfo_update] WARNING: [TwinInfo_update][0]no deque on AFO over 64 frames
04-27 13:36:36.706 E/SurfaceFlinger(  385): getUniqueId not supported on VirtualDisplaySurface
04-27 13:36:36.708 D/BufferQueueProducer(  489): [GraphicBufferSource](this:0xe6c62000,id:0,api:1,p:489,c:489) cancelBuffer: slot 1
04-27 13:36:36.709 W/MtkCam/BufferProvider_P(  491): [Hal:Image:yuvFD][dequeStreamBuffer] Cannot acquire from pool. Something wrong... SOS
04-27 13:36:36.709 W/TuningMgr(  491): TuningMgr[updateEngine] WARNING: [temp log] AF enable(0_0x100802e0_0x8001e0)
04-27 13:36:36.727 I/MtkCam/PrvCB(  491): (2420)[onClientThreadLoop] mOneShotSleepCount 0
04-27 13:36:36.730 I/Camera  ( 1670): handleMessage: 16
04-27 13:36:36.736 E/SurfaceFlinger(  385): getUniqueId not supported on VirtualDisplaySurface
04-27 13:36:36.739 E/SurfaceFlinger(  385): getUniqueId not supported on VirtualDisplaySurface
04-27 13:36:36.740 I/DisplayDevice(  385): [stdout (type:2)] fps:25.311817,dur:1027.19,max:52.16,min:31.11
04-27 13:36:36.741 D/BufferQueueProducer(  489): [GraphicBufferSource](this:0xe6c62000,id:0,api:1,p:489,c:489) cancelBuffer: slot 0
04-27 13:36:36.743 W/TwinMgr (  491): [TwinInfo_update] WARNING: [TwinInfo_update][0]no deque on AFO over 64 frames
04-27 13:36:36.746 W/MtkCam/BufferProvider_P(  491): [Hal:Image:yuvFD][dequeStreamBuffer] Cannot acquire from pool. Something wrong... SOS
04-27 13:36:36.749 W/TuningMgr(  491): TuningMgr[updateEngine] WARNING: [temp log] AF enable(0_0x100802e0_0x8001e0)
04-27 13:36:36.767 I/MtkCam/PrvCB(  491): (2420)[onClientThreadLoop] mOneShotSleepCount 0
04-27 13:36:36.771 I/Camera  ( 1670): handleMessage: 16
04-27 13:36:36.784 W/TwinMgr (  491): [TwinInfo_update] WARNING: [TwinInfo_update][0]no deque on AFO over 64 frames
04-27 13:36:36.786 W/MtkCam/BufferProvider_P(  491): [Hal:Image:yuvFD][dequeStreamBuffer] Cannot acquire from pool. Something wrong... SOS
04-27 13:36:36.788 E/SurfaceFlinger(  385): getUniqueId not supported on VirtualDisplaySurface
04-27 13:36:36.790 W/TuningMgr(  491): TuningMgr[updateEngine] WARNING: [temp log] AF enable(0_0x100802e0_0x8001e0)
04-27 13:36:36.791 E/SurfaceFlinger(  385): getUniqueId not supported on VirtualDisplaySurface
04-27 13:36:36.794 D/BufferQueueProducer(  489): [GraphicBufferSource](this:0xe6c62000,id:0,api:1,p:489,c:489) cancelBuffer: slot 1
04-27 13:36:36.795 I/MtkCam/Utils(  491): {CamProfile}[DisplayClient::dequePrvOps] dequeue_buffer > 30ms: (0-th) ===> (overtime > 30 ms) [start-->now: 32 ms]
04-27 13:36:36.807 I/MtkCam/PrvCB(  491): (2420)[onClientThreadLoop] mOneShotSleepCount 0
04-27 13:36:36.811 I/Camera  ( 1670): handleMessage: 16
04-27 13:36:36.820 E/SurfaceFlinger(  385): getUniqueId not supported on VirtualDisplaySurface
04-27 13:36:36.822 E/SurfaceFlinger(  385): getUniqueId not supported on VirtualDisplaySurface
04-27 13:36:36.824 W/TwinMgr (  491): [TwinInfo_update] WARNING: [TwinInfo_update][0]no deque on AFO over 64 frames
04-27 13:36:36.825 D/BufferQueueProducer(  489): [GraphicBufferSource](this:0xe6c62000,id:0,api:1,p:489,c:489) cancelBuffer: slot 0
04-27 13:36:36.827 W/MtkCam/BufferProvider_P(  491): [Hal:Image:yuvFD][dequeStreamBuffer] Cannot acquire from pool. Something wrong... SOS
04-27 13:36:36.829 W/TuningMgr(  491): TuningMgr[updateEngine] WARNING: [temp log] AF enable(0_0x100802e0_0x8001e0)
04-27 13:36:36.847 I/MtkCam/PrvCB(  491): (2420)[onClientThreadLoop] mOneShotSleepCount 0
04-27 13:36:36.851 I/Camera  ( 1670): handleMessage: 16
04-27 13:36:36.864 W/TwinMgr (  491): [TwinInfo_update] WARNING: [TwinInfo_update][0]no deque on AFO over 64 frames
04-27 13:36:36.867 W/MtkCam/BufferProvider_P(  491): [Hal:Image:yuvFD][dequeStreamBuffer] Cannot acquire from pool. Something wrong... SOS
04-27 13:36:36.870 W/TuningMgr(  491): TuningMgr[updateEngine] WARNING: [temp log] AF enable(0_0x100802e0_0x8001e0)
04-27 13:36:36.870 E/SurfaceFlinger(  385): getUniqueId not supported on VirtualDisplaySurface
04-27 13:36:36.872 E/SurfaceFlinger(  385): getUniqueId not supported on VirtualDisplaySurface
04-27 13:36:36.875 D/BufferQueueProducer(  489): [GraphicBufferSource](this:0xe6c62000,id:0,api:1,p:489,c:489) cancelBuffer: slot 1
04-27 13:36:36.876 I/MtkCam/Utils(  491): {CamProfile}[DisplayClient::dequePrvOps] dequeue_buffer > 30ms: (0-th) ===> (overtime > 30 ms) [start-->now: 31 ms]
04-27 13:36:36.887 I/MtkCam/PrvCB(  491): (2420)[onClientThreadLoop] mOneShotSleepCount 0
04-27 13:36:36.892 I/Camera  ( 1670): handleMessage: 16
04-27 13:36:36.892 I/MtkCam/PrvCB(  491): (2420)[onClientThreadLoop] mOneShotSleepCount 1
04-27 13:36:36.903 E/SurfaceFlinger(  385): getUniqueId not supported on VirtualDisplaySurface
04-27 13:36:36.904 W/TwinMgr (  491): [TwinInfo_update] WARNING: [TwinInfo_update][0]no deque on AFO over 64 frames
04-27 13:36:36.905 E/SurfaceFlinger(  385): getUniqueId not supported on VirtualDisplaySurface
04-27 13:36:36.908 D/BufferQueueProducer(  489): [GraphicBufferSource](this:0xe6c62000,id:0,api:1,p:489,c:489) cancelBuffer: slot 0
04-27 13:36:36.908 W/MtkCam/BufferProvider_P(  491): [Hal:Image:yuvFD][dequeStreamBuffer] Cannot acquire from pool. Something wrong... SOS
04-27 13:36:36.910 W/TuningMgr(  491): TuningMgr[updateEngine] WARNING: [temp log] AF enable(0_0x100802e0_0x8001e0)
04-27 13:36:36.928 D/GB28181 ( 1670): >>>>>>>>=====D:/camera_live/app/src/main/cpp/libgb28181/sip/sip_timer.cpp[208]==========
04-27 13:36:36.928 D/GB28181 ( 1670): #sip_rev接收服务器到SIP消息:msg_buf[(null)]
04-27 13:36:36.929 D/GB28181 ( 1670): #########################stm.msg_src=[2],
04-27 13:36:36.930 I/System.out( 1670): GB28181--->>>-----C++回调java:状态回调 回调函数--- sysState:2 connState:2heartbeatExceptionCount:0 liveState:0 talkState:0 videotapeState:0videotapedownloadState:0---------------------
04-27 13:36:36.930 E/Gb28181Local( 1670): onStateUpdate sysState:2,connState:2,heartbeatExceptionCount:0,liveState:0,talkState:0,videotapeState:0,videotapeDownloadState:0
04-27 13:36:36.931 I/MtkCam/PrvCB(  491): (2420)[onClientThreadLoop] mOneShotSleepCount 0
04-27 13:36:36.933 D/GB28181 ( 1670): #sip_rev------>>>接收服务器SIP消息来源:定时消息 SIP_TIMER_SRC ，收到服务器心跳反馈  
04-27 13:36:36.933 D/GB28181 ( 1670): 
04-27 13:36:36.933 D/GB28181 ( 1670): 
04-27 13:36:36.934 D/GB28181 ( 1670): cur_time=37  (p_user->last_rx_time + g_gb28181_cfg.heartbeat_interval) =45 
04-27 13:36:36.934 D/GB28181 ( 1670): cur_time=37  (p_user->last_rx_time + g_gb28181_cfg.heartbeat_interval) =45 
04-27 13:36:36.934 D/GB28181 ( 1670): --sip_task---->>> hsip.net_rx_flag===1 
04-27 13:36:36.936 I/MtkCam/PrvCB(  491): (2420)[onClientThreadLoop] mOneShotSleepCount 1
04-27 13:36:36.936 I/Camera  ( 1670): handleMessage: 16
04-27 13:36:36.944 W/TwinMgr (  491): [TwinInfo_update] WARNING: [TwinInfo_update][0]no deque on AFO over 64 frames
04-27 13:36:36.947 W/MtkCam/BufferProvider_P(  491): [Hal:Image:yuvFD][dequeStreamBuffer] Cannot acquire from pool. Something wrong... SOS
04-27 13:36:36.949 W/TuningMgr(  491): TuningMgr[updateEngine] WARNING: [temp log] AF enable(0_0x100802e0_0x8001e0)
04-27 13:36:36.952 E/DCWLog-dcwVochatService( 1670): appRunning: true,app isForeground: false
04-27 13:36:36.953 E/DCWLog-dcwVochatService( 1670): printMemAndCpuInfo maxMemory 536870912 ,totalFree 524574160
04-27 13:36:36.953 E/SurfaceFlinger(  385): getUniqueId not supported on VirtualDisplaySurface
04-27 13:36:36.956 E/SurfaceFlinger(  385): getUniqueId not supported on VirtualDisplaySurface
04-27 13:36:36.959 D/BufferQueueProducer(  489): [GraphicBufferSource](this:0xe6c62000,id:0,api:1,p:489,c:489) cancelBuffer: slot 1
04-27 13:36:36.970 I/MtkCam/PrvCB(  491): (2420)[onClientThreadLoop] mOneShotSleepCount 0
04-27 13:36:36.975 I/Camera  ( 1670): handleMessage: 16
04-27 13:36:36.984 W/TwinMgr (  491): [TwinInfo_update] WARNING: [TwinInfo_update][0]no deque on AFO over 64 frames
04-27 13:36:36.986 E/SurfaceFlinger(  385): getUniqueId not supported on VirtualDisplaySurface
04-27 13:36:36.987 W/MtkCam/BufferProvider_P(  491): [Hal:Image:yuvFD][dequeStreamBuffer] Cannot acquire from pool. Something wrong... SOS
04-27 13:36:36.989 W/TuningMgr(  491): TuningMgr[updateEngine] WARNING: [temp log] AF enable(0_0x100802e0_0x8001e0)
04-27 13:36:36.990 E/SurfaceFlinger(  385): getUniqueId not supported on VirtualDisplaySurface
04-27 13:36:36.993 D/BufferQueueProducer(  489): [GraphicBufferSource](this:0xe6c62000,id:0,api:1,p:489,c:489) cancelBuffer: slot 0
04-27 13:36:37.011 I/MtkCam/PrvCB(  491): (2420)[onClientThreadLoop] mOneShotSleepCount 0
04-27 13:36:37.012 I/ADB_SERVICES( 1574): +read_data=1971648 local_socket_list_len=5
04-27 13:36:37.015 I/Camera  ( 1670): handleMessage: 16
04-27 13:36:37.019 E/SurfaceFlinger(  385): getUniqueId not supported on VirtualDisplaySurface
04-27 13:36:37.022 E/SurfaceFlinger(  385): getUniqueId not supported on VirtualDisplaySurface
04-27 13:36:37.024 D/BufferQueueProducer(  489): [GraphicBufferSource](this:0xe6c62000,id:0,api:1,p:489,c:489) cancelBuffer: slot 1
04-27 13:36:37.024 W/TwinMgr (  491): [TwinInfo_update] WARNING: [TwinInfo_update][0]no deque on AFO over 64 frames
04-27 13:36:37.027 W/MtkCam/BufferProvider_P(  491): [Hal:Image:yuvFD][dequeStreamBuffer] Cannot acquire from pool. Something wrong... SOS
04-27 13:36:37.030 W/TuningMgr(  491): TuningMgr[updateEngine] WARNING: [temp log] AF enable(0_0x100802e0_0x8001e0)
04-27 13:36:37.051 I/MtkCam/PrvCB(  491): (2420)[onClientThreadLoop] mOneShotSleepCount 0
04-27 13:36:37.054 I/Camera  ( 1670): handleMessage: 16
04-27 13:36:37.064 W/TwinMgr (  491): [TwinInfo_update] WARNING: [TwinInfo_update][0]no deque on AFO over 64 frames
04-27 13:36:37.069 W/MtkCam/BufferProvider_P(  491): [Hal:Image:yuvFD][dequeStreamBuffer] Cannot acquire from pool. Something wrong... SOS
04-27 13:36:37.069 E/SurfaceFlinger(  385): getUniqueId not supported on VirtualDisplaySurface
04-27 13:36:37.072 W/TuningMgr(  491): TuningMgr[updateEngine] WARNING: [temp log] AF enable(0_0x100802e0_0x8001e0)
04-27 13:36:37.072 E/SurfaceFlinger(  385): getUniqueId not supported on VirtualDisplaySurface
04-27 13:36:37.075 D/BufferQueueProducer(  489): [GraphicBufferSource](this:0xe6c62000,id:0,api:1,p:489,c:489) cancelBuffer: slot 0
04-27 13:36:37.077 I/MtkCam/Utils(  491): {CamProfile}[DisplayClient::dequePrvOps] dequeue_buffer > 30ms: (0-th) ===> (overtime > 30 ms) [start-->now: 31 ms]
04-27 13:36:37.090 I/MtkCam/PrvCB(  491): (2420)[onClientThreadLoop] mOneShotSleepCount 0
04-27 13:36:37.094 I/Camera  ( 1670): handleMessage: 16
04-27 13:36:37.101 E/SurfaceFlinger(  385): getUniqueId not supported on VirtualDisplaySurface
04-27 13:36:37.104 E/SurfaceFlinger(  385): getUniqueId not supported on VirtualDisplaySurface
04-27 13:36:37.105 W/TwinMgr (  491): [TwinInfo_update] WARNING: [TwinInfo_update][0]no deque on AFO over 64 frames
04-27 13:36:37.106 D/BufferQueueProducer(  489): [GraphicBufferSource](this:0xe6c62000,id:0,api:1,p:489,c:489) cancelBuffer: slot 1
04-27 13:36:37.109 W/MtkCam/BufferProvider_P(  491): [Hal:Image:yuvFD][dequeStreamBuffer] Cannot acquire from pool. Something wrong... SOS
04-27 13:36:37.111 W/TuningMgr(  491): TuningMgr[updateEngine] WARNING: [temp log] AF enable(0_0x100802e0_0x8001e0)
04-27 13:36:37.130 I/MtkCam/PrvCB(  491): (2420)[onClientThreadLoop] mOneShotSleepCount 0
04-27 13:36:37.134 I/Camera  ( 1670): handleMessage: 16
04-27 13:36:37.143 D/MPE     (  469): mtk_gps_mnl_trigger_mpe: mpemsg len=0
04-27 13:36:37.144 W/TwinMgr (  491): [TwinInfo_update] WARNING: [TwinInfo_update][0]no deque on AFO over 64 frames
04-27 13:36:37.148 W/MtkCam/BufferProvider_P(  491): [Hal:Image:yuvFD][dequeStreamBuffer] Cannot acquire from pool. Something wrong... SOS
04-27 13:36:37.150 W/TuningMgr(  491): TuningMgr[updateEngine] WARNING: [temp log] AF enable(0_0x100802e0_0x8001e0)
04-27 13:36:37.151 E/SurfaceFlinger(  385): getUniqueId not supported on VirtualDisplaySurface
04-27 13:36:37.154 E/SurfaceFlinger(  385): getUniqueId not supported on VirtualDisplaySurface
04-27 13:36:37.156 D/BufferQueueProducer(  489): [GraphicBufferSource](this:0xe6c62000,id:0,api:1,p:489,c:489) cancelBuffer: slot 0
04-27 13:36:37.157 I/MtkCam/Utils(  491): {CamProfile}[DisplayClient::dequePrvOps] dequeue_buffer > 30ms: (0-th) ===> (overtime > 30 ms) [start-->now: 31 ms]
04-27 13:36:37.158 D/MPE     (  469): mtk_gps_mnl_trigger_mpe: mpemsg len=0
04-27 13:36:37.163 D/pseudo  (  469): mtk_gps_sys_nmea_output_to_mnld: received 771 bytes:
04-27 13:36:37.164 D/pseudo  (  469): mtk_gps_sys_nmea_output_to_app: len:771, [NMEA]$GNGGA,080940.01...
04-27 13:36:37.164 D/gps_controlller(  469): mtk_gps_sys_gps_mnl_callback: msg:0
04-27 13:36:37.164 D/gps_controlller(  469): send_active_notify: send clean nmea timer cmd!
04-27 13:36:37.164 D/gps_controlller(  469): mtk_gps_sys_gps_mnl_callback: MTK_GPS_MSG_FIX_READY,GET_RTC_FAIL
04-27 13:36:37.164 D/gps_controlller(  469): gps_control_thread: gps_control_thread wait
04-27 13:36:37.164 D/pseudo  (  469): mtk_gps_sys_nmea_output_to_app: len:46, [vAGPS_Auto_Req]:g_FirstDbtt:0,u2BitMap:0x12f
04-27 13:36:37.166 D/agps    (  498): [agps][n][AGPS] [MNL] write  pmtk  [$PMTK680,1,FFFFEFE8*73
04-27 13:36:37.166 D/agps    (  498):  ]
04-27 13:36:37.171 I/MtkCam/PrvCB(  491): (2420)[onClientThreadLoop] mOneShotSleepCount 0
04-27 13:36:37.175 I/Camera  ( 1670): handleMessage: 16
04-27 13:36:37.183 E/SurfaceFlinger(  385): getUniqueId not supported on VirtualDisplaySurface
04-27 13:36:37.185 W/TwinMgr (  491): [TwinInfo_update] WARNING: [TwinInfo_update][0]no deque on AFO over 64 frames
04-27 13:36:37.186 E/SurfaceFlinger(  385): getUniqueId not supported on VirtualDisplaySurface
04-27 13:36:37.188 D/BufferQueueProducer(  489): [GraphicBufferSource](this:0xe6c62000,id:0,api:1,p:489,c:489) cancelBuffer: slot 1
04-27 13:36:37.189 W/TuningMgr(  491): TuningMgr[updateEngine] WARNING: [temp log] AF enable(0_0x100802e0_0x8001e0)
04-27 13:36:37.193 W/MtkCam/BufferProvider_P(  491): [Hal:Image:yuvFD][dequeStreamBuffer] Cannot acquire from pool. Something wrong... SOS
04-27 13:36:37.211 I/MtkCam/PrvCB(  491): (2420)[onClientThreadLoop] mOneShotSleepCount 0
04-27 13:36:37.214 I/Camera  ( 1670): handleMessage: 16
