04-27 14:54:59.921  1675  2375 I GB28181 : c=IN IP4 192.168.0.62
04-27 14:54:59.921  1675  2375 I GB28181 : t=0 0
04-27 14:54:59.921  1675  2375 I GB28181 : m=video 19002 TCP/RTP/AVP 96
04-27 14:54:59.921  1675  2375 I GB28181 : a=setup:active
04-27 14:54:59.921  1675  2375 I GB28181 : a=connection:new
04-27 14:54:59.921  1675  2375 I GB28181 : a=rtpmap:96 PS/90000
04-27 14:54:59.921  1675  2375 I GB28181 : a=sendonly
04-27 14:54:59.921  1675  2375 I GB28181 : y=0200003577
04-27 14:54:59.921  1675  2375 I GB28181 :  
04-27 14:54:59.921  1675  2375 I GB28181 : last_tx_packet_len:= 815 
04-27 14:54:59.921  1675  2375 I GB28181 : 最近发送呼叫包的时间:= 59 
04-27 14:54:59.921  1675  2375 I GB28181 : 定时器的间隔时间:= 2 
04-27 14:54:59.921  1675  2375 I GB28181 : 定时器重传次数计数:= 0 
04-27 14:54:59.922  1675  2375 I GB28181 : 定时器最大重传次数:= 7 
04-27 14:54:59.922  1675  2375 I GB28181 : 超过最大重传次数后的状态:= 0 
04-27 14:54:59.922  1675  2375 I GB28181 : -------------------------用来接收和发送音频的媒体结构--------------
04-27 14:54:59.922  1675  2375 I GB28181 : ua_m_fd:= 121 
04-27 14:54:59.922  1675  2375 I GB28181 : conn_addr:= 0 
04-27 14:54:59.922  1675  2375 I GB28181 : 对应ua宣称的媒体端口 remote_port:= 0 
04-27 14:54:59.922  1675  2375 I GB28181 : 媒体代理时服务器对该用户分配的端口 local_port:= 19000 
04-27 14:54:59.922  1675  2375 I GB28181 : 自己的IP地址，可能不是本机 local_ip:= 0 
04-27 14:54:59.922  1675  2375 I GB28181 : 端口复用ID，如果=0为无效 ua_m_fd:= 0 
04-27 14:54:59.922  1675  2375 I GB28181 : 复用接收/发送socket文件 mux_fd:= 0 
04-27 14:54:59.922  1675  2375 I GB28181 : 统计收到的媒体包个数 rx_pkt_cnt:= 0 
04-27 14:54:59.922  1675  2375 I GB28181 : 统计发送的媒体包个数 tx_pkt_cnt:= 0 
04-27 14:54:59.922  1675  2375 I GB28181 : last_pkt_time:= 59 
04-27 14:54:59.922  1675  2375 I GB28181 : -----------------------------------------------------------------
04-27 14:54:59.922  1675  2375 I GB28181 : -------------------------用来接收和发送音频的媒体结构--------------
04-27 14:54:59.922  1675  2375 I GB28181 : ua_m_fd:= 122 
04-27 14:54:59.922  1675  2375 I GB28181 : conn_addr:= 0 
04-27 14:54:59.922  1675  2375 I GB28181 : 对应ua宣称的媒体端口 remote_port:= 0 
04-27 14:54:59.922  1675  2375 I GB28181 : 媒体代理时服务器对该用户分配的端口 local_port:= 19001 
04-27 14:54:59.922  1675  2375 I GB28181 : 自己的IP地址，可能不是本机 local_ip:= 0 
04-27 14:54:59.923  1675  2375 I GB28181 : 端口复用ID，如果=0为无效 ua_m_fd:= 0 
04-27 14:54:59.923  1675  2375 I GB28181 : 复用接收/发送socket文件 mux_fd:= 0 
04-27 14:54:59.923  1675  2375 I GB28181 : 统计收到的媒体包个数 rx_pkt_cnt:= 0 
04-27 14:54:59.923  1675  2375 I GB28181 : 统计发送的媒体包个数 tx_pkt_cnt:= 0 
04-27 14:54:59.923  1675  2375 I GB28181 : last_pkt_time:= 59 
04-27 14:54:59.923  1675  2375 I GB28181 : -----------------------------------------------------------------
04-27 14:54:59.923  1675  2375 I GB28181 : -------------用来接收和发送视频的媒体结构--------------------------
04-27 14:54:59.923  1675  2375 I GB28181 : ua_m_fd:= 120 
04-27 14:54:59.923  1675  2375 I GB28181 : conn_addr:= 0 
04-27 14:54:59.923  1675  2375 I GB28181 : 对应ua宣称的媒体端口 remote_port:= 30334 
04-27 14:54:59.923  1675  2375 I GB28181 : 媒体代理时服务器对该用户分配的端口 local_port:= 19002 
04-27 14:54:59.923  1675  2375 I GB28181 : 自己的IP地址，可能不是本机 local_ip:= 0 
04-27 14:54:59.923  1675  2375 I GB28181 : 端口复用ID，如果=0为无效 ua_m_fd:= 0 
04-27 14:54:59.923  1675  2375 I GB28181 : 复用接收/发送socket文件 mux_fd:= 0 
04-27 14:54:59.923  1675  2375 I GB28181 : 统计收到的媒体包个数 rx_pkt_cnt:= 0 
04-27 14:54:59.923  1675  2375 I GB28181 : 统计发送的媒体包个数 tx_pkt_cnt:= 0 
04-27 14:54:59.923  1675  2375 I GB28181 : last_pkt_time:= 59 
04-27 14:54:59.923  1675  2375 I GB28181 : -----------------------------------------------------------------
04-27 14:54:59.923  1675  2375 I GB28181 : ---------------用来接收和发送视频的媒体结构------------------------
04-27 14:54:59.923  1675  2375 I GB28181 : ua_m_fd:= 0 
04-27 14:54:59.923  1675  2375 I GB28181 : conn_addr:= 0 
04-27 14:54:59.924  1675  2375 I GB28181 : 对应ua宣称的媒体端口 remote_port:= 0 
04-27 14:54:59.924  1675  2375 I GB28181 : 媒体代理时服务器对该用户分配的端口 local_port:= 19003 
04-27 14:54:59.924  1675  2375 I GB28181 : 自己的IP地址，可能不是本机 local_ip:= 0 
04-27 14:54:59.924  1675  2375 I GB28181 : 端口复用ID，如果=0为无效 ua_m_fd:= 0 
04-27 14:54:59.924  1675  2375 I GB28181 : 复用接收/发送socket文件 mux_fd:= 0 
04-27 14:54:59.924  1675  2375 I GB28181 : 统计收到的媒体包个数 rx_pkt_cnt:= 0 
04-27 14:54:59.924  1675  2375 I GB28181 : 统计发送的媒体包个数 tx_pkt_cnt:= 0 
04-27 14:54:59.924  1675  2375 I GB28181 : last_pkt_time:= 59 
04-27 14:54:59.924  1675  2375 I GB28181 : -----------------------------------------------------------------
04-27 14:54:59.924  1675  2375 I GB28181 : --------------------------a_rtp_info----------------------------
04-27 14:54:59.924  1675  2375 I GB28181 : rtp_cnt:= 0 
04-27 14:54:59.924  1675  2375 I GB28181 : rtp_ssrc:= 200003577 
04-27 14:54:59.924  1675  2375 I GB28181 : rtp_ts:= 0 
04-27 14:54:59.924  1675  2375 I GB28181 : rtp_pt:= 96 
04-27 14:54:59.924  1675  2375 I GB28181 : -----------------------------------------------------------------
04-27 14:54:59.924  1675  2375 I GB28181 : -------------------------v_rtp_info-----------------------------
04-27 14:54:59.924  1675  2375 I GB28181 : rtp_cnt:= 0 
04-27 14:54:59.925  1675  2375 I GB28181 : rtp_ssrc:= 200003577 
04-27 14:54:59.925  1675  2375 I GB28181 : rtp_ts:= 0 
04-27 14:54:59.925  1675  2375 I GB28181 : rtp_pt:= 96 
04-27 14:54:59.925  1675  2375 I GB28181 : -----------------------------------------------------------------
04-27 14:54:59.925  1675  2375 I GB28181 : -------------------------媒体信息--------------------------------
04-27 14:54:59.925  1675  2375 I GB28181 : video codec:= 1 
04-27 14:54:59.925  1675  2375 I GB28181 : video width:= 0 
04-27 14:54:59.925  1675  2375 I GB28181 : video height:= 0 
04-27 14:54:59.925  1675  2375 I GB28181 : video framerate:= 0 
04-27 14:54:59.925  1675  2375 I GB28181 : audio acodec:= 1 
04-27 14:54:59.925  1675  2375 I GB28181 : audio samplerate:= 0 
04-27 14:54:59.925  1675  2375 I GB28181 : audio channels:= 0 
04-27 14:54:59.925  1675  2375 I GB28181 : video stream index:= 0 
04-27 14:54:59.925  1675  2375 I GB28181 : audio stream index:= 0 
04-27 14:54:59.925  1675  2375 I GB28181 : v_thread:= 0 
04-27 14:54:59.925  1675  2375 I GB28181 : a_thread:= 0 
04-27 14:54:59.925  1675  2375 I GB28181 : is_exit_flag:= 0 
04-27 14:54:59.925  1675  2375 I GB28181 : -----------------------------------------------------------------
04-27 14:54:59.925  1675  2375 I GB28181 : --------------------------当前播放上下文-------------------------
04-27 14:54:59.926  1675  2375 I GB28181 : 播放暂停:= 0 
04-27 14:54:59.926  1675  2375 I GB28181 : 正在快退:= 0 
04-27 14:54:59.926  1675  2375 I GB28181 : 客户端请求重新定位:= 0 
04-27 14:54:59.926  1675  2375 I GB28181 : 重新定位完成:= 0 
04-27 14:54:59.926  1675  2375 I GB28181 : 客户端请求快进/慢进:= 0 
04-27 14:54:59.926  1675  2375 I GB28181 : 快进/慢进完成:= 0 
04-27 14:54:59.926  1675  2375 I GB28181 : 客户端请求单步进或退:= 0 
04-27 14:54:59.926  1675  2375 I GB28181 : 单步进或退完成:= 0 
04-27 14:54:59.926  1675  2375 I GB28181 : b_resvd:= 0 
04-27 14:54:59.926  1675  2375 I GB28181 : 要求重新定位偏移量:= 0 
04-27 14:54:59.926  1675  2375 I GB28181 : 文件播放快进/慢进倍数:= -906972544 
04-27 14:54:59.926  1675  2375 I GB28181 : 单步前进或后退:= 0 
04-27 14:54:59.926  1675  2375 I GB28181 : -----------------------------------------------------------------
04-27 14:54:59.926  1675  2375 I GB28181 : 远端音视频UDP端口复用ID:= 0 
04-27 14:54:59.926  1675  2375 I GB28181 : 本地音视频UDP端口复用ID:= 0 
04-27 14:54:59.926  1675  2375 I GB28181 : 复用接收/发送socket文件:= 0 
04-27 14:54:59.926  1675  2375 I GB28181 : 复用接收/发送本地端口:= 0 
04-27 14:54:59.926  1675  2375 I GB28181 : 组播地址:= 0 
04-27 14:54:59.927  1675  2375 I GB28181 : 会话保活刷新时间间隔:= 200 
04-27 14:54:59.927  1675  2375 I GB28181 : 会话保活刷新时间间隔:= 90 
04-27 14:54:59.927  1675  2375 I GB28181 : 最近发送刷新时间:= 0 
04-27 14:54:59.927  1675  2375 I GB28181 : 最近接收刷新时间:= 59 
04-27 14:54:59.927  1675  2375 I GB28181 : 语音RTP接收线程:= -813930128 
04-27 14:54:59.927  1675  2375 I GB28181 : Send RTP thread ID:= 0 
04-27 14:54:59.927  1675  2375 I GB28181 : audio capture thread ID:= 0 
04-27 14:54:59.927  1675  2375 I GB28181 : 分配出来时的时间(ms):= -843560740 
04-27 14:54:59.927  1675  2375 I GB28181 : ------------------------------------------
04-27 14:54:59.927  1675  2375 I GB28181 : 
04-27 14:54:59.927  1675  2375 I GB28181 : 
04-27 14:54:59.927  1675  2375 I GB28181 : 
04-27 14:54:59.927  1675  2375 I GB28181 : 
04-27 14:54:59.927  1675  2375 I GB28181 : 
04-27 14:54:59.927  1675  2375 I GB28181 : 
04-27 14:54:59.927  1675  2375 I GB28181 : 
04-27 14:54:59.927  1675  2375 I GB28181 : 
04-27 14:54:59.927  1675  2375 I GB28181 : 
04-27 14:54:59.927  1675  2375 I GB28181 : 
04-27 14:54:59.927  1675  2375 I GB28181 : ---->>>>>> 实时播放 
04-27 14:54:59.927  1675  2375 I GB28181 : 开始发送音视频流
04-27 14:54:59.928  1675  2375 I GB28181 : sip new call connect, caller[sip:35020000002000000001@3502000000]
04-27 14:54:59.928  1675  2759 I System.out: GB28181--->>>-----C++回调java:状态回调 回调函数--- sysState:2 connState:2heartbeatExceptionCount:0 liveState:2 talkState:0 videotapeState:0videotapedownloadState:0---------------------
04-27 14:54:59.928  1675  2759 E Gb28181Local: onStateUpdate sysState:2,connState:2,heartbeatExceptionCount:0,liveState:2,talkState:0,videotapeState:0,videotapeDownloadState:0
04-27 14:54:59.967  1675  1675 E DCWLog-dcwAvcEncoder: mediaCodec----------------configure完成，isFrant false
04-27 14:55:00.422  1675  2375 I System.out: GB28181--->>>-----C++回调java:状态回调 回调函数--- sysState:2 connState:2heartbeatExceptionCount:0 liveState:2 talkState:0 videotapeState:0videotapedownloadState:0---------------------
04-27 14:55:00.423  1675  2375 E Gb28181Local: onStateUpdate sysState:2,connState:2,heartbeatExceptionCount:0,liveState:2,talkState:0,videotapeState:0,videotapeDownloadState:0
04-27 14:55:01.424  1675  2375 I System.out: GB28181--->>>-----C++回调java:状态回调 回调函数--- sysState:2 connState:2heartbeatExceptionCount:0 liveState:2 talkState:0 videotapeState:0videotapedownloadState:0---------------------
04-27 14:55:01.424  1675  2375 E Gb28181Local: onStateUpdate sysState:2,connState:2,heartbeatExceptionCount:0,liveState:2,talkState:0,videotapeState:0,videotapeDownloadState:0
04-27 14:55:02.424  1675  2375 I System.out: GB28181--->>>-----C++回调java:状态回调 回调函数--- sysState:2 connState:2heartbeatExceptionCount:0 liveState:2 talkState:0 videotapeState:0videotapedownloadState:0---------------------
04-27 14:55:02.424  1675  2375 E Gb28181Local: onStateUpdate sysState:2,connState:2,heartbeatExceptionCount:0,liveState:2,talkState:0,videotapeState:0,videotapeDownloadState:0
04-27 14:55:03.425  1675  2375 I System.out: GB28181--->>>-----C++回调java:状态回调 回调函数--- sysState:2 connState:2heartbeatExceptionCount:0 liveState:2 talkState:0 videotapeState:0videotapedownloadState:0---------------------
04-27 14:55:03.426  1675  2375 E Gb28181Local: onStateUpdate sysState:2,connState:2,heartbeatExceptionCount:0,liveState:2,talkState:0,videotapeState:0,videotapeDownloadState:0
04-27 14:55:04.427  1675  2375 I System.out: GB28181--->>>-----C++回调java:状态回调 回调函数--- sysState:2 connState:2heartbeatExceptionCount:0 liveState:2 talkState:0 videotapeState:0videotapedownloadState:0---------------------
04-27 14:55:04.427  1675  2375 E Gb28181Local: onStateUpdate sysState:2,connState:2,heartbeatExceptionCount:0,liveState:2,talkState:0,videotapeState:0,videotapeDownloadState:0
04-27 14:55:05.428  1675  2375 I System.out: GB28181--->>>-----C++回调java:状态回调 回调函数--- sysState:2 connState:2heartbeatExceptionCount:0 liveState:2 talkState:0 videotapeState:0videotapedownloadState:0---------------------
04-27 14:55:05.428  1675  2375 E Gb28181Local: onStateUpdate sysState:2,connState:2,heartbeatExceptionCount:0,liveState:2,talkState:0,videotapeState:0,videotapeDownloadState:0
04-27 14:55:06.429  1675  2375 I System.out: GB28181--->>>-----C++回调java:状态回调 回调函数--- sysState:2 connState:2heartbeatExceptionCount:0 liveState:2 talkState:0 videotapeState:0videotapedownloadState:0---------------------
04-27 14:55:06.429  1675  2375 E Gb28181Local: onStateUpdate sysState:2,connState:2,heartbeatExceptionCount:0,liveState:2,talkState:0,videotapeState:0,videotapeDownloadState:0
04-27 14:55:07.430  1675  2375 I System.out: GB28181--->>>-----C++回调java:状态回调 回调函数--- sysState:2 connState:2heartbeatExceptionCount:0 liveState:2 talkState:0 videotapeState:0videotapedownloadState:0---------------------
04-27 14:55:07.430  1675  2375 E Gb28181Local: onStateUpdate sysState:2,connState:2,heartbeatExceptionCount:0,liveState:2,talkState:0,videotapeState:0,videotapeDownloadState:0
04-27 14:55:08.431  1675  2375 I System.out: GB28181--->>>-----C++回调java:状态回调 回调函数--- sysState:2 connState:2heartbeatExceptionCount:0 liveState:2 talkState:0 videotapeState:0videotapedownloadState:0---------------------
04-27 14:55:08.432  1675  2375 E Gb28181Local: onStateUpdate sysState:2,connState:2,heartbeatExceptionCount:0,liveState:2,talkState:0,videotapeState:0,videotapeDownloadState:0
04-27 14:55:09.432  1675  2375 I System.out: GB28181--->>>-----C++回调java:状态回调 回调函数--- sysState:2 connState:2heartbeatExceptionCount:0 liveState:2 talkState:0 videotapeState:0videotapedownloadState:0---------------------
04-27 14:55:09.433  1675  2375 E Gb28181Local: onStateUpdate sysState:2,connState:2,heartbeatExceptionCount:0,liveState:2,talkState:0,videotapeState:0,videotapeDownloadState:0
04-27 14:55:10.434  1675  2375 I System.out: GB28181--->>>-----C++回调java:状态回调 回调函数--- sysState:2 connState:2heartbeatExceptionCount:0 liveState:2 talkState:0 videotapeState:0videotapedownloadState:0---------------------
04-27 14:55:10.434  1675  2375 E Gb28181Local: onStateUpdate sysState:2,connState:2,heartbeatExceptionCount:0,liveState:2,talkState:0,videotapeState:0,videotapeDownloadState:0
04-27 14:55:11.435  1675  2375 I System.out: GB28181--->>>-----C++回调java:状态回调 回调函数--- sysState:2 connState:2heartbeatExceptionCount:0 liveState:2 talkState:0 videotapeState:0videotapedownloadState:0---------------------
04-27 14:55:11.435  1675  2375 E Gb28181Local: onStateUpdate sysState:2,connState:2,heartbeatExceptionCount:0,liveState:2,talkState:0,videotapeState:0,videotapeDownloadState:0
04-27 14:55:12.436  1675  2375 I System.out: GB28181--->>>-----C++回调java:状态回调 回调函数--- sysState:2 connState:2heartbeatExceptionCount:0 liveState:2 talkState:0 videotapeState:0videotapedownloadState:0---------------------
04-27 14:55:12.437  1675  2375 E Gb28181Local: onStateUpdate sysState:2,connState:2,heartbeatExceptionCount:0,liveState:2,talkState:0,videotapeState:0,videotapeDownloadState:0
04-27 14:55:13.437  1675  2375 I System.out: GB28181--->>>-----C++回调java:状态回调 回调函数--- sysState:2 connState:2heartbeatExceptionCount:0 liveState:2 talkState:0 videotapeState:0videotapedownloadState:0---------------------
04-27 14:55:13.438  1675  2375 E Gb28181Local: onStateUpdate sysState:2,connState:2,heartbeatExceptionCount:0,liveState:2,talkState:0,videotapeState:0,videotapeDownloadState:0
04-27 14:55:14.438  1675  2375 I System.out: GB28181--->>>-----C++回调java:状态回调 回调函数--- sysState:2 connState:2heartbeatExceptionCount:0 liveState:2 talkState:0 videotapeState:0videotapedownloadState:0---------------------
04-27 14:55:14.439  1675  2375 E Gb28181Local: onStateUpdate sysState:2,connState:2,heartbeatExceptionCount:0,liveState:2,talkState:0,videotapeState:0,videotapeDownloadState:0
04-27 14:55:15.440  1675  2375 I System.out: GB28181--->>>-----C++回调java:状态回调 回调函数--- sysState:2 connState:2heartbeatExceptionCount:0 liveState:2 talkState:0 videotapeState:0videotapedownloadState:0---------------------
04-27 14:55:15.440  1675  2375 E Gb28181Local: onStateUpdate sysState:2,connState:2,heartbeatExceptionCount:0,liveState:2,talkState:0,videotapeState:0,videotapeDownloadState:0
04-27 14:55:16.443  1675  2375 I System.out: GB28181--->>>-----C++回调java:状态回调 回调函数--- sysState:2 connState:2heartbeatExceptionCount:0 liveState:2 talkState:0 videotapeState:0videotapedownloadState:0---------------------
04-27 14:55:16.443  1675  2375 E Gb28181Local: onStateUpdate sysState:2,connState:2,heartbeatExceptionCount:0,liveState:2,talkState:0,videotapeState:0,videotapeDownloadState:0
04-27 14:55:17.442  1675  2375 I System.out: GB28181--->>>-----C++回调java:状态回调 回调函数--- sysState:2 connState:2heartbeatExceptionCount:0 liveState:2 talkState:0 videotapeState:0videotapedownloadState:0---------------------
04-27 14:55:17.442  1675  2375 E Gb28181Local: onStateUpdate sysState:2,connState:2,heartbeatExceptionCount:0,liveState:2,talkState:0,videotapeState:0,videotapeDownloadState:0
04-27 14:55:18.443  1675  2375 I System.out: GB28181--->>>-----C++回调java:状态回调 回调函数--- sysState:2 connState:2heartbeatExceptionCount:0 liveState:2 talkState:0 videotapeState:0videotapedownloadState:0---------------------
04-27 14:55:18.443  1675  2375 E Gb28181Local: onStateUpdate sysState:2,connState:2,heartbeatExceptionCount:0,liveState:2,talkState:0,videotapeState:0,videotapeDownloadState:0
04-27 14:55:19.447  1675  2375 I System.out: GB28181--->>>-----C++回调java:状态回调 回调函数--- sysState:2 connState:2heartbeatExceptionCount:0 liveState:2 talkState:0 videotapeState:0videotapedownloadState:0---------------------
04-27 14:55:19.448  1675  2375 E Gb28181Local: onStateUpdate sysState:2,connState:2,heartbeatExceptionCount:0,liveState:2,talkState:0,videotapeState:0,videotapeDownloadState:0
04-27 14:55:20.448  1675  2375 I System.out: GB28181--->>>-----C++回调java:状态回调 回调函数--- sysState:2 connState:2heartbeatExceptionCount:0 liveState:2 talkState:0 videotapeState:0videotapedownloadState:0---------------------
04-27 14:55:20.448  1675  2375 E Gb28181Local: onStateUpdate sysState:2,connState:2,heartbeatExceptionCount:0,liveState:2,talkState:0,videotapeState:0,videotapeDownloadState:0
04-27 14:55:21.449  1675  2375 I System.out: GB28181--->>>-----C++回调java:状态回调 回调函数--- sysState:2 connState:2heartbeatExceptionCount:0 liveState:2 talkState:0 videotapeState:0videotapedownloadState:0---------------------
04-27 14:55:21.450  1675  2375 E Gb28181Local: onStateUpdate sysState:2,connState:2,heartbeatExceptionCount:0,liveState:2,talkState:0,videotapeState:0,videotapeDownloadState:0
04-27 14:55:22.451  1675  2375 I System.out: GB28181--->>>-----C++回调java:状态回调 回调函数--- sysState:2 connState:2heartbeatExceptionCount:0 liveState:2 talkState:0 videotapeState:0videotapedownloadState:0---------------------
04-27 14:55:22.451  1675  2375 E Gb28181Local: onStateUpdate sysState:2,connState:2,heartbeatExceptionCount:0,liveState:2,talkState:0,videotapeState:0,videotapeDownloadState:0
04-27 14:55:23.451  1675  2375 I System.out: GB28181--->>>-----C++回调java:状态回调 回调函数--- sysState:2 connState:2heartbeatExceptionCount:0 liveState:2 talkState:0 videotapeState:0videotapedownloadState:0---------------------
04-27 14:55:23.452  1675  2375 E Gb28181Local: onStateUpdate sysState:2,connState:2,heartbeatExceptionCount:0,liveState:2,talkState:0,videotapeState:0,videotapeDownloadState:0
04-27 14:55:24.452  1675  2375 I System.out: GB28181--->>>-----C++回调java:状态回调 回调函数--- sysState:2 connState:2heartbeatExceptionCount:0 liveState:2 talkState:0 videotapeState:0videotapedownloadState:0---------------------
04-27 14:55:24.453  1675  2375 E Gb28181Local: onStateUpdate sysState:2,connState:2,heartbeatExceptionCount:0,liveState:2,talkState:0,videotapeState:0,videotapeDownloadState:0
04-27 14:55:25.454  1675  2375 I System.out: GB28181--->>>-----C++回调java:状态回调 回调函数--- sysState:2 connState:2heartbeatExceptionCount:0 liveState:2 talkState:0 videotapeState:0videotapedownloadState:0---------------------
04-27 14:55:25.454  1675  2375 E Gb28181Local: onStateUpdate sysState:2,connState:2,heartbeatExceptionCount:0,liveState:2,talkState:0,videotapeState:0,videotapeDownloadState:0
04-27 14:55:26.455  1675  2375 I System.out: GB28181--->>>-----C++回调java:状态回调 回调函数--- sysState:2 connState:2heartbeatExceptionCount:0 liveState:2 talkState:0 videotapeState:0videotapedownloadState:0---------------------
04-27 14:55:26.455  1675  2375 E Gb28181Local: onStateUpdate sysState:2,connState:2,heartbeatExceptionCount:0,liveState:2,talkState:0,videotapeState:0,videotapeDownloadState:0
04-27 14:55:27.457  1675  2375 I System.out: GB28181--->>>-----C++回调java:状态回调 回调函数--- sysState:2 connState:2heartbeatExceptionCount:0 liveState:2 talkState:0 videotapeState:0videotapedownloadState:0---------------------
04-27 14:55:27.457  1675  2375 E Gb28181Local: onStateUpdate sysState:2,connState:2,heartbeatExceptionCount:0,liveState:2,talkState:0,videotapeState:0,videotapeDownloadState:0
04-27 14:55:28.458  1675  2375 I System.out: GB28181--->>>-----C++回调java:状态回调 回调函数--- sysState:2 connState:2heartbeatExceptionCount:0 liveState:2 talkState:0 videotapeState:0videotapedownloadState:0---------------------
04-27 14:55:28.458  1675  2375 E Gb28181Local: onStateUpdate sysState:2,connState:2,heartbeatExceptionCount:0,liveState:2,talkState:0,videotapeState:0,videotapeDownloadState:0
04-27 14:55:29.457  1675  2375 I System.out: GB28181--->>>-----C++回调java:状态回调 回调函数--- sysState:2 connState:2heartbeatExceptionCount:0 liveState:2 talkState:0 videotapeState:0videotapedownloadState:0---------------------
04-27 14:55:29.463  1675  2375 E Gb28181Local: onStateUpdate sysState:2,connState:2,heartbeatExceptionCount:0,liveState:2,talkState:0,videotapeState:0,videotapeDownloadState:0
04-27 14:55:29.983  1675  2343 I System.out: port:443
04-27 14:55:30.010  1675  2343 I System.out: [OkHttp] sendRequest>>
04-27 14:55:30.010  1675  2343 I System.out: [OkHttp] sendRequest<<
04-27 14:55:30.459  1675  2375 I System.out: GB28181--->>>-----C++回调java:状态回调 回调函数--- sysState:2 connState:2heartbeatExceptionCount:0 liveState:2 talkState:0 videotapeState:0videotapedownloadState:0---------------------
04-27 14:55:30.460  1675  2375 E Gb28181Local: onStateUpdate sysState:2,connState:2,heartbeatExceptionCount:0,liveState:2,talkState:0,videotapeState:0,videotapeDownloadState:0
04-27 14:55:30.512  1675  2375 I GB28181 : 响应消息接收处理=======MESSAGE========
04-27 14:55:30.512  1675  2375 I GB28181 : 查询剩余=0 
04-27 14:55:30.512  1675  2375 I GB28181 : 查询剩余=0 
04-27 14:55:31.460  1675  2375 I System.out: GB28181--->>>-----C++回调java:状态回调 回调函数--- sysState:2 connState:2heartbeatExceptionCount:0 liveState:2 talkState:0 videotapeState:0videotapedownloadState:0---------------------
04-27 14:55:31.460  1675  2375 E Gb28181Local: onStateUpdate sysState:2,connState:2,heartbeatExceptionCount:0,liveState:2,talkState:0,videotapeState:0,videotapeDownloadState:0
04-27 14:55:32.462  1675  2375 I System.out: GB28181--->>>-----C++回调java:状态回调 回调函数--- sysState:2 connState:2heartbeatExceptionCount:0 liveState:2 talkState:0 videotapeState:0videotapedownloadState:0---------------------
04-27 14:55:32.462  1675  2375 E Gb28181Local: onStateUpdate sysState:2,connState:2,heartbeatExceptionCount:0,liveState:2,talkState:0,videotapeState:0,videotapeDownloadState:0
04-27 14:55:33.463  1675  2375 I System.out: GB28181--->>>-----C++回调java:状态回调 回调函数--- sysState:2 connState:2heartbeatExceptionCount:0 liveState:2 talkState:0 videotapeState:0videotapedownloadState:0---------------------
04-27 14:55:33.464  1675  2375 E Gb28181Local: onStateUpdate sysState:2,connState:2,heartbeatExceptionCount:0,liveState:2,talkState:0,videotapeState:0,videotapeDownloadState:0
04-27 14:55:34.464  1675  2375 I System.out: GB28181--->>>-----C++回调java:状态回调 回调函数--- sysState:2 connState:2heartbeatExceptionCount:0 liveState:2 talkState:0 videotapeState:0videotapedownloadState:0---------------------
04-27 14:55:34.464  1675  2375 E Gb28181Local: onStateUpdate sysState:2,connState:2,heartbeatExceptionCount:0,liveState:2,talkState:0,videotapeState:0,videotapeDownloadState:0
04-27 14:55:35.464  1675  2375 I System.out: GB28181--->>>-----C++回调java:状态回调 回调函数--- sysState:2 connState:2heartbeatExceptionCount:0 liveState:2 talkState:0 videotapeState:0videotapedownloadState:0---------------------
04-27 14:55:35.464  1675  2375 E Gb28181Local: onStateUpdate sysState:2,connState:2,heartbeatExceptionCount:0,liveState:2,talkState:0,videotapeState:0,videotapeDownloadState:0
04-27 14:55:36.465  1675  2375 I System.out: GB28181--->>>-----C++回调java:状态回调 回调函数--- sysState:2 connState:2heartbeatExceptionCount:0 liveState:2 talkState:0 videotapeState:0videotapedownloadState:0---------------------
04-27 14:55:36.466  1675  2375 E Gb28181Local: onStateUpdate sysState:2,connState:2,heartbeatExceptionCount:0,liveState:2,talkState:0,videotapeState:0,videotapeDownloadState:0
04-27 14:55:37.466  1675  2375 I System.out: GB28181--->>>-----C++回调java:状态回调 回调函数--- sysState:2 connState:2heartbeatExceptionCount:0 liveState:2 talkState:0 videotapeState:0videotapedownloadState:0---------------------
04-27 14:55:37.467  1675  2375 E Gb28181Local: onStateUpdate sysState:2,connState:2,heartbeatExceptionCount:0,liveState:2,talkState:0,videotapeState:0,videotapeDownloadState:0
04-27 14:55:38.467  1675  2375 I System.out: GB28181--->>>-----C++回调java:状态回调 回调函数--- sysState:2 connState:2heartbeatExceptionCount:0 liveState:2 talkState:0 videotapeState:0videotapedownloadState:0---------------------
04-27 14:55:38.467  1675  2375 E Gb28181Local: onStateUpdate sysState:2,connState:2,heartbeatExceptionCount:0,liveState:2,talkState:0,videotapeState:0,videotapeDownloadState:0
04-27 14:55:39.467  1675  2375 I System.out: GB28181--->>>-----C++回调java:状态回调 回调函数--- sysState:2 connState:2heartbeatExceptionCount:0 liveState:2 talkState:0 videotapeState:0videotapedownloadState:0---------------------
04-27 14:55:39.467  1675  2375 E Gb28181Local: onStateUpdate sysState:2,connState:2,heartbeatExceptionCount:0,liveState:2,talkState:0,videotapeState:0,videotapeDownloadState:0
04-27 14:55:40.147  1675  2343 I System.out: [OkHttp] sendRequest>>
04-27 14:55:40.147  1675  2343 I System.out: [OkHttp] sendRequest<<
04-27 14:55:40.470  1675  2375 I System.out: GB28181--->>>-----C++回调java:状态回调 回调函数--- sysState:2 connState:2heartbeatExceptionCount:0 liveState:2 talkState:0 videotapeState:0videotapedownloadState:0---------------------
04-27 14:55:40.470  1675  2375 E Gb28181Local: onStateUpdate sysState:2,connState:2,heartbeatExceptionCount:0,liveState:2,talkState:0,videotapeState:0,videotapeDownloadState:0
04-27 14:55:41.471  1675  2375 I System.out: GB28181--->>>-----C++回调java:状态回调 回调函数--- sysState:2 connState:2heartbeatExceptionCount:0 liveState:2 talkState:0 videotapeState:0videotapedownloadState:0---------------------
04-27 14:55:41.472  1675  2375 E Gb28181Local: onStateUpdate sysState:2,connState:2,heartbeatExceptionCount:0,liveState:2,talkState:0,videotapeState:0,videotapeDownloadState:0
04-27 14:55:42.471  1675  2375 I System.out: GB28181--->>>-----C++回调java:状态回调 回调函数--- sysState:2 connState:2heartbeatExceptionCount:0 liveState:2 talkState:0 videotapeState:0videotapedownloadState:0---------------------
04-27 14:55:42.471  1675  2375 E Gb28181Local: onStateUpdate sysState:2,connState:2,heartbeatExceptionCount:0,liveState:2,talkState:0,videotapeState:0,videotapeDownloadState:0
04-27 14:55:43.444  1675  2375 I GB28181 : sip_request_rx, from user [35020000002000000001]@[192.168.0.40]
04-27 14:55:43.444  1675  2375 I GB28181 : 找到对应的已经存在的呼叫表项和用户 
04-27 14:55:43.444  1675  2375 I GB28181 : [D:/camera_live/app/src/main/cpp/libgb28181/sip/sip_rx.cpp:363]
04-27 14:55:43.444  1675  2375 I GB28181 : @@@@@@@@@@--[sip_call_request_rx][450]----------f_sua->call_state=6--------------------------------
04-27 14:55:43.444  1675  2375 I GB28181 : 
04-27 14:55:43.444  1675  2375 I GB28181 : @@@@@@@@@@--[sip_get_msg_event][1835]---------结束呼叫-----------SIP_MT_BYE----------------------
04-27 14:55:43.444  1675  2375 I GB28181 : 
04-27 14:55:43.444  1675  2375 I GB28181 : @@@@@@@@@@--[sua_call_state][51]------p_sua->call_state=8------------------------------------
04-27 14:55:43.444  1675  2375 I GB28181 : 
04-27 14:55:43.444  1675  2375 I GB28181 : @@@@@@@@@@--[sua_call_state][112]----在该状态应该停留几秒钟,或者收到BYE 200 OK--------------------------------------
04-27 14:55:43.444  1675  2375 I GB28181 : 
04-27 14:55:43.500  1675  2759 W GB28181 : [D:/camera_live/app/src/main/cpp/libgb28181/sip/ua_media.cpp][302] 超过5次发送，弹出循环----- 
04-27 14:55:43.501  1675  2375 W GB28181 : [D:/camera_live/app/src/main/cpp/libgb28181/sip/ua_media.cpp][302] 超过5次发送，弹出循环----- 
04-27 14:55:43.501  1675  2759 I GB28181 : sua_stop_media, sua_stop_audio sua[0] end.
04-27 14:55:43.501  1675  2375 I GB28181 : sua_stop_media, sua_stop_audio sua[0] end.
04-27 14:55:43.501  1675  2375 I GB28181 : sua_stop_used_sua, sua[0] start.
04-27 14:55:43.501  1675  2375 I GB28181 : sua_stop_media, sua_stop_audio sua[0] end.
04-27 14:55:43.501  1675  2375 I GB28181 : sua_set_idle_sua, p_sua=0xc5c83534, index[0]
04-27 14:55:43.501  1675  2375 I GB28181 : sua_stop_used_sua, sua[0] finish.
04-27 14:55:43.501  1675  2375 I GB28181 : @@@@@@@@@@--[sua_cs_bye_sent][1091]---------CSE_Hang_Recv------------停止---------------------
04-27 14:55:43.501  1675  2375 I GB28181 : 
04-27 14:55:43.502  1675  2391 I System.out: GB28181--->>>-----C++回调java:状态回调 回调函数--- sysState:2 connState:2heartbeatExceptionCount:0 liveState:2 talkState:0 videotapeState:0videotapedownloadState:0---------------------
04-27 14:55:43.502  1675  2391 E Gb28181Local: onStateUpdate sysState:2,connState:2,heartbeatExceptionCount:0,liveState:2,talkState:0,videotapeState:0,videotapeDownloadState:0
04-27 14:55:43.503  1675  2375 I System.out: GB28181--->>>-----C++回调java:状态回调 回调函数--- sysState:2 connState:2heartbeatExceptionCount:0 liveState:2 talkState:0 videotapeState:0videotapedownloadState:0---------------------
04-27 14:55:43.503  1675  2375 E Gb28181Local: onStateUpdate sysState:2,connState:2,heartbeatExceptionCount:0,liveState:2,talkState:0,videotapeState:0,videotapeDownloadState:0
04-27 14:55:43.504  1675  2391 I System.out: GB28181--->>>-----C++回调java:状态回调 回调函数--- sysState:2 connState:2heartbeatExceptionCount:0 liveState:2 talkState:0 videotapeState:0videotapedownloadState:0---------------------
04-27 14:55:43.504  1675  2391 E Gb28181Local: onStateUpdate sysState:2,connState:2,heartbeatExceptionCount:0,liveState:2,talkState:0,videotapeState:0,videotapeDownloadState:0
04-27 14:55:43.515  1675  2759 I System.out: GB28181--->>>-----C++回调java:状态回调 回调函数--- sysState:2 connState:2heartbeatExceptionCount:0 liveState:0 talkState:0 videotapeState:0videotapedownloadState:0---------------------
04-27 14:55:43.516  1675  2759 E Gb28181Local: onStateUpdate sysState:2,connState:2,heartbeatExceptionCount:0,liveState:0,talkState:0,videotapeState:0,videotapeDownloadState:0
04-27 14:55:44.473  1675  2375 I System.out: GB28181--->>>-----C++回调java:状态回调 回调函数--- sysState:2 connState:2heartbeatExceptionCount:0 liveState:0 talkState:0 videotapeState:0videotapedownloadState:0---------------------
04-27 14:55:44.474  1675  2375 E Gb28181Local: onStateUpdate sysState:2,connState:2,heartbeatExceptionCount:0,liveState:0,talkState:0,videotapeState:0,videotapeDownloadState:0
04-27 14:55:45.474  1675  2375 I System.out: GB28181--->>>-----C++回调java:状态回调 回调函数--- sysState:2 connState:2heartbeatExceptionCount:0 liveState:0 talkState:0 videotapeState:0videotapedownloadState:0---------------------
04-27 14:55:45.475  1675  2375 E Gb28181Local: onStateUpdate sysState:2,connState:2,heartbeatExceptionCount:0,liveState:0,talkState:0,videotapeState:0,videotapeDownloadState:0
04-27 14:55:46.478  1675  2375 I System.out: GB28181--->>>-----C++回调java:状态回调 回调函数--- sysState:2 connState:2heartbeatExceptionCount:0 liveState:0 talkState:0 videotapeState:0videotapedownloadState:0---------------------
04-27 14:55:46.479  1675  2375 E Gb28181Local: onStateUpdate sysState:2,connState:2,heartbeatExceptionCount:0,liveState:0,talkState:0,videotapeState:0,videotapeDownloadState:0
04-27 14:55:47.478  1675  2375 I System.out: GB28181--->>>-----C++回调java:状态回调 回调函数--- sysState:2 connState:2heartbeatExceptionCount:0 liveState:0 talkState:0 videotapeState:0videotapedownloadState:0---------------------
04-27 14:55:47.478  1675  2375 E Gb28181Local: onStateUpdate sysState:2,connState:2,heartbeatExceptionCount:0,liveState:0,talkState:0,videotapeState:0,videotapeDownloadState:0
04-27 14:55:48.480  1675  2375 I System.out: GB28181--->>>-----C++回调java:状态回调 回调函数--- sysState:2 connState:2heartbeatExceptionCount:0 liveState:0 talkState:0 videotapeState:0videotapedownloadState:0---------------------
04-27 14:55:48.480  1675  2375 E Gb28181Local: onStateUpdate sysState:2,connState:2,heartbeatExceptionCount:0,liveState:0,talkState:0,videotapeState:0,videotapeDownloadState:0
04-27 14:55:49.480  1675  2375 I System.out: GB28181--->>>-----C++回调java:状态回调 回调函数--- sysState:2 connState:2heartbeatExceptionCount:0 liveState:0 talkState:0 videotapeState:0videotapedownloadState:0---------------------
04-27 14:55:49.480  1675  2375 E Gb28181Local: onStateUpdate sysState:2,connState:2,heartbeatExceptionCount:0,liveState:0,talkState:0,videotapeState:0,videotapeDownloadState:0
04-27 14:55:50.481  1675  2375 I System.out: GB28181--->>>-----C++回调java:状态回调 回调函数--- sysState:2 connState:2heartbeatExceptionCount:0 liveState:0 talkState:0 videotapeState:0videotapedownloadState:0---------------------
04-27 14:55:50.482  1675  2375 E Gb28181Local: onStateUpdate sysState:2,connState:2,heartbeatExceptionCount:0,liveState:0,talkState:0,videotapeState:0,videotapeDownloadState:0
04-27 14:55:51.482  1675  2375 I System.out: GB28181--->>>-----C++回调java:状态回调 回调函数--- sysState:2 connState:2heartbeatExceptionCount:0 liveState:0 talkState:0 videotapeState:0videotapedownloadState:0---------------------
04-27 14:55:51.482  1675  2375 E Gb28181Local: onStateUpdate sysState:2,connState:2,heartbeatExceptionCount:0,liveState:0,talkState:0,videotapeState:0,videotapeDownloadState:0
04-27 14:55:52.483  1675  2375 I System.out: GB28181--->>>-----C++回调java:状态回调 回调函数--- sysState:2 connState:2heartbeatExceptionCount:0 liveState:0 talkState:0 videotapeState:0videotapedownloadState:0---------------------
04-27 14:55:52.483  1675  2375 E Gb28181Local: onStateUpdate sysState:2,connState:2,heartbeatExceptionCount:0,liveState:0,talkState:0,videotapeState:0,videotapeDownloadState:0
04-27 14:55:53.484  1675  2375 I System.out: GB28181--->>>-----C++回调java:状态回调 回调函数--- sysState:2 connState:2heartbeatExceptionCount:0 liveState:0 talkState:0 videotapeState:0videotapedownloadState:0---------------------
04-27 14:55:53.484  1675  2375 E Gb28181Local: onStateUpdate sysState:2,connState:2,heartbeatExceptionCount:0,liveState:0,talkState:0,videotapeState:0,videotapeDownloadState:0
04-27 14:55:54.486  1675  2375 I System.out: GB28181--->>>-----C++回调java:状态回调 回调函数--- sysState:2 connState:2heartbeatExceptionCount:0 liveState:0 talkState:0 videotapeState:0videotapedownloadState:0---------------------
04-27 14:55:54.486  1675  2375 E Gb28181Local: onStateUpdate sysState:2,connState:2,heartbeatExceptionCount:0,liveState:0,talkState:0,videotapeState:0,videotapeDownloadState:0
04-27 14:55:55.489  1675  2375 I System.out: GB28181--->>>-----C++回调java:状态回调 回调函数--- sysState:2 connState:2heartbeatExceptionCount:0 liveState:0 talkState:0 videotapeState:0videotapedownloadState:0---------------------
04-27 14:55:55.489  1675  2375 E Gb28181Local: onStateUpdate sysState:2,connState:2,heartbeatExceptionCount:0,liveState:0,talkState:0,videotapeState:0,videotapeDownloadState:0
04-27 14:55:56.488  1675  2375 I System.out: GB28181--->>>-----C++回调java:状态回调 回调函数--- sysState:2 connState:2heartbeatExceptionCount:0 liveState:0 talkState:0 videotapeState:0videotapedownloadState:0---------------------
04-27 14:55:56.488  1675  2375 E Gb28181Local: onStateUpdate sysState:2,connState:2,heartbeatExceptionCount:0,liveState:0,talkState:0,videotapeState:0,videotapeDownloadState:0
04-27 14:55:57.489  1675  2375 I System.out: GB28181--->>>-----C++回调java:状态回调 回调函数--- sysState:2 connState:2heartbeatExceptionCount:0 liveState:0 talkState:0 videotapeState:0videotapedownloadState:0---------------------
04-27 14:55:57.489  1675  2375 E Gb28181Local: onStateUpdate sysState:2,connState:2,heartbeatExceptionCount:0,liveState:0,talkState:0,videotapeState:0,videotapeDownloadState:0
04-27 14:55:58.426  1675  2375 I GB28181 : sip_request_rx, from user [35020000002000000001]@[3502000000]
04-27 14:55:58.426  1675  2375 I GB28181 : 找到对应的已经存在的呼叫表项和用户 
04-27 14:55:58.426  1675  2375 I GB28181 : [D:/camera_live/app/src/main/cpp/libgb28181/sip/sip_rx.cpp:363]
04-27 14:55:58.426  1675  2375 I GB28181 : sua_get_idle_sua, p_sua=0xc5c83534, index[0]
04-27 14:55:58.426  1675  2375 I GB28181 : @@@@@@@@@@--[sip_call_request_rx][473]----------f_sua->call_state=0--------------------------------
04-27 14:55:58.426  1675  2375 I GB28181 : 
04-27 14:55:58.426  1675  2375 I GB28181 : @@@@@@@@@@--[sip_get_msg_event][1823]-----------------SIP_MT_INV-------------------------
04-27 14:55:58.426  1675  2375 I GB28181 : 
04-27 14:55:58.427  1675  2375 I GB28181 : @@@@@@@@@@--[sua_call_state][51]------p_sua->call_state=0------------------------------------
04-27 14:55:58.427  1675  2375 I GB28181 : 
04-27 14:55:58.427  1675  2375 I GB28181 : @@@@@@@@@@--[sua_call_state][57]-----默认-------------------------------------
04-27 14:55:58.427  1675  2375 I GB28181 : 
04-27 14:55:58.428  1675  2375 I GB28181 : sua_call_in_sdp_parse, video{encoder[PS], hz[90000], chn[1]}
04-27 14:55:58.428  1675  2375 I GB28181 : sua_call_in_sdp_parse, video{encoder[MPEG4], hz[90000], chn[1]}
04-27 14:55:58.428  1675  2375 I GB28181 : sua_call_in_sdp_parse, video{encoder[H264], hz[90000], chn[1]}
04-27 14:55:58.428  1675  2375 I GB28181 : sua_call_in_sdp_parse, video{encoder[H265], hz[90000], chn[1]}
04-27 14:55:58.428  1675  2375 I GB28181 : sip new call recv, caller[sip:35020000002000000001@3502000000]
04-27 14:55:58.428  1675  2391 I System.out: GB28181--->>>-----C++回调java:状态回调 回调函数--- sysState:2 connState:2heartbeatExceptionCount:0 liveState:0 talkState:0 videotapeState:0videotapedownloadState:0---------------------
04-27 14:55:58.429  1675  2391 E Gb28181Local: onStateUpdate sysState:2,connState:2,heartbeatExceptionCount:0,liveState:0,talkState:0,videotapeState:0,videotapeDownloadState:0
04-27 14:55:58.429  1675  2375 I GB28181 :  SUA呼叫状态机补充部分: 会话控制消息处理 接收消息sua_emsg_recv, [sip:35020000002000000001@3502000000]::UAS_TRYING PUCMD_CONNECT
04-27 14:55:58.490  1675  2375 I System.out: GB28181--->>>-----C++回调java:状态回调 回调函数--- sysState:2 connState:2heartbeatExceptionCount:0 liveState:0 talkState:0 videotapeState:0videotapedownloadState:0---------------------
04-27 14:55:58.490  1675  2375 E Gb28181Local: onStateUpdate sysState:2,connState:2,heartbeatExceptionCount:0,liveState:0,talkState:0,videotapeState:0,videotapeDownloadState:0
04-27 14:55:58.520  1675  2375 I GB28181 : sip_request_rx, from user [35020000002000000001]@[3502000000]
04-27 14:55:58.520  1675  2375 I GB28181 : 找到对应的已经存在的呼叫表项和用户 
04-27 14:55:58.520  1675  2375 I GB28181 : [D:/camera_live/app/src/main/cpp/libgb28181/sip/sip_rx.cpp:363]
04-27 14:55:58.520  1675  2375 I GB28181 : @@@@@@@@@@--[sip_call_request_rx][450]----------f_sua->call_state=4--------------------------------
04-27 14:55:58.520  1675  2375 I GB28181 : 
04-27 14:55:58.520  1675  2375 I GB28181 : @@@@@@@@@@--[sip_get_msg_event][1829]-----------------------SIP_MT_ACK-------------------
04-27 14:55:58.520  1675  2375 I GB28181 : 
04-27 14:55:58.521  1675  2375 I GB28181 : @@@@@@@@@@--[sua_call_state][51]------p_sua->call_state=4------------------------------------
04-27 14:55:58.521  1675  2375 I GB28181 : 
04-27 14:55:58.521  1675  2375 I GB28181 : @@@@@@@@@@--[sua_call_state][84]------已经向用户端发送2xx应答,等待ACK请求------------------------------------
04-27 14:55:58.521  1675  2375 I GB28181 : 
04-27 14:55:58.521  1675  2375 I GB28181 : @@@@@@@@@@---------suas_cs_2xx_sent()------
04-27 14:55:58.521  1675  2375 I GB28181 : @@@@@@@@@@--[suas_cs_2xx_sent][575]-----CSE_ACK_Recv-------------------------------------
04-27 14:55:58.521  1675  2375 I GB28181 : 
04-27 14:55:58.522  1675  2375 I GB28181 : -----------*************sdp**********************-------[spi_printf][10]------------------------
04-27 14:55:58.522  1675  2375 I GB28181 : 
04-27 14:55:58.522  1675  2934 I GB28181 : sua_audio_rtp_rx, thread start...
04-27 14:55:58.522  1675  2375 I GB28181 : UAS标志:= 1 
04-27 14:55:58.522  1675  2375 I GB28181 : UAC标志:= 0 
04-27 14:55:58.522  1675  2375 I GB28181 : Cancel发送标志:= 0 
04-27 14:55:58.522  1675  2375 I GB28181 : 183消息已经接收过:= 0 
04-27 14:55:58.522  1675  2375 I GB28181 : ReInvite发送，但还没有收到回应:= 0 
04-27 14:55:58.522  1675  2375 I GB28181 : 状态机标志: 定时器启动,在特定状态设置,在定时器任务中检测并处理:= 0 
04-27 14:55:58.522  1675  2375 I GB28181 : 对方语音是sendonly:= 0 
04-27 14:55:58.522  1675  2375 I GB28181 : 对方视频是sendonly:= 0 
04-27 14:55:58.522  1675  2375 I GB28181 : 语音接收已经打开标志:= 1 
04-27 14:55:58.522  1675  2375 I GB28181 : 语音发送已经打开标志:= 1 
04-27 14:55:58.522  1675  2375 I GB28181 : 视频接收已经打开标志:= 0 
04-27 14:55:58.522  1675  2375 I GB28181 : 视频发送已经打开标志:= 1 
04-27 14:55:58.522  1675  2375 I GB28181 : RTP thread starts, is sending RTP := 0 
04-27 14:55:58.522  1675  2375 I GB28181 : 使用UDP-RTP端口复用模式，音频、视频RTP均采用同一复用ID，RTCP流的ID:= 0 
04-27 14:55:58.522  1675  2375 I GB28181 : 使用TCP-RTP模式传输视频:= 1 
04-27 14:55:58.522  1675  2375 I GB28181 : 使用TCP-RTP模式传输音频:= 0 
04-27 14:55:58.522  1675  2375 I GB28181 : 使用组播传输模式:= 0 
04-27 14:55:58.522  1675  2375 I GB28181 : 当前有外部线程在状态等待:= 0 
04-27 14:55:58.522  1675  2375 I GB28181 : 视频参数是PS:= 1 
04-27 14:55:58.522  1675  2375 I GB28181 : 视频参数是H264,RFC3984:= 0 
04-27 14:55:58.522  1675  2375 I GB28181 : 视频参数是H265:= 0 
04-27 14:55:58.522  1675  2375 I GB28181 : 视频参数是JPEG:= 0 
04-27 14:55:58.522  1675  2375 I GB28181 : 视频参数是任意文件:= 0 
04-27 14:55:58.522  1675  2375 I GB28181 : 是否已经发送I帧:= 0 
04-27 14:55:58.522  1675  2375 I GB28181 : 是否已经接收到IDR帧:= 0 
04-27 14:55:58.522  1675  2375 I GB28181 : 是否支持RFC4028：SIP会话定义的一种存活机制:= 1 
04-27 14:55:58.522  1675  2375 I GB28181 : 是否由自己来进行刷新动作:= 0 
04-27 14:55:58.522  1675  2375 I GB28181 : 录像回放标志:= 0 
04-27 14:55:58.522  1675  2375 I GB28181 : 录像下载标志:= 0 
04-27 14:55:58.522  1675  2375 I GB28181 : 发送PS音频数据:= 1 
04-27 14:55:58.522  1675  2375 I GB28181 : 标志: 保留:= 0 
04-27 14:55:58.522  1675  2375 I GB28181 : guid:= 101 
04-27 14:55:58.523  1675  2375 I GB28181 : 当前呼叫状态:= 6 
04-27 14:55:58.523  1675  2375 I GB28181 : 当前等待状态:= 0 
04-27 14:55:58.523  1675  2375 I GB28181 : 视频TCP链接下对端主被动模式:= 0 
04-27 14:55:58.523  1675  2375 I GB28181 : 音频TCP链接下对端主被动模式:= 0 
04-27 14:55:58.523  1675  2375 I GB28181 : SDP会话名称:= Play 
04-27 14:55:58.523  1675  2375 I GB28181 : 回放时设备ID:通道:=  
04-27 14:55:58.523  1675  2375 I GB28181 : 回放开始时间:= 0 
04-27 14:55:58.523  1675  2375 I GB28181 : 回放结束时间:= 0 
04-27 14:55:58.523  1675  2375 I GB28181 : 播放开始时间:= 0 
04-27 14:55:58.523  1675  2375 I GB28181 : y_name:= 0200002169 
04-27 14:55:58.523  1675  2375 I GB28181 : 呼叫ID:= e565e2eb95b7d7e31b237e799edbd348@0.0.0.0 
04-27 14:55:58.523  1675  2375 I GB28181 : call_cseq:= 179 
04-27 14:55:58.523  1675  2375 I GB28181 : mansrtsp_cseq:= 0 
04-27 14:55:58.523  1675  2375 I GB28181 : 代理的设备ID:= 35020000201311005331 
04-27 14:55:58.523  1675  2375 I GB28181 : 代理的用户名:= 35020000201311005331 
04-27 14:55:58.523  1675  2375 I GB28181 : 代理的SIP地址:= sip:35020000201311005331@172.18.0.1:48966 
04-27 14:55:58.523  1675  2375 I GB28181 : 代理的显示名称:=  
04-27 14:55:58.523  1675  2375 I GB28181 : 代理所处的域:= 172.18.0.1 
04-27 14:55:58.523  1675  2375 I GB28181 : 代理的SIP TAG:= tag=53cc86b481564d5 
04-27 14:55:58.523  1675  2375 I GB28181 : 代理的IP地址:= 192.168.0.62 
04-27 14:55:58.523  1675  2375 I GB28181 : 代理的信令端口:= 43688 
04-27 14:55:58.523  1675  2375 I GB28181 : SIP请求用户名:= 35020000201311005331 
04-27 14:55:58.523  1675  2375 I GB28181 : 远端用户名:= 35020000002000000001 
04-27 14:55:58.523  1675  2375 I GB28181 : 远端的SIP地址:= sip:35020000002000000001@3502000000 
04-27 14:55:58.523  1675  2375 I GB28181 : 远端的显示名称:=  
04-27 14:55:58.524  1675  2375 I GB28181 : 远端所处的域:= 3502000000 
04-27 14:55:58.524  1675  2375 I GB28181 : 远端的SIP TAG:= tag=8019de8f324c4cc4b31bc5c0c90e0ed2 
04-27 14:55:58.524  1675  2375 I GB28181 : 终端的地址,开始是空:= sip:35020000002000000001@192.168.0.40:8160 
04-27 14:55:58.524  1675  2375 I GB28181 : -----实际对应的用户信息,注意这里在向外呼叫时作为电话路由接口---------
04-27 14:55:58.524  1675  2375 I GB28181 : 该表项使用标志:= 0 
04-27 14:55:58.524  1675  2375 I GB28181 : 用户认证标识:= 1 
04-27 14:55:58.524  1675  2375 I GB28181 : 用户是否在NAT后面:= 0 
04-27 14:55:58.524  1675  2375 I GB28181 : 使用SIP OVER TCP:= 1 
04-27 14:55:58.524  1675  2375 I GB28181 : 使用TCP-RTP模式:= 0 
04-27 14:55:58.524  1675  2375 I GB28181 : 标志: 保留:= 0 
04-27 14:55:58.524  1675  2375 I GB28181 : 该用户消息加密模式:= 0 
04-27 14:55:58.524  1675  2375 I GB28181 : 用户状态:= 4 
04-27 14:55:58.524  1675  2375 I GB28181 : sip_fd:= 149 
04-27 14:55:58.524  1675  2375 I GB28181 : sip_port:= 43688 
04-27 14:55:58.524  1675  2375 I GB28181 : 用户名/H323 E164号码:= 35020000201311005331 
04-27 14:55:58.524  1675  2375 I GB28181 : 显示名称/H323-ID:=  
04-27 14:55:58.524  1675  2375 I GB28181 : 用户密码,本地认证时使用/H235密码:= wvp_sip_password 
04-27 14:55:58.524  1675  2375 I GB28181 : sip地址:= sip:35020000201311005331@37098200002000000001 
04-27 14:55:58.524  1675  2375 I GB28181 : 用户信令ip地址:= 192.168.0.62 
04-27 14:55:58.524  1675  2375 I GB28181 : 用户信令端口:= 43688 
04-27 14:55:58.524  1675  2375 I GB28181 : 用户信令真正ip地址(NAT之后):= -903852168 
04-27 14:55:58.524  1675  2375 I GB28181 : 用户信令真正端口(仅支持UDP)(NAT之后):= 0 
04-27 14:55:58.524  1675  2375 I GB28181 : 最近一次注册成功的时间:= 0 
04-27 14:55:58.524  1675  2375 I GB28181 : 最近一次认证成功的时间:= 0 
04-27 14:55:58.524  1675  2375 I GB28181 : 超时时长:= 3600 
04-27 14:55:58.524  1675  2375 I GB28181 : 最近发送时间:= 118 
04-27 14:55:58.524  1675  2375 I GB28181 : 最近接收时间:= 118 
04-27 14:55:58.524  1675  2375 I GB28181 : 对应这个用户的服务器侧的ip地址:= 192.168.0.40 
04-27 14:55:58.524  1675  2375 I GB28181 : 对应这个用户的服务器侧的端口:= 8160 
04-27 14:55:58.524  1675  2375 I GB28181 : 服务器类型:=  
04-27 14:55:58.524  1675  2375 I GB28181 : 服务器自己的ID:= 35020000002000000001 
04-27 14:55:58.524  1675  2375 I GB28181 : 服务器SIP地址:= sip:35020000002000000001@192.168.0.40:8160 
04-27 14:55:58.524  1675  2375 I GB28181 : 用户所处的域:= 37098200002000000001 
04-27 14:55:58.524  1675  2375 I GB28181 : user_auth_info.auth_name:= 35020000201311005331 
04-27 14:55:58.524  1675  2375 I GB28181 : user_auth_info.auth_pwd:=  
04-27 14:55:58.524  1675  2375 I GB28181 : user_auth_info.auth_uri:= sip:192.168.0.40 
04-27 14:55:58.524  1675  2375 I GB28181 : user_auth_info.auth_qop:= auth 
04-27 14:55:58.524  1675  2375 I GB28181 : user_auth_info.auth_nonce:= c09ba85e323086f4ce28c700567087ab 
04-27 14:55:58.524  1675  2375 I GB28181 : user_auth_info.auth_cnonce:= 55B3C2F9788D049A 
04-27 14:55:58.524  1675  2375 I GB28181 : user_auth_info.auth_realm:= 3502000000 
04-27 14:55:58.524  1675  2375 I GB28181 : user_auth_info.auth_opaque:=  
04-27 14:55:58.524  1675  2375 I GB28181 : user_auth_info.auth_nc:= 1 
04-27 14:55:58.524  1675  2375 I GB28181 : user_auth_info.auth_ncstr:= 00000001 
04-27 14:55:58.525  1675  2375 I GB28181 : user_auth_info.auth_response:= 4dc52629603f2bb6d370e3dc0f96871b 
04-27 14:55:58.525  1675  2375 I GB28181 : 摘要认证注册时的会话ID:= 37098200002000000001 
04-27 14:55:58.525  1675  2375 I GB28181 : 摘要认证注册时的会话CSeq:= 2 
04-27 14:55:58.525  1675  2375 I GB28181 : auth_f_tag:= tag=1f0bd64d 
04-27 14:55:58.525  1675  2375 I GB28181 : user_contact_uri:=  
04-27 14:55:58.525  1675  2375 I GB28181 : 版本:一般是SIP/2.0/UDP auth_via.sip_ver:=  
04-27 14:55:58.525  1675  2375 I GB28181 : 宣称的地址,如果为零及可能是域名 auth_via.ip:= 0 
04-27 14:55:58.525  1675  2375 I GB28181 : 当ip == 0 时,使用该单元 auth_via.domain:=  
04-27 14:55:58.525  1675  2375 I GB28181 : 宣称的端口 auth_via.port:= 0 
04-27 14:55:58.525  1675  2375 I GB28181 : 实际ip地址,只需要处理第一个via消息 auth_via.real_ip:= (null) 
04-27 14:55:58.525  1675  2375 I GB28181 : 实际端口,主要是客户端在NAT的环境会出现这种情况 auth_via.real_port:= 0 
04-27 14:55:58.525  1675  2375 I GB28181 : auth_via.branch:= z9hG4bK0 
04-27 14:55:58.525  1675  2375 I GB28181 : 消息文本 auth_via.via_string:= (null) 
04-27 14:55:58.525  1675  2375 I GB28181 : SUBSCRIBE/NOTIFY消息使用的CSeq:= 0 
04-27 14:55:58.525  1675  2375 I GB28181 : 消息序列号:= 3 
04-27 14:55:58.525  1675  2375 I GB28181 : 28181消息序列号:= 2 
04-27 14:55:58.525  1675  2375 I GB28181 : 心跳超时或错误响应次数:= 0 
04-27 14:55:58.525  1675  2375 I GB28181 : 用户终端AGENT描述:= Body Worn Camera 
04-27 14:55:58.525  1675  2375 I GB28181 : TCP模式下的接收缓冲区: 接收缓冲区:= ACK sip:35020000201311005331@172.18.0.1:48966 SIP/2.0
04-27 14:55:58.525  1675  2375 I GB28181 : Call-ID: e565e2eb95b7d7e31b237e799edbd348@0.0.0.0
04-27 14:55:58.525  1675  2375 I GB28181 : CSeq: 179 ACK
04-27 14:55:58.525  1675  2375 I GB28181 : From: <sip:35020000002000000001@3502000000>;tag=8019de8f324c4cc4b31bc5c0c90e0ed2
04-27 14:55:58.525  1675  2375 I GB28181 : To: <sip:35020000201311005331@172.18.0.1:48966>;tag=2145004711
04-27 14:55:58.525  1675  2375 I GB28181 : Via: SIP/2.0/TCP 192.168.0.40:8160;branch=z9hG4bK2000153538
04-27 14:55:58.525  1675  2375 I GB28181 : Max-Forwards: 70
04-27 14:55:58.525  1675  2375 I GB28181 : User-Agent: WVP-Pro v2.7.4.2026-04-22T12:08:07Z
04-27 14:55:58.525  1675  2375 I GB28181 : Contact: <sip:35020000002000000001@192.168.0.40:8160>
04-27 14:55:58.525  1675  2375 I GB28181 : Content-Length: 0
04-27 14:55:58.525  1675  2375 I GB28181 : 
04-27 14:55:58.525  1675  2375 I GB28181 :  
04-27 14:55:58.525  1675  2375 I GB28181 : dyn_recv_buf:= (null) 
04-27 14:55:58.525  1675  2375 I GB28181 : 缓冲区中已经存在数据长度:= 0 
04-27 14:55:58.525  1675  2375 I GB28181 : sip_len:= 0 
04-27 14:55:58.525  1675  2375 I GB28181 : sdp_len:= 0 
04-27 14:55:58.525  1675  2375 I GB28181 :  rcv_buf or dyn_recv_buf:= ACK sip:35020000201311005331@172.18.0.1:48966 SIP/2.0
04-27 14:55:58.525  1675  2375 I GB28181 : Call-ID: e565e2eb95b7d7e31b237e799edbd348@0.0.0.0
04-27 14:55:58.525  1675  2375 I GB28181 : CSeq: 179 ACK
04-27 14:55:58.525  1675  2375 I GB28181 : From: <sip:35020000002000000001@3502000000>;tag=8019de8f324c4cc4b31bc5c0c90e0ed2
04-27 14:55:58.525  1675  2375 I GB28181 : To: <sip:35020000201311005331@172.18.0.1:48966>;tag=2145004711
04-27 14:55:58.525  1675  2375 I GB28181 : Via: SIP/2.0/TCP 192.168.0.40:8160;branch=z9hG4bK2000153538
04-27 14:55:58.525  1675  2375 I GB28181 : Max-Forwards: 70
