--------- beginning of main
04-27 13:36:25.060 I/ADB_SERVICES( 1574): post waitpid (pid=2862) status=0000
04-27 13:36:25.062 I/MtkCam/PrvCB(  491): (2420)[onClientThreadLoop] mOneShotSleepCount 0
04-27 13:36:25.064 I/Camera  ( 1670): handleMessage: 16
04-27 13:36:25.079 W/TwinMgr (  491): [TwinInfo_update] WARNING: [TwinInfo_update][0]no deque on AFO over 64 frames
04-27 13:36:25.079 W/MtkCam/BufferProvider_P(  491): [Hal:Image:yuvFD][dequeStreamBuffer] Cannot acquire from pool. Something wrong... SOS
04-27 13:36:25.083 W/TuningMgr(  491): TuningMgr[updateEngine] WARNING: [temp log] AF enable(0_0x100802e0_0x8001e0)
--------- beginning of system
04-27 13:36:25.089 I/DisplayPowerController(  881): Blocking screen off
04-27 13:36:25.090 I/DisplayPowerController(  881): Unblocked screen off after 1 ms
04-27 13:36:25.095 E/DCWLog-dcwMainActivity( 1670): onPause--------------
04-27 13:36:25.099 I/BufferQueue(  881): [unnamed-881-1](this:0x7e3e143800,id:1,api:0,p:-1,c:-1) BufferQueue core=(881:system_server)
04-27 13:36:25.099 W/GuiExt  (  881): Cannot find GuiExtService
04-27 13:36:25.099 I/BufferQueueConsumer(  881): [unnamed-881-1](this:0x7e3e143800,id:1,api:0,p:-1,c:881) connect(C): consumer=(881:system_server) controlledByApp=true
04-27 13:36:25.100 I/BufferQueueConsumer(  881): [unnamed-881-1](this:0x7e3e143800,id:1,api:0,p:-1,c:881) setConsumerName: unnamed-881-1
04-27 13:36:25.101 I/BufferQueueProducer(  881): [unnamed-881-1](this:0x7e3e143800,id:1,api:1,p:385,c:881) connect(P): api=1 producer=(385:/system/bin/surfaceflinger) producerControlledByApp=false
04-27 13:36:25.101 I/MtkCam/PrvCB(  491): (2420)[onClientThreadLoop] mOneShotSleepCount 0
04-27 13:36:25.105 I/SurfaceFlinger(  385): screenshot (com.dcw.vochat/com.dcw.vochat.MainActivity#0)
04-27 13:36:25.106 I/MtkCam/PrvCB(  491): (2420)[onClientThreadLoop] mOneShotSleepCount 1
04-27 13:36:25.108 I/BufferQueueProducer(  881): [unnamed-881-1](this:0x7e3e143800,id:1,api:1,p:385,c:881) disconnect(P): api 1
04-27 13:36:25.109 I/BufferQueueConsumer(  881): [unnamed-881-1](this:0x7e3e143800,id:1,api:1,p:-1,c:-1) disconnect(C)
04-27 13:36:25.109 I/BufferQueue(  881): [unnamed-881-1](this:0x7e3e143800,id:1,api:1,p:-1,c:-1) ~BufferQueueCore
04-27 13:36:25.112 I/MtkCam/PrvCB(  491): (2420)[onClientThreadLoop] mOneShotSleepCount 2
04-27 13:36:25.116 I/ADB_SERVICES( 1574): service_to_fd shell,v2:export ANDROID_LOG_TAGS="''"; exec logcat '-v' 'time'
04-27 13:36:25.116 I/ActivityManager(  881): Killing 2481:com.android.packageinstaller/u0a18 (adj 906): empty #17
04-27 13:36:25.116 W/MtkCam/BufferProvider_P(  491): [Hal:Image:yuvFD][dequeStreamBuffer] Cannot acquire from pool. Something wrong... SOS
04-27 13:36:25.117 I/MtkCam/PrvCB(  491): (2420)[onClientThreadLoop] mOneShotSleepCount 3
04-27 13:36:25.117 W/zygote64(  881): kill(-2481, 9) failed: No such process
04-27 13:36:25.119 W/TwinMgr (  491): [TwinInfo_update] WARNING: [TwinInfo_update][0]no deque on AFO over 64 frames
04-27 13:36:25.122 I/MtkCam/PrvCB(  491): (2420)[onClientThreadLoop] mOneShotSleepCount 4
04-27 13:36:25.124 I/MtkCam/Utils(  491): {CamProfile}[DisplayClient::dequePrvOps] dequeue_buffer > 30ms: (0-th) ===> (overtime > 30 ms) [start-->now: 31 ms]
04-27 13:36:25.127 W/TuningMgr(  491): TuningMgr[updateEngine] WARNING: [temp log] AF enable(0_0x100802e0_0x8001e0)
04-27 13:36:25.127 I/MtkCam/PrvCB(  491): (2420)[onClientThreadLoop] mOneShotSleepCount 5
04-27 13:36:25.129 I/BufferQueueProducer(  385): [ColorFade#0](this:0x7f01d3a000,id:15,api:1,p:881,c:385) disconnect(P): api 1
04-27 13:36:25.131 E/Surface (  881): getSlotFromBufferLocked: unknown buffer: 0x7e25f70740
04-27 13:36:25.131 E/IMGSRV  (  881): :0: QueueCancelBufferWrapper: Failed to cancel buffer 0x7e247173d0 (-22)
04-27 13:36:25.131 I/BufferQueueConsumer(  385): [#0](this:0x7efed86000,id:8,api:1,p:1670,c:385) setDefaultBufferSize: width=2 height=2
04-27 13:36:25.132 I/MtkCam/PrvCB(  491): (2420)[onClientThreadLoop] mOneShotSleepCount 6
04-27 13:36:25.133 E/libEGL  (  881): call to OpenGL ES API with no current context (logged once per thread)
04-27 13:36:25.134 I/OpenGLRenderer(  881): Initialized EGL, version 1.4
04-27 13:36:25.138 I/MtkCam/PrvCB(  491): (2420)[onClientThreadLoop] mOneShotSleepCount 7
04-27 13:36:25.138 I/hwcomposer(  372): [HWC] Display(0) SetPowerMode(0)  
04-27 13:36:25.141 I/DisplayManagerService(  881): Display device changed state: "内置屏幕", OFF
04-27 13:36:25.143 I/MtkCam/PrvCB(  491): (2420)[onClientThreadLoop] mOneShotSleepCount 8
04-27 13:36:25.143 W/DisplayManagerService(  881): Failed to notify process 2481 that displays changed, assuming it died.
04-27 13:36:25.143 W/DisplayManagerService(  881): android.os.DeadObjectException
04-27 13:36:25.143 W/DisplayManagerService(  881): 	at android.os.BinderProxy.transactNative(Native Method)
04-27 13:36:25.143 W/DisplayManagerService(  881): 	at android.os.BinderProxy.transact(Binder.java:766)
04-27 13:36:25.143 W/DisplayManagerService(  881): 	at android.hardware.display.IDisplayManagerCallback$Stub$Proxy.onDisplayEvent(IDisplayManagerCallback.java:81)
04-27 13:36:25.143 W/DisplayManagerService(  881): 	at com.android.server.display.DisplayManagerService$CallbackRecord.notifyDisplayEventAsync(DisplayManagerService.java:1408)
04-27 13:36:25.143 W/DisplayManagerService(  881): 	at com.android.server.display.DisplayManagerService.deliverDisplayEvent(DisplayManagerService.java:1209)
04-27 13:36:25.143 W/DisplayManagerService(  881): 	at com.android.server.display.DisplayManagerService.-wrap8(Unknown Source:0)
04-27 13:36:25.143 W/DisplayManagerService(  881): 	at com.android.server.display.DisplayManagerService$DisplayManagerHandler.handleMessage(DisplayManagerService.java:1335)
04-27 13:36:25.143 W/DisplayManagerService(  881): 	at android.os.Handler.dispatchMessage(Handler.java:106)
04-27 13:36:25.143 W/DisplayManagerService(  881): 	at android.os.Looper.loop(Looper.java:164)
04-27 13:36:25.143 W/DisplayManagerService(  881): 	at android.os.HandlerThread.run(HandlerThread.java:65)
04-27 13:36:25.143 W/DisplayManagerService(  881): 	at com.android.server.ServiceThread.run(ServiceThread.java:46)
04-27 13:36:25.143 I/BufferQueueProducer(  385): [#0](this:0x7efed86000,id:8,api:1,p:1670,c:385) disconnect(P): api 1
04-27 13:36:25.148 I/MtkCam/PrvCB(  491): (2420)[onClientThreadLoop] mOneShotSleepCount 9
04-27 13:36:25.150 I/InputReader(  881): Reconfiguring input devices.  changes=0x00000004
04-27 13:36:25.153 I/HWUIExtension(  881): Already had program atlas...
04-27 13:36:25.153 I/MtkCam/PrvCB(  491): (2420)[onClientThreadLoop] mOneShotSleepCount 10
04-27 13:36:25.154 I/zygote64( 1241): Do partial code cache collection, code=30KB, data=24KB
04-27 13:36:25.155 I/zygote64( 1241): After code cache collection, code=30KB, data=24KB
04-27 13:36:25.156 I/zygote64( 1241): Increasing code cache capacity to 128KB
04-27 13:36:25.157 W/MtkCam/BufferProvider_P(  491): [Hal:Image:yuvFD][dequeStreamBuffer] Cannot acquire from pool. Something wrong... SOS
04-27 13:36:25.159 I/MtkCam/PrvCB(  491): (2420)[onClientThreadLoop] Preview client disabled, Msg(0) Prv(1) BufQueueRunning(0)
04-27 13:36:25.159 W/TwinMgr (  491): [TwinInfo_update] WARNING: [TwinInfo_update][0]no deque on AFO over 64 frames
04-27 13:36:25.161 W/zygote64(  881): kill(-2481, 9) failed: No such process
04-27 13:36:25.161 I/zygote64(  881): Successfully killed process cgroup uid 10018 pid 2481 in 44ms
04-27 13:36:25.163 W/TuningMgr(  491): TuningMgr[updateEngine] WARNING: [temp log] AF enable(0_0x100802e0_0x8001e0)
04-27 13:36:25.174 D/MtkOmxVenc(  489): [0xe6f06000] AVC EncTime=3886 (us), RGB_2_YUV=0, FrameCount= 1115, buf timestamp=47604 (47604852) IsKey(0), Size(18)  Slotbitcount(626184) : in VA=0xE8E0B8A0, offset=0x00000000, len=12, flags=0x00000010 : out VA=0xE4CE7000, offset=0x00000000sec:0x0, 0x0, pending=1
04-27 13:36:25.198 W/MtkCam/BufferProvider_P(  491): [Hal:Image:yuvFD][dequeStreamBuffer] Cannot acquire from pool. Something wrong... SOS
04-27 13:36:25.199 W/TwinMgr (  491): [TwinInfo_update] WARNING: [TwinInfo_update][0]no deque on AFO over 64 frames
04-27 13:36:25.203 W/TuningMgr(  491): TuningMgr[updateEngine] WARNING: [temp log] AF enable(0_0x100802e0_0x8001e0)
04-27 13:36:25.207 D/MtkOmxVenc(  489): [0xe6f06000] AVC EncTime=4022 (us), RGB_2_YUV=0, FrameCount= 1116, buf timestamp=47637 (47637852) IsKey(0), Size(103)  Slotbitcount(627008) : in VA=0xE8E0B560, offset=0x00000000, len=12, flags=0x00000010 : out VA=0xE49E7000, offset=0x00000000sec:0x0, 0x0, pending=1
04-27 13:36:25.239 W/MtkCam/BufferProvider_P(  491): [Hal:Image:yuvFD][dequeStreamBuffer] Cannot acquire from pool. Something wrong... SOS
04-27 13:36:25.239 W/TwinMgr (  491): [TwinInfo_update] WARNING: [TwinInfo_update][0]no deque on AFO over 64 frames
04-27 13:36:25.242 D/MtkOmxVenc(  489): [0xe6f06000] AVC EncTime=4339 (us), RGB_2_YUV=0, FrameCount= 1117, buf timestamp=47670 (47670852) IsKey(0), Size(51)  Slotbitcount(627416) : in VA=0xE8E0B5A0, offset=0x00000000, len=12, flags=0x00000010 : out VA=0xE46E7000, offset=0x00000000sec:0x0, 0x0, pending=1
04-27 13:36:25.242 W/TuningMgr(  491): TuningMgr[updateEngine] WARNING: [temp log] AF enable(0_0x100802e0_0x8001e0)
04-27 13:36:25.275 D/MtkOmxVenc(  489): [0xe6f06000] AVC EncTime=4493 (us), RGB_2_YUV=0, FrameCount= 1118, buf timestamp=47703 (47703852) IsKey(0), Size(14)  Slotbitcount(627528) : in VA=0xE8E0B5E0, offset=0x00000000, len=12, flags=0x00000010 : out VA=0xE43E7000, offset=0x00000000sec:0x0, 0x0, pending=1
04-27 13:36:25.279 W/TwinMgr (  491): [TwinInfo_update] WARNING: [TwinInfo_update][0]no deque on AFO over 64 frames
04-27 13:36:25.284 W/MtkCam/BufferProvider_P(  491): [Hal:Image:yuvFD][dequeStreamBuffer] Cannot acquire from pool. Something wrong... SOS
04-27 13:36:25.286 W/TuningMgr(  491): TuningMgr[updateEngine] WARNING: [temp log] AF enable(0_0x100802e0_0x8001e0)
04-27 13:36:25.309 D/MtkOmxVenc(  489): [0xe6f06000] AVC EncTime=4550 (us), RGB_2_YUV=0, FrameCount= 1119, buf timestamp=47736 (47736852) IsKey(0), Size(14)  Slotbitcount(627640) : in VA=0xE8E0B620, offset=0x00000000, len=12, flags=0x00000010 : out VA=0xE58E7000, offset=0x00000000sec:0x0, 0x0, pending=1
04-27 13:36:25.320 W/TwinMgr (  491): [TwinInfo_update] WARNING: [TwinInfo_update][0]no deque on AFO over 64 frames
04-27 13:36:25.325 W/TuningMgr(  491): TuningMgr[updateEngine] WARNING: [temp log] AF enable(0_0x100802e0_0x8001e0)
04-27 13:36:25.327 W/MtkCam/BufferProvider_P(  491): [Hal:Image:yuvPrvCB][dequeStreamBuffer] Cannot acquire from pool. Something wrong... SOS
04-27 13:36:25.327 W/MtkCam/BufferProvider_P(  491): [Hal:Image:yuvFD][dequeStreamBuffer] Cannot acquire from pool. Something wrong... SOS
04-27 13:36:25.342 D/MtkOmxVenc(  489): [0xe6f06000] AVC EncTime=4621 (us), RGB_2_YUV=0, FrameCount= 1120, buf timestamp=47769 (47769852) IsKey(0), Size(14)  Slotbitcount(627752) : in VA=0xE8E0B660, offset=0x00000000, len=12, flags=0x00000010 : out VA=0xE55E7000, offset=0x00000000sec:0x0, 0x0, pending=1
04-27 13:36:25.346 D/GED Service( 1572): signo=49, event_notify=00000000
04-27 13:36:25.346 E/TouchFilter(  881):  param:filter.w_w[0]:0,0,0,0
04-27 13:36:25.346 E/TouchFilter(  881):  param:filter.VECLOCITY_THRESHOLD[0]:0
04-27 13:36:25.346 E/TouchFilter(  881):  param:filter.w_w is not fitable:
04-27 13:36:25.346 E/TouchFilter(  881):  param:filter.VECLOCITY_THRESHOLD is not fitable:
04-27 13:36:25.346 E/TouchFilter(  881):  param:filter.w_w[1]:0,0,0,0
04-27 13:36:25.346 E/TouchFilter(  881):  param:filter.VECLOCITY_THRESHOLD[1]:0
04-27 13:36:25.346 E/TouchFilter(  881):  param:filter.w_w is not fitable:
04-27 13:36:25.346 E/TouchFilter(  881):  param:filter.VECLOCITY_THRESHOLD is not fitable:
04-27 13:36:25.346 E/TouchFilter(  881):  param:filter.w_w[2]:0,0,0,0
04-27 13:36:25.346 E/TouchFilter(  881):  param:filter.VECLOCITY_THRESHOLD[2]:0
04-27 13:36:25.346 E/TouchFilter(  881):  param:filter.w_w is not fitable:
04-27 13:36:25.346 E/TouchFilter(  881):  param:filter.VECLOCITY_THRESHOLD is not fitable:
04-27 13:36:25.346 E/TouchFilter(  881):  param: TOUCH_PIXEL_DENSITY:146, enable status:1
04-27 13:36:25.347 D/GED Service( 1572): signo=49, event_notify=00000000
04-27 13:36:25.348 D/SurfaceControl(  881): Excessive delay in setPowerMode()
04-27 13:36:25.348 I/BufferQueueProducer(  385): [#0](this:0x7efed86000,id:8,api:1,p:1670,c:385) connect(P): api=1 producer=(1670:com.dcw.vochat) producerControlledByApp=true
04-27 13:36:25.349 E/IPCThreadState(  385): binder thread pool (4 threads) starved for 209 ms
04-27 13:36:25.349 E/DCWLog-dcwMemoryFileServiceManager( 1670): -----------------surfaceChanged---------------------
04-27 13:36:25.350 I/BufferQueueProducer(  385): [NavigationBar#0](this:0x7f01d3d000,id:3,api:1,p:1241,c:385) queueBuffer: fps=1.05 dur=29467.83 max=28967.60 min=10.59
04-27 13:36:25.350 I/libPerfService(  380): gameNotifyDisplayType - type:1
04-27 13:36:25.351 I/vendor.mediatek.hardware.power@1.1-impl(  380): setInteractive Disable All
04-27 13:36:25.355 I/powerd  (  380): [powerd_req] POWER_MSG_SCN_DISABLE_ALL
04-27 13:36:25.355 I/libPerfService(  380): perfUserScnDisableAll, h:24, s:1, a:0
04-27 13:36:25.357 I/libPerfService(  380): perfUserScnDisableAll, h:44, s:1, a:0
04-27 13:36:25.357 I/libPerfService(  380): perfUserScnDisableAll, h:45, s:1, a:0
04-27 13:36:25.358 E/SurfaceFlinger(  385): getUniqueId not supported on VirtualDisplaySurface
04-27 13:36:25.359 I/libsuspend(  881): autosuspend_debugger_enable
04-27 13:36:25.359 I/libsuspend(  881): autosuspend_debugger_enable done
04-27 13:36:25.360 W/TwinMgr (  491): [TwinInfo_update] WARNING: [TwinInfo_update][0]no deque on AFO over 64 frames
04-27 13:36:25.361 E/flpscreen(  469): flp_screen_monitor_thread: Screen off
04-27 13:36:25.361 W/Looper  (  881): Dispatch took 215ms on android.ui, h=Handler (com.android.server.am.ActivityManagerService$UiHandler) {f0f7e4d} cb=null msg=53
04-27 13:36:25.361 I/libsuspend(  881): ws name: GPS, act_since: 25567, act_cnt: 1, ev_cnt: 1, wakeup_cnt: 0
04-27 13:36:25.361 I/libsuspend(  881): ws name: PowerManagerService.WakeLocks, act_since: 36020, act_cnt: 2, ev_cnt: 2, wakeup_cnt: 0
04-27 13:36:25.361 I/libsuspend(  881): ws name: WLAN timeout, act_since: 19, act_cnt: 133, ev_cnt: 1211, wakeup_cnt: 0
04-27 13:36:25.362 I/libsuspend(  881): ws name: gpswakelock, act_since: 25528, act_cnt: 1, ev_cnt: 1, wakeup_cnt: 0
04-27 13:36:25.362 I/libsuspend(  881): ws name: MT662x, act_since: 12, act_cnt: 39, ev_cnt: 39, wakeup_cnt: 0
04-27 13:36:25.362 I/libsuspend(  881): ws name: isp_lock_wakelock, act_since: 24932, act_cnt: 1, ev_cnt: 1, wakeup_cnt: 0
04-27 13:36:25.362 D/MNLD    (  469): mnld_main_thread: flp2mnl_hdlr msg
04-27 13:36:25.362 D/MNLD    (  469): mnld_main_thread: gfc2mnl_hdlr msg
04-27 13:36:25.362 I/libsuspend(  881): ws name: ttyC2, act_since: 196, act_cnt: 29, ev_cnt: 42, wakeup_cnt: 0
04-27 13:36:25.362 I/libsuspend(  881): ws name: ttyC0, act_since: 495, act_cnt: 16, ev_cnt: 422, wakeup_cnt: 0
04-27 13:36:25.362 I/libsuspend(  881): ws name: USB suspend lock, act_since: 44269, act_cnt: 1, ev_cnt: 1, wakeup_cnt: 0
04-27 13:36:25.362 D/BufferQueueProducer(  489): [GraphicBufferSource](this:0xe6c62000,id:0,api:1,p:489,c:489) cancelBuffer: slot 1
04-27 13:36:25.363 I/Camera  ( 1670): handleMessage: 16
04-27 13:36:25.364 W/MtkCam/BufferProvider_P(  491): [Hal:Image:yuvDisp][dequeStreamBuffer] Cannot acquire from pool. Something wrong... SOS
04-27 13:36:25.364 W/MtkCam/BufferProvider_P(  491): [Hal:Image:yuvFD][dequeStreamBuffer] Cannot acquire from pool. Something wrong... SOS
04-27 13:36:25.370 E/SurfaceFlinger(  385): getUniqueId not supported on VirtualDisplaySurface
04-27 13:36:25.370 W/TuningMgr(  491): TuningMgr[updateEngine] WARNING: [temp log] AF enable(0_0x100802e0_0x8001e0)
04-27 13:36:25.372 I/BufferQueueProducer(  385): [#0](this:0x7efed86000,id:8,api:1,p:1670,c:385) queueBuffer: fps=0.08 dur=24858.43 max=24777.28 min=81.14
04-27 13:36:25.374 I/DisplayDevice(  385): [stdout (type:2)] fps:29.113152,dur:1133.51,max:238.57,min:13.51
04-27 13:36:25.379 I/BufferQueueProducer(  489): [GraphicBufferSource](this:0xe6c62000,id:0,api:1,p:489,c:489) queueBuffer: fps=29.03 dur=1136.85 max=242.45 min=12.52
04-27 13:36:25.379 E/DCWLog-dcwMainActivity( 1670): onStop--------------
04-27 13:36:25.380 D/MtkOmxVenc(  489): [0xe6f06000] AVC EncTime=7807 (us), RGB_2_YUV=0, FrameCount= 1121, buf timestamp=47802 (47802852) IsKey(0), Size(18)  Slotbitcount(627896) : in VA=0xE8E0B6A0, offset=0x00000000, len=12, flags=0x00000010 : out VA=0xE52E7000, offset=0x00000000sec:0x0, 0x0, pending=2
04-27 13:36:25.381 D/MtkOmxVenc(  489): [0xe6f06000] CheckOpaqueFormat : 0x1
04-27 13:36:25.381 I/MtkCam/Utils(  491): {CamProfile}[DisplayClient::dequePrvOps] dequeue_buffer > 30ms: (0-th) ===> (overtime > 30 ms) [start-->now: 241 ms]
04-27 13:36:25.381 W/MtkCam/DisplayClient(  491): [handleReturnBuffers] (5) display frame count > 1 --> select 4 to display
04-27 13:36:25.382 W/MtkCam/DisplayClient(  491): [handleReturnBuffers] Drop frame:0 1 [ion:164 0xe2ea6000/1382400 47554962000]
04-27 13:36:25.383 D/BufferQueueProducer(  385): [SurfaceView - #0](this:0x7efed64800,id:12,api:4,p:474,c:385) cancelBuffer: slot 5
04-27 13:36:25.383 I/MtkCam/Utils(  491): {CamProfile}[DisplayClient::cancelPrvOps] mpStreamOps->cancel_buffer, rpImgBuf(0xea710a50,0xe2ea6000): (2-th) ===> ( overtime > 0 ms) [start-->now: 1 ms] [last-->now: 1 ms]
04-27 13:36:25.384 W/MtkCam/DisplayClient(  491): [handleReturnBuffers] Drop frame:1 1 [ion:187 0xe25b7000/1382400 47595046000]
04-27 13:36:25.384 V/FingerprintService(  881): mDeamon was null, reconnect to fingerprint
04-27 13:36:25.384 I/zygote64(  881): Looking for service android.hardware.biometrics.fingerprint@2.1::IBiometricsFingerprint/default
04-27 13:36:25.385 D/BufferQueueProducer(  385): [SurfaceView - #0](this:0x7efed64800,id:12,api:4,p:474,c:385) cancelBuffer: slot 6
04-27 13:36:25.385 I/MtkCam/Utils(  491): {CamProfile}[DisplayClient::cancelPrvOps] mpStreamOps->cancel_buffer, rpImgBuf(0xea710c90,0xe25b7000): (2-th) ===> ( overtime > 0 ms) [start-->now: 1 ms] [last-->now: 1 ms]
04-27 13:36:25.386 W/MtkCam/DisplayClient(  491): [handleReturnBuffers] Drop frame:2 1 [ion:114 0xe3dbc000/1382400 47635130000]
04-27 13:36:25.387 D/BufferQueueProducer(  385): [SurfaceView - #0](this:0x7efed64800,id:12,api:4,p:474,c:385) cancelBuffer: slot 0
04-27 13:36:25.387 W/MtkCam/DisplayClient(  491): [handleReturnBuffers] Drop frame:3 1 [ion:142 0xe3a62000/1382400 47675215000]
04-27 13:36:25.388 I/zygote64(  881): Starting thread pool.
04-27 13:36:25.388 E/SurfaceFlinger(  385): getUniqueId not supported on VirtualDisplaySurface
04-27 13:36:25.388 D/BufferQueueProducer(  385): [SurfaceView - #0](this:0x7efed64800,id:12,api:4,p:474,c:385) cancelBuffer: slot 1
04-27 13:36:25.390 D/MtkOmxVenc(  489): [0xe6f05400] AVC EncTime=14849 (us), RGB_2_YUV=0, FrameCount= 521, buf timestamp=0 (0) IsKey(0), Size(3563)  Slotbitcount(22015080) : in VA=0xE0FD7000, offset=0x00000000, len=1382400, flags=0x00000010 : out VA=0xDF69F000, offset=0x00000000sec:0x0, 0x0, pending=1
04-27 13:36:25.391 E/SurfaceFlinger(  385): getUniqueId not supported on VirtualDisplaySurface
04-27 13:36:25.391 V/FingerprintService(  881): Fingerprint HAL id: 0
04-27 13:36:25.393 W/FingerprintService(  881): Failed to open Fingerprint HAL!
04-27 13:36:25.394 I/BufferQueueProducer(  385): [StatusBar#0](this:0x7f01d3e800,id:4,api:1,p:1241,c:385) queueBuffer: fps=0.30 dur=3339.42 max=3339.42 min=3339.42
04-27 13:36:25.398 D/MtkOmxVenc(  489): [0xe6f06000] AVC EncTime=17099 (us), RGB_2_YUV=6, FrameCount= 1122, buf timestamp=47814 (47814502) IsKey(0), Size(14)  Slotbitcount(628008) : in VA=0xE8E0B6E0, offset=0x00000000, len=12, flags=0x00000010 : out VA=0xE4FE7000, offset=0x00000000sec:0x0, 0x0, pending=2
04-27 13:36:25.400 W/TwinMgr (  491): [TwinInfo_update] WARNING: [TwinInfo_update][0]no deque on AFO over 64 frames
04-27 13:36:25.402 I/MtkCam/PrvCB(  491): (2420)[onClientThreadLoop] mOneShotSleepCount 0
04-27 13:36:25.403 W/MtkCam/BufferProvider_P(  491): [Hal:Image:yuvFD][dequeStreamBuffer] Cannot acquire from pool. Something wrong... SOS
04-27 13:36:25.405 W/TuningMgr(  491): TuningMgr[updateEngine] WARNING: [temp log] AF enable(0_0x100802e0_0x8001e0)
04-27 13:36:25.406 E/SurfaceFlinger(  385): getUniqueId not supported on VirtualDisplaySurface
04-27 13:36:25.407 I/MtkCam/PrvCB(  491): (2420)[onClientThreadLoop] mOneShotSleepCount 1
04-27 13:36:25.408 D/MtkOmxVenc(  489): [0xe6f06000] AVC EncTime=9777 (us), RGB_2_YUV=2, FrameCount= 1123, buf timestamp=47829 (47829906) IsKey(0), Size(18)  Slotbitcount(628152) : in VA=0xE8E0B720, offset=0x00000000, len=12, flags=0x00000010 : out VA=0xE4CE7000, offset=0x00000000sec:0x0, 0x0, pending=1
04-27 13:36:25.408 E/DCWLog-ScreenLockDialog( 1670): 开屏
04-27 13:36:25.410 E/SurfaceFlinger(  385): getUniqueId not supported on VirtualDisplaySurface
04-27 13:36:25.412 I/MtkCam/PrvCB(  491): (2420)[onClientThreadLoop] mOneShotSleepCount 2
04-27 13:36:25.415 D/WifiStateMachine(  881):  MtkL2ConnectedState { when=0 what=131167 arg1=1 target=com.android.internal.util.StateMachine$SmHandler } 1 0, mShouldDeferDisableWifi = false, mState = MONITORING
04-27 13:36:25.416 I/Camera  ( 1670): handleMessage: 16
04-27 13:36:25.417 D/WifiConnectivityManager(  881): handleScreenStateChanged: screenOn=true
04-27 13:36:25.418 D/AudioSystem(  881): +setParameters(): screen_state=on 
04-27 13:36:25.418 D/WifiConnectivityManager(  881): startConnectivityScan: screenOn=true wifiState=connected scanImmediately=false wifiEnabled=true wifiConnectivityManagerEnabled=true
04-27 13:36:25.418 D/AudioALSAHardware(  363): +setParameters(): screen_state=on
04-27 13:36:25.419 D/AudioALSAStreamOut(  363): +setScreenState(), flag 6, mode 1
04-27 13:36:25.419 D/AudioALSAStreamOut(  363): +setScreenState(), flag 8, mode 1
04-27 13:36:25.419 D/AudioALSACaptureHandlerBase(  363): getCaptureHandlerType(), mCaptureHandlerType = 80
04-27 13:36:25.419 D/WifiConnectivityManager(  881): Last periodic single scan started 11281ms ago, defer this new scan request.
04-27 13:36:25.419 D/AudioALSAHardware(  363): -setParameters(): screen_state=on 
04-27 13:36:25.420 D/WifiConnectivityManager(  881): schedulePeriodicScanTimer, intervalMs: 8719
04-27 13:36:25.423 D/WifiStateMachine(  881):  MtkL2ConnectedState { when=-7ms what=131154 arg1=1 target=com.android.internal.util.StateMachine$SmHandler } 1 0, mShouldDeferDisableWifi = false, mState = MONITORING
04-27 13:36:25.423 I/BufferQueueProducer(  385): [SurfaceView - #0](this:0x7efed64800,id:12,api:4,p:474,c:385) queueBuffer: fps=19.80 dur=1010.08 max=251.68 min=32.04
04-27 13:36:25.426 D/WifiController(  881): DeviceActiveState CMD_SCREEN_ON{ when=0 what=155650 target=com.android.internal.util.StateMachine$SmHandler }
04-27 13:36:25.426 D/WifiController(  881): StaEnabledState CMD_SCREEN_ON{ when=-1ms what=155650 target=com.android.internal.util.StateMachine$SmHandler }
04-27 13:36:25.426 D/WifiController(  881): DefaultState CMD_SCREEN_ON{ when=-1ms what=155650 target=com.android.internal.util.StateMachine$SmHandler }
04-27 13:36:25.426 D/DataShapingService(  881): received broadcast, action is: android.intent.action.SCREEN_ON
04-27 13:36:25.427 D/WifiStateMachine(  881):  MtkL2ConnectedState { when=-11ms what=131158 target=com.android.internal.util.StateMachine$SmHandler } 0 0, mShouldDeferDisableWifi = false, mState = MONITORING
04-27 13:36:25.427 D/DataShapingService(  881): [handleMessage] msg_screen_state_changed
04-27 13:36:25.429 D/MtkOmxVenc(  489): [0xe6f06000] AVC EncTime=15332 (us), RGB_2_YUV=8, FrameCount= 1124, buf timestamp=47848 (47848450) IsKey(0), Size(14)  Slotbitcount(628264) : in VA=0xE8E0B760, offset=0x00000000, len=12, flags=0x00000010 : out VA=0xE49E7000, offset=0x00000000sec:0x0, 0x0, pending=1
04-27 13:36:25.433 E/SurfaceFlinger(  385): getUniqueId not supported on VirtualDisplaySurface
04-27 13:36:25.436 E/SurfaceFlinger(  385): getUniqueId not supported on VirtualDisplaySurface
04-27 13:36:25.438 D/BufferQueueProducer(  489): [GraphicBufferSource](this:0xe6c62000,id:0,api:1,p:489,c:489) cancelBuffer: slot 0
04-27 13:36:25.440 W/TwinMgr (  491): [TwinInfo_update] WARNING: [TwinInfo_update][0]no deque on AFO over 64 frames
04-27 13:36:25.440 W/MtkCam/BufferProvider_P(  491): [Hal:Image:yuvFD][dequeStreamBuffer] Cannot acquire from pool. Something wrong... SOS
04-27 13:36:25.441 I/MtkCam/PrvCB(  491): (2420)[onClientThreadLoop] mOneShotSleepCount 0
04-27 13:36:25.444 D/MtkOmxVenc(  489): [0xe6f05400] AVC EncTime=8704 (us), RGB_2_YUV=0, FrameCount= 522, buf timestamp=0 (0) IsKey(0), Size(3859)  Slotbitcount(22045952) : in VA=0xE0D23000, offset=0x00000000, len=1382400, flags=0x00000010 : out VA=0xDF39F000, offset=0x00000000sec:0x0, 0x0, pending=1
04-27 13:36:25.444 W/TuningMgr(  491): TuningMgr[updateEngine] WARNING: [temp log] AF enable(0_0x100802e0_0x8001e0)
04-27 13:36:25.446 I/Camera  ( 1670): handleMessage: 16
04-27 13:36:25.446 I/MtkCam/PrvCB(  491): (2420)[onClientThreadLoop] mOneShotSleepCount 1
04-27 13:36:25.460 E/MtkPhoneIntfMgrEx( 1386): [notifyEPDGScreenState] state:2 ,phoneId: 0
04-27 13:36:25.462 D/MtkOmxVenc(  489): [0xe6f06000] AVC EncTime=14849 (us), RGB_2_YUV=8, FrameCount= 1125, buf timestamp=47881 (47881450) IsKey(0), Size(14)  Slotbitcount(628376) : in VA=0xE8E0B7A0, offset=0x00000000, len=12, flags=0x00000010 : out VA=0xE46E7000, offset=0x00000000sec:0x0, 0x0, pending=1
04-27 13:36:25.471 E/NfcService( 1618): screen state android.intent.action.SCREEN_ON
04-27 13:36:25.472 E/NfcService( 1618): screen state on
04-27 13:36:25.474 E/NfcService( 1618): screen state 8
04-27 13:36:25.474 E/NfcService( 1618): screen state mScreenState 8
04-27 13:36:25.475 E/BrcmNfcJni( 1618): nfcManager_doSetScreenOrPowerState: Enter
04-27 13:36:25.475 D/BrcmNfcJni( 1618): nfcManager_doSetScreenState: state = 8
04-27 13:36:25.475 D/BrcmNfcJni( 1618): transactionAttempt: Transaction attempted : setScreenState when barrier is: 1
04-27 13:36:25.475 D/BrcmNfcJni( 1618): transactionLiveLockable: Performing check for long duration transaction
04-27 13:36:25.475 D/BrcmNfcJni( 1618): transactionAttempt: Transaction granted : setScreenState 
04-27 13:36:25.475 D/BrcmNfcJni( 1618): transactionAttempt: Transaction granted : setScreenState and barrier is: 0
04-27 13:36:25.475 D/BrcmNfcJni( 1618): Screen state is not changed. 
04-27 13:36:25.475 D/BrcmNfcJni( 1618): transactionEnd: Transaction ended : setScreenState 
04-27 13:36:25.475 D/NfcService( 1618): applyRouting - enter force = false mScreenState = 8
04-27 13:36:25.476 E/NfcService( 1618): applyRouting -2
04-27 13:36:25.476 D/NfcService( 1618): applyRouting - enter force = false mScreenState = 8
04-27 13:36:25.477 D/NfcService( 1618): Discovery configuration equal, not updating.
04-27 13:36:25.478 E/DCWLog-ScreenLockDialog( 1670): 锁屏
04-27 13:36:25.479 D/MtkOmxVenc(  489): [0xe6f05400] AVC EncTime=15995 (us), RGB_2_YUV=0, FrameCount= 523, buf timestamp=0 (0) IsKey(0), Size(1565)  Slotbitcount(22058472) : in VA=0xE0A6F000, offset=0x00000000, len=1382400, flags=0x00000010 : out VA=0xDF09F000, offset=0x00000000sec:0x0, 0x0, pending=1
04-27 13:36:25.480 W/TwinMgr (  491): [TwinInfo_update] WARNING: [TwinInfo_update][0]no deque on AFO over 64 frames
04-27 13:36:25.481 D/NfcService( 1618): Discovery configuration equal, not updating.
04-27 13:36:25.481 W/MtkCam/BufferProvider_P(  491): [Hal:Image:yuvFD][dequeStreamBuffer] Cannot acquire from pool. Something wrong... SOS
04-27 13:36:25.483 I/MtkCam/PrvCB(  491): (2420)[onClientThreadLoop] mOneShotSleepCount 0
04-27 13:36:25.485 E/SurfaceFlinger(  385): getUniqueId not supported on VirtualDisplaySurface
04-27 13:36:25.487 W/TuningMgr(  491): TuningMgr[updateEngine] WARNING: [temp log] AF enable(0_0x100802e0_0x8001e0)
04-27 13:36:25.488 E/SurfaceFlinger(  385): getUniqueId not supported on VirtualDisplaySurface
04-27 13:36:25.489 I/MtkCam/PrvCB(  491): (2420)[onClientThreadLoop] mOneShotSleepCount 1
04-27 13:36:25.490 I/Camera  ( 1670): handleMessage: 16
04-27 13:36:25.490 D/WifiStateMachine(  881):  MtkL2ConnectedState { when=0 what=131167 target=com.android.internal.util.StateMachine$SmHandler } 0 0, mShouldDeferDisableWifi = false, mState = MONITORING
04-27 13:36:25.491 D/BufferQueueProducer(  489): [GraphicBufferSource](this:0xe6c62000,id:0,api:1,p:489,c:489) cancelBuffer: slot 1
04-27 13:36:25.492 I/MtkCam/Utils(  491): {CamProfile}[DisplayClient::dequePrvOps] dequeue_buffer > 30ms: (0-th) ===> (overtime > 30 ms) [start-->now: 36 ms]
04-27 13:36:25.493 D/WifiConnectivityManager(  881): handleScreenStateChanged: screenOn=false
04-27 13:36:25.493 D/MtkOmxVenc(  489): [0xe6f06000] AVC EncTime=10280 (us), RGB_2_YUV=3, FrameCount= 1126, buf timestamp=47914 (47914450) IsKey(0), Size(14)  Slotbitcount(628488) : in VA=0xE8E0B860, offset=0x00000000, len=12, flags=0x00000010 : out VA=0xE43E7000, offset=0x00000000sec:0x0, 0x0, pending=1
04-27 13:36:25.493 D/AudioSystem(  881): +setParameters(): screen_state=off 
04-27 13:36:25.494 D/WifiConnectivityManager(  881): startConnectivityScan: screenOn=false wifiState=connected scanImmediately=false wifiEnabled=true wifiConnectivityManagerEnabled=true
04-27 13:36:25.494 D/AudioALSAHardware(  363): +setParameters(): screen_state=off
04-27 13:36:25.495 D/AudioALSAStreamOut(  363): +setScreenState(), flag 6, mode 0
04-27 13:36:25.495 D/AudioALSAStreamOut(  363): +setScreenState(), flag 8, mode 0
04-27 13:36:25.495 D/AudioALSACaptureHandlerBase(  363): getCaptureHandlerType(), mCaptureHandlerType = 80
04-27 13:36:25.495 D/AudioALSAHardware(  363): -setParameters(): screen_state=off 
04-27 13:36:25.496 D/WifiStateMachine(  881):  MtkL2ConnectedState { when=-6ms what=131154 target=com.android.internal.util.StateMachine$SmHandler } 0 0, mShouldDeferDisableWifi = false, mState = MONITORING
04-27 13:36:25.496 D/WifiStateMachine(  881):  MtkL2ConnectedState { when=-5ms what=131158 arg1=1 arg2=1 target=com.android.internal.util.StateMachine$SmHandler } 1 1, mShouldDeferDisableWifi = false, mState = MONITORING
04-27 13:36:25.501 D/WifiController(  881): DeviceActiveState CMD_SCREEN_OFF{ when=0 what=155651 target=com.android.internal.util.StateMachine$SmHandler }
04-27 13:36:25.501 D/WifiController(  881): StaEnabledState CMD_SCREEN_OFF{ when=0 what=155651 target=com.android.internal.util.StateMachine$SmHandler }
04-27 13:36:25.501 D/WifiController(  881): DefaultState CMD_SCREEN_OFF{ when=0 what=155651 target=com.android.internal.util.StateMachine$SmHandler }
04-27 13:36:25.501 D/DataShapingService(  881): received broadcast, action is: android.intent.action.SCREEN_OFF
04-27 13:36:25.502 D/DataShapingService(  881): [handleMessage] msg_screen_state_changed
04-27 13:36:25.502 D/DataShapingUtils(  881): [isNetworkTypeLte] mCurrentNetworkType: 0
04-27 13:36:25.502 D/DataShapingUtils(  881): [isScreenOn] false
04-27 13:36:25.506 E/MtkPhoneIntfMgrEx( 1386): isSharedDefaultApn incorrect parameter [getMainPhoneId = 0, dataPhoneId = 2147483647]
04-27 13:36:25.506 E/MtkPhoneIntfMgrEx( 1386): isSharedDefaultApn: MainPhoneId and dataPhoneId aren't the same
04-27 13:36:25.507 E/MtkPhoneIntfMgrEx( 1386): isSharedDefaultApn: false
04-27 13:36:25.507 D/DataShapingUtils(  881): [isSharedDefaultApnEstablished]: false
04-27 13:36:25.507 I/WifiService(  881): getWifiApEnabledState uid=1000
04-27 13:36:25.507 D/DataShapingUtils(  881): [isWifiTetheringEnabled] isWifiApEnabled: false
04-27 13:36:25.507 D/DataShapingUtils(  881): [isAppIdleParoleOn] App Standby isn't enable
04-27 13:36:25.508 D/DataShapingUtils(  881): [getLteDataOnState] networkType = 1 networkSubType =  isMobile = false isLte = false isDataOn = true
04-27 13:36:25.508 D/DataShapingUtils(  881): [canTurnFromLockedToOpen] isNetworkTypeLte|false isScreenOn|false isSharedDefaultApnEstablised|false isUsbConnected|true isWifiTetheringEnabled|false isAppIdleParoleOn|false isDeviceIdleEnable|false isLteDataOn|false
04-27 13:36:25.508 D/DataShapingUtils(  881): [canTurnFromLockedToOpen]: false
04-27 13:36:25.508 D/GateOpenLockedState(  881): Still stay in Open Locked state!
04-27 13:36:25.507 I/WifiService(  881): getWifiApEnabledState uid=1000
04-27 13:36:25.508 E/MtkPhoneIntfMgrEx( 1386): [notifyEPDGScreenState] state:1 ,phoneId: 0
04-27 13:36:25.516 E/SurfaceFlinger(  385): getUniqueId not supported on VirtualDisplaySurface
04-27 13:36:25.516 D/MtkOmxVenc(  489): [0xe6f05400] AVC EncTime=15947 (us), RGB_2_YUV=0, FrameCount= 524, buf timestamp=0 (0) IsKey(0), Size(8928)  Slotbitcount(22129896) : in VA=0xE07BB000, offset=0x00000000, len=1382400, flags=0x00000010 : out VA=0xDED9F000, offset=0x00000000sec:0x0, 0x0, pending=1
04-27 13:36:25.519 E/SurfaceFlinger(  385): getUniqueId not supported on VirtualDisplaySurface
04-27 13:36:25.520 W/TwinMgr (  491): [TwinInfo_update] WARNING: [TwinInfo_update][0]no deque on AFO over 64 frames
04-27 13:36:25.522 I/MtkCam/PrvCB(  491): (2420)[onClientThreadLoop] mOneShotSleepCount 0
04-27 13:36:25.522 D/BufferQueueProducer(  489): [GraphicBufferSource](this:0xe6c62000,id:0,api:1,p:489,c:489) cancelBuffer: slot 0
04-27 13:36:25.523 W/MtkCam/BufferProvider_P(  491): [Hal:Image:yuvFD][dequeStreamBuffer] Cannot acquire from pool. Something wrong... SOS
04-27 13:36:25.524 W/TuningMgr(  491): TuningMgr[updateEngine] WARNING: [temp log] AF enable(0_0x100802e0_0x8001e0)
04-27 13:36:25.525 D/MtkOmxVenc(  489): [0xe6f06000] AVC EncTime=9955 (us), RGB_2_YUV=3, FrameCount= 1127, buf timestamp=47947 (47947450) IsKey(0), Size(14)  Slotbitcount(628600) : in VA=0xE8E0B8A0, offset=0x00000000, len=12, flags=0x00000010 : out VA=0xE58E7000, offset=0x00000000sec:0x0, 0x0, pending=1
04-27 13:36:25.527 I/MtkCam/PrvCB(  491): (2420)[onClientThreadLoop] mOneShotSleepCount 1
04-27 13:36:25.527 I/Camera  ( 1670): handleMessage: 16
04-27 13:36:25.530 E/NfcService( 1618): screen state android.intent.action.SCREEN_OFF
04-27 13:36:25.530 E/NfcService( 1618): screen state OFF required
04-27 13:36:25.532 E/NfcService( 1618): screen state 1
04-27 13:36:25.532 E/NfcService( 1618): screen state mScreenState 8
04-27 13:36:25.533 E/BrcmNfcJni( 1618): nfcManager_doSetScreenOrPowerState: Enter
04-27 13:36:25.533 D/BrcmNfcJni( 1618): nfcManager_doSetScreenState: state = 1
04-27 13:36:25.533 D/BrcmNfcJni( 1618): transactionAttempt: Transaction attempted : setScreenState when barrier is: 1
04-27 13:36:25.533 D/BrcmNfcJni( 1618): transactionLiveLockable: Performing check for long duration transaction
04-27 13:36:25.533 D/BrcmNfcJni( 1618): transactionAttempt: Transaction granted : setScreenState 
04-27 13:36:25.533 D/BrcmNfcJni( 1618): transactionAttempt: Transaction granted : setScreenState and barrier is: 0
04-27 13:36:25.533 D/BrcmNfcJni( 1618): acquireRfInterfaceMutexLock: try to acquire lock
04-27 13:36:25.533 D/BrcmNfcJni( 1618): acquireRfInterfaceMutexLock: sRfInterfaceMutex lock
04-27 13:36:25.533 D/BrcmNfcJni( 1618): startRfDiscovery: is start=0
04-27 13:36:25.533 I/BrcmNfcNfa( 1618): NFA_StopRfDiscovery ()
04-27 13:36:25.533 I/BrcmNfcNfa( 1618): NFA got event 0x0110
04-27 13:36:25.533 I/BrcmNfcNfa( 1618): nfa_dm_evt_hdlr event: NFA_DM_API_STOP_RF_DISCOVERY_EVT (0x10)
04-27 13:36:25.533 I/BrcmNfcNfa( 1618): nfa_dm_act_stop_rf_discovery ()
04-27 13:36:25.533 I/BrcmNfcNfa( 1618): nfa_dm_rf_deactivate () deactivate_type:0x0
04-27 13:36:25.533 I/BrcmNfcNfa( 1618): nfa_dm_disc_sm_execute (): state: DISCOVERY (1), event: DEACTIVATE_CMD(6) disc_flags: 0x2
04-27 13:36:25.533 I/BrcmNfcNfa( 1618): NFC_Deactivate 4 (IDLE) deactivate_type:0
04-27 13:36:25.533 I/BrcmNfcNfa( 1618): nfc_ncif_send_cmd()
04-27 13:36:25.533 I/BrcmNfcNfa( 1618): nfc_ncif_check_cmd_queue : Writing to HAL...
04-27 13:36:25.533 I/BrcmNfcNfa( 1618): nfc_ncif_check_cmd_queue : cmd_size:1
04-27 13:36:25.533 D/NfcAdaptation( 1618): NfcAdaptation::HalWrite
04-27 13:36:25.534 E/NfcService( 1618): applyRouting -2
04-27 13:36:25.534 D/NxpExtns(  381): find found MIFARE_READER_ENABLE=(0x1)
04-27 13:36:25.534 D/NxpTml  (  381): PN54X - Write requested.....
04-27 13:36:25.534 D/NxpTml  (  381): PN54X - Invoking I2C Write.....
04-27 13:36:25.534 D/NfcService( 1618): applyRouting - enter force = false mScreenState = 1
04-27 13:36:25.535 E/NxpTml  (  381): _i2c_write() errno : 5
04-27 13:36:25.535 E/NxpHal  (  381): PN54X - Error in I2C Write  - Retry 0x1
04-27 13:36:25.535 D/NxpTml  (  381): PN54X - Invoking I2C Write.....
04-27 13:36:25.535 D/BrcmNfcJni( 1618): nfcManager_disableDiscovery: enter;
04-27 13:36:25.535 D/BrcmNfcJni( 1618): transactionAttempt: Transaction attempted : disableDiscovery when barrier is: 0
04-27 13:36:25.535 D/BrcmNfcJni( 1618): transactionAttempt: Transaction denied : disableDiscovery 
04-27 13:36:25.535 D/BrcmNfcJni( 1618): Transaction in progress, Store the request
04-27 13:36:25.536 E/NxpTml  (  381): _i2c_write() errno : 5
04-27 13:36:25.536 E/NxpHal  (  381): PN54X - Error in I2C Write  - Retry 0x2
04-27 13:36:25.536 D/NxpTml  (  381): PN54X - Invoking I2C Write.....
04-27 13:36:25.539 E/NxpTml  (  381): _i2c_write() errno : 5
04-27 13:36:25.540 I/VDO_LOG (  489): [tid: 2435]IDR id = 0
04-27 13:36:25.540 E/NxpHal  (  381): PN54X - Error in I2C Write  - Retry 0x3
04-27 13:36:25.541 D/NxpTml  (  381): PN54X - Invoking I2C Write.....
04-27 13:36:25.541 D/NxpNciX (  381): len =   4 => 21060100
04-27 13:36:25.541 D/NxpTml  (  381): PN54X - I2C Write successful.....
04-27 13:36:25.541 D/NxpTml  (  381): PN54X - Posting Fresh Write message.....
04-27 13:36:25.541 D/NxpTml  (  381): PN54X - Tml Writer Thread Running................
04-27 13:36:25.541 D/NxpHal  (  381): write successful status = 0x0
04-27 13:36:25.542 I/BrcmNfcNfa( 1618): nfa_dm_disc_sm_execute (): new state: DISCOVERY (1), disc_flags: 0x22
04-27 13:36:25.542 I/BrcmNfcNfa( 1618): nfa_sys_ptim_stop_timer 32c33660
04-27 13:36:25.542 I/BrcmNfcNfa( 1618): ptim timer stop
04-27 13:36:25.542 I/BrcmNfcNfa( 1618): Stopped presence check timer (if started)
04-27 13:36:25.545 D/NxpTml  (  381): PN54X - I2C Read successful.....len = 4
04-27 13:36:25.545 D/NxpTml  (  381): PN54X - Posting read message.....
04-27 13:36:25.545 D/NxpNciR (  381): len =   4 <= 41060100
04-27 13:36:25.545 D/NxpHal  (  381): read successful status = 0x0
04-27 13:36:25.546 I/BrcmNfcNfa( 1618): NFC received rsp gid:1
04-27 13:36:25.546 I/BrcmNfcNfa( 1618): P2P_Prio_Logic
04-27 13:36:25.546 I/BrcmNfcNfa( 1618): nfa_dm_p2p_prio_logic event_type = 0x1
04-27 13:36:25.546 I/BrcmNfcNfa( 1618): returning true
04-27 13:36:25.546 I/BrcmNfcNfa( 1618): nfc_set_state 4 (IDLE)->4 (IDLE)
04-27 13:36:25.546 D/NxpTml  (  381): PN54X - Read requested.....
04-27 13:36:25.546 I/BrcmNfcNfa( 1618): nfa_dm_disc_data_cback ()
04-27 13:36:25.546 D/NxpTml  (  381): PN54X - Invoking I2C Read.....
04-27 13:36:25.546 I/BrcmNfcNfa( 1618): nfa_dm_disc_discovery_cback (): event:0x4005
04-27 13:36:25.546 I/BrcmNfcNfa( 1618): nfa_dm_disc_sm_execute (): state: DISCOVERY (1), event: DEACTIVATE_RSP(7) disc_flags: 0x22
04-27 13:36:25.546 I/BrcmNfcNfa( 1618): nfa_dm_disc_new_state (): old_state: DISCOVERY (1), new_state: IDLE (0) disc_flags: 0x2
04-27 13:36:25.546 D/BrcmNfcJni( 1618): nfaConnectionCallback: Connection Event = 31
04-27 13:36:25.546 D/BrcmNfcJni( 1618): nfaConnectionCallback: NFA_RF_DISCOVERY_STOPPED_EVT: status = 0x0
04-27 13:36:25.546 D/BrcmNfcJni( 1618): notifyPollingEventwhileNfcOff: sDiscCmdwhleNfcOff=0
04-27 13:36:25.546 D/BrcmNfcJni( 1618): getReconnectState = 0x0
04-27 13:36:25.546 I/BrcmNfcNfa( 1618): nfa_dm_start_rf_discover (): enter
04-27 13:36:25.546 I/BrcmNfcNfa( 1618): nfa_dm_start_rf_discover (): return
04-27 13:36:25.546 D/BrcmNfcJni( 1618): startRfDiscovery: is exit=0
04-27 13:36:25.546 I/BrcmNfcNfa( 1618): nfa_dm_disc_sm_execute (): new state: IDLE (0), disc_flags: 0x0
04-27 13:36:25.546 I/BrcmNfcNfa( 1618): NFA_DisablePolling ()
04-27 13:36:25.546 I/BrcmNfcNfa( 1618): NFA got event 0x0107
04-27 13:36:25.546 I/BrcmNfcNfa( 1618): nfa_dm_evt_hdlr event: NFA_DM_API_DISABLE_POLLING_EVT (0x07)
04-27 13:36:25.546 I/BrcmNfcNfa( 1618): nfa_dm_act_disable_polling ()
04-27 13:36:25.547 I/BrcmNfcNfa( 1618): nfa_dm_deactivate_polling ()
04-27 13:36:25.547 I/BrcmNfcNfa( 1618): nfa_dm_delete_rf_discover () handle=0x1
04-27 13:36:25.547 D/BrcmNfcJni( 1618): nfaConnectionCallback: Connection Event = 1
04-27 13:36:25.547 D/BrcmNfcJni( 1618): nfaConnectionCallback: NFA_POLL_DISABLED_EVT: status = 0x0
04-27 13:36:25.547 D/BrcmNfcJni( 1618): SetScreenState: enter
04-27 13:36:25.547 D/BrcmNfcJni( 1618): Set Screen OFF
04-27 13:36:25.547 D/BrcmNfcJni( 1618): SetScreenState: Success NFA_SendNxpNciCommand
04-27 13:36:25.547 I/BrcmNfcNfa( 1618): NFA got event 0x011B
04-27 13:36:25.547 I/BrcmNfcNfa( 1618): nfa_dm_evt_hdlr event: Unknown or Vendor Specific (0x1b)
04-27 13:36:25.547 I/BrcmNfcNfa( 1618): nfc_ncif_check_cmd_queue : Writing to HAL...
04-27 13:36:25.547 I/BrcmNfcNfa( 1618): nfc_ncif_check_cmd_queue : cmd_size:1
04-27 13:36:25.547 D/NfcAdaptation( 1618): NfcAdaptation::HalWrite
04-27 13:36:25.547 D/NxpExtns(  381): find found MIFARE_READER_ENABLE=(0x1)
04-27 13:36:25.547 D/NxpTml  (  381): PN54X - Write requested.....
04-27 13:36:25.547 D/NxpTml  (  381): PN54X - Invoking I2C Write.....
04-27 13:36:25.548 D/NxpNciX (  381): len =   4 => 2F150101
04-27 13:36:25.548 D/NxpTml  (  381): PN54X - I2C Write successful.....
04-27 13:36:25.548 D/NxpTml  (  381): PN54X - Posting Fresh Write message.....
04-27 13:36:25.548 D/NxpTml  (  381): PN54X - Tml Writer Thread Running................
04-27 13:36:25.548 D/NxpHal  (  381): write successful status = 0x0
04-27 13:36:25.549 D/NxpTml  (  381): PN54X - I2C Read successful.....len = 4
04-27 13:36:25.549 D/NxpTml  (  381): PN54X - Posting read message.....
04-27 13:36:25.549 D/NxpNciR (  381): len =   4 <= 4F150100
04-27 13:36:25.549 D/NxpHal  (  381): read successful status = 0x0
04-27 13:36:25.550 I/BrcmNfcNfa( 1618): nfc_ncif_proc_proprietary_rsp: mt=2, gid=15, oid=21
04-27 13:36:25.550 I/BrcmNfcNfa( 1618): nfc_ncif_proc_proprietary_rsp: exit status=1
04-27 13:36:25.550 D/NxpTml  (  381): PN54X - Read requested.....
04-27 13:36:25.550 D/NxpTml  (  381): PN54X - Invoking I2C Read.....
04-27 13:36:25.550 D/BrcmNfcJni( 1618): NxpResponse_SetDhlf_Cb Received length data = 0x4 status = 0x0
04-27 13:36:25.550 D/BrcmNfcJni( 1618): StoreScreenState: enter
04-27 13:36:25.550 I/BrcmNfcNfa( 1618): nfc_ncif_storeScreenState gScreenState : 1
04-27 13:36:25.550 D/BrcmNfcJni( 1618): StoreScreenState: exit
04-27 13:36:25.550 D/BrcmNfcJni( 1618): nfcManager_doSetScreenState: auto_num : 0  sAutonomousSet : 0  sRfFieldOff : 1
04-27 13:36:25.551 D/BrcmNfcJni( 1618): Not sending AUTONOMOUS command state is 1
04-27 13:36:25.551 D/BrcmNfcJni( 1618): startRfDiscovery: is start=1
04-27 13:36:25.551 I/BrcmNfcNfa( 1618): NFA_StartRfDiscovery ()
04-27 13:36:25.551 I/BrcmNfcNfa( 1618): NFA got event 0x010F
04-27 13:36:25.551 I/BrcmNfcNfa( 1618): nfa_dm_evt_hdlr event: NFA_DM_API_START_RF_DISCOVERY_EVT (0x0f)
04-27 13:36:25.551 I/BrcmNfcNfa( 1618): nfa_dm_act_start_rf_discovery ()
04-27 13:36:25.551 I/BrcmNfcNfa( 1618): nfa_dm_start_rf_discover (): enter
04-27 13:36:25.551 I/BrcmNfcNfa( 1618): nfa_ee_get_tech_route(): power state : 1
04-27 13:36:25.551 I/BrcmNfcNfa( 1618): TechA route: 0x0, TechB route: 0x0, TechF route: 0x0, TechB' route: 0x0
04-27 13:36:25.551 I/BrcmNfcNfa( 1618): requested_disc_mask = 0x140000, xx=0
04-27 13:36:25.551 I/BrcmNfcNfa( 1618): poll_mask=0x0 listen_mask=0x0
04-27 13:36:25.551 I/BrcmNfcNfa( 1618): listen_mask value after NFC-A = 0x40000
04-27 13:36:25.551 I/BrcmNfcNfa( 1618): listen_mask value after NFC-B = 0x140000
04-27 13:36:25.551 I/BrcmNfcNfa( 1618): listen_mask value after NFC-F = 0x140000
04-27 13:36:25.551 I/BrcmNfcNfa( 1618): listen_mask value after NFC-B Prime = 0x140000
04-27 13:36:25.551 I/BrcmNfcNfa( 1618): dm_disc_mask = 0x0
04-27 13:36:25.551 I/BrcmNfcNfa( 1618): listen_mask value after T1T and T2T = 0x140000
04-27 13:36:25.551 I/BrcmNfcNfa( 1618): listen_mask value after NFC-DEP = 0x140000
04-27 13:36:25.551 I/BrcmNfcNfa( 1618): nfa_dm_cb.disc_cb.entry[0].selected_disc_mask = 0x140000
04-27 13:36:25.551 I/BrcmNfcNfa( 1618): selected dm_disc_mask 0x140000 for entry[0]
04-27 13:36:25.551 I/BrcmNfcNfa( 1618): requested_disc_mask = 0xc480000, xx=2
04-27 13:36:25.551 I/BrcmNfcNfa( 1618): poll_mask=0x0 listen_mask=0x0
04-27 13:36:25.551 I/BrcmNfcNfa( 1618): listen_mask value after NFC-A = 0x4080000
04-27 13:36:25.551 I/BrcmNfcNfa( 1618): listen_mask value after NFC-B = 0x4080000
04-27 13:36:25.551 I/BrcmNfcNfa( 1618): listen_mask value after NFC-F = 0xc480000
04-27 13:36:25.551 I/BrcmNfcNfa( 1618): listen_mask value after NFC-B Prime = 0xc480000
04-27 13:36:25.551 I/BrcmNfcNfa( 1618): dm_disc_mask = 0x140000
04-27 13:36:25.551 I/BrcmNfcNfa( 1618): listen_mask value after T1T and T2T = 0xc480000
04-27 13:36:25.551 I/BrcmNfcNfa( 1618): listen_mask value after NFC-DEP = 0xc480000
04-27 13:36:25.552 I/BrcmNfcNfa( 1618): nfa_dm_cb.disc_cb.entry[2].selected_disc_mask = 0xc480000
04-27 13:36:25.552 I/BrcmNfcNfa( 1618): selected dm_disc_mask 0xC5C0000 for entry[2]
04-27 13:36:25.552 I/BrcmNfcNfa( 1618): dm_disc_mask calculated finally for discovery: 0xC5C0000
04-27 13:36:25.552 D/NfcAdaptation( 1618): find found NXP_FWD_FUNCTIONALITY_ENABLE=(0x1)
04-27 13:36:25.552 D/NfcAdaptation( 1618): find found HOST_LISTEN_TECH_MASK=(0x7)
04-27 13:36:25.552 I/BrcmNfcNfa( 1618): nfa_dm_start_rf_discover:HOST_LISTEN_TECH_MASK = 0x07;
04-27 13:36:25.552 D/NfcAdaptation( 1618): find found UICC_LISTEN_TECH_MASK=(0x7)
04-27 13:36:25.552 I/BrcmNfcNfa( 1618): nfa_dm_start_rf_discover:UICC_LISTEN_TECH_MASK = 0x07;
04-27 13:36:25.552 D/NfcAdaptation( 1618): find found P2P_LISTEN_TECH_MASK=(0xC5)
04-27 13:36:25.552 I/BrcmNfcNfa( 1618): nfa_dm_start_rf_discover:P2P_LISTEN_TECH_MASK = 0x0C5;
04-27 13:36:25.552 I/BrcmNfcNfa( 1618): nfa_ee_find_ecb ()
04-27 13:36:25.552 I/BrcmNfcNfa( 1618): supported tech list is 0x00 for given nfcee_id: 0x2 
04-27 13:36:25.552 I/BrcmNfcNfa( 1618): nfa_p2p_set_config ()
04-27 13:36:25.552 I/BrcmNfcNfa( 1618): LLCP_GetDiscoveryConfig ()
04-27 13:36:25.552 I/BrcmNfcNfa( 1618): nfa_dm_check_set_config () tlv_len=25
04-27 13:36:25.552 I/BrcmNfcNfa( 1618): dm_disc_mask before masking = 0xc5c0000
04-27 13:36:25.552 I/BrcmNfcNfa( 1618): dm_disc_mask after masking = 0xc5c0000
04-27 13:36:25.552 I/BrcmNfcNfa( 1618): nfa_dm_get_rf_discover_config : dm_disc_mask = 0x0C5C0000
04-27 13:36:25.552 I/BrcmNfcNfa( 1618): nfa_dm_set_listen_mode_set_configs : tech_proto_mask = 0x0C5C0000
04-27 13:36:25.552 D/NfcAdaptation( 1618): find found HOST_LISTEN_TECH_MASK=(0x7)
04-27 13:36:25.552 I/BrcmNfcNfa( 1618): nfa_dm_set_listen_mode_set_configs : HOST_LISTEN_TECH_MASK = 0x07;
04-27 13:36:25.552 I/BrcmNfcNfa( 1618): nfa_dm_set_listen_mode_set_configs : gLastSak = 0x20;
04-27 13:36:25.552 I/BrcmNfcNfa( 1618): nfa_dm_set_listen_mode_set_configs : LA_SEL_INFO = 0x60;
04-27 13:36:25.552 I/BrcmNfcNfa( 1618): nfa_dm_set_listen_mode_set_configs : LB_SENSB_INFO = 0x1;
04-27 13:36:25.552 I/BrcmNfcNfa( 1618): nfa_dm_set_listen_mode_set_configs : LF_PROTOCOL_TYPE = 0x2;
04-27 13:36:25.552 I/BrcmNfcNfa( 1618): nfa_dm_check_set_config () tlv_len=9
04-27 13:36:25.553 I/BrcmNfcNfa( 1618): nfa_dm_check_set_config () updated_len=6
04-27 13:36:25.553 I/BrcmNfcNfa( 1618): nfc_ncif_send_cmd()
04-27 13:36:25.553 I/BrcmNfcNfa( 1618): nfc_ncif_check_cmd_queue : Writing to HAL...
04-27 13:36:25.553 I/BrcmNfcNfa( 1618): nfc_ncif_check_cmd_queue : cmd_size:7
04-27 13:36:25.553 D/NfcAdaptation( 1618): NfcAdaptation::HalWrite
04-27 13:36:25.553 D/NxpExtns(  381): find found MIFARE_READER_ENABLE=(0x1)
04-27 13:36:25.553 D/MtkOmxVenc(  489): [0xe6f05400] AVC EncTime=13527 (us), RGB_2_YUV=0, FrameCount= 525, buf timestamp=0 (0) IsKey(1), Size(33838)  Slotbitcount(22400600) : in VA=0xE0507000, offset=0x00000000, len=1382400, flags=0x00000010 : out VA=0xDEA9F000, offset=0x00000000sec:0x0, 0x0, pending=1
04-27 13:36:25.554 D/NxpTml  (  381): PN54X - Write requested.....
04-27 13:36:25.554 D/NxpTml  (  381): PN54X - Invoking I2C Write.....
04-27 13:36:25.554 D/NxpNciX (  381): len =  10 => 20020702320160380101
04-27 13:36:25.554 D/NxpTml  (  381): PN54X - I2C Write successful.....
04-27 13:36:25.554 D/NxpTml  (  381): PN54X - Posting Fresh Write message.....
04-27 13:36:25.554 D/NxpTml  (  381): PN54X - Tml Writer Thread Running................
04-27 13:36:25.554 D/NxpHal  (  381): write successful status = 0x0
04-27 13:36:25.555 I/BrcmNfcNfa( 1618): nfa_dm_set_total_duration ()
04-27 13:36:25.555 I/BrcmNfcNfa( 1618): nfa_dm_check_set_config () tlv_len=4
04-27 13:36:25.555 I/BrcmNfcNfa( 1618): NFC_DiscoveryStart
04-27 13:36:25.555 I/BrcmNfcNfa( 1618): NFC_DiscoveryStart status: 0xe3
04-27 13:36:25.555 D/NxpTml  (  381): PN54X - I2C Read successful.....len = 5
04-27 13:36:25.555 D/NxpTml  (  381): PN54X - Posting read message.....
04-27 13:36:25.555 D/NxpNciR (  381): len =   5 <= 4002020000
04-27 13:36:25.555 D/NxpHal  (  381): read successful status = 0x0
04-27 13:36:25.555 D/NxpHal  (  381): phNxpNciHal_print_res_status: response status =STATUS_OK
04-27 13:36:25.556 I/BrcmNfcNfa( 1618): NFC received rsp gid:0
04-27 13:36:25.556 I/BrcmNfcNfa( 1618): nci_proc_core_rsp opcode:0x2
04-27 13:36:25.556 I/BrcmNfcNfa( 1618): nfa_dm_nfc_response_cback () NFC_SET_CONFIG_REVT(0x5002)
04-27 13:36:25.556 D/NxpTml  (  381): PN54X - Read requested.....
04-27 13:36:25.556 D/NxpTml  (  381): PN54X - Invoking I2C Read.....
04-27 13:36:25.556 D/NfcAdaptation( 1618): NfcAdaptation::HalPrediscover
04-27 13:36:25.556 I/BrcmNfcNfa( 1618): nfc_ncif_send_cmd()
04-27 13:36:25.556 I/BrcmNfcNfa( 1618): nfc_ncif_check_cmd_queue : Writing to HAL...
04-27 13:36:25.556 I/BrcmNfcNfa( 1618): nfc_ncif_check_cmd_queue : cmd_size:11
04-27 13:36:25.556 D/NfcAdaptation( 1618): NfcAdaptation::HalWrite
04-27 13:36:25.557 D/NxpExtns(  381): find found MIFARE_READER_ENABLE=(0x1)
04-27 13:36:25.557 D/NxpHal  (  381): > Polling Loop Started
