04-27 15:18:55.516  1617  2329 I GB28181 : 带宽值(TIAS-bps，AS-kbps):= 0 
04-27 15:18:55.516  1617  2329 I GB28181 : desc:= -952082112 
04-27 15:18:55.516  1617  2329 I GB28181 : -----------------------------------------------------------------
04-27 15:18:55.516  1617  2329 I GB28181 : ---------------------------视频SDP描述信息解析结果----------------
04-27 15:18:55.516  1617  2329 I GB28181 : 有效标识is_valid:= 1 
04-27 15:18:55.516  1617  2329 I GB28181 : mtype:= 2 
04-27 15:18:55.516  1617  2329 I GB28181 : sendrecv:= 2 
04-27 15:18:55.516  1617  2329 I GB28181 : rtp_tcp:= 0 
04-27 15:18:55.516  1617  2329 I GB28181 : resv:= 0 
04-27 15:18:55.516  1617  2329 I GB28181 : payload type:= 97 
04-27 15:18:55.516  1617  2329 I GB28181 : rtp udp port:= 0 
04-27 15:18:55.516  1617  2329 I GB28181 : rtpmap:= 97 MPEG4/90000 
04-27 15:18:55.516  1617  2329 I GB28181 : H264 PCMA PS G729A :encoder:= MPEG4 
04-27 15:18:55.516  1617  2329 I GB28181 : 采样频率:= 90000 
04-27 15:18:55.516  1617  2329 I GB28181 : 通道数(视频没有, 音频可能有, 默认是1):= 1 
04-27 15:18:55.516  1617  2329 I GB28181 : 音频ptime(多少ms一个包):= 0 
04-27 15:18:55.516  1617  2329 I GB28181 : 带宽值(TIAS-bps，AS-kbps):= 0 
04-27 15:18:55.516  1617  2329 I GB28181 : desc:= -952081740 
04-27 15:18:55.517  1617  2329 I GB28181 : -----------------------------------------------------------------
04-27 15:18:55.517  1617  2329 I GB28181 : ---------------------------视频SDP描述信息解析结果----------------
04-27 15:18:55.517  1617  2329 I GB28181 : 有效标识is_valid:= 1 
04-27 15:18:55.517  1617  2329 I GB28181 : mtype:= 2 
04-27 15:18:55.517  1617  2329 I GB28181 : sendrecv:= 2 
04-27 15:18:55.517  1617  2329 I GB28181 : rtp_tcp:= 0 
04-27 15:18:55.517  1617  2329 I GB28181 : resv:= 0 
04-27 15:18:55.517  1617  2329 I GB28181 : payload type:= 98 
04-27 15:18:55.517  1617  2329 I GB28181 : rtp udp port:= 0 
04-27 15:18:55.517  1617  2329 I GB28181 : rtpmap:= 98 H264/90000 
04-27 15:18:55.517  1617  2329 I GB28181 : H264 PCMA PS G729A :encoder:= H264 
04-27 15:18:55.517  1617  2329 I GB28181 : 采样频率:= 90000 
04-27 15:18:55.517  1617  2329 I GB28181 : 通道数(视频没有, 音频可能有, 默认是1):= 1 
04-27 15:18:55.517  1617  2329 I GB28181 : 音频ptime(多少ms一个包):= 1936876912 
04-27 15:18:55.517  1617  2329 I GB28181 : 带宽值(TIAS-bps，AS-kbps):= 779383657 
04-27 15:18:55.517  1617  2329 I GB28181 : desc:= -952081368 
04-27 15:18:55.518  1617  2329 I GB28181 : -----------------------------------------------------------------
04-27 15:18:55.518  1617  2329 I GB28181 : ---------------------------视频SDP描述信息解析结果----------------
04-27 15:18:55.518  1617  2329 I GB28181 : 有效标识is_valid:= 1 
04-27 15:18:55.518  1617  2329 I GB28181 : mtype:= 2 
04-27 15:18:55.518  1617  2329 I GB28181 : sendrecv:= 2 
04-27 15:18:55.518  1617  2329 I GB28181 : rtp_tcp:= 0 
04-27 15:18:55.518  1617  2329 I GB28181 : resv:= 0 
04-27 15:18:55.518  1617  2329 I GB28181 : payload type:= 99 
04-27 15:18:55.518  1617  2329 I GB28181 : rtp udp port:= 0 
04-27 15:18:55.518  1617  2329 I GB28181 : rtpmap:= 99 H265/90000 
04-27 15:18:55.518  1617  2329 I GB28181 : H264 PCMA PS G729A :encoder:= H265 
04-27 15:18:55.518  1617  2329 I GB28181 : 采样频率:= 90000 
04-27 15:18:55.518  1617  2329 I GB28181 : 通道数(视频没有, 音频可能有, 默认是1):= 1 
04-27 15:18:55.518  1617  2329 I GB28181 : 音频ptime(多少ms一个包):= -953150737 
04-27 15:18:55.518  1617  2329 I GB28181 : 带宽值(TIAS-bps，AS-kbps):= 0 
04-27 15:18:55.518  1617  2329 I GB28181 : desc:= -952080996 
04-27 15:18:55.518  1617  2329 I GB28181 : -----------------------------------------------------------------
04-27 15:18:55.519  1617  2329 I GB28181 : ---------------------------视频SDP描述信息解析结果----------------
04-27 15:18:55.519  1617  2329 I GB28181 : 有效标识is_valid:= 0 
04-27 15:18:55.519  1617  2329 I GB28181 : mtype:= 0 
04-27 15:18:55.519  1617  2329 I GB28181 : sendrecv:= 0 
04-27 15:18:55.519  1617  2329 I GB28181 : rtp_tcp:= 0 
04-27 15:18:55.519  1617  2329 I GB28181 : resv:= 0 
04-27 15:18:55.519  1617  2329 I GB28181 : payload type:= 0 
04-27 15:18:55.519  1617  2329 I GB28181 : rtp udp port:= 0 
04-27 15:18:55.519  1617  2329 I GB28181 : rtpmap:=  
04-27 15:18:55.519  1617  2329 I GB28181 : H264 PCMA PS G729A :encoder:=  
04-27 15:18:55.519  1617  2329 I GB28181 : 采样频率:= 0 
04-27 15:18:55.519  1617  2329 I GB28181 : 通道数(视频没有, 音频可能有, 默认是1):= 0 
04-27 15:18:55.519  1617  2329 I GB28181 : 音频ptime(多少ms一个包):= 0 
04-27 15:18:55.519  1617  2329 I GB28181 : 带宽值(TIAS-bps，AS-kbps):= 0 
04-27 15:18:55.519  1617  2329 I GB28181 : desc:= -952080624 
04-27 15:18:55.519  1617  2329 I GB28181 : -----------------------------------------------------------------
04-27 15:18:55.519  1617  2329 I GB28181 : ---------------------------视频SDP描述信息解析结果----------------
04-27 15:18:55.519  1617  2329 I GB28181 : 有效标识is_valid:= 0 
04-27 15:18:55.519  1617  2329 I GB28181 : mtype:= 0 
04-27 15:18:55.520  1617  2329 I GB28181 : sendrecv:= 0 
04-27 15:18:55.520  1617  2329 I GB28181 : rtp_tcp:= 0 
04-27 15:18:55.520  1617  2329 I GB28181 : resv:= 0 
04-27 15:18:55.520  1617  2329 I GB28181 : payload type:= 0 
04-27 15:18:55.520  1617  2329 I GB28181 : rtp udp port:= 0 
04-27 15:18:55.520  1617  2329 I GB28181 : rtpmap:=  
04-27 15:18:55.520  1617  2329 I GB28181 : H264 PCMA PS G729A :encoder:=  
04-27 15:18:55.520  1617  2329 I GB28181 : 采样频率:= 0 
04-27 15:18:55.520  1617  2329 I GB28181 : 通道数(视频没有, 音频可能有, 默认是1):= 0 
04-27 15:18:55.520  1617  2329 I GB28181 : 音频ptime(多少ms一个包):= 0 
04-27 15:18:55.520  1617  2329 I GB28181 : 带宽值(TIAS-bps，AS-kbps):= 0 
04-27 15:18:55.520  1617  2329 I GB28181 : desc:= -952080252 
04-27 15:18:55.520  1617  2329 I GB28181 : -----------------------------------------------------------------
04-27 15:18:55.520  1617  2329 I GB28181 : ---------------------------视频SDP描述信息解析结果----------------
04-27 15:18:55.520  1617  2329 I GB28181 : 有效标识is_valid:= 0 
04-27 15:18:55.520  1617  2329 I GB28181 : mtype:= 0 
04-27 15:18:55.520  1617  2329 I GB28181 : sendrecv:= 0 
04-27 15:18:55.520  1617  2329 I GB28181 : rtp_tcp:= 0 
04-27 15:18:55.520  1617  2329 I GB28181 : resv:= 0 
04-27 15:18:55.520  1617  2329 I GB28181 : payload type:= 0 
04-27 15:18:55.521  1617  2329 I GB28181 : rtp udp port:= 0 
04-27 15:18:55.521  1617  2329 I GB28181 : rtpmap:=  
04-27 15:18:55.521  1617  2329 I GB28181 : H264 PCMA PS G729A :encoder:=  
04-27 15:18:55.521  1617  2329 I GB28181 : 采样频率:= 0 
04-27 15:18:55.521  1617  2329 I GB28181 : 通道数(视频没有, 音频可能有, 默认是1):= 0 
04-27 15:18:55.521  1617  2329 I GB28181 : 音频ptime(多少ms一个包):= 0 
04-27 15:18:55.521  1617  2329 I GB28181 : 带宽值(TIAS-bps，AS-kbps):= 0 
04-27 15:18:55.521  1617  2329 I GB28181 : desc:= -952079880 
04-27 15:18:55.521  1617  2329 I GB28181 : -----------------------------------------------------------------
04-27 15:18:55.521  1617  2329 I GB28181 : ---------------------------视频SDP描述信息解析结果----------------
04-27 15:18:55.521  1617  2329 I GB28181 : 有效标识is_valid:= 0 
04-27 15:18:55.521  1617  2329 I GB28181 : mtype:= 0 
04-27 15:18:55.521  1617  2329 I GB28181 : sendrecv:= 0 
04-27 15:18:55.521  1617  2329 I GB28181 : rtp_tcp:= 0 
04-27 15:18:55.521  1617  2329 I GB28181 : resv:= 0 
04-27 15:18:55.521  1617  2329 I GB28181 : payload type:= 0 
04-27 15:18:55.521  1617  2329 I GB28181 : rtp udp port:= 0 
04-27 15:18:55.521  1617  2329 I GB28181 : rtpmap:=  
04-27 15:18:55.522  1617  2329 I GB28181 : H264 PCMA PS G729A :encoder:=  
04-27 15:18:55.522  1617  2329 I GB28181 : 采样频率:= 0 
04-27 15:18:55.522  1617  2329 I GB28181 : 通道数(视频没有, 音频可能有, 默认是1):= 0 
04-27 15:18:55.522  1617  2329 I GB28181 : 音频ptime(多少ms一个包):= 0 
04-27 15:18:55.522  1617  2329 I GB28181 : 带宽值(TIAS-bps，AS-kbps):= 0 
04-27 15:18:55.522  1617  2329 I GB28181 : desc:= -952079508 
04-27 15:18:55.522  1617  2329 I GB28181 : -----------------------------------------------------------------
04-27 15:18:55.522  1617  2329 I GB28181 : 相同音频能力个数:= 0 
04-27 15:18:55.522  1617  2329 I GB28181 : 相同音频能力:= 0 
04-27 15:18:55.522  1617  2329 I GB28181 : 相同音频能力:= 0 
04-27 15:18:55.522  1617  2329 I GB28181 : 相同视频能力个数:= 1 
04-27 15:18:55.522  1617  2329 I GB28181 : 相同视频能力:= 96 
04-27 15:18:55.522  1617  2329 I GB28181 : 相同视频能力:= 0 
04-27 15:18:55.523  1617  2329 I GB28181 : 相同视频能力:= 0 
04-27 15:18:55.523  1617  2329 I GB28181 : 最近发送的呼叫包:= SIP/2.0 200 OK
04-27 15:18:55.523  1617  2329 I GB28181 : Via: SIP/2.0/TCP 192.168.0.40:8160;branch=z9hG4bK8515228893;rport;rport=8160;received=192.168.0.40
04-27 15:18:55.523  1617  2329 I GB28181 : From: <sip:35020000002000000001@3502000000>;tag=5d9da70eab7d479e9c2f726b6456817a
04-27 15:18:55.523  1617  2329 I GB28181 : To: <sip:35020000201311005331@172.18.0.1:37992>;tag=11ad3d065970f5e3;tag=1006357349
04-27 15:18:55.523  1617  2329 I GB28181 : Contact: <sip:35020000201311005331@172.18.0.1:37992>
04-27 15:18:55.523  1617  2329 I GB28181 : Call-ID: 8a64b3d996aaf69395cf84867c305316@0.0.0.0
04-27 15:18:55.523  1617  2329 I GB28181 : CSeq: 201 INVITE
04-27 15:18:55.523  1617  2329 I GB28181 : Max-Forwards: 70
04-27 15:18:55.523  1617  2329 I GB28181 : Allow: ACK,BYE,CANCEL,INVITE,NOTIFY,REFER,UPDATE,INFO
04-27 15:18:55.523  1617  2329 I GB28181 : Supported: timer
04-27 15:18:55.523  1617  2329 I GB28181 : Session-Expires: 200;refresher=uac
04-27 15:18:55.523  1617  2329 I GB28181 : Server: Body Worn Camera
04-27 15:18:55.523  1617  2329 I GB28181 : Content-Type: application/sdp
04-27 15:18:55.523  1617  2329 I GB28181 : Content-Length: 203
04-27 15:18:55.523  1617  2329 I GB28181 : 
04-27 15:18:55.523  1617  2329 I GB28181 : v=0
04-27 15:18:55.523  1617  2329 I GB28181 : o=35020000201311005331 0 0 IN IP4 192.168.0.62
04-27 15:18:55.523  1617  2329 I GB28181 : s=Play
04-27 15:18:55.523  1617  2329 I GB28181 : c=IN IP4 192.168.0.62
04-27 15:18:55.523  1617  2329 I GB28181 : t=0 0
04-27 15:18:55.523  1617  2329 I GB28181 : m=video 19002 TCP/RTP/AVP 96
04-27 15:18:55.523  1617  2329 I GB28181 : a=setup:active
04-27 15:18:55.523  1617  2329 I GB28181 : a=connection:new
04-27 15:18:55.523  1617  2329 I GB28181 : a=rtpmap:96 PS/90000
04-27 15:18:55.523  1617  2329 I GB28181 : a=sendonly
04-27 15:18:55.523  1617  2329 I GB28181 : y=0200001864
04-27 15:18:55.523  1617  2329 I GB28181 :  
04-27 15:18:55.523  1617  2329 I GB28181 : last_tx_packet_len:= 816 
04-27 15:18:55.523  1617  2329 I GB28181 : 最近发送呼叫包的时间:= 196 
04-27 15:18:55.523  1617  2329 I GB28181 : 定时器的间隔时间:= 2 
04-27 15:18:55.523  1617  2329 I GB28181 : 定时器重传次数计数:= 0 
04-27 15:18:55.523  1617  2329 I GB28181 : 定时器最大重传次数:= 7 
04-27 15:18:55.523  1617  2329 I GB28181 : 超过最大重传次数后的状态:= 0 
04-27 15:18:55.523  1617  2329 I GB28181 : -------------------------用来接收和发送音频的媒体结构--------------
04-27 15:18:55.523  1617  2329 I GB28181 : ua_m_fd:= 106 
04-27 15:18:55.523  1617  2329 I GB28181 : conn_addr:= 0 
04-27 15:18:55.523  1617  2329 I GB28181 : 对应ua宣称的媒体端口 remote_port:= 0 
04-27 15:18:55.524  1617  2329 I GB28181 : 媒体代理时服务器对该用户分配的端口 local_port:= 19000 
04-27 15:18:55.524  1617  2329 I GB28181 : 自己的IP地址，可能不是本机 local_ip:= 0 
04-27 15:18:55.524  1617  2329 I GB28181 : 端口复用ID，如果=0为无效 ua_m_fd:= 0 
04-27 15:18:55.524  1617  2329 I GB28181 : 复用接收/发送socket文件 mux_fd:= 0 
04-27 15:18:55.524  1617  2329 I GB28181 : 统计收到的媒体包个数 rx_pkt_cnt:= 0 
04-27 15:18:55.524  1617  2329 I GB28181 : 统计发送的媒体包个数 tx_pkt_cnt:= 0 
04-27 15:18:55.524  1617  2329 I GB28181 : last_pkt_time:= 196 
04-27 15:18:55.524  1617  2329 I GB28181 : -----------------------------------------------------------------
04-27 15:18:55.524  1617  2329 I GB28181 : -------------------------用来接收和发送音频的媒体结构--------------
04-27 15:18:55.524  1617  2329 I GB28181 : ua_m_fd:= 107 
04-27 15:18:55.524  1617  2329 I GB28181 : conn_addr:= 0 
04-27 15:18:55.524  1617  2329 I GB28181 : 对应ua宣称的媒体端口 remote_port:= 0 
04-27 15:18:55.525  1617  2329 I GB28181 : 媒体代理时服务器对该用户分配的端口 local_port:= 19001 
04-27 15:18:55.525  1617  2329 I GB28181 : 自己的IP地址，可能不是本机 local_ip:= 0 
04-27 15:18:55.525  1617  2329 I GB28181 : 端口复用ID，如果=0为无效 ua_m_fd:= 0 
04-27 15:18:55.525  1617  2329 I GB28181 : 复用接收/发送socket文件 mux_fd:= 0 
04-27 15:18:55.525  1617  2329 I GB28181 : 统计收到的媒体包个数 rx_pkt_cnt:= 0 
04-27 15:18:55.525  1617  2329 I GB28181 : 统计发送的媒体包个数 tx_pkt_cnt:= 0 
04-27 15:18:55.525  1617  2329 I GB28181 : last_pkt_time:= 196 
04-27 15:18:55.525  1617  2329 I GB28181 : -----------------------------------------------------------------
04-27 15:18:55.525  1617  2329 I GB28181 : -------------用来接收和发送视频的媒体结构--------------------------
04-27 15:18:55.525  1617  2329 I GB28181 : ua_m_fd:= 0 
04-27 15:18:55.525  1617  2329 I GB28181 : conn_addr:= 0 
04-27 15:18:55.525  1617  2329 I GB28181 : 对应ua宣称的媒体端口 remote_port:= 30272 
04-27 15:18:55.525  1617  2329 I GB28181 : 媒体代理时服务器对该用户分配的端口 local_port:= 19002 
04-27 15:18:55.526  1617  2329 I GB28181 : 自己的IP地址，可能不是本机 local_ip:= 0 
04-27 15:18:55.526  1617  2329 I GB28181 : 端口复用ID，如果=0为无效 ua_m_fd:= 0 
04-27 15:18:55.526  1617  2329 I GB28181 : 复用接收/发送socket文件 mux_fd:= 0 
04-27 15:18:55.526  1617  2329 I GB28181 : 统计收到的媒体包个数 rx_pkt_cnt:= 0 
04-27 15:18:55.526  1617  2329 I GB28181 : 统计发送的媒体包个数 tx_pkt_cnt:= 0 
04-27 15:18:55.526  1617  2329 I GB28181 : last_pkt_time:= 196 
04-27 15:18:55.526  1617  2329 I GB28181 : -----------------------------------------------------------------
04-27 15:18:55.526  1617  2329 I GB28181 : ---------------用来接收和发送视频的媒体结构------------------------
04-27 15:18:55.526  1617  2329 I GB28181 : ua_m_fd:= 0 
04-27 15:18:55.526  1617  2329 I GB28181 : conn_addr:= 0 
04-27 15:18:55.527  1617  2329 I GB28181 : 对应ua宣称的媒体端口 remote_port:= 0 
04-27 15:18:55.527  1617  2329 I GB28181 : 媒体代理时服务器对该用户分配的端口 local_port:= 19003 
04-27 15:18:55.527  1617  2329 I GB28181 : 自己的IP地址，可能不是本机 local_ip:= 0 
04-27 15:18:55.527  1617  2329 I GB28181 : 端口复用ID，如果=0为无效 ua_m_fd:= 0 
04-27 15:18:55.527  1617  2329 I GB28181 : 复用接收/发送socket文件 mux_fd:= 0 
04-27 15:18:55.527  1617  2329 I GB28181 : 统计收到的媒体包个数 rx_pkt_cnt:= 0 
04-27 15:18:55.527  1617  2329 I GB28181 : 统计发送的媒体包个数 tx_pkt_cnt:= 0 
04-27 15:18:55.527  1617  2329 I GB28181 : last_pkt_time:= 196 
04-27 15:18:55.527  1617  2329 I GB28181 : -----------------------------------------------------------------
04-27 15:18:55.527  1617  2329 I GB28181 : --------------------------a_rtp_info----------------------------
04-27 15:18:55.527  1617  2329 I GB28181 : rtp_cnt:= 0 
04-27 15:18:55.527  1617  2329 I GB28181 : rtp_ssrc:= 200001864 
04-27 15:18:55.527  1617  2329 I GB28181 : rtp_ts:= 0 
04-27 15:18:55.528  1617  2329 I GB28181 : rtp_pt:= 96 
04-27 15:18:55.528  1617  2329 I GB28181 : -----------------------------------------------------------------
04-27 15:18:55.528  1617  2329 I GB28181 : -------------------------v_rtp_info-----------------------------
04-27 15:18:55.528  1617  2329 I GB28181 : rtp_cnt:= 0 
04-27 15:18:55.528  1617  2329 I GB28181 : rtp_ssrc:= 200001864 
04-27 15:18:55.528  1617  2329 I GB28181 : rtp_ts:= 0 
04-27 15:18:55.528  1617  2329 I GB28181 : rtp_pt:= 96 
04-27 15:18:55.528  1617  2329 I GB28181 : -----------------------------------------------------------------
04-27 15:18:55.528  1617  2329 I GB28181 : -------------------------媒体信息--------------------------------
04-27 15:18:55.528  1617  2329 I GB28181 : video codec:= 1 
04-27 15:18:55.528  1617  2329 I GB28181 : video width:= 0 
04-27 15:18:55.528  1617  2329 I GB28181 : video height:= 0 
04-27 15:18:55.528  1617  2329 I GB28181 : video framerate:= 0 
04-27 15:18:55.528  1617  2329 I GB28181 : audio acodec:= 1 
04-27 15:18:55.528  1617  2329 I GB28181 : audio samplerate:= 0 
04-27 15:18:55.528  1617  2329 I GB28181 : audio channels:= 0 
04-27 15:18:55.528  1617  2329 I GB28181 : video stream index:= 0 
04-27 15:18:55.528  1617  2329 I GB28181 : audio stream index:= 0 
04-27 15:18:55.528  1617  2329 I GB28181 : v_thread:= 0 
04-27 15:18:55.529  1617  2329 I GB28181 : a_thread:= 0 
04-27 15:18:55.529  1617  2329 I GB28181 : is_exit_flag:= 0 
04-27 15:18:55.529  1617  2329 I GB28181 : -----------------------------------------------------------------
04-27 15:18:55.529  1617  2329 I GB28181 : --------------------------当前播放上下文-------------------------
04-27 15:18:55.529  1617  2329 I GB28181 : 播放暂停:= 0 
04-27 15:18:55.529  1617  2329 I GB28181 : 正在快退:= 0 
04-27 15:18:55.529  1617  2329 I GB28181 : 客户端请求重新定位:= 0 
04-27 15:18:55.529  1617  2329 I GB28181 : 重新定位完成:= 0 
04-27 15:18:55.529  1617  2329 I GB28181 : 客户端请求快进/慢进:= 0 
04-27 15:18:55.529  1617  2329 I GB28181 : 快进/慢进完成:= 0 
04-27 15:18:55.529  1617  2329 I GB28181 : 客户端请求单步进或退:= 0 
04-27 15:18:55.529  1617  2329 I GB28181 : 单步进或退完成:= 0 
04-27 15:18:55.529  1617  2329 I GB28181 : b_resvd:= 0 
04-27 15:18:55.529  1617  2329 I GB28181 : 要求重新定位偏移量:= 0 
04-27 15:18:55.529  1617  2329 I GB28181 : 文件播放快进/慢进倍数:= -823487872 
04-27 15:18:55.529  1617  2329 I GB28181 : 单步前进或后退:= 0 
04-27 15:18:55.529  1617  2329 I GB28181 : -----------------------------------------------------------------
04-27 15:18:55.530  1617  2329 I GB28181 : 远端音视频UDP端口复用ID:= 0 
04-27 15:18:55.530  1617  2329 I GB28181 : 本地音视频UDP端口复用ID:= 0 
04-27 15:18:55.530  1617  2329 I GB28181 : 复用接收/发送socket文件:= 0 
04-27 15:18:55.530  1617  2329 I GB28181 : 复用接收/发送本地端口:= 0 
04-27 15:18:55.530  1617  2329 I GB28181 : 组播地址:= 0 
04-27 15:18:55.530  1617  2329 I GB28181 : 会话保活刷新时间间隔:= 200 
04-27 15:18:55.530  1617  2329 I GB28181 : 会话保活刷新时间间隔:= 90 
04-27 15:18:55.530  1617  2329 I GB28181 : 最近发送刷新时间:= 0 
04-27 15:18:55.530  1617  2329 I GB28181 : 最近接收刷新时间:= 196 
04-27 15:18:55.530  1617  2329 I GB28181 : 语音RTP接收线程:= -765994640 
04-27 15:18:55.530  1617  2329 I GB28181 : Send RTP thread ID:= 0 
04-27 15:18:55.530  1617  2329 I GB28181 : audio capture thread ID:= 0 
04-27 15:18:55.530  1617  2329 I GB28181 : 分配出来时的时间(ms):= -842125136 
04-27 15:18:55.530  1617  2329 I GB28181 : ------------------------------------------
04-27 15:18:55.530  1617  2329 I GB28181 : 
04-27 15:18:55.530  1617  2329 I GB28181 : 
04-27 15:18:55.530  1617  2329 I GB28181 : 
04-27 15:18:55.530  1617  2329 I GB28181 : 
04-27 15:18:55.530  1617  2329 I GB28181 : 
04-27 15:18:55.530  1617  2329 I GB28181 : 
04-27 15:18:55.530  1617  2329 I GB28181 : 
04-27 15:18:55.530  1617  2329 I GB28181 : 
04-27 15:18:55.530  1617  2329 I GB28181 : 
04-27 15:18:55.530  1617  2329 I GB28181 : 
04-27 15:18:55.530  1617  2329 I GB28181 : ---->>>>>> 实时播放 
04-27 15:18:55.531  1617  2329 I GB28181 : 开始发送音视频流
04-27 15:18:55.531  1617  2329 I GB28181 : sip new call connect, caller[sip:35020000002000000001@3502000000]
04-27 15:18:55.531  1617  2899 I System.out: GB28181--->>>-----C++回调java:状态回调 回调函数--- sysState:2 connState:2heartbeatExceptionCount:0 liveState:2 talkState:0 videotapeState:0videotapedownloadState:0---------------------
04-27 15:18:55.531  1617  2899 E Gb28181Local: onStateUpdate sysState:2,connState:2,heartbeatExceptionCount:0,liveState:2,talkState:0,videotapeState:0,videotapeDownloadState:0
04-27 15:18:55.558  1617  1617 E DCWLog-dcwAvcEncoder: mediaCodec----------------configure完成，isFrant false
04-27 15:18:56.423  1617  2329 I System.out: GB28181--->>>-----C++回调java:状态回调 回调函数--- sysState:2 connState:2heartbeatExceptionCount:0 liveState:2 talkState:0 videotapeState:0videotapedownloadState:0---------------------
04-27 15:18:56.423  1617  2279 I System.out: port:443
04-27 15:18:56.423  1617  2329 E Gb28181Local: onStateUpdate sysState:2,connState:2,heartbeatExceptionCount:0,liveState:2,talkState:0,videotapeState:0,videotapeDownloadState:0
04-27 15:18:56.450  1617  2279 I System.out: [OkHttp] sendRequest>>
04-27 15:18:56.451  1617  2279 I System.out: [OkHttp] sendRequest<<
04-27 15:18:57.424  1617  2329 I System.out: GB28181--->>>-----C++回调java:状态回调 回调函数--- sysState:2 connState:2heartbeatExceptionCount:0 liveState:2 talkState:0 videotapeState:0videotapedownloadState:0---------------------
04-27 15:18:57.425  1617  2329 E Gb28181Local: onStateUpdate sysState:2,connState:2,heartbeatExceptionCount:0,liveState:2,talkState:0,videotapeState:0,videotapeDownloadState:0
04-27 15:18:58.426  1617  2329 I System.out: GB28181--->>>-----C++回调java:状态回调 回调函数--- sysState:2 connState:2heartbeatExceptionCount:0 liveState:2 talkState:0 videotapeState:0videotapedownloadState:0---------------------
04-27 15:18:58.426  1617  2329 E Gb28181Local: onStateUpdate sysState:2,connState:2,heartbeatExceptionCount:0,liveState:2,talkState:0,videotapeState:0,videotapeDownloadState:0
04-27 15:18:59.426  1617  2329 I System.out: GB28181--->>>-----C++回调java:状态回调 回调函数--- sysState:2 connState:2heartbeatExceptionCount:0 liveState:2 talkState:0 videotapeState:0videotapedownloadState:0---------------------
04-27 15:18:59.426  1617  2329 E Gb28181Local: onStateUpdate sysState:2,connState:2,heartbeatExceptionCount:0,liveState:2,talkState:0,videotapeState:0,videotapeDownloadState:0
04-27 15:19:00.430  1617  2329 I System.out: GB28181--->>>-----C++回调java:状态回调 回调函数--- sysState:2 connState:2heartbeatExceptionCount:0 liveState:2 talkState:0 videotapeState:0videotapedownloadState:0---------------------
04-27 15:19:00.431  1617  2329 E Gb28181Local: onStateUpdate sysState:2,connState:2,heartbeatExceptionCount:0,liveState:2,talkState:0,videotapeState:0,videotapeDownloadState:0
04-27 15:19:01.429  1617  2329 I System.out: GB28181--->>>-----C++回调java:状态回调 回调函数--- sysState:2 connState:2heartbeatExceptionCount:0 liveState:2 talkState:0 videotapeState:0videotapedownloadState:0---------------------
04-27 15:19:01.429  1617  2329 E Gb28181Local: onStateUpdate sysState:2,connState:2,heartbeatExceptionCount:0,liveState:2,talkState:0,videotapeState:0,videotapeDownloadState:0
04-27 15:19:02.430  1617  2329 I System.out: GB28181--->>>-----C++回调java:状态回调 回调函数--- sysState:2 connState:2heartbeatExceptionCount:0 liveState:2 talkState:0 videotapeState:0videotapedownloadState:0---------------------
04-27 15:19:02.430  1617  2329 E Gb28181Local: onStateUpdate sysState:2,connState:2,heartbeatExceptionCount:0,liveState:2,talkState:0,videotapeState:0,videotapeDownloadState:0
04-27 15:19:03.431  1617  2329 I System.out: GB28181--->>>-----C++回调java:状态回调 回调函数--- sysState:2 connState:2heartbeatExceptionCount:0 liveState:2 talkState:0 videotapeState:0videotapedownloadState:0---------------------
04-27 15:19:03.431  1617  2329 E Gb28181Local: onStateUpdate sysState:2,connState:2,heartbeatExceptionCount:0,liveState:2,talkState:0,videotapeState:0,videotapeDownloadState:0
04-27 15:19:04.432  1617  2329 I System.out: GB28181--->>>-----C++回调java:状态回调 回调函数--- sysState:2 connState:2heartbeatExceptionCount:0 liveState:2 talkState:0 videotapeState:0videotapedownloadState:0---------------------
04-27 15:19:04.432  1617  2329 E Gb28181Local: onStateUpdate sysState:2,connState:2,heartbeatExceptionCount:0,liveState:2,talkState:0,videotapeState:0,videotapeDownloadState:0
04-27 15:19:05.434  1617  2329 I System.out: GB28181--->>>-----C++回调java:状态回调 回调函数--- sysState:2 connState:2heartbeatExceptionCount:0 liveState:2 talkState:0 videotapeState:0videotapedownloadState:0---------------------
04-27 15:19:05.435  1617  2329 E Gb28181Local: onStateUpdate sysState:2,connState:2,heartbeatExceptionCount:0,liveState:2,talkState:0,videotapeState:0,videotapeDownloadState:0
04-27 15:19:06.435  1617  2329 I System.out: GB28181--->>>-----C++回调java:状态回调 回调函数--- sysState:2 connState:2heartbeatExceptionCount:0 liveState:2 talkState:0 videotapeState:0videotapedownloadState:0---------------------
04-27 15:19:06.435  1617  2329 E Gb28181Local: onStateUpdate sysState:2,connState:2,heartbeatExceptionCount:0,liveState:2,talkState:0,videotapeState:0,videotapeDownloadState:0
04-27 15:19:06.987  1617  2279 I System.out: [OkHttp] sendRequest>>
04-27 15:19:06.988  1617  2279 I System.out: [OkHttp] sendRequest<<
04-27 15:19:07.436  1617  2329 I System.out: GB28181--->>>-----C++回调java:状态回调 回调函数--- sysState:2 connState:2heartbeatExceptionCount:0 liveState:2 talkState:0 videotapeState:0videotapedownloadState:0---------------------
04-27 15:19:07.436  1617  2329 E Gb28181Local: onStateUpdate sysState:2,connState:2,heartbeatExceptionCount:0,liveState:2,talkState:0,videotapeState:0,videotapeDownloadState:0
04-27 15:19:08.439  1617  2329 I System.out: GB28181--->>>-----C++回调java:状态回调 回调函数--- sysState:2 connState:2heartbeatExceptionCount:0 liveState:2 talkState:0 videotapeState:0videotapedownloadState:0---------------------
04-27 15:19:08.439  1617  2329 E Gb28181Local: onStateUpdate sysState:2,connState:2,heartbeatExceptionCount:0,liveState:2,talkState:0,videotapeState:0,videotapeDownloadState:0
04-27 15:19:09.440  1617  2329 I System.out: GB28181--->>>-----C++回调java:状态回调 回调函数--- sysState:2 connState:2heartbeatExceptionCount:0 liveState:2 talkState:0 videotapeState:0videotapedownloadState:0---------------------
04-27 15:19:09.440  1617  2329 E Gb28181Local: onStateUpdate sysState:2,connState:2,heartbeatExceptionCount:0,liveState:2,talkState:0,videotapeState:0,videotapeDownloadState:0
04-27 15:19:10.441  1617  2329 I System.out: GB28181--->>>-----C++回调java:状态回调 回调函数--- sysState:2 connState:2heartbeatExceptionCount:0 liveState:2 talkState:0 videotapeState:0videotapedownloadState:0---------------------
04-27 15:19:10.441  1617  2329 E Gb28181Local: onStateUpdate sysState:2,connState:2,heartbeatExceptionCount:0,liveState:2,talkState:0,videotapeState:0,videotapeDownloadState:0
04-27 15:19:11.442  1617  2329 I System.out: GB28181--->>>-----C++回调java:状态回调 回调函数--- sysState:2 connState:2heartbeatExceptionCount:0 liveState:2 talkState:0 videotapeState:0videotapedownloadState:0---------------------
04-27 15:19:11.442  1617  2329 E Gb28181Local: onStateUpdate sysState:2,connState:2,heartbeatExceptionCount:0,liveState:2,talkState:0,videotapeState:0,videotapeDownloadState:0
04-27 15:19:12.443  1617  2329 I System.out: GB28181--->>>-----C++回调java:状态回调 回调函数--- sysState:2 connState:2heartbeatExceptionCount:0 liveState:2 talkState:0 videotapeState:0videotapedownloadState:0---------------------
04-27 15:19:12.443  1617  2329 E Gb28181Local: onStateUpdate sysState:2,connState:2,heartbeatExceptionCount:0,liveState:2,talkState:0,videotapeState:0,videotapeDownloadState:0
04-27 15:19:13.444  1617  2329 I System.out: GB28181--->>>-----C++回调java:状态回调 回调函数--- sysState:2 connState:2heartbeatExceptionCount:0 liveState:2 talkState:0 videotapeState:0videotapedownloadState:0---------------------
04-27 15:19:13.444  1617  2329 E Gb28181Local: onStateUpdate sysState:2,connState:2,heartbeatExceptionCount:0,liveState:2,talkState:0,videotapeState:0,videotapeDownloadState:0
04-27 15:19:14.445  1617  2329 I System.out: GB28181--->>>-----C++回调java:状态回调 回调函数--- sysState:2 connState:2heartbeatExceptionCount:0 liveState:2 talkState:0 videotapeState:0videotapedownloadState:0---------------------
04-27 15:19:14.446  1617  2329 E Gb28181Local: onStateUpdate sysState:2,connState:2,heartbeatExceptionCount:0,liveState:2,talkState:0,videotapeState:0,videotapeDownloadState:0
04-27 15:19:15.447  1617  2329 I System.out: GB28181--->>>-----C++回调java:状态回调 回调函数--- sysState:2 connState:2heartbeatExceptionCount:0 liveState:2 talkState:0 videotapeState:0videotapedownloadState:0---------------------
04-27 15:19:15.447  1617  2329 E Gb28181Local: onStateUpdate sysState:2,connState:2,heartbeatExceptionCount:0,liveState:2,talkState:0,videotapeState:0,videotapeDownloadState:0
04-27 15:19:16.449  1617  2329 I System.out: GB28181--->>>-----C++回调java:状态回调 回调函数--- sysState:2 connState:2heartbeatExceptionCount:0 liveState:2 talkState:0 videotapeState:0videotapedownloadState:0---------------------
04-27 15:19:16.449  1617  2329 E Gb28181Local: onStateUpdate sysState:2,connState:2,heartbeatExceptionCount:0,liveState:2,talkState:0,videotapeState:0,videotapeDownloadState:0
04-27 15:19:17.450  1617  2329 I System.out: GB28181--->>>-----C++回调java:状态回调 回调函数--- sysState:2 connState:2heartbeatExceptionCount:0 liveState:2 talkState:0 videotapeState:0videotapedownloadState:0---------------------
04-27 15:19:17.450  1617  2329 E Gb28181Local: onStateUpdate sysState:2,connState:2,heartbeatExceptionCount:0,liveState:2,talkState:0,videotapeState:0,videotapeDownloadState:0
04-27 15:19:18.451  1617  2329 I System.out: GB28181--->>>-----C++回调java:状态回调 回调函数--- sysState:2 connState:2heartbeatExceptionCount:0 liveState:2 talkState:0 videotapeState:0videotapedownloadState:0---------------------
04-27 15:19:18.451  1617  2329 E Gb28181Local: onStateUpdate sysState:2,connState:2,heartbeatExceptionCount:0,liveState:2,talkState:0,videotapeState:0,videotapeDownloadState:0
04-27 15:19:19.454  1617  2329 I System.out: GB28181--->>>-----C++回调java:状态回调 回调函数--- sysState:2 connState:2heartbeatExceptionCount:0 liveState:2 talkState:0 videotapeState:0videotapedownloadState:0---------------------
04-27 15:19:19.454  1617  2329 E Gb28181Local: onStateUpdate sysState:2,connState:2,heartbeatExceptionCount:0,liveState:2,talkState:0,videotapeState:0,videotapeDownloadState:0
04-27 15:19:20.454  1617  2329 I System.out: GB28181--->>>-----C++回调java:状态回调 回调函数--- sysState:2 connState:2heartbeatExceptionCount:0 liveState:2 talkState:0 videotapeState:0videotapedownloadState:0---------------------
04-27 15:19:20.454  1617  2329 E Gb28181Local: onStateUpdate sysState:2,connState:2,heartbeatExceptionCount:0,liveState:2,talkState:0,videotapeState:0,videotapeDownloadState:0
04-27 15:19:21.455  1617  2329 I System.out: GB28181--->>>-----C++回调java:状态回调 回调函数--- sysState:2 connState:2heartbeatExceptionCount:0 liveState:2 talkState:0 videotapeState:0videotapedownloadState:0---------------------
04-27 15:19:21.455  1617  2329 E Gb28181Local: onStateUpdate sysState:2,connState:2,heartbeatExceptionCount:0,liveState:2,talkState:0,videotapeState:0,videotapeDownloadState:0
04-27 15:19:22.456  1617  2329 I System.out: GB28181--->>>-----C++回调java:状态回调 回调函数--- sysState:2 connState:2heartbeatExceptionCount:0 liveState:2 talkState:0 videotapeState:0videotapedownloadState:0---------------------
04-27 15:19:22.457  1617  2329 E Gb28181Local: onStateUpdate sysState:2,connState:2,heartbeatExceptionCount:0,liveState:2,talkState:0,videotapeState:0,videotapeDownloadState:0
04-27 15:19:23.457  1617  2329 I System.out: GB28181--->>>-----C++回调java:状态回调 回调函数--- sysState:2 connState:2heartbeatExceptionCount:0 liveState:2 talkState:0 videotapeState:0videotapedownloadState:0---------------------
04-27 15:19:23.458  1617  2329 E Gb28181Local: onStateUpdate sysState:2,connState:2,heartbeatExceptionCount:0,liveState:2,talkState:0,videotapeState:0,videotapeDownloadState:0
04-27 15:19:24.459  1617  2329 I System.out: GB28181--->>>-----C++回调java:状态回调 回调函数--- sysState:2 connState:2heartbeatExceptionCount:0 liveState:2 talkState:0 videotapeState:0videotapedownloadState:0---------------------
04-27 15:19:24.459  1617  2329 E Gb28181Local: onStateUpdate sysState:2,connState:2,heartbeatExceptionCount:0,liveState:2,talkState:0,videotapeState:0,videotapeDownloadState:0
04-27 15:19:25.393  1617  2329 I GB28181 : sip_request_rx, from user [35020000002000000001]@[192.168.0.40]
04-27 15:19:25.393  1617  2329 I GB28181 : 找到对应的已经存在的呼叫表项和用户 
04-27 15:19:25.393  1617  2329 I GB28181 : [D:/camera_live/app/src/main/cpp/libgb28181/sip/sip_rx.cpp:363]
04-27 15:19:25.393  1617  2329 I GB28181 : @@@@@@@@@@--[sip_call_request_rx][450]----------f_sua->call_state=6--------------------------------
04-27 15:19:25.393  1617  2329 I GB28181 : 
04-27 15:19:25.393  1617  2329 I GB28181 : @@@@@@@@@@--[sip_get_msg_event][1835]---------结束呼叫-----------SIP_MT_BYE----------------------
04-27 15:19:25.393  1617  2329 I GB28181 : 
04-27 15:19:25.393  1617  2329 I GB28181 : @@@@@@@@@@--[sua_call_state][51]------p_sua->call_state=8------------------------------------
04-27 15:19:25.393  1617  2329 I GB28181 : 
04-27 15:19:25.393  1617  2329 I GB28181 : @@@@@@@@@@--[sua_call_state][112]----在该状态应该停留几秒钟,或者收到BYE 200 OK--------------------------------------
04-27 15:19:25.393  1617  2329 I GB28181 : 
04-27 15:19:25.456  1617  2899 W GB28181 : [D:/camera_live/app/src/main/cpp/libgb28181/sip/ua_media.cpp][302] 超过5次发送，弹出循环----- 
04-27 15:19:25.456  1617  2899 I GB28181 : sua_stop_media, sua_stop_audio sua[0] end.
04-27 15:19:25.458  1617  2329 I GB28181 : sua_stop_media, sua_stop_audio sua[0] end.
04-27 15:19:25.459  1617  2329 I GB28181 : sua_stop_used_sua, sua[0] start.
04-27 15:19:25.459  1617  2329 I GB28181 : sua_stop_media, sua_stop_audio sua[0] end.
04-27 15:19:25.459  1617  2329 I GB28181 : sua_set_idle_sua, p_sua=0xc7403334, index[0]
04-27 15:19:25.460  1617  2329 I GB28181 : sua_stop_used_sua, sua[0] finish.
04-27 15:19:25.460  1617  2329 I GB28181 : @@@@@@@@@@--[sua_cs_bye_sent][1091]---------CSE_Hang_Recv------------停止---------------------
04-27 15:19:25.460  1617  2329 I GB28181 : 
04-27 15:19:25.461  1617  2555 I System.out: GB28181--->>>-----C++回调java:状态回调 回调函数--- sysState:2 connState:2heartbeatExceptionCount:0 liveState:2 talkState:0 videotapeState:0videotapedownloadState:0---------------------
04-27 15:19:25.461  1617  2555 E Gb28181Local: onStateUpdate sysState:2,connState:2,heartbeatExceptionCount:0,liveState:2,talkState:0,videotapeState:0,videotapeDownloadState:0
04-27 15:19:25.461  1617  2329 I System.out: GB28181--->>>-----C++回调java:状态回调 回调函数--- sysState:2 connState:2heartbeatExceptionCount:0 liveState:2 talkState:0 videotapeState:0videotapedownloadState:0---------------------
04-27 15:19:25.461  1617  2329 E Gb28181Local: onStateUpdate sysState:2,connState:2,heartbeatExceptionCount:0,liveState:2,talkState:0,videotapeState:0,videotapeDownloadState:0
04-27 15:19:25.462  1617  2555 I System.out: GB28181--->>>-----C++回调java:状态回调 回调函数--- sysState:2 connState:2heartbeatExceptionCount:0 liveState:2 talkState:0 videotapeState:0videotapedownloadState:0---------------------
04-27 15:19:25.462  1617  2555 E Gb28181Local: onStateUpdate sysState:2,connState:2,heartbeatExceptionCount:0,liveState:2,talkState:0,videotapeState:0,videotapeDownloadState:0
04-27 15:19:26.461  1617  2329 I System.out: GB28181--->>>-----C++回调java:状态回调 回调函数--- sysState:2 connState:2heartbeatExceptionCount:0 liveState:2 talkState:0 videotapeState:0videotapedownloadState:0---------------------
04-27 15:19:26.461  1617  2329 E Gb28181Local: onStateUpdate sysState:2,connState:2,heartbeatExceptionCount:0,liveState:2,talkState:0,videotapeState:0,videotapeDownloadState:0
04-27 15:19:27.462  1617  2329 I System.out: GB28181--->>>-----C++回调java:状态回调 回调函数--- sysState:2 connState:2heartbeatExceptionCount:0 liveState:2 talkState:0 videotapeState:0videotapedownloadState:0---------------------
04-27 15:19:27.462  1617  2329 E Gb28181Local: onStateUpdate sysState:2,connState:2,heartbeatExceptionCount:0,liveState:2,talkState:0,videotapeState:0,videotapeDownloadState:0
04-27 15:19:28.463  1617  2329 I System.out: GB28181--->>>-----C++回调java:状态回调 回调函数--- sysState:2 connState:2heartbeatExceptionCount:0 liveState:2 talkState:0 videotapeState:0videotapedownloadState:0---------------------
04-27 15:19:28.464  1617  2329 E Gb28181Local: onStateUpdate sysState:2,connState:2,heartbeatExceptionCount:0,liveState:2,talkState:0,videotapeState:0,videotapeDownloadState:0
04-27 15:19:29.464  1617  2329 I System.out: GB28181--->>>-----C++回调java:状态回调 回调函数--- sysState:2 connState:2heartbeatExceptionCount:0 liveState:2 talkState:0 videotapeState:0videotapedownloadState:0---------------------
04-27 15:19:29.465  1617  2329 E Gb28181Local: onStateUpdate sysState:2,connState:2,heartbeatExceptionCount:0,liveState:2,talkState:0,videotapeState:0,videotapeDownloadState:0
04-27 15:19:30.466  1617  2329 I System.out: GB28181--->>>-----C++回调java:状态回调 回调函数--- sysState:2 connState:2heartbeatExceptionCount:0 liveState:2 talkState:0 videotapeState:0videotapedownloadState:0---------------------
04-27 15:19:30.466  1617  2329 E Gb28181Local: onStateUpdate sysState:2,connState:2,heartbeatExceptionCount:0,liveState:2,talkState:0,videotapeState:0,videotapeDownloadState:0
04-27 15:19:31.468  1617  2329 I System.out: GB28181--->>>-----C++回调java:状态回调 回调函数--- sysState:2 connState:2heartbeatExceptionCount:0 liveState:2 talkState:0 videotapeState:0videotapedownloadState:0---------------------
04-27 15:19:31.469  1617  2329 E Gb28181Local: onStateUpdate sysState:2,connState:2,heartbeatExceptionCount:0,liveState:2,talkState:0,videotapeState:0,videotapeDownloadState:0
04-27 15:19:32.470  1617  2329 I System.out: GB28181--->>>-----C++回调java:状态回调 回调函数--- sysState:2 connState:2heartbeatExceptionCount:0 liveState:2 talkState:0 videotapeState:0videotapedownloadState:0---------------------
04-27 15:19:32.470  1617  2329 E Gb28181Local: onStateUpdate sysState:2,connState:2,heartbeatExceptionCount:0,liveState:2,talkState:0,videotapeState:0,videotapeDownloadState:0
04-27 15:19:33.470  1617  2330 D GB28181 : >>>>>>>>=====D:/camera_live/app/src/main/cpp/libgb28181/sip/sip_timer.cpp[208]==========
04-27 15:19:33.471  1617  2329 D GB28181 : #sip_rev接收服务器到SIP消息:msg_buf[(null)]
04-27 15:19:33.471  1617  2329 D GB28181 : #########################stm.msg_src=[2],
04-27 15:19:33.472  1617  2329 I System.out: GB28181--->>>-----C++回调java:状态回调 回调函数--- sysState:2 connState:2heartbeatExceptionCount:0 liveState:2 talkState:0 videotapeState:0videotapedownloadState:0---------------------
04-27 15:19:33.472  1617  2329 E Gb28181Local: onStateUpdate sysState:2,connState:2,heartbeatExceptionCount:0,liveState:2,talkState:0,videotapeState:0,videotapeDownloadState:0
04-27 15:19:33.473  1617  2329 D GB28181 : #sip_rev------>>>接收服务器SIP消息来源:定时消息 SIP_TIMER_SRC ，收到服务器心跳反馈  
04-27 15:19:33.473  1617  2329 D GB28181 : 
04-27 15:19:33.473  1617  2329 D GB28181 : 
04-27 15:19:33.473  1617  2329 D GB28181 : cur_time=234  (p_user->last_rx_time + g_gb28181_cfg.heartbeat_interval) =256 
04-27 15:19:33.473  1617  2329 D GB28181 : cur_time=234  (p_user->last_rx_time + g_gb28181_cfg.heartbeat_interval) =256 
04-27 15:19:33.473  1617  2329 D GB28181 : --sip_task---->>> hsip.net_rx_flag===1 
