04-27 13:36:33.223 E/SurfaceFlinger(  385): getUniqueId not supported on VirtualDisplaySurface
04-27 13:36:33.225 E/SurfaceFlinger(  385): getUniqueId not supported on VirtualDisplaySurface
04-27 13:36:33.228 D/BufferQueueProducer(  489): [GraphicBufferSource](this:0xe6c62000,id:0,api:1,p:489,c:489) cancelBuffer: slot 0
04-27 13:36:33.229 W/TuningMgr(  491): TuningMgr[updateEngine] WARNING: [temp log] AF enable(0_0x100802e0_0x8001e0)
04-27 13:36:33.230 I/MtkCam/Utils(  491): {CamProfile}[DisplayClient::dequePrvOps] dequeue_buffer > 30ms: (0-th) ===> (overtime > 30 ms) [start-->now: 34 ms]
04-27 13:36:33.242 I/MtkCam/PrvCB(  491): (2420)[onClientThreadLoop] mOneShotSleepCount 0
04-27 13:36:33.246 I/Camera  ( 1670): handleMessage: 16
04-27 13:36:33.256 E/SurfaceFlinger(  385): getUniqueId not supported on VirtualDisplaySurface
04-27 13:36:33.256 W/TwinMgr (  491): [TwinInfo_update] WARNING: [TwinInfo_update][0]no deque on AFO over 64 frames
04-27 13:36:33.258 E/SurfaceFlinger(  385): getUniqueId not supported on VirtualDisplaySurface
04-27 13:36:33.261 D/BufferQueueProducer(  489): [GraphicBufferSource](this:0xe6c62000,id:0,api:1,p:489,c:489) cancelBuffer: slot 1
04-27 13:36:33.261 W/MtkCam/BufferProvider_P(  491): [Hal:Image:yuvFD][dequeStreamBuffer] Cannot acquire from pool. Something wrong... SOS
04-27 13:36:33.262 W/TuningMgr(  491): TuningMgr[updateEngine] WARNING: [temp log] AF enable(0_0x100802e0_0x8001e0)
04-27 13:36:33.286 I/Camera  ( 1670): handleMessage: 16
04-27 13:36:33.286 I/MtkCam/PrvCB(  491): (2420)[onClientThreadLoop] mOneShotSleepCount 0
04-27 13:36:33.290 E/SurfaceFlinger(  385): getUniqueId not supported on VirtualDisplaySurface
04-27 13:36:33.292 E/SurfaceFlinger(  385): getUniqueId not supported on VirtualDisplaySurface
04-27 13:36:33.294 D/BufferQueueProducer(  489): [GraphicBufferSource](this:0xe6c62000,id:0,api:1,p:489,c:489) cancelBuffer: slot 0
04-27 13:36:33.296 W/TwinMgr (  491): [TwinInfo_update] WARNING: [TwinInfo_update][0]no deque on AFO over 64 frames
04-27 13:36:33.301 W/MtkCam/BufferProvider_P(  491): [Hal:Image:yuvFD][dequeStreamBuffer] Cannot acquire from pool. Something wrong... SOS
04-27 13:36:33.302 W/TuningMgr(  491): TuningMgr[updateEngine] WARNING: [temp log] AF enable(0_0x100802e0_0x8001e0)
04-27 13:36:33.322 I/MtkCam/PrvCB(  491): (2420)[onClientThreadLoop] mOneShotSleepCount 0
04-27 13:36:33.326 I/Camera  ( 1670): handleMessage: 16
04-27 13:36:33.336 W/TwinMgr (  491): [TwinInfo_update] WARNING: [TwinInfo_update][0]no deque on AFO over 64 frames
04-27 13:36:33.338 W/MtkCam/BufferProvider_P(  491): [Hal:Image:yuvFD][dequeStreamBuffer] Cannot acquire from pool. Something wrong... SOS
04-27 13:36:33.339 E/SurfaceFlinger(  385): getUniqueId not supported on VirtualDisplaySurface
04-27 13:36:33.341 E/SurfaceFlinger(  385): getUniqueId not supported on VirtualDisplaySurface
04-27 13:36:33.342 W/TuningMgr(  491): TuningMgr[updateEngine] WARNING: [temp log] AF enable(0_0x100802e0_0x8001e0)
04-27 13:36:33.344 D/BufferQueueProducer(  489): [GraphicBufferSource](this:0xe6c62000,id:0,api:1,p:489,c:489) cancelBuffer: slot 1
04-27 13:36:33.362 I/MtkCam/PrvCB(  491): (2420)[onClientThreadLoop] mOneShotSleepCount 0
04-27 13:36:33.365 I/Camera  ( 1670): handleMessage: 16
04-27 13:36:33.372 E/SurfaceFlinger(  385): getUniqueId not supported on VirtualDisplaySurface
04-27 13:36:33.374 E/SurfaceFlinger(  385): getUniqueId not supported on VirtualDisplaySurface
04-27 13:36:33.376 D/BufferQueueProducer(  489): [GraphicBufferSource](this:0xe6c62000,id:0,api:1,p:489,c:489) cancelBuffer: slot 0
04-27 13:36:33.376 W/TwinMgr (  491): [TwinInfo_update] WARNING: [TwinInfo_update][0]no deque on AFO over 64 frames
04-27 13:36:33.379 W/MtkCam/BufferProvider_P(  491): [Hal:Image:yuvFD][dequeStreamBuffer] Cannot acquire from pool. Something wrong... SOS
04-27 13:36:33.381 W/TuningMgr(  491): TuningMgr[updateEngine] WARNING: [temp log] AF enable(0_0x100802e0_0x8001e0)
04-27 13:36:33.401 I/MtkCam/PrvCB(  491): (2420)[onClientThreadLoop] mOneShotSleepCount 0
04-27 13:36:33.405 I/Camera  ( 1670): handleMessage: 16
04-27 13:36:33.417 W/TwinMgr (  491): [TwinInfo_update] WARNING: [TwinInfo_update][0]no deque on AFO over 64 frames
04-27 13:36:33.420 W/MtkCam/BufferProvider_P(  491): [Hal:Image:yuvFD][dequeStreamBuffer] Cannot acquire from pool. Something wrong... SOS
04-27 13:36:33.422 E/SurfaceFlinger(  385): getUniqueId not supported on VirtualDisplaySurface
04-27 13:36:33.422 W/TuningMgr(  491): TuningMgr[updateEngine] WARNING: [temp log] AF enable(0_0x100802e0_0x8001e0)
04-27 13:36:33.424 E/SurfaceFlinger(  385): getUniqueId not supported on VirtualDisplaySurface
04-27 13:36:33.428 D/BufferQueueProducer(  489): [GraphicBufferSource](this:0xe6c62000,id:0,api:1,p:489,c:489) cancelBuffer: slot 1
04-27 13:36:33.429 I/MtkCam/Utils(  491): {CamProfile}[DisplayClient::dequePrvOps] dequeue_buffer > 30ms: (0-th) ===> (overtime > 30 ms) [start-->now: 33 ms]
04-27 13:36:33.441 I/MtkCam/PrvCB(  491): (2420)[onClientThreadLoop] mOneShotSleepCount 0
04-27 13:36:33.445 I/Camera  ( 1670): handleMessage: 16
04-27 13:36:33.455 E/SurfaceFlinger(  385): getUniqueId not supported on VirtualDisplaySurface
04-27 13:36:33.457 W/TwinMgr (  491): [TwinInfo_update] WARNING: [TwinInfo_update][0]no deque on AFO over 64 frames
04-27 13:36:33.457 E/SurfaceFlinger(  385): getUniqueId not supported on VirtualDisplaySurface
04-27 13:36:33.460 D/BufferQueueProducer(  489): [GraphicBufferSource](this:0xe6c62000,id:0,api:1,p:489,c:489) cancelBuffer: slot 0
04-27 13:36:33.460 W/MtkCam/BufferProvider_P(  491): [Hal:Image:yuvFD][dequeStreamBuffer] Cannot acquire from pool. Something wrong... SOS
04-27 13:36:33.462 W/TuningMgr(  491): TuningMgr[updateEngine] WARNING: [temp log] AF enable(0_0x100802e0_0x8001e0)
04-27 13:36:33.481 I/MtkCam/PrvCB(  491): (2420)[onClientThreadLoop] mOneShotSleepCount 0
04-27 13:36:33.485 I/Camera  ( 1670): handleMessage: 16
04-27 13:36:33.497 W/TwinMgr (  491): [TwinInfo_update] WARNING: [TwinInfo_update][0]no deque on AFO over 64 frames
04-27 13:36:33.501 W/MtkCam/BufferProvider_P(  491): [Hal:Image:yuvFD][dequeStreamBuffer] Cannot acquire from pool. Something wrong... SOS
04-27 13:36:33.502 W/TuningMgr(  491): TuningMgr[updateEngine] WARNING: [temp log] AF enable(0_0x100802e0_0x8001e0)
04-27 13:36:33.505 E/SurfaceFlinger(  385): getUniqueId not supported on VirtualDisplaySurface
04-27 13:36:33.508 E/SurfaceFlinger(  385): getUniqueId not supported on VirtualDisplaySurface
04-27 13:36:33.510 D/BufferQueueProducer(  489): [GraphicBufferSource](this:0xe6c62000,id:0,api:1,p:489,c:489) cancelBuffer: slot 1
04-27 13:36:33.511 I/MtkCam/Utils(  491): {CamProfile}[DisplayClient::dequePrvOps] dequeue_buffer > 30ms: (0-th) ===> (overtime > 30 ms) [start-->now: 33 ms]
04-27 13:36:33.521 I/MtkCam/PrvCB(  491): (2420)[onClientThreadLoop] mOneShotSleepCount 0
04-27 13:36:33.524 I/Camera  ( 1670): handleMessage: 16
04-27 13:36:33.537 W/TwinMgr (  491): [TwinInfo_update] WARNING: [TwinInfo_update][0]no deque on AFO over 64 frames
04-27 13:36:33.537 E/SurfaceFlinger(  385): getUniqueId not supported on VirtualDisplaySurface
04-27 13:36:33.538 W/MtkCam/BufferProvider_P(  491): [Hal:Image:yuvFD][dequeStreamBuffer] Cannot acquire from pool. Something wrong... SOS
04-27 13:36:33.540 E/SurfaceFlinger(  385): getUniqueId not supported on VirtualDisplaySurface
04-27 13:36:33.542 D/BufferQueueProducer(  489): [GraphicBufferSource](this:0xe6c62000,id:0,api:1,p:489,c:489) cancelBuffer: slot 0
04-27 13:36:33.542 W/TuningMgr(  491): TuningMgr[updateEngine] WARNING: [temp log] AF enable(0_0x100802e0_0x8001e0)
04-27 13:36:33.556 I/BufferQueueProducer(  385): [SurfaceView - #0](this:0x7efed64800,id:12,api:4,p:474,c:385) queueBuffer: fps=24.94 dur=1002.38 max=48.91 min=31.94
04-27 13:36:33.561 I/MtkCam/PrvCB(  491): (2420)[onClientThreadLoop] mOneShotSleepCount 0
04-27 13:36:33.564 I/Camera  ( 1670): handleMessage: 16
04-27 13:36:33.571 E/SurfaceFlinger(  385): getUniqueId not supported on VirtualDisplaySurface
04-27 13:36:33.573 E/SurfaceFlinger(  385): getUniqueId not supported on VirtualDisplaySurface
04-27 13:36:33.575 D/BufferQueueProducer(  489): [GraphicBufferSource](this:0xe6c62000,id:0,api:1,p:489,c:489) cancelBuffer: slot 1
04-27 13:36:33.577 W/TwinMgr (  491): [TwinInfo_update] WARNING: [TwinInfo_update][0]no deque on AFO over 64 frames
04-27 13:36:33.579 D/NxpTml  (  381): PN54X - Read requested.....
04-27 13:36:33.579 D/NxpTml  (  381): PN54X - Invoking I2C Read.....
04-27 13:36:33.580 W/MtkCam/BufferProvider_P(  491): [Hal:Image:yuvFD][dequeStreamBuffer] Cannot acquire from pool. Something wrong... SOS
04-27 13:36:33.582 W/TuningMgr(  491): TuningMgr[updateEngine] WARNING: [temp log] AF enable(0_0x100802e0_0x8001e0)
04-27 13:36:33.603 I/MtkCam/PrvCB(  491): (2420)[onClientThreadLoop] mOneShotSleepCount 0
04-27 13:36:33.607 I/Camera  ( 1670): handleMessage: 16
04-27 13:36:33.617 W/TwinMgr (  491): [TwinInfo_update] WARNING: [TwinInfo_update][0]no deque on AFO over 64 frames
04-27 13:36:33.621 E/SurfaceFlinger(  385): getUniqueId not supported on VirtualDisplaySurface
04-27 13:36:33.622 W/MtkCam/BufferProvider_P(  491): [Hal:Image:yuvFD][dequeStreamBuffer] Cannot acquire from pool. Something wrong... SOS
04-27 13:36:33.623 W/TuningMgr(  491): TuningMgr[updateEngine] WARNING: [temp log] AF enable(0_0x100802e0_0x8001e0)
04-27 13:36:33.623 E/SurfaceFlinger(  385): getUniqueId not supported on VirtualDisplaySurface
04-27 13:36:33.624 I/DisplayDevice(  385): [stdout (type:2)] fps:24.955605,dur:1041.85,max:52.26,min:31.39
04-27 13:36:33.626 D/BufferQueueProducer(  489): [GraphicBufferSource](this:0xe6c62000,id:0,api:1,p:489,c:489) cancelBuffer: slot 0
04-27 13:36:33.642 I/MtkCam/PrvCB(  491): (2420)[onClientThreadLoop] mOneShotSleepCount 0
04-27 13:36:33.646 I/Camera  ( 1670): handleMessage: 16
04-27 13:36:33.647 I/MtkCam/PrvCB(  491): (2420)[onClientThreadLoop] mOneShotSleepCount 1
04-27 13:36:33.654 E/SurfaceFlinger(  385): getUniqueId not supported on VirtualDisplaySurface
04-27 13:36:33.657 E/SurfaceFlinger(  385): getUniqueId not supported on VirtualDisplaySurface
04-27 13:36:33.657 W/TwinMgr (  491): [TwinInfo_update] WARNING: [TwinInfo_update][0]no deque on AFO over 64 frames
04-27 13:36:33.659 D/BufferQueueProducer(  489): [GraphicBufferSource](this:0xe6c62000,id:0,api:1,p:489,c:489) cancelBuffer: slot 1
04-27 13:36:33.662 W/TuningMgr(  491): TuningMgr[updateEngine] WARNING: [temp log] AF enable(0_0x100802e0_0x8001e0)
04-27 13:36:33.663 W/MtkCam/BufferProvider_P(  491): [Hal:Image:yuvFD][dequeStreamBuffer] Cannot acquire from pool. Something wrong... SOS
04-27 13:36:33.681 I/MtkCam/PrvCB(  491): (2420)[onClientThreadLoop] mOneShotSleepCount 0
04-27 13:36:33.684 I/Camera  ( 1670): handleMessage: 16
04-27 13:36:33.697 W/TwinMgr (  491): [TwinInfo_update] WARNING: [TwinInfo_update][0]no deque on AFO over 64 frames
04-27 13:36:33.701 W/MtkCam/BufferProvider_P(  491): [Hal:Image:yuvFD][dequeStreamBuffer] Cannot acquire from pool. Something wrong... SOS
04-27 13:36:33.702 W/TuningMgr(  491): TuningMgr[updateEngine] WARNING: [temp log] AF enable(0_0x100802e0_0x8001e0)
04-27 13:36:33.704 E/SurfaceFlinger(  385): getUniqueId not supported on VirtualDisplaySurface
04-27 13:36:33.707 E/SurfaceFlinger(  385): getUniqueId not supported on VirtualDisplaySurface
04-27 13:36:33.709 D/BufferQueueProducer(  489): [GraphicBufferSource](this:0xe6c62000,id:0,api:1,p:489,c:489) cancelBuffer: slot 0
04-27 13:36:33.721 I/MtkCam/PrvCB(  491): (2420)[onClientThreadLoop] mOneShotSleepCount 0
04-27 13:36:33.724 I/Camera  ( 1670): handleMessage: 16
04-27 13:36:33.737 E/SurfaceFlinger(  385): getUniqueId not supported on VirtualDisplaySurface
04-27 13:36:33.737 W/TwinMgr (  491): [TwinInfo_update] WARNING: [TwinInfo_update][0]no deque on AFO over 64 frames
04-27 13:36:33.739 E/SurfaceFlinger(  385): getUniqueId not supported on VirtualDisplaySurface
04-27 13:36:33.741 W/MtkCam/BufferProvider_P(  491): [Hal:Image:yuvFD][dequeStreamBuffer] Cannot acquire from pool. Something wrong... SOS
04-27 13:36:33.742 D/BufferQueueProducer(  489): [GraphicBufferSource](this:0xe6c62000,id:0,api:1,p:489,c:489) cancelBuffer: slot 1
04-27 13:36:33.743 W/TuningMgr(  491): TuningMgr[updateEngine] WARNING: [temp log] AF enable(0_0x100802e0_0x8001e0)
04-27 13:36:33.761 I/MtkCam/PrvCB(  491): (2420)[onClientThreadLoop] mOneShotSleepCount 0
04-27 13:36:33.765 I/Camera  ( 1670): handleMessage: 16
04-27 13:36:33.770 E/SurfaceFlinger(  385): getUniqueId not supported on VirtualDisplaySurface
04-27 13:36:33.773 E/SurfaceFlinger(  385): getUniqueId not supported on VirtualDisplaySurface
04-27 13:36:33.775 D/BufferQueueProducer(  489): [GraphicBufferSource](this:0xe6c62000,id:0,api:1,p:489,c:489) cancelBuffer: slot 0
04-27 13:36:33.777 W/TwinMgr (  491): [TwinInfo_update] WARNING: [TwinInfo_update][0]no deque on AFO over 64 frames
04-27 13:36:33.780 W/MtkCam/BufferProvider_P(  491): [Hal:Image:yuvFD][dequeStreamBuffer] Cannot acquire from pool. Something wrong... SOS
04-27 13:36:33.783 W/TuningMgr(  491): TuningMgr[updateEngine] WARNING: [temp log] AF enable(0_0x100802e0_0x8001e0)
04-27 13:36:33.801 I/MtkCam/PrvCB(  491): (2420)[onClientThreadLoop] mOneShotSleepCount 0
04-27 13:36:33.804 I/Camera  ( 1670): handleMessage: 16
04-27 13:36:33.817 W/TwinMgr (  491): [TwinInfo_update] WARNING: [TwinInfo_update][0]no deque on AFO over 64 frames
04-27 13:36:33.819 W/MtkCam/BufferProvider_P(  491): [Hal:Image:yuvFD][dequeStreamBuffer] Cannot acquire from pool. Something wrong... SOS
04-27 13:36:33.820 E/SurfaceFlinger(  385): getUniqueId not supported on VirtualDisplaySurface
04-27 13:36:33.822 E/SurfaceFlinger(  385): getUniqueId not supported on VirtualDisplaySurface
04-27 13:36:33.823 W/TuningMgr(  491): TuningMgr[updateEngine] WARNING: [temp log] AF enable(0_0x100802e0_0x8001e0)
04-27 13:36:33.825 D/BufferQueueProducer(  489): [GraphicBufferSource](this:0xe6c62000,id:0,api:1,p:489,c:489) cancelBuffer: slot 1
04-27 13:36:33.840 I/MtkCam/PrvCB(  491): (2420)[onClientThreadLoop] mOneShotSleepCount 0
04-27 13:36:33.843 I/Camera  ( 1670): handleMessage: 16
04-27 13:36:33.853 E/SurfaceFlinger(  385): getUniqueId not supported on VirtualDisplaySurface
04-27 13:36:33.855 E/SurfaceFlinger(  385): getUniqueId not supported on VirtualDisplaySurface
04-27 13:36:33.857 D/BufferQueueProducer(  489): [GraphicBufferSource](this:0xe6c62000,id:0,api:1,p:489,c:489) cancelBuffer: slot 0
04-27 13:36:33.858 W/TwinMgr (  491): [TwinInfo_update] WARNING: [TwinInfo_update][0]no deque on AFO over 64 frames
04-27 13:36:33.861 W/MtkCam/BufferProvider_P(  491): [Hal:Image:yuvFD][dequeStreamBuffer] Cannot acquire from pool. Something wrong... SOS
04-27 13:36:33.864 W/TuningMgr(  491): TuningMgr[updateEngine] WARNING: [temp log] AF enable(0_0x100802e0_0x8001e0)
04-27 13:36:33.881 I/MtkCam/PrvCB(  491): (2420)[onClientThreadLoop] mOneShotSleepCount 0
04-27 13:36:33.885 I/Camera  ( 1670): handleMessage: 16
04-27 13:36:33.898 W/TwinMgr (  491): [TwinInfo_update] WARNING: [TwinInfo_update][0]no deque on AFO over 64 frames
04-27 13:36:33.903 E/SurfaceFlinger(  385): getUniqueId not supported on VirtualDisplaySurface
04-27 13:36:33.903 W/TuningMgr(  491): TuningMgr[updateEngine] WARNING: [temp log] AF enable(0_0x100802e0_0x8001e0)
04-27 13:36:33.904 W/MtkCam/BufferProvider_P(  491): [Hal:Image:yuvFD][dequeStreamBuffer] Cannot acquire from pool. Something wrong... SOS
04-27 13:36:33.906 E/SurfaceFlinger(  385): getUniqueId not supported on VirtualDisplaySurface
04-27 13:36:33.908 D/BufferQueueProducer(  489): [GraphicBufferSource](this:0xe6c62000,id:0,api:1,p:489,c:489) cancelBuffer: slot 1
04-27 13:36:33.924 I/MtkCam/PrvCB(  491): (2420)[onClientThreadLoop] mOneShotSleepCount 0
04-27 13:36:33.924 D/GB28181 ( 1670): >>>>>>>>=====D:/camera_live/app/src/main/cpp/libgb28181/sip/sip_timer.cpp[208]==========
04-27 13:36:33.924 D/GB28181 ( 1670): #sip_rev接收服务器到SIP消息:msg_buf[(null)]
04-27 13:36:33.924 D/GB28181 ( 1670): #########################stm.msg_src=[2],
04-27 13:36:33.929 I/MtkCam/PrvCB(  491): (2420)[onClientThreadLoop] mOneShotSleepCount 1
04-27 13:36:33.932 I/System.out( 1670): GB28181--->>>-----C++回调java:状态回调 回调函数--- sysState:2 connState:2heartbeatExceptionCount:0 liveState:0 talkState:0 videotapeState:0videotapedownloadState:0---------------------
04-27 13:36:33.933 E/Gb28181Local( 1670): onStateUpdate sysState:2,connState:2,heartbeatExceptionCount:0,liveState:0,talkState:0,videotapeState:0,videotapeDownloadState:0
04-27 13:36:33.934 D/GB28181 ( 1670): #sip_rev------>>>接收服务器SIP消息来源:定时消息 SIP_TIMER_SRC ，收到服务器心跳反馈  
04-27 13:36:33.934 D/GB28181 ( 1670): 
04-27 13:36:33.934 D/GB28181 ( 1670): 
04-27 13:36:33.934 D/GB28181 ( 1670): cur_time=34  (p_user->last_rx_time + g_gb28181_cfg.heartbeat_interval) =45 
04-27 13:36:33.934 D/GB28181 ( 1670): cur_time=34  (p_user->last_rx_time + g_gb28181_cfg.heartbeat_interval) =45 
04-27 13:36:33.934 D/GB28181 ( 1670): --sip_task---->>> hsip.net_rx_flag===1 
04-27 13:36:33.935 I/MtkCam/PrvCB(  491): (2420)[onClientThreadLoop] mOneShotSleepCount 2
04-27 13:36:33.935 I/Camera  ( 1670): handleMessage: 16
04-27 13:36:33.936 E/SurfaceFlinger(  385): getUniqueId not supported on VirtualDisplaySurface
04-27 13:36:33.938 W/TwinMgr (  491): [TwinInfo_update] WARNING: [TwinInfo_update][0]no deque on AFO over 64 frames
04-27 13:36:33.939 E/SurfaceFlinger(  385): getUniqueId not supported on VirtualDisplaySurface
04-27 13:36:33.941 D/BufferQueueProducer(  489): [GraphicBufferSource](this:0xe6c62000,id:0,api:1,p:489,c:489) cancelBuffer: slot 0
04-27 13:36:33.945 W/MtkCam/BufferProvider_P(  491): [Hal:Image:yuvFD][dequeStreamBuffer] Cannot acquire from pool. Something wrong... SOS
04-27 13:36:33.946 W/TuningMgr(  491): TuningMgr[updateEngine] WARNING: [temp log] AF enable(0_0x100802e0_0x8001e0)
04-27 13:36:33.950 E/DCWLog-dcwVochatService( 1670): appRunning: true,app isForeground: false
04-27 13:36:33.950 E/DCWLog-dcwVochatService( 1670): printMemAndCpuInfo maxMemory 536870912 ,totalFree 528727176
04-27 13:36:33.964 I/MtkCam/PrvCB(  491): (2420)[onClientThreadLoop] mOneShotSleepCount 0
04-27 13:36:33.967 I/Camera  ( 1670): handleMessage: 16
04-27 13:36:33.978 W/TwinMgr (  491): [TwinInfo_update] WARNING: [TwinInfo_update][0]no deque on AFO over 64 frames
04-27 13:36:33.980 W/MtkCam/BufferProvider_P(  491): [Hal:Image:yuvFD][dequeStreamBuffer] Cannot acquire from pool. Something wrong... SOS
04-27 13:36:33.984 W/TuningMgr(  491): TuningMgr[updateEngine] WARNING: [temp log] AF enable(0_0x100802e0_0x8001e0)
04-27 13:36:33.985 E/SurfaceFlinger(  385): getUniqueId not supported on VirtualDisplaySurface
04-27 13:36:33.988 E/SurfaceFlinger(  385): getUniqueId not supported on VirtualDisplaySurface
04-27 13:36:33.990 D/BufferQueueProducer(  489): [GraphicBufferSource](this:0xe6c62000,id:0,api:1,p:489,c:489) cancelBuffer: slot 1
04-27 13:36:34.004 I/MtkCam/PrvCB(  491): (2420)[onClientThreadLoop] mOneShotSleepCount 0
04-27 13:36:34.008 I/Camera  ( 1670): handleMessage: 16
04-27 13:36:34.018 W/TwinMgr (  491): [TwinInfo_update] WARNING: [TwinInfo_update][0]no deque on AFO over 64 frames
04-27 13:36:34.018 E/SurfaceFlinger(  385): getUniqueId not supported on VirtualDisplaySurface
04-27 13:36:34.021 E/SurfaceFlinger(  385): getUniqueId not supported on VirtualDisplaySurface
04-27 13:36:34.022 W/MtkCam/BufferProvider_P(  491): [Hal:Image:yuvFD][dequeStreamBuffer] Cannot acquire from pool. Something wrong... SOS
04-27 13:36:34.023 D/BufferQueueProducer(  489): [GraphicBufferSource](this:0xe6c62000,id:0,api:1,p:489,c:489) cancelBuffer: slot 0
04-27 13:36:34.026 W/TuningMgr(  491): TuningMgr[updateEngine] WARNING: [temp log] AF enable(0_0x100802e0_0x8001e0)
04-27 13:36:34.044 I/MtkCam/PrvCB(  491): (2420)[onClientThreadLoop] mOneShotSleepCount 0
04-27 13:36:34.048 I/Camera  ( 1670): handleMessage: 16
04-27 13:36:34.049 I/MtkCam/PrvCB(  491): (2420)[onClientThreadLoop] mOneShotSleepCount 1
04-27 13:36:34.052 E/SurfaceFlinger(  385): getUniqueId not supported on VirtualDisplaySurface
04-27 13:36:34.054 E/SurfaceFlinger(  385): getUniqueId not supported on VirtualDisplaySurface
04-27 13:36:34.056 D/BufferQueueProducer(  489): [GraphicBufferSource](this:0xe6c62000,id:0,api:1,p:489,c:489) cancelBuffer: slot 1
04-27 13:36:34.058 W/TwinMgr (  491): [TwinInfo_update] WARNING: [TwinInfo_update][0]no deque on AFO over 64 frames
04-27 13:36:34.060 W/MtkCam/BufferProvider_P(  491): [Hal:Image:yuvFD][dequeStreamBuffer] Cannot acquire from pool. Something wrong... SOS
04-27 13:36:34.063 W/TuningMgr(  491): TuningMgr[updateEngine] WARNING: [temp log] AF enable(0_0x100802e0_0x8001e0)
04-27 13:36:34.083 I/MtkCam/PrvCB(  491): (2420)[onClientThreadLoop] mOneShotSleepCount 0
04-27 13:36:34.089 I/MtkCam/PrvCB(  491): (2420)[onClientThreadLoop] mOneShotSleepCount 1
04-27 13:36:34.089 I/Camera  ( 1670): handleMessage: 16
04-27 13:36:34.098 W/TwinMgr (  491): [TwinInfo_update] WARNING: [TwinInfo_update][0]no deque on AFO over 64 frames
04-27 13:36:34.102 E/SurfaceFlinger(  385): getUniqueId not supported on VirtualDisplaySurface
04-27 13:36:34.104 W/TuningMgr(  491): TuningMgr[updateEngine] WARNING: [temp log] AF enable(0_0x100802e0_0x8001e0)
04-27 13:36:34.104 E/SurfaceFlinger(  385): getUniqueId not supported on VirtualDisplaySurface
04-27 13:36:34.105 W/MtkCam/BufferProvider_P(  491): [Hal:Image:yuvFD][dequeStreamBuffer] Cannot acquire from pool. Something wrong... SOS
04-27 13:36:34.107 D/BufferQueueProducer(  489): [GraphicBufferSource](this:0xe6c62000,id:0,api:1,p:489,c:489) cancelBuffer: slot 0
04-27 13:36:34.124 I/MtkCam/PrvCB(  491): [performPreviewCallback] fps: 24.891485 = 50 / 2008719077 ns
04-27 13:36:34.127 I/MtkCam/PrvCB(  491): (2420)[onClientThreadLoop] mOneShotSleepCount 0
04-27 13:36:34.131 I/Camera  ( 1670): handleMessage: 16
04-27 13:36:34.132 I/MtkCam/PrvCB(  491): (2420)[onClientThreadLoop] mOneShotSleepCount 1
04-27 13:36:34.135 E/SurfaceFlinger(  385): getUniqueId not supported on VirtualDisplaySurface
04-27 13:36:34.137 E/SurfaceFlinger(  385): getUniqueId not supported on VirtualDisplaySurface
04-27 13:36:34.139 W/TwinMgr (  491): [TwinInfo_update] WARNING: [TwinInfo_update][0]no deque on AFO over 64 frames
04-27 13:36:34.139 D/BufferQueueProducer(  489): [GraphicBufferSource](this:0xe6c62000,id:0,api:1,p:489,c:489) cancelBuffer: slot 1
04-27 13:36:34.142 W/MtkCam/BufferProvider_P(  491): [Hal:Image:yuvFD][dequeStreamBuffer] Cannot acquire from pool. Something wrong... SOS
04-27 13:36:34.143 D/MPE     (  469): mtk_gps_mnl_trigger_mpe: mpemsg len=0
04-27 13:36:34.144 W/TuningMgr(  491): TuningMgr[updateEngine] WARNING: [temp log] AF enable(0_0x100802e0_0x8001e0)
04-27 13:36:34.156 D/MPE     (  469): mtk_gps_mnl_trigger_mpe: mpemsg len=0
04-27 13:36:34.161 D/pseudo  (  469): mtk_gps_sys_nmea_output_to_mnld: received 770 bytes:
04-27 13:36:34.162 D/pseudo  (  469): mtk_gps_sys_nmea_output_to_app: len:770, [NMEA]$GNGGA,080937.01...
04-27 13:36:34.162 D/gps_controlller(  469): mtk_gps_sys_gps_mnl_callback: msg:0
04-27 13:36:34.162 D/gps_controlller(  469): send_active_notify: send clean nmea timer cmd!
04-27 13:36:34.163 D/gps_controlller(  469): mtk_gps_sys_gps_mnl_callback: MTK_GPS_MSG_FIX_READY,GET_RTC_FAIL
04-27 13:36:34.163 D/pseudo  (  469): mtk_gps_sys_nmea_output_to_app: len:46, [vAGPS_Auto_Req]:g_FirstDbtt:0,u2BitMap:0x12f
04-27 13:36:34.163 D/gps_controlller(  469): gps_control_thread: gps_control_thread wait
04-27 13:36:34.166 I/MtkCam/PrvCB(  491): (2420)[onClientThreadLoop] mOneShotSleepCount 0
04-27 13:36:34.167 D/agps    (  498): [agps][n][AGPS] [MNL] write  pmtk  [$PMTK680,1,FFFFEFDB*08
04-27 13:36:34.167 D/agps    (  498):  ]
04-27 13:36:34.169 I/Camera  ( 1670): handleMessage: 16
04-27 13:36:34.178 W/TwinMgr (  491): [TwinInfo_update] WARNING: [TwinInfo_update][0]no deque on AFO over 64 frames
04-27 13:36:34.183 W/MtkCam/BufferProvider_P(  491): [Hal:Image:yuvFD][dequeStreamBuffer] Cannot acquire from pool. Something wrong... SOS
04-27 13:36:34.184 W/TuningMgr(  491): TuningMgr[updateEngine] WARNING: [temp log] AF enable(0_0x100802e0_0x8001e0)
04-27 13:36:34.185 E/SurfaceFlinger(  385): getUniqueId not supported on VirtualDisplaySurface
04-27 13:36:34.187 E/SurfaceFlinger(  385): getUniqueId not supported on VirtualDisplaySurface
04-27 13:36:34.190 D/BufferQueueProducer(  489): [GraphicBufferSource](this:0xe6c62000,id:0,api:1,p:489,c:489) cancelBuffer: slot 0
04-27 13:36:34.206 I/MtkCam/PrvCB(  491): (2420)[onClientThreadLoop] mOneShotSleepCount 0
04-27 13:36:34.211 I/MtkCam/PrvCB(  491): (2420)[onClientThreadLoop] mOneShotSleepCount 1
04-27 13:36:34.213 I/Camera  ( 1670): handleMessage: 16
04-27 13:36:34.217 E/SurfaceFlinger(  385): getUniqueId not supported on VirtualDisplaySurface
04-27 13:36:34.218 W/TwinMgr (  491): [TwinInfo_update] WARNING: [TwinInfo_update][0]no deque on AFO over 64 frames
04-27 13:36:34.219 E/SurfaceFlinger(  385): getUniqueId not supported on VirtualDisplaySurface
04-27 13:36:34.222 D/BufferQueueProducer(  489): [GraphicBufferSource](this:0xe6c62000,id:0,api:1,p:489,c:489) cancelBuffer: slot 1
04-27 13:36:34.223 W/MtkCam/BufferProvider_P(  491): [Hal:Image:yuvFD][dequeStreamBuffer] Cannot acquire from pool. Something wrong... SOS
04-27 13:36:34.224 W/TuningMgr(  491): TuningMgr[updateEngine] WARNING: [temp log] AF enable(0_0x100802e0_0x8001e0)
04-27 13:36:34.245 I/MtkCam/PrvCB(  491): (2420)[onClientThreadLoop] mOneShotSleepCount 0
04-27 13:36:34.249 I/Camera  ( 1670): handleMessage: 16
04-27 13:36:34.258 W/TwinMgr (  491): [TwinInfo_update] WARNING: [TwinInfo_update][0]no deque on AFO over 64 frames
04-27 13:36:34.262 W/MtkCam/BufferProvider_P(  491): [Hal:Image:yuvFD][dequeStreamBuffer] Cannot acquire from pool. Something wrong... SOS
04-27 13:36:34.264 W/TuningMgr(  491): TuningMgr[updateEngine] WARNING: [temp log] AF enable(0_0x100802e0_0x8001e0)
04-27 13:36:34.267 E/SurfaceFlinger(  385): getUniqueId not supported on VirtualDisplaySurface
04-27 13:36:34.270 E/SurfaceFlinger(  385): getUniqueId not supported on VirtualDisplaySurface
04-27 13:36:34.272 D/BufferQueueProducer(  489): [GraphicBufferSource](this:0xe6c62000,id:0,api:1,p:489,c:489) cancelBuffer: slot 0
04-27 13:36:34.273 I/MtkCam/Utils(  491): {CamProfile}[DisplayClient::dequePrvOps] dequeue_buffer > 30ms: (0-th) ===> (overtime > 30 ms) [start-->now: 32 ms]
04-27 13:36:34.286 I/MtkCam/PrvCB(  491): (2420)[onClientThreadLoop] mOneShotSleepCount 0
04-27 13:36:34.291 I/MtkCam/PrvCB(  491): (2420)[onClientThreadLoop] mOneShotSleepCount 1
04-27 13:36:34.293 I/Camera  ( 1670): handleMessage: 16
04-27 13:36:34.298 W/TwinMgr (  491): [TwinInfo_update] WARNING: [TwinInfo_update][0]no deque on AFO over 64 frames
04-27 13:36:34.300 E/SurfaceFlinger(  385): getUniqueId not supported on VirtualDisplaySurface
04-27 13:36:34.303 E/SurfaceFlinger(  385): getUniqueId not supported on VirtualDisplaySurface
04-27 13:36:34.304 W/MtkCam/BufferProvider_P(  491): [Hal:Image:yuvFD][dequeStreamBuffer] Cannot acquire from pool. Something wrong... SOS
04-27 13:36:34.304 W/TuningMgr(  491): TuningMgr[updateEngine] WARNING: [temp log] AF enable(0_0x100802e0_0x8001e0)
04-27 13:36:34.305 D/BufferQueueProducer(  489): [GraphicBufferSource](this:0xe6c62000,id:0,api:1,p:489,c:489) cancelBuffer: slot 1
04-27 13:36:34.325 I/MtkCam/PrvCB(  491): (2420)[onClientThreadLoop] mOneShotSleepCount 0
04-27 13:36:34.329 I/Camera  ( 1670): handleMessage: 16
04-27 13:36:34.333 E/SurfaceFlinger(  385): getUniqueId not supported on VirtualDisplaySurface
04-27 13:36:34.336 E/SurfaceFlinger(  385): getUniqueId not supported on VirtualDisplaySurface
04-27 13:36:34.338 D/BufferQueueProducer(  489): [GraphicBufferSource](this:0xe6c62000,id:0,api:1,p:489,c:489) cancelBuffer: slot 0
04-27 13:36:34.339 W/TwinMgr (  491): [TwinInfo_update] WARNING: [TwinInfo_update][0]no deque on AFO over 64 frames
04-27 13:36:34.344 W/TuningMgr(  491): TuningMgr[updateEngine] WARNING: [temp log] AF enable(0_0x100802e0_0x8001e0)
04-27 13:36:34.345 W/MtkCam/BufferProvider_P(  491): [Hal:Image:yuvFD][dequeStreamBuffer] Cannot acquire from pool. Something wrong... SOS
04-27 13:36:34.365 I/MtkCam/PrvCB(  491): (2420)[onClientThreadLoop] mOneShotSleepCount 0
04-27 13:36:34.369 I/Camera  ( 1670): handleMessage: 16
04-27 13:36:34.379 W/TwinMgr (  491): [TwinInfo_update] WARNING: [TwinInfo_update][0]no deque on AFO over 64 frames
04-27 13:36:34.383 W/MtkCam/BufferProvider_P(  491): [Hal:Image:yuvFD][dequeStreamBuffer] Cannot acquire from pool. Something wrong... SOS
04-27 13:36:34.384 E/SurfaceFlinger(  385): getUniqueId not supported on VirtualDisplaySurface
04-27 13:36:34.386 W/TuningMgr(  491): TuningMgr[updateEngine] WARNING: [temp log] AF enable(0_0x100802e0_0x8001e0)
04-27 13:36:34.387 E/SurfaceFlinger(  385): getUniqueId not supported on VirtualDisplaySurface
04-27 13:36:34.389 D/BufferQueueProducer(  489): [GraphicBufferSource](this:0xe6c62000,id:0,api:1,p:489,c:489) cancelBuffer: slot 1
04-27 13:36:34.405 I/MtkCam/PrvCB(  491): (2420)[onClientThreadLoop] mOneShotSleepCount 0
04-27 13:36:34.409 I/Camera  ( 1670): handleMessage: 16
04-27 13:36:34.416 E/SurfaceFlinger(  385): getUniqueId not supported on VirtualDisplaySurface
04-27 13:36:34.418 E/SurfaceFlinger(  385): getUniqueId not supported on VirtualDisplaySurface
04-27 13:36:34.419 W/TwinMgr (  491): [TwinInfo_update] WARNING: [TwinInfo_update][0]no deque on AFO over 64 frames
04-27 13:36:34.421 D/BufferQueueProducer(  489): [GraphicBufferSource](this:0xe6c62000,id:0,api:1,p:489,c:489) cancelBuffer: slot 0
04-27 13:36:34.422 W/MtkCam/BufferProvider_P(  491): [Hal:Image:yuvFD][dequeStreamBuffer] Cannot acquire from pool. Something wrong... SOS
04-27 13:36:34.427 W/TuningMgr(  491): TuningMgr[updateEngine] WARNING: [temp log] AF enable(0_0x100802e0_0x8001e0)
04-27 13:36:34.445 I/MtkCam/PrvCB(  491): (2420)[onClientThreadLoop] mOneShotSleepCount 0
04-27 13:36:34.448 I/Camera  ( 1670): handleMessage: 16
04-27 13:36:34.459 W/TwinMgr (  491): [TwinInfo_update] WARNING: [TwinInfo_update][0]no deque on AFO over 64 frames
04-27 13:36:34.461 W/MtkCam/BufferProvider_P(  491): [Hal:Image:yuvFD][dequeStreamBuffer] Cannot acquire from pool. Something wrong... SOS
04-27 13:36:34.464 W/TuningMgr(  491): TuningMgr[updateEngine] WARNING: [temp log] AF enable(0_0x100802e0_0x8001e0)
04-27 13:36:34.466 E/SurfaceFlinger(  385): getUniqueId not supported on VirtualDisplaySurface
04-27 13:36:34.469 E/SurfaceFlinger(  385): getUniqueId not supported on VirtualDisplaySurface
04-27 13:36:34.471 D/BufferQueueProducer(  489): [GraphicBufferSource](this:0xe6c62000,id:0,api:1,p:489,c:489) cancelBuffer: slot 1
04-27 13:36:34.472 I/MtkCam/Utils(  491): {CamProfile}[DisplayClient::dequePrvOps] dequeue_buffer > 30ms: (0-th) ===> (overtime > 30 ms) [start-->now: 32 ms]
04-27 13:36:34.485 I/MtkCam/PrvCB(  491): (2420)[onClientThreadLoop] mOneShotSleepCount 0
04-27 13:36:34.489 I/Camera  ( 1670): handleMessage: 16
04-27 13:36:34.499 W/TwinMgr (  491): [TwinInfo_update] WARNING: [TwinInfo_update][0]no deque on AFO over 64 frames
04-27 13:36:34.499 E/SurfaceFlinger(  385): getUniqueId not supported on VirtualDisplaySurface
04-27 13:36:34.502 W/MtkCam/BufferProvider_P(  491): [Hal:Image:yuvFD][dequeStreamBuffer] Cannot acquire from pool. Something wrong... SOS
04-27 13:36:34.502 E/SurfaceFlinger(  385): getUniqueId not supported on VirtualDisplaySurface
04-27 13:36:34.504 W/TuningMgr(  491): TuningMgr[updateEngine] WARNING: [temp log] AF enable(0_0x100802e0_0x8001e0)
04-27 13:36:34.505 D/BufferQueueProducer(  489): [GraphicBufferSource](this:0xe6c62000,id:0,api:1,p:489,c:489) cancelBuffer: slot 0
04-27 13:36:34.525 I/MtkCam/PrvCB(  491): (2420)[onClientThreadLoop] mOneShotSleepCount 0
04-27 13:36:34.528 I/Camera  ( 1670): handleMessage: 16
04-27 13:36:34.533 E/SurfaceFlinger(  385): getUniqueId not supported on VirtualDisplaySurface
04-27 13:36:34.535 E/SurfaceFlinger(  385): getUniqueId not supported on VirtualDisplaySurface
04-27 13:36:34.538 D/BufferQueueProducer(  489): [GraphicBufferSource](this:0xe6c62000,id:0,api:1,p:489,c:489) cancelBuffer: slot 1
04-27 13:36:34.539 W/TwinMgr (  491): [TwinInfo_update] WARNING: [TwinInfo_update][0]no deque on AFO over 64 frames
04-27 13:36:34.541 W/MtkCam/BufferProvider_P(  491): [Hal:Image:yuvFD][dequeStreamBuffer] Cannot acquire from pool. Something wrong... SOS
04-27 13:36:34.544 W/TuningMgr(  491): TuningMgr[updateEngine] WARNING: [temp log] AF enable(0_0x100802e0_0x8001e0)
04-27 13:36:34.558 I/BufferQueueProducer(  385): [SurfaceView - #0](this:0x7efed64800,id:12,api:4,p:474,c:385) queueBuffer: fps=24.95 dur=1002.02 max=48.11 min=34.28
04-27 13:36:34.565 I/MtkCam/PrvCB(  491): (2420)[onClientThreadLoop] mOneShotSleepCount 0
04-27 13:36:34.569 I/Camera  ( 1670): handleMessage: 16
04-27 13:36:34.570 I/MtkCam/PrvCB(  491): (2420)[onClientThreadLoop] mOneShotSleepCount 1
04-27 13:36:34.579 W/TwinMgr (  491): [TwinInfo_update] WARNING: [TwinInfo_update][0]no deque on AFO over 64 frames
04-27 13:36:34.582 W/MtkCam/BufferProvider_P(  491): [Hal:Image:yuvFD][dequeStreamBuffer] Cannot acquire from pool. Something wrong... SOS
04-27 13:36:34.582 E/SurfaceFlinger(  385): getUniqueId not supported on VirtualDisplaySurface
04-27 13:36:34.584 E/SurfaceFlinger(  385): getUniqueId not supported on VirtualDisplaySurface
04-27 13:36:34.585 W/TuningMgr(  491): TuningMgr[updateEngine] WARNING: [temp log] AF enable(0_0x100802e0_0x8001e0)
04-27 13:36:34.587 D/BufferQueueProducer(  489): [GraphicBufferSource](this:0xe6c62000,id:0,api:1,p:489,c:489) cancelBuffer: slot 0
04-27 13:36:34.604 I/MtkCam/PrvCB(  491): (2420)[onClientThreadLoop] mOneShotSleepCount 0
04-27 13:36:34.608 I/Camera  ( 1670): handleMessage: 16
04-27 13:36:34.615 E/SurfaceFlinger(  385): getUniqueId not supported on VirtualDisplaySurface
04-27 13:36:34.617 E/SurfaceFlinger(  385): getUniqueId not supported on VirtualDisplaySurface
04-27 13:36:34.619 W/TwinMgr (  491): [TwinInfo_update] WARNING: [TwinInfo_update][0]no deque on AFO over 64 frames
04-27 13:36:34.619 D/BufferQueueProducer(  489): [GraphicBufferSource](this:0xe6c62000,id:0,api:1,p:489,c:489) cancelBuffer: slot 1
04-27 13:36:34.622 W/MtkCam/BufferProvider_P(  491): [Hal:Image:yuvFD][dequeStreamBuffer] Cannot acquire from pool. Something wrong... SOS
04-27 13:36:34.624 W/TuningMgr(  491): TuningMgr[updateEngine] WARNING: [temp log] AF enable(0_0x100802e0_0x8001e0)
04-27 13:36:34.637 I/MtkCam/DisplayClient(  491): [DisplayClient::enquePrvOps] fps: 24.937090 = 50 / 2005045385 ns
04-27 13:36:34.644 I/MtkCam/PrvCB(  491): (2420)[onClientThreadLoop] mOneShotSleepCount 0
04-27 13:36:34.649 I/Camera  ( 1670): handleMessage: 16
04-27 13:36:34.659 W/TwinMgr (  491): [TwinInfo_update] WARNING: [TwinInfo_update][0]no deque on AFO over 64 frames
04-27 13:36:34.665 E/SurfaceFlinger(  385): getUniqueId not supported on VirtualDisplaySurface
04-27 13:36:34.666 W/MtkCam/BufferProvider_P(  491): [Hal:Image:yuvFD][dequeStreamBuffer] Cannot acquire from pool. Something wrong... SOS
04-27 13:36:34.667 E/SurfaceFlinger(  385): getUniqueId not supported on VirtualDisplaySurface
04-27 13:36:34.669 I/DisplayDevice(  385): [stdout (type:2)] fps:24.894741,dur:1044.40,max:51.05,min:31.53
04-27 13:36:34.670 W/TuningMgr(  491): TuningMgr[updateEngine] WARNING: [temp log] AF enable(0_0x100802e0_0x8001e0)
04-27 13:36:34.670 D/BufferQueueProducer(  489): [GraphicBufferSource](this:0xe6c62000,id:0,api:1,p:489,c:489) cancelBuffer: slot 0
04-27 13:36:34.672 I/MtkCam/Utils(  491): {CamProfile}[DisplayClient::dequePrvOps] dequeue_buffer > 30ms: (0-th) ===> (overtime > 30 ms) [start-->now: 31 ms]
04-27 13:36:34.687 I/MtkCam/PrvCB(  491): (2420)[onClientThreadLoop] mOneShotSleepCount 0
04-27 13:36:34.691 I/Camera  ( 1670): handleMessage: 16
04-27 13:36:34.698 E/SurfaceFlinger(  385): getUniqueId not supported on VirtualDisplaySurface
04-27 13:36:34.699 W/TwinMgr (  491): [TwinInfo_update] WARNING: [TwinInfo_update][0]no deque on AFO over 64 frames
04-27 13:36:34.701 E/SurfaceFlinger(  385): getUniqueId not supported on VirtualDisplaySurface
04-27 13:36:34.703 D/BufferQueueProducer(  489): [GraphicBufferSource](this:0xe6c62000,id:0,api:1,p:489,c:489) cancelBuffer: slot 1
04-27 13:36:34.706 W/TuningMgr(  491): TuningMgr[updateEngine] WARNING: [temp log] AF enable(0_0x100802e0_0x8001e0)
04-27 13:36:34.707 W/MtkCam/BufferProvider_P(  491): [Hal:Image:yuvFD][dequeStreamBuffer] Cannot acquire from pool. Something wrong... SOS
04-27 13:36:34.727 I/MtkCam/PrvCB(  491): (2420)[onClientThreadLoop] mOneShotSleepCount 0
04-27 13:36:34.730 I/Camera  ( 1670): handleMessage: 16
04-27 13:36:34.739 W/TwinMgr (  491): [TwinInfo_update] WARNING: [TwinInfo_update][0]no deque on AFO over 64 frames
04-27 13:36:34.743 W/MtkCam/BufferProvider_P(  491): [Hal:Image:yuvFD][dequeStreamBuffer] Cannot acquire from pool. Something wrong... SOS
04-27 13:36:34.746 W/TuningMgr(  491): TuningMgr[updateEngine] WARNING: [temp log] AF enable(0_0x100802e0_0x8001e0)
04-27 13:36:34.749 E/SurfaceFlinger(  385): getUniqueId not supported on VirtualDisplaySurface
04-27 13:36:34.752 E/SurfaceFlinger(  385): getUniqueId not supported on VirtualDisplaySurface
04-27 13:36:34.754 D/BufferQueueProducer(  489): [GraphicBufferSource](this:0xe6c62000,id:0,api:1,p:489,c:489) cancelBuffer: slot 0
04-27 13:36:34.756 I/MtkCam/Utils(  491): {CamProfile}[DisplayClient::dequePrvOps] dequeue_buffer > 30ms: (0-th) ===> (overtime > 30 ms) [start-->now: 31 ms]
04-27 13:36:34.766 I/MtkCam/PrvCB(  491): (2420)[onClientThreadLoop] mOneShotSleepCount 0
04-27 13:36:34.770 I/Camera  ( 1670): handleMessage: 16
04-27 13:36:34.780 W/TwinMgr (  491): [TwinInfo_update] WARNING: [TwinInfo_update][0]no deque on AFO over 64 frames
04-27 13:36:34.781 W/MtkCam/BufferProvider_P(  491): [Hal:Image:yuvFD][dequeStreamBuffer] Cannot acquire from pool. Something wrong... SOS
04-27 13:36:34.781 E/SurfaceFlinger(  385): getUniqueId not supported on VirtualDisplaySurface
04-27 13:36:34.784 E/SurfaceFlinger(  385): getUniqueId not supported on VirtualDisplaySurface
04-27 13:36:34.785 W/TuningMgr(  491): TuningMgr[updateEngine] WARNING: [temp log] AF enable(0_0x100802e0_0x8001e0)
04-27 13:36:34.786 D/BufferQueueProducer(  489): [GraphicBufferSource](this:0xe6c62000,id:0,api:1,p:489,c:489) cancelBuffer: slot 1
04-27 13:36:34.806 I/MtkCam/PrvCB(  491): (2420)[onClientThreadLoop] mOneShotSleepCount 0
04-27 13:36:34.811 I/Camera  ( 1670): handleMessage: 16
04-27 13:36:34.815 E/SurfaceFlinger(  385): getUniqueId not supported on VirtualDisplaySurface
04-27 13:36:34.817 E/SurfaceFlinger(  385): getUniqueId not supported on VirtualDisplaySurface
04-27 13:36:34.820 D/BufferQueueProducer(  489): [GraphicBufferSource](this:0xe6c62000,id:0,api:1,p:489,c:489) cancelBuffer: slot 0
04-27 13:36:34.820 W/TwinMgr (  491): [TwinInfo_update] WARNING: [TwinInfo_update][0]no deque on AFO over 64 frames
04-27 13:36:34.822 W/MtkCam/BufferProvider_P(  491): [Hal:Image:yuvFD][dequeStreamBuffer] Cannot acquire from pool. Something wrong... SOS
04-27 13:36:34.825 W/TuningMgr(  491): TuningMgr[updateEngine] WARNING: [temp log] AF enable(0_0x100802e0_0x8001e0)
04-27 13:36:34.847 I/MtkCam/PrvCB(  491): (2420)[onClientThreadLoop] mOneShotSleepCount 0
04-27 13:36:34.851 I/Camera  ( 1670): handleMessage: 16
04-27 13:36:34.860 W/TwinMgr (  491): [TwinInfo_update] WARNING: [TwinInfo_update][0]no deque on AFO over 64 frames
04-27 13:36:34.865 W/TuningMgr(  491): TuningMgr[updateEngine] WARNING: [temp log] AF enable(0_0x100802e0_0x8001e0)
04-27 13:36:34.865 W/MtkCam/BufferProvider_P(  491): [Hal:Image:yuvFD][dequeStreamBuffer] Cannot acquire from pool. Something wrong... SOS
04-27 13:36:34.866 E/SurfaceFlinger(  385): getUniqueId not supported on VirtualDisplaySurface
04-27 13:36:34.869 E/SurfaceFlinger(  385): getUniqueId not supported on VirtualDisplaySurface
04-27 13:36:34.871 D/BufferQueueProducer(  489): [GraphicBufferSource](this:0xe6c62000,id:0,api:1,p:489,c:489) cancelBuffer: slot 1
04-27 13:36:34.873 I/MtkCam/Utils(  491): {CamProfile}[DisplayClient::dequePrvOps] dequeue_buffer > 30ms: (0-th) ===> (overtime > 30 ms) [start-->now: 32 ms]
04-27 13:36:34.886 I/MtkCam/PrvCB(  491): (2420)[onClientThreadLoop] mOneShotSleepCount 0
04-27 13:36:34.890 I/Camera  ( 1670): handleMessage: 16
04-27 13:36:34.897 E/SurfaceFlinger(  385): getUniqueId not supported on VirtualDisplaySurface
04-27 13:36:34.900 E/SurfaceFlinger(  385): getUniqueId not supported on VirtualDisplaySurface
04-27 13:36:34.900 W/TwinMgr (  491): [TwinInfo_update] WARNING: [TwinInfo_update][0]no deque on AFO over 64 frames
04-27 13:36:34.903 D/BufferQueueProducer(  489): [GraphicBufferSource](this:0xe6c62000,id:0,api:1,p:489,c:489) cancelBuffer: slot 0
04-27 13:36:34.903 W/MtkCam/BufferProvider_P(  491): [Hal:Image:yuvFD][dequeStreamBuffer] Cannot acquire from pool. Something wrong... SOS
04-27 13:36:34.905 W/TuningMgr(  491): TuningMgr[updateEngine] WARNING: [temp log] AF enable(0_0x100802e0_0x8001e0)
04-27 13:36:34.925 D/GB28181 ( 1670): >>>>>>>>=====D:/camera_live/app/src/main/cpp/libgb28181/sip/sip_timer.cpp[208]==========
04-27 13:36:34.925 D/GB28181 ( 1670): #sip_rev接收服务器到SIP消息:msg_buf[(null)]
04-27 13:36:34.926 D/GB28181 ( 1670): #########################stm.msg_src=[2],
04-27 13:36:34.926 I/MtkCam/PrvCB(  491): (2420)[onClientThreadLoop] mOneShotSleepCount 0
04-27 13:36:34.926 I/System.out( 1670): GB28181--->>>-----C++回调java:状态回调 回调函数--- sysState:2 connState:2heartbeatExceptionCount:0 liveState:0 talkState:0 videotapeState:0videotapedownloadState:0---------------------
04-27 13:36:34.927 E/Gb28181Local( 1670): onStateUpdate sysState:2,connState:2,heartbeatExceptionCount:0,liveState:0,talkState:0,videotapeState:0,videotapeDownloadState:0
04-27 13:36:34.927 D/GB28181 ( 1670): #sip_rev------>>>接收服务器SIP消息来源:定时消息 SIP_TIMER_SRC ，收到服务器心跳反馈  
04-27 13:36:34.927 D/GB28181 ( 1670): 
04-27 13:36:34.927 D/GB28181 ( 1670): 
04-27 13:36:34.927 D/GB28181 ( 1670): cur_time=35  (p_user->last_rx_time + g_gb28181_cfg.heartbeat_interval) =45 
04-27 13:36:34.927 D/GB28181 ( 1670): cur_time=35  (p_user->last_rx_time + g_gb28181_cfg.heartbeat_interval) =45 
04-27 13:36:34.928 D/GB28181 ( 1670): --sip_task---->>> hsip.net_rx_flag===1 
04-27 13:36:34.930 I/Camera  ( 1670): handleMessage: 16
04-27 13:36:34.940 W/TwinMgr (  491): [TwinInfo_update] WARNING: [TwinInfo_update][0]no deque on AFO over 64 frames
04-27 13:36:34.942 W/MtkCam/BufferProvider_P(  491): [Hal:Image:yuvFD][dequeStreamBuffer] Cannot acquire from pool. Something wrong... SOS
04-27 13:36:34.945 W/TuningMgr(  491): TuningMgr[updateEngine] WARNING: [temp log] AF enable(0_0x100802e0_0x8001e0)
04-27 13:36:34.947 E/SurfaceFlinger(  385): getUniqueId not supported on VirtualDisplaySurface
04-27 13:36:34.949 E/SurfaceFlinger(  385): getUniqueId not supported on VirtualDisplaySurface
04-27 13:36:34.950 E/DCWLog-dcwVochatService( 1670): appRunning: true,app isForeground: false
04-27 13:36:34.952 D/BufferQueueProducer(  489): [GraphicBufferSource](this:0xe6c62000,id:0,api:1,p:489,c:489) cancelBuffer: slot 1
04-27 13:36:34.953 I/MtkCam/Utils(  491): {CamProfile}[DisplayClient::dequePrvOps] dequeue_buffer > 30ms: (0-th) ===> (overtime > 30 ms) [start-->now: 32 ms]
04-27 13:36:34.966 I/MtkCam/PrvCB(  491): (2420)[onClientThreadLoop] mOneShotSleepCount 0
04-27 13:36:34.971 I/MtkCam/PrvCB(  491): (2420)[onClientThreadLoop] mOneShotSleepCount 1
04-27 13:36:34.972 I/Camera  ( 1670): handleMessage: 16
04-27 13:36:34.980 E/SurfaceFlinger(  385): getUniqueId not supported on VirtualDisplaySurface
04-27 13:36:34.980 W/TwinMgr (  491): [TwinInfo_update] WARNING: [TwinInfo_update][0]no deque on AFO over 64 frames
04-27 13:36:34.981 W/MtkCam/BufferProvider_P(  491): [Hal:Image:yuvFD][dequeStreamBuffer] Cannot acquire from pool. Something wrong... SOS
04-27 13:36:34.982 E/SurfaceFlinger(  385): getUniqueId not supported on VirtualDisplaySurface
04-27 13:36:34.985 D/BufferQueueProducer(  489): [GraphicBufferSource](this:0xe6c62000,id:0,api:1,p:489,c:489) cancelBuffer: slot 0
04-27 13:36:34.986 W/TuningMgr(  491): TuningMgr[updateEngine] WARNING: [temp log] AF enable(0_0x100802e0_0x8001e0)
04-27 13:36:35.006 I/MtkCam/PrvCB(  491): (2420)[onClientThreadLoop] mOneShotSleepCount 0
04-27 13:36:35.010 I/Camera  ( 1670): handleMessage: 16
04-27 13:36:35.020 W/TwinMgr (  491): [TwinInfo_update] WARNING: [TwinInfo_update][0]no deque on AFO over 64 frames
04-27 13:36:35.021 W/MtkCam/BufferProvider_P(  491): [Hal:Image:yuvFD][dequeStreamBuffer] Cannot acquire from pool. Something wrong... SOS
04-27 13:36:35.025 W/TuningMgr(  491): TuningMgr[updateEngine] WARNING: [temp log] AF enable(0_0x100802e0_0x8001e0)
04-27 13:36:35.030 E/SurfaceFlinger(  385): getUniqueId not supported on VirtualDisplaySurface
04-27 13:36:35.032 E/SurfaceFlinger(  385): getUniqueId not supported on VirtualDisplaySurface
04-27 13:36:35.034 D/BufferQueueProducer(  489): [GraphicBufferSource](this:0xe6c62000,id:0,api:1,p:489,c:489) cancelBuffer: slot 1
04-27 13:36:35.035 I/MtkCam/Utils(  491): {CamProfile}[DisplayClient::dequePrvOps] dequeue_buffer > 30ms: (0-th) ===> (overtime > 30 ms) [start-->now: 37 ms]
04-27 13:36:35.046 I/MtkCam/PrvCB(  491): (2420)[onClientThreadLoop] mOneShotSleepCount 0
04-27 13:36:35.051 I/Camera  ( 1670): handleMessage: 16
04-27 13:36:35.060 W/TwinMgr (  491): [TwinInfo_update] WARNING: [TwinInfo_update][0]no deque on AFO over 64 frames
04-27 13:36:35.062 W/MtkCam/BufferProvider_P(  491): [Hal:Image:yuvFD][dequeStreamBuffer] Cannot acquire from pool. Something wrong... SOS
04-27 13:36:35.063 E/SurfaceFlinger(  385): getUniqueId not supported on VirtualDisplaySurface
04-27 13:36:35.065 E/SurfaceFlinger(  385): getUniqueId not supported on VirtualDisplaySurface
04-27 13:36:35.065 W/TuningMgr(  491): TuningMgr[updateEngine] WARNING: [temp log] AF enable(0_0x100802e0_0x8001e0)
04-27 13:36:35.068 D/BufferQueueProducer(  489): [GraphicBufferSource](this:0xe6c62000,id:0,api:1,p:489,c:489) cancelBuffer: slot 0
04-27 13:36:35.087 I/MtkCam/PrvCB(  491): (2420)[onClientThreadLoop] mOneShotSleepCount 0
04-27 13:36:35.091 I/Camera  ( 1670): handleMessage: 16
04-27 13:36:35.096 E/SurfaceFlinger(  385): getUniqueId not supported on VirtualDisplaySurface
04-27 13:36:35.098 E/SurfaceFlinger(  385): getUniqueId not supported on VirtualDisplaySurface
04-27 13:36:35.100 W/TwinMgr (  491): [TwinInfo_update] WARNING: [TwinInfo_update][0]no deque on AFO over 64 frames
04-27 13:36:35.101 D/BufferQueueProducer(  489): [GraphicBufferSource](this:0xe6c62000,id:0,api:1,p:489,c:489) cancelBuffer: slot 1
04-27 13:36:35.106 W/TuningMgr(  491): TuningMgr[updateEngine] WARNING: [temp log] AF enable(0_0x100802e0_0x8001e0)
04-27 13:36:35.106 W/MtkCam/BufferProvider_P(  491): [Hal:Image:yuvFD][dequeStreamBuffer] Cannot acquire from pool. Something wrong... SOS
04-27 13:36:35.126 I/MtkCam/PrvCB(  491): (2420)[onClientThreadLoop] mOneShotSleepCount 0
04-27 13:36:35.130 I/Camera  ( 1670): handleMessage: 16
04-27 13:36:35.140 W/TwinMgr (  491): [TwinInfo_update] WARNING: [TwinInfo_update][0]no deque on AFO over 64 frames
04-27 13:36:35.143 D/MPE     (  469): mtk_gps_mnl_trigger_mpe: mpemsg len=0
04-27 13:36:35.144 W/MtkCam/BufferProvider_P(  491): [Hal:Image:yuvFD][dequeStreamBuffer] Cannot acquire from pool. Something wrong... SOS
04-27 13:36:35.146 W/TuningMgr(  491): TuningMgr[updateEngine] WARNING: [temp log] AF enable(0_0x100802e0_0x8001e0)
04-27 13:36:35.149 E/SurfaceFlinger(  385): getUniqueId not supported on VirtualDisplaySurface
04-27 13:36:35.152 E/SurfaceFlinger(  385): getUniqueId not supported on VirtualDisplaySurface
04-27 13:36:35.155 D/BufferQueueProducer(  489): [GraphicBufferSource](this:0xe6c62000,id:0,api:1,p:489,c:489) cancelBuffer: slot 0
04-27 13:36:35.156 D/MPE     (  469): mtk_gps_mnl_trigger_mpe: mpemsg len=0
04-27 13:36:35.156 I/MtkCam/Utils(  491): {CamProfile}[DisplayClient::dequePrvOps] dequeue_buffer > 30ms: (0-th) ===> (overtime > 30 ms) [start-->now: 32 ms]
04-27 13:36:35.160 D/pseudo  (  469): mtk_gps_sys_nmea_output_to_mnld: received 770 bytes:
04-27 13:36:35.161 D/pseudo  (  469): mtk_gps_sys_nmea_output_to_app: len:770, [NMEA]$GNGGA,080938.01...
04-27 13:36:35.161 D/gps_controlller(  469): mtk_gps_sys_gps_mnl_callback: msg:0
04-27 13:36:35.162 D/gps_controlller(  469): send_active_notify: send clean nmea timer cmd!
04-27 13:36:35.162 D/gps_controlller(  469): mtk_gps_sys_gps_mnl_callback: MTK_GPS_MSG_FIX_READY,GET_RTC_FAIL
04-27 13:36:35.162 D/pseudo  (  469): mtk_gps_sys_nmea_output_to_app: len:46, [vAGPS_Auto_Req]:g_FirstDbtt:0,u2BitMap:0x12f
04-27 13:36:35.162 D/gps_controlller(  469): gps_control_thread: gps_control_thread wait
04-27 13:36:35.163 D/agps    (  498): [agps][n][AGPS] [MNL] write  pmtk  [$PMTK680,1,FFFFEFE0*7B
04-27 13:36:35.163 D/agps    (  498):  ]
04-27 13:36:35.166 I/MtkCam/PrvCB(  491): (2420)[onClientThreadLoop] mOneShotSleepCount 0
04-27 13:36:35.171 I/Camera  ( 1670): handleMessage: 16
04-27 13:36:35.172 I/MtkCam/PrvCB(  491): (2420)[onClientThreadLoop] mOneShotSleepCount 1
04-27 13:36:35.178 E/SurfaceFlinger(  385): getUniqueId not supported on VirtualDisplaySurface
04-27 13:36:35.180 W/TwinMgr (  491): [TwinInfo_update] WARNING: [TwinInfo_update][0]no deque on AFO over 64 frames
04-27 13:36:35.181 E/SurfaceFlinger(  385): getUniqueId not supported on VirtualDisplaySurface
04-27 13:36:35.182 W/MtkCam/BufferProvider_P(  491): [Hal:Image:yuvFD][dequeStreamBuffer] Cannot acquire from pool. Something wrong... SOS
04-27 13:36:35.185 D/BufferQueueProducer(  489): [GraphicBufferSource](this:0xe6c62000,id:0,api:1,p:489,c:489) cancelBuffer: slot 1
04-27 13:36:35.186 W/TuningMgr(  491): TuningMgr[updateEngine] WARNING: [temp log] AF enable(0_0x100802e0_0x8001e0)
04-27 13:36:35.206 I/MtkCam/PrvCB(  491): (2420)[onClientThreadLoop] mOneShotSleepCount 0
04-27 13:36:35.209 I/Camera  ( 1670): handleMessage: 16
