--------- beginning of main
04-27 14:28:11.313  1669  2370 I System.out: GB28181--->>>-----C++回调java:状态回调 回调函数--- sysState:2 connState:2heartbeatExceptionCount:0 liveState:0 talkState:0 videotapeState:0videotapedownloadState:0---------------------
04-27 14:28:11.314  1669  2370 E Gb28181Local: onStateUpdate sysState:2,connState:2,heartbeatExceptionCount:0,liveState:0,talkState:0,videotapeState:0,videotapeDownloadState:0
04-27 14:28:12.314  1669  2370 I System.out: GB28181--->>>-----C++回调java:状态回调 回调函数--- sysState:2 connState:2heartbeatExceptionCount:0 liveState:0 talkState:0 videotapeState:0videotapedownloadState:0---------------------
04-27 14:28:12.315  1669  2370 E Gb28181Local: onStateUpdate sysState:2,connState:2,heartbeatExceptionCount:0,liveState:0,talkState:0,videotapeState:0,videotapeDownloadState:0
04-27 14:28:13.315  1669  2370 I System.out: GB28181--->>>-----C++回调java:状态回调 回调函数--- sysState:2 connState:2heartbeatExceptionCount:0 liveState:0 talkState:0 videotapeState:0videotapedownloadState:0---------------------
04-27 14:28:13.316  1669  2370 E Gb28181Local: onStateUpdate sysState:2,connState:2,heartbeatExceptionCount:0,liveState:0,talkState:0,videotapeState:0,videotapeDownloadState:0
04-27 14:28:14.317  1669  2370 D GB28181 : #sip_rev接收服务器到SIP消息:msg_buf[(null)]
04-27 14:28:14.317  1669  2370 D GB28181 : #########################stm.msg_src=[2],
04-27 14:28:14.316  1669  2371 D GB28181 : >>>>>>>>=====D:/camera_live/app/src/main/cpp/libgb28181/sip/sip_timer.cpp[208]==========
04-27 14:28:14.318  1669  2370 I System.out: GB28181--->>>-----C++回调java:状态回调 回调函数--- sysState:2 connState:2heartbeatExceptionCount:0 liveState:0 talkState:0 videotapeState:0videotapedownloadState:0---------------------
04-27 14:28:14.318  1669  2370 E Gb28181Local: onStateUpdate sysState:2,connState:2,heartbeatExceptionCount:0,liveState:0,talkState:0,videotapeState:0,videotapeDownloadState:0
04-27 14:28:14.320  1669  2370 D GB28181 : #sip_rev------>>>接收服务器SIP消息来源:定时消息 SIP_TIMER_SRC ，收到服务器心跳反馈  
04-27 14:28:14.320  1669  2370 D GB28181 : 
04-27 14:28:14.320  1669  2370 D GB28181 : 
04-27 14:28:14.320  1669  2370 D GB28181 : cur_time=49  (p_user->last_rx_time + g_gb28181_cfg.heartbeat_interval) =48 
04-27 14:28:14.321  1669  2370 D GB28181 : cur_time=49  (p_user->last_rx_time + g_gb28181_cfg.heartbeat_interval) =48 
04-27 14:28:14.321  1669  2370 D GB28181 : ----->>>>xml=[<?xml version="1.0" encoding="GB2312"?>
04-27 14:28:14.321  1669  2370 D GB28181 : <Notify>
04-27 14:28:14.321  1669  2370 D GB28181 : <CmdType>Keepalive</CmdType>
04-27 14:28:14.321  1669  2370 D GB28181 : <SN>1</SN>
04-27 14:28:14.321  1669  2370 D GB28181 : <DeviceID>35020000201311005331</DeviceID>
04-27 14:28:14.321  1669  2370 D GB28181 : <Status>OK</Status>
04-27 14:28:14.321  1669  2370 D GB28181 : </Notify>
04-27 14:28:14.321  1669  2370 D GB28181 : ]
04-27 14:28:14.321  1669  2370 D GB28181 : 心跳，认证状态user_state=4，
04-27 14:28:14.321  1669  2370 D GB28181 : --sip_task---->>> hsip.net_rx_flag===1 
04-27 14:28:14.321  1669  2787 D GB28181 : >>>>>>>heartbeat=============[D:/camera_live/app/src/main/cpp/libgb28181/sip/sip_msg.cpp,95]====p_msg[<?xml version="1.0" encoding="GB2312"?>
04-27 14:28:14.321  1669  2787 D GB28181 : <Notify>
04-27 14:28:14.321  1669  2787 D GB28181 : <CmdType>Keepalive</CmdType>
04-27 14:28:14.321  1669  2787 D GB28181 : <SN>1</SN>
04-27 14:28:14.321  1669  2787 D GB28181 : <DeviceID>35020000201311005331</DeviceID>
04-27 14:28:14.321  1669  2787 D GB28181 : <Status>OK</Status>
04-27 14:28:14.321  1669  2787 D GB28181 : </Notify>
04-27 14:28:14.321  1669  2787 D GB28181 : ]==========
04-27 14:28:14.322  1669  2787 D GB28181 : >>>>>>>heartbeat=============[D:/camera_live/app/src/main/cpp/libgb28181/sip/sip_msg.cpp,103]====p_msg[<?xml version="1.0" encoding="GB2312"?>
04-27 14:28:14.322  1669  2787 D GB28181 : <Notify>
04-27 14:28:14.322  1669  2787 D GB28181 : <CmdType>Keepalive</CmdType>
04-27 14:28:14.322  1669  2787 D GB28181 : <SN>1</SN>
04-27 14:28:14.322  1669  2787 D GB28181 : <DeviceID>35020000201311005331</DeviceID>
04-27 14:28:14.322  1669  2787 D GB28181 : <Status>OK</Status>
04-27 14:28:14.322  1669  2787 D GB28181 : </Notify>
04-27 14:28:14.322  1669  2787 D GB28181 : ]==========
04-27 14:28:14.322  1669  2787 D GB28181 : sip_trans_set_msg, from[35020000201311005331] to[35020000002000000001] callid[182B1C913C2207AD@192.168.0.62] seq[3]
04-27 14:28:14.322  1669  2787 D GB28181 : ------[D:/camera_live/app/src/main/cpp/libgb28181/sip/sip_tx.cpp][88]-----
04-27 14:28:14.322  1669  2787 D GB28181 : ------[D:/camera_live/app/src/main/cpp/libgb28181/sip/sip_tx.cpp][92]-----
04-27 14:28:14.322  1669  2787 D GB28181 : 消息类别:0表示是request,  1表示是response tx_msg->msg_type=0 
04-27 14:28:14.322  1669  2787 D GB28181 : ------[D:/camera_live/app/src/main/cpp/libgb28181/sip/sip_tx.cpp][214]-----
04-27 14:28:14.322  1669  2787 D GB28181 : ------[D:/camera_live/app/src/main/cpp/libgb28181/sip/sip_tx.cpp][225]-----
04-27 14:28:14.322  1669  2787 D GB28181 : ------[D:/camera_live/app/src/main/cpp/libgb28181/sip/sip_tx.cpp][249]-----
04-27 14:28:14.322  1669  2787 D GB28181 : sip_send_msg, client-->server : 
04-27 14:28:14.322  1669  2787 D GB28181 : MESSAGE sip:35020000002000000001@192.168.0.40:8160 SIP/2.0
04-27 14:28:14.322  1669  2787 D GB28181 : Via: SIP/2.0/TCP 192.168.0.62:56358
04-27 14:28:14.322  1669  2787 D GB28181 : From: <sip:35020000201311005331@37098200002000000001>;tag=4d6a5ccc
04-27 14:28:14.322  1669  2787 D GB28181 : To: <sip:35020000002000000001@192.168.0.40:8160>
04-27 14:28:14.322  1669  2787 D GB28181 : Call-ID: 182B1C913C2207AD@192.168.0.62
04-27 14:28:14.322  1669  2787 D GB28181 : CSeq: 3 MESSAGE
04-27 14:28:14.322  1669  2787 D GB28181 : Max-Forwards: 70
04-27 14:28:14.322  1669  2787 D GB28181 : User-Agent: Body Worn Camera
04-27 14:28:14.322  1669  2787 D GB28181 : Content-Type: Application/MANSCDP+xml
04-27 14:28:14.322  1669  2787 D GB28181 : Content-Length: 163
04-27 14:28:14.322  1669  2787 D GB28181 : 
04-27 14:28:14.322  1669  2787 D GB28181 : <?xml version="1.0" encoding="GB2312"?>
04-27 14:28:14.322  1669  2787 D GB28181 : <Notify>
04-27 14:28:14.322  1669  2787 D GB28181 : <CmdType>Keepalive</CmdType>
04-27 14:28:14.322  1669  2787 D GB28181 : <SN>1</SN>
04-27 14:28:14.322  1669  2787 D GB28181 : <DeviceID>35020000201311005331</DeviceID>
04-27 14:28:14.322  1669  2787 D GB28181 : <Status>OK</Status>
04-27 14:28:14.322  1669  2787 D GB28181 : </Notify>
04-27 14:28:14.322  1669  2787 D GB28181 : 
04-27 14:28:14.322  1669  2787 D GB28181 : 
04-27 14:28:14.369  1669  2369 D GB28181 : SIP/2.0 200 OK
04-27 14:28:14.369  1669  2369 D GB28181 : CSeq: 3 MESSAGE
04-27 14:28:14.369  1669  2369 D GB28181 : Call-ID: 182B1C913C2207AD@192.168.0.62
04-27 14:28:14.369  1669  2369 D GB28181 : From: <sip:35020000201311005331@37098200002000000001>;tag=4d6a5ccc
04-27 14:28:14.369  1669  2369 D GB28181 : To: <sip:35020000002000000001@192.168.0.40:8160>;tag=1777271297921
04-27 14:28:14.369  1669  2369 D GB28181 : Via: SIP/2.0/TCP 192.168.0.62:56358;received=172.18.0.1;rport=55150
04-27 14:28:14.369  1669  2369 D GB28181 : User-Agent: WVP-Pro v2.7.4.2026-04-22T12:08:07Z
04-27 14:28:14.369  1669  2369 D GB28181 : Content-Length: 0
04-27 14:28:14.369  1669  2369 D GB28181 : 
04-27 14:28:14.369  1669  2369 D GB28181 : 
04-27 14:28:14.370  1669  2370 D GB28181 : #sip_rev接收服务器到SIP消息:msg_buf[]
04-27 14:28:14.370  1669  2370 D GB28181 : #########################stm.msg_src=[102],
04-27 14:28:14.370  1669  2370 D GB28181 : #sip_rev------>>>接收服务器SIP消息来源:TCP SIP接收处理 SIP_PMSG_SRC 
04-27 14:28:14.370  1669  2370 I GB28181 : 响应消息接收处理=======MESSAGE========
04-27 14:28:14.370  1669  2370 D GB28181 : ========formtag[tag=4d6a5ccc]
04-27 14:28:14.370  1669  2370 I GB28181 : 查询剩余=0 
04-27 14:28:14.370  1669  2370 I GB28181 : 查询剩余=0 
04-27 14:28:14.370  1669  2370 D GB28181 : --sip_task---->>> hsip.net_rx_flag===1 
04-27 14:28:14.370  1669  2787 D GB28181 : >>>>>>>heartbeat=============[D:/camera_live/app/src/main/cpp/libgb28181/sip/sip_msg.cpp,111]====p_msg[<?xml version="1.0" encoding="GB2312"?>
04-27 14:28:14.370  1669  2787 D GB28181 : <Notify>
04-27 14:28:14.370  1669  2787 D GB28181 : <CmdType>Keepalive</CmdType>
04-27 14:28:14.370  1669  2787 D GB28181 : <SN>1</SN>
04-27 14:28:14.370  1669  2787 D GB28181 : <DeviceID>35020000201311005331</DeviceID>
04-27 14:28:14.370  1669  2787 D GB28181 : <Status>OK</Status>
04-27 14:28:14.370  1669  2787 D GB28181 : </Notify>
04-27 14:28:14.370  1669  2787 D GB28181 : ]==========
--------- beginning of system
04-27 14:28:15.091  1669  2336 I System.out: [OkHttp] sendRequest>>
04-27 14:28:15.092  1669  2336 I System.out: [OkHttp] sendRequest<<
04-27 14:28:15.318  1669  2370 D GB28181 : #sip_rev接收服务器到SIP消息:msg_buf[(null)]
04-27 14:28:15.318  1669  2371 D GB28181 : >>>>>>>>=====D:/camera_live/app/src/main/cpp/libgb28181/sip/sip_timer.cpp[208]==========
04-27 14:28:15.319  1669  2370 D GB28181 : #########################stm.msg_src=[2],
04-27 14:28:15.319  1669  2370 I System.out: GB28181--->>>-----C++回调java:状态回调 回调函数--- sysState:2 connState:2heartbeatExceptionCount:0 liveState:0 talkState:0 videotapeState:0videotapedownloadState:0---------------------
04-27 14:28:15.319  1669  2370 E Gb28181Local: onStateUpdate sysState:2,connState:2,heartbeatExceptionCount:0,liveState:0,talkState:0,videotapeState:0,videotapeDownloadState:0
04-27 14:28:15.320  1669  2370 D GB28181 : #sip_rev------>>>接收服务器SIP消息来源:定时消息 SIP_TIMER_SRC ，收到服务器心跳反馈  
04-27 14:28:15.320  1669  2370 D GB28181 : 
04-27 14:28:15.320  1669  2370 D GB28181 : 
04-27 14:28:15.320  1669  2370 D GB28181 : cur_time=50  (p_user->last_rx_time + g_gb28181_cfg.heartbeat_interval) =79 
04-27 14:28:15.320  1669  2370 D GB28181 : cur_time=50  (p_user->last_rx_time + g_gb28181_cfg.heartbeat_interval) =79 
04-27 14:28:15.320  1669  2370 D GB28181 : --sip_task---->>> hsip.net_rx_flag===1 
04-27 14:28:16.320  1669  2371 D GB28181 : >>>>>>>>=====D:/camera_live/app/src/main/cpp/libgb28181/sip/sip_timer.cpp[208]==========
04-27 14:28:16.320  1669  2370 D GB28181 : #sip_rev接收服务器到SIP消息:msg_buf[(null)]
04-27 14:28:16.320  1669  2370 D GB28181 : #########################stm.msg_src=[2],
04-27 14:28:16.321  1669  2370 I System.out: GB28181--->>>-----C++回调java:状态回调 回调函数--- sysState:2 connState:2heartbeatExceptionCount:0 liveState:0 talkState:0 videotapeState:0videotapedownloadState:0---------------------
04-27 14:28:16.322  1669  2370 E Gb28181Local: onStateUpdate sysState:2,connState:2,heartbeatExceptionCount:0,liveState:0,talkState:0,videotapeState:0,videotapeDownloadState:0
04-27 14:28:16.322  1669  2370 D GB28181 : #sip_rev------>>>接收服务器SIP消息来源:定时消息 SIP_TIMER_SRC ，收到服务器心跳反馈  
04-27 14:28:16.322  1669  2370 D GB28181 : 
04-27 14:28:16.322  1669  2370 D GB28181 : 
04-27 14:28:16.323  1669  2370 D GB28181 : cur_time=51  (p_user->last_rx_time + g_gb28181_cfg.heartbeat_interval) =79 
04-27 14:28:16.323  1669  2370 D GB28181 : cur_time=51  (p_user->last_rx_time + g_gb28181_cfg.heartbeat_interval) =79 
04-27 14:28:16.323  1669  2370 D GB28181 : --sip_task---->>> hsip.net_rx_flag===1 
04-27 14:28:17.321  1669  2370 D GB28181 : #sip_rev接收服务器到SIP消息:msg_buf[(null)]
04-27 14:28:17.321  1669  2371 D GB28181 : >>>>>>>>=====D:/camera_live/app/src/main/cpp/libgb28181/sip/sip_timer.cpp[208]==========
04-27 14:28:17.322  1669  2370 D GB28181 : #########################stm.msg_src=[2],
04-27 14:28:17.323  1669  2370 I System.out: GB28181--->>>-----C++回调java:状态回调 回调函数--- sysState:2 connState:2heartbeatExceptionCount:0 liveState:0 talkState:0 videotapeState:0videotapedownloadState:0---------------------
04-27 14:28:17.323  1669  2370 E Gb28181Local: onStateUpdate sysState:2,connState:2,heartbeatExceptionCount:0,liveState:0,talkState:0,videotapeState:0,videotapeDownloadState:0
04-27 14:28:17.324  1669  2370 D GB28181 : #sip_rev------>>>接收服务器SIP消息来源:定时消息 SIP_TIMER_SRC ，收到服务器心跳反馈  
04-27 14:28:17.324  1669  2370 D GB28181 : 
04-27 14:28:17.324  1669  2370 D GB28181 : 
04-27 14:28:17.324  1669  2370 D GB28181 : cur_time=52  (p_user->last_rx_time + g_gb28181_cfg.heartbeat_interval) =79 
04-27 14:28:17.324  1669  2370 D GB28181 : cur_time=52  (p_user->last_rx_time + g_gb28181_cfg.heartbeat_interval) =79 
04-27 14:28:17.324  1669  2370 D GB28181 : --sip_task---->>> hsip.net_rx_flag===1 
04-27 14:28:18.323  1669  2370 D GB28181 : #sip_rev接收服务器到SIP消息:msg_buf[(null)]
04-27 14:28:18.323  1669  2371 D GB28181 : >>>>>>>>=====D:/camera_live/app/src/main/cpp/libgb28181/sip/sip_timer.cpp[208]==========
04-27 14:28:18.323  1669  2370 D GB28181 : #########################stm.msg_src=[2],
04-27 14:28:18.324  1669  2370 I System.out: GB28181--->>>-----C++回调java:状态回调 回调函数--- sysState:2 connState:2heartbeatExceptionCount:0 liveState:0 talkState:0 videotapeState:0videotapedownloadState:0---------------------
04-27 14:28:18.325  1669  2370 E Gb28181Local: onStateUpdate sysState:2,connState:2,heartbeatExceptionCount:0,liveState:0,talkState:0,videotapeState:0,videotapeDownloadState:0
04-27 14:28:18.325  1669  2370 D GB28181 : #sip_rev------>>>接收服务器SIP消息来源:定时消息 SIP_TIMER_SRC ，收到服务器心跳反馈  
04-27 14:28:18.325  1669  2370 D GB28181 : 
04-27 14:28:18.325  1669  2370 D GB28181 : 
04-27 14:28:18.326  1669  2370 D GB28181 : cur_time=53  (p_user->last_rx_time + g_gb28181_cfg.heartbeat_interval) =79 
04-27 14:28:18.326  1669  2370 D GB28181 : cur_time=53  (p_user->last_rx_time + g_gb28181_cfg.heartbeat_interval) =79 
04-27 14:28:18.326  1669  2370 D GB28181 : --sip_task---->>> hsip.net_rx_flag===1 
04-27 14:28:19.324  1669  2371 D GB28181 : >>>>>>>>=====D:/camera_live/app/src/main/cpp/libgb28181/sip/sip_timer.cpp[208]==========
04-27 14:28:19.324  1669  2370 D GB28181 : #sip_rev接收服务器到SIP消息:msg_buf[(null)]
04-27 14:28:19.324  1669  2370 D GB28181 : #########################stm.msg_src=[2],
04-27 14:28:19.325  1669  2370 I System.out: GB28181--->>>-----C++回调java:状态回调 回调函数--- sysState:2 connState:2heartbeatExceptionCount:0 liveState:0 talkState:0 videotapeState:0videotapedownloadState:0---------------------
04-27 14:28:19.326  1669  2370 E Gb28181Local: onStateUpdate sysState:2,connState:2,heartbeatExceptionCount:0,liveState:0,talkState:0,videotapeState:0,videotapeDownloadState:0
04-27 14:28:19.327  1669  2370 D GB28181 : #sip_rev------>>>接收服务器SIP消息来源:定时消息 SIP_TIMER_SRC ，收到服务器心跳反馈  
04-27 14:28:19.327  1669  2370 D GB28181 : 
04-27 14:28:19.327  1669  2370 D GB28181 : 
04-27 14:28:19.327  1669  2370 D GB28181 : cur_time=54  (p_user->last_rx_time + g_gb28181_cfg.heartbeat_interval) =79 
04-27 14:28:19.327  1669  2370 D GB28181 : cur_time=54  (p_user->last_rx_time + g_gb28181_cfg.heartbeat_interval) =79 
04-27 14:28:19.327  1669  2370 D GB28181 : --sip_task---->>> hsip.net_rx_flag===1 
04-27 14:28:20.325  1669  2371 D GB28181 : >>>>>>>>=====D:/camera_live/app/src/main/cpp/libgb28181/sip/sip_timer.cpp[208]==========
04-27 14:28:20.326  1669  2370 D GB28181 : #sip_rev接收服务器到SIP消息:msg_buf[(null)]
04-27 14:28:20.326  1669  2370 D GB28181 : #########################stm.msg_src=[2],
04-27 14:28:20.326  1669  2370 I System.out: GB28181--->>>-----C++回调java:状态回调 回调函数--- sysState:2 connState:2heartbeatExceptionCount:0 liveState:0 talkState:0 videotapeState:0videotapedownloadState:0---------------------
04-27 14:28:20.327  1669  2370 E Gb28181Local: onStateUpdate sysState:2,connState:2,heartbeatExceptionCount:0,liveState:0,talkState:0,videotapeState:0,videotapeDownloadState:0
04-27 14:28:20.327  1669  2370 D GB28181 : #sip_rev------>>>接收服务器SIP消息来源:定时消息 SIP_TIMER_SRC ，收到服务器心跳反馈  
04-27 14:28:20.327  1669  2370 D GB28181 : 
04-27 14:28:20.327  1669  2370 D GB28181 : 
04-27 14:28:20.327  1669  2370 D GB28181 : cur_time=55  (p_user->last_rx_time + g_gb28181_cfg.heartbeat_interval) =79 
04-27 14:28:20.327  1669  2370 D GB28181 : cur_time=55  (p_user->last_rx_time + g_gb28181_cfg.heartbeat_interval) =79 
04-27 14:28:20.329  1669  2370 D GB28181 : --sip_task---->>> hsip.net_rx_flag===1 
04-27 14:28:21.327  1669  2371 D GB28181 : >>>>>>>>=====D:/camera_live/app/src/main/cpp/libgb28181/sip/sip_timer.cpp[208]==========
04-27 14:28:21.327  1669  2370 D GB28181 : #sip_rev接收服务器到SIP消息:msg_buf[(null)]
04-27 14:28:21.327  1669  2370 D GB28181 : #########################stm.msg_src=[2],
04-27 14:28:21.327  1669  2370 I System.out: GB28181--->>>-----C++回调java:状态回调 回调函数--- sysState:2 connState:2heartbeatExceptionCount:0 liveState:0 talkState:0 videotapeState:0videotapedownloadState:0---------------------
04-27 14:28:21.328  1669  2370 E Gb28181Local: onStateUpdate sysState:2,connState:2,heartbeatExceptionCount:0,liveState:0,talkState:0,videotapeState:0,videotapeDownloadState:0
04-27 14:28:21.328  1669  2370 D GB28181 : #sip_rev------>>>接收服务器SIP消息来源:定时消息 SIP_TIMER_SRC ，收到服务器心跳反馈  
04-27 14:28:21.328  1669  2370 D GB28181 : 
04-27 14:28:21.328  1669  2370 D GB28181 : 
04-27 14:28:21.328  1669  2370 D GB28181 : cur_time=56  (p_user->last_rx_time + g_gb28181_cfg.heartbeat_interval) =79 
04-27 14:28:21.329  1669  2370 D GB28181 : cur_time=56  (p_user->last_rx_time + g_gb28181_cfg.heartbeat_interval) =79 
04-27 14:28:21.329  1669  2370 D GB28181 : --sip_task---->>> hsip.net_rx_flag===1 
04-27 14:28:22.328  1669  2371 D GB28181 : >>>>>>>>=====D:/camera_live/app/src/main/cpp/libgb28181/sip/sip_timer.cpp[208]==========
04-27 14:28:22.328  1669  2370 D GB28181 : #sip_rev接收服务器到SIP消息:msg_buf[(null)]
04-27 14:28:22.328  1669  2370 D GB28181 : #########################stm.msg_src=[2],
04-27 14:28:22.329  1669  2370 I System.out: GB28181--->>>-----C++回调java:状态回调 回调函数--- sysState:2 connState:2heartbeatExceptionCount:0 liveState:0 talkState:0 videotapeState:0videotapedownloadState:0---------------------
04-27 14:28:22.329  1669  2370 E Gb28181Local: onStateUpdate sysState:2,connState:2,heartbeatExceptionCount:0,liveState:0,talkState:0,videotapeState:0,videotapeDownloadState:0
04-27 14:28:22.329  1669  2370 D GB28181 : #sip_rev------>>>接收服务器SIP消息来源:定时消息 SIP_TIMER_SRC ，收到服务器心跳反馈  
04-27 14:28:22.329  1669  2370 D GB28181 : 
04-27 14:28:22.329  1669  2370 D GB28181 : 
04-27 14:28:22.330  1669  2370 D GB28181 : cur_time=57  (p_user->last_rx_time + g_gb28181_cfg.heartbeat_interval) =79 
04-27 14:28:22.330  1669  2370 D GB28181 : cur_time=57  (p_user->last_rx_time + g_gb28181_cfg.heartbeat_interval) =79 
04-27 14:28:22.330  1669  2370 D GB28181 : --sip_task---->>> hsip.net_rx_flag===1 
04-27 14:28:23.329  1669  2371 D GB28181 : >>>>>>>>=====D:/camera_live/app/src/main/cpp/libgb28181/sip/sip_timer.cpp[208]==========
04-27 14:28:23.329  1669  2370 D GB28181 : #sip_rev接收服务器到SIP消息:msg_buf[(null)]
04-27 14:28:23.329  1669  2370 D GB28181 : #########################stm.msg_src=[2],
04-27 14:28:23.330  1669  2370 I System.out: GB28181--->>>-----C++回调java:状态回调 回调函数--- sysState:2 connState:2heartbeatExceptionCount:0 liveState:0 talkState:0 videotapeState:0videotapedownloadState:0---------------------
04-27 14:28:23.330  1669  2370 E Gb28181Local: onStateUpdate sysState:2,connState:2,heartbeatExceptionCount:0,liveState:0,talkState:0,videotapeState:0,videotapeDownloadState:0
04-27 14:28:23.331  1669  2370 D GB28181 : #sip_rev------>>>接收服务器SIP消息来源:定时消息 SIP_TIMER_SRC ，收到服务器心跳反馈  
04-27 14:28:23.331  1669  2370 D GB28181 : 
04-27 14:28:23.331  1669  2370 D GB28181 : 
04-27 14:28:23.331  1669  2370 D GB28181 : cur_time=58  (p_user->last_rx_time + g_gb28181_cfg.heartbeat_interval) =79 
04-27 14:28:23.331  1669  2370 D GB28181 : cur_time=58  (p_user->last_rx_time + g_gb28181_cfg.heartbeat_interval) =79 
04-27 14:28:23.331  1669  2370 D GB28181 : --sip_task---->>> hsip.net_rx_flag===1 
04-27 14:28:24.330  1669  2370 D GB28181 : #sip_rev接收服务器到SIP消息:msg_buf[(null)]
04-27 14:28:24.330  1669  2371 D GB28181 : >>>>>>>>=====D:/camera_live/app/src/main/cpp/libgb28181/sip/sip_timer.cpp[208]==========
04-27 14:28:24.331  1669  2370 D GB28181 : #########################stm.msg_src=[2],
04-27 14:28:24.331  1669  2370 I System.out: GB28181--->>>-----C++回调java:状态回调 回调函数--- sysState:2 connState:2heartbeatExceptionCount:0 liveState:0 talkState:0 videotapeState:0videotapedownloadState:0---------------------
04-27 14:28:24.332  1669  2370 E Gb28181Local: onStateUpdate sysState:2,connState:2,heartbeatExceptionCount:0,liveState:0,talkState:0,videotapeState:0,videotapeDownloadState:0
04-27 14:28:24.332  1669  2370 D GB28181 : #sip_rev------>>>接收服务器SIP消息来源:定时消息 SIP_TIMER_SRC ，收到服务器心跳反馈  
04-27 14:28:24.332  1669  2370 D GB28181 : 
04-27 14:28:24.332  1669  2370 D GB28181 : 
04-27 14:28:24.333  1669  2370 D GB28181 : cur_time=59  (p_user->last_rx_time + g_gb28181_cfg.heartbeat_interval) =79 
04-27 14:28:24.333  1669  2370 D GB28181 : cur_time=59  (p_user->last_rx_time + g_gb28181_cfg.heartbeat_interval) =79 
04-27 14:28:24.333  1669  2370 D GB28181 : --sip_task---->>> hsip.net_rx_flag===1 
04-27 14:28:24.535  1669  2336 I System.out: [OkHttp] sendRequest>>
04-27 14:28:24.535  1669  2336 I System.out: [OkHttp] sendRequest<<
04-27 14:28:25.332  1669  2371 D GB28181 : >>>>>>>>=====D:/camera_live/app/src/main/cpp/libgb28181/sip/sip_timer.cpp[208]==========
04-27 14:28:25.332  1669  2370 D GB28181 : #sip_rev接收服务器到SIP消息:msg_buf[(null)]
04-27 14:28:25.332  1669  2370 D GB28181 : #########################stm.msg_src=[2],
04-27 14:28:25.334  1669  2370 I System.out: GB28181--->>>-----C++回调java:状态回调 回调函数--- sysState:2 connState:2heartbeatExceptionCount:0 liveState:0 talkState:0 videotapeState:0videotapedownloadState:0---------------------
04-27 14:28:25.334  1669  2370 E Gb28181Local: onStateUpdate sysState:2,connState:2,heartbeatExceptionCount:0,liveState:0,talkState:0,videotapeState:0,videotapeDownloadState:0
04-27 14:28:25.334  1669  2370 D GB28181 : #sip_rev------>>>接收服务器SIP消息来源:定时消息 SIP_TIMER_SRC ，收到服务器心跳反馈  
04-27 14:28:25.334  1669  2370 D GB28181 : 
04-27 14:28:25.334  1669  2370 D GB28181 : 
04-27 14:28:25.335  1669  2370 D GB28181 : cur_time=60  (p_user->last_rx_time + g_gb28181_cfg.heartbeat_interval) =79 
04-27 14:28:25.335  1669  2370 D GB28181 : cur_time=60  (p_user->last_rx_time + g_gb28181_cfg.heartbeat_interval) =79 
04-27 14:28:25.335  1669  2370 D GB28181 : --sip_task---->>> hsip.net_rx_flag===1 
04-27 14:28:26.333  1669  2370 D GB28181 : #sip_rev接收服务器到SIP消息:msg_buf[(null)]
04-27 14:28:26.333  1669  2371 D GB28181 : >>>>>>>>=====D:/camera_live/app/src/main/cpp/libgb28181/sip/sip_timer.cpp[208]==========
04-27 14:28:26.333  1669  2370 D GB28181 : #########################stm.msg_src=[2],
04-27 14:28:26.334  1669  2370 I System.out: GB28181--->>>-----C++回调java:状态回调 回调函数--- sysState:2 connState:2heartbeatExceptionCount:0 liveState:0 talkState:0 videotapeState:0videotapedownloadState:0---------------------
04-27 14:28:26.334  1669  2370 E Gb28181Local: onStateUpdate sysState:2,connState:2,heartbeatExceptionCount:0,liveState:0,talkState:0,videotapeState:0,videotapeDownloadState:0
04-27 14:28:26.335  1669  2370 D GB28181 : #sip_rev------>>>接收服务器SIP消息来源:定时消息 SIP_TIMER_SRC ，收到服务器心跳反馈  
04-27 14:28:26.335  1669  2370 D GB28181 : 
04-27 14:28:26.335  1669  2370 D GB28181 : 
04-27 14:28:26.335  1669  2370 D GB28181 : cur_time=61  (p_user->last_rx_time + g_gb28181_cfg.heartbeat_interval) =79 
04-27 14:28:26.335  1669  2370 D GB28181 : cur_time=61  (p_user->last_rx_time + g_gb28181_cfg.heartbeat_interval) =79 
04-27 14:28:26.335  1669  2370 D GB28181 : --sip_task---->>> hsip.net_rx_flag===1 
04-27 14:28:26.488  1669  2369 D GB28181 : INVITE sip:35020000201311005331@172.18.0.1:55150 SIP/2.0
04-27 14:28:26.488  1669  2369 D GB28181 : Call-ID: 9148ce602b0451b0ab647ae28cff70a2@0.0.0.0
04-27 14:28:26.488  1669  2369 D GB28181 : CSeq: 160 INVITE
04-27 14:28:26.488  1669  2369 D GB28181 : From: <sip:35020000002000000001@3502000000>;tag=1b47f86feac742a286b8ed5d42aa2455
04-27 14:28:26.488  1669  2369 D GB28181 : To: <sip:35020000201311005331@172.18.0.1:55150>
04-27 14:28:26.488  1669  2369 D GB28181 : Via: SIP/2.0/TCP 192.168.0.40:8160;branch=z9hG4bK4404647705;rport
04-27 14:28:26.488  1669  2369 D GB28181 : Max-Forwards: 70
04-27 14:28:26.488  1669  2369 D GB28181 : User-Agent: WVP-Pro v2.7.4.2026-04-22T12:08:07Z
04-27 14:28:26.488  1669  2369 D GB28181 : Contact: <sip:35020000002000000001@192.168.0.40:8160>
04-27 14:28:26.488  1669  2369 D GB28181 : Subject: 35020000201311005331:0200000122,35020000002000000001:0
04-27 14:28:26.488  1669  2369 D GB28181 : Content-Type: APPLICATION/SDP
04-27 14:28:26.488  1669  2369 D GB28181 : Content-Length: 286
04-27 14:28:26.488  1669  2369 D GB28181 : 
04-27 14:28:26.488  1669  2369 D GB28181 : 
04-27 14:28:26.488  1669  2369 D GB28181 : v=0
04-27 14:28:26.488  1669  2369 D GB28181 : o=35020000201311005331 0 0 IN IP4 192.168.0.40
04-27 14:28:26.488  1669  2369 D GB28181 : s=Play
04-27 14:28:26.488  1669  2369 D GB28181 : c=IN IP4 192.168.0.40
04-27 14:28:26.488  1669  2369 D GB28181 : t=0 0
04-27 14:28:26.488  1669  2369 D GB28181 : m=video 30052 TCP/RTP/AVP 96 97 98 99
04-27 14:28:26.488  1669  2369 D GB28181 : a=recvonly
04-27 14:28:26.488  1669  2369 D GB28181 : a=rtpmap:96 PS/90000
04-27 14:28:26.488  1669  2369 D GB28181 : a=rtpmap:98 H264/90000
04-27 14:28:26.488  1669  2369 D GB28181 : a=rtpmap:97 MPEG4/90000
04-27 14:28:26.488  1669  2369 D GB28181 : a=rtpmap:99 H265/90000
04-27 14:28:26.488  1669  2369 D GB28181 : a=setup:passive
04-27 14:28:26.488  1669  2369 D GB28181 : a=connection:new
04-27 14:28:26.488  1669  2369 D GB28181 : y=0200000122
04-27 14:28:26.488  1669  2369 D GB28181 : 
04-27 14:28:26.489  1669  2370 D GB28181 : #sip_rev接收服务器到SIP消息:msg_buf[]
04-27 14:28:26.489  1669  2370 D GB28181 : #########################stm.msg_src=[102],
04-27 14:28:26.489  1669  2370 D GB28181 : #sip_rev------>>>接收服务器SIP消息来源:TCP SIP接收处理 SIP_PMSG_SRC 
04-27 14:28:26.489  1669  2370 I GB28181 : sip_request_rx, from user [35020000002000000001]@[3502000000]
04-27 14:28:26.489  1669  2370 I GB28181 : 找到对应的已经存在的呼叫表项和用户 
04-27 14:28:26.489  1669  2370 I GB28181 : [D:/camera_live/app/src/main/cpp/libgb28181/sip/sip_rx.cpp:363]
04-27 14:28:26.490  1669  2370 I GB28181 : sua_get_idle_sua, p_sua=0xbd783574, index[0]
04-27 14:28:26.490  1669  2370 I GB28181 : @@@@@@@@@@--[sip_call_request_rx][473]----------f_sua->call_state=0--------------------------------
04-27 14:28:26.490  1669  2370 I GB28181 : 
04-27 14:28:26.490  1669  2370 I GB28181 : @@@@@@@@@@--[sip_get_msg_event][1823]-----------------SIP_MT_INV-------------------------
04-27 14:28:26.490  1669  2370 I GB28181 : 
04-27 14:28:26.490  1669  2370 D GB28181 : @@@@@@@@@@ sua_call_state, [sip:35020000002000000001@3502000000]::IDLE CSE_Call_Recv
04-27 14:28:26.490  1669  2370 I GB28181 : @@@@@@@@@@--[sua_call_state][51]------p_sua->call_state=0------------------------------------
04-27 14:28:26.490  1669  2370 I GB28181 : 
04-27 14:28:26.490  1669  2370 I GB28181 : @@@@@@@@@@--[sua_call_state][57]-----默认-------------------------------------
04-27 14:28:26.490  1669  2370 I GB28181 : 
04-27 14:28:26.491  1669  2370 D GB28181 : ------[D:/camera_live/app/src/main/cpp/libgb28181/sip/sip_tx.cpp][88]-----
04-27 14:28:26.491  1669  2370 D GB28181 : ------[D:/camera_live/app/src/main/cpp/libgb28181/sip/sip_tx.cpp][92]-----
04-27 14:28:26.491  1669  2370 D GB28181 : 消息类别:0表示是request,  1表示是response tx_msg->msg_type=1 
04-27 14:28:26.491  1669  2370 D GB28181 : ------[D:/camera_live/app/src/main/cpp/libgb28181/sip/sip_tx.cpp][170]----pHdrV->header=[From]----pHdrV->value_string=[<sip:35020000002000000001@3502000000>;tag=1b47f86feac742a286b8ed5d42aa2455]---
04-27 14:28:26.491  1669  2370 D GB28181 : ------[D:/camera_live/app/src/main/cpp/libgb28181/sip/sip_tx.cpp][171][SIP/2.0 100 Trying
04-27 14:28:26.491  1669  2370 D GB28181 : Via: SIP/2.0/TCP 192.168.0.40:8160;branch=z9hG4bK4404647705;rport;rport=8160;received=192.168.0.40
04-27 14:28:26.491  1669  2370 D GB28181 : From: <sip:35020000002000000001@3502000000>;tag=1b47f86feac742a286b8ed5d42aa2455
04-27 14:28:26.491  1669  2370 D GB28181 : ]--tx_buf=[<sip:35020000002000000001@3502000000>;tag=1b47f86feac742a286b8ed5d42aa2455]---
04-27 14:28:26.491  1669  2370 D GB28181 : ------[D:/camera_live/app/src/main/cpp/libgb28181/sip/sip_tx.cpp][170]----pHdrV->header=[To]----pHdrV->value_string=[<sip:35020000201311005331@172.18.0.1:55150>;tag=2fe748ec568ac824]---
04-27 14:28:26.491  1669  2370 D GB28181 : ------[D:/camera_live/app/src/main/cpp/libgb28181/sip/sip_tx.cpp][171][SIP/2.0 100 Trying
04-27 14:28:26.491  1669  2370 D GB28181 : Via: SIP/2.0/TCP 192.168.0.40:8160;branch=z9hG4bK4404647705;rport;rport=8160;received=192.168.0.40
04-27 14:28:26.491  1669  2370 D GB28181 : From: <sip:35020000002000000001@3502000000>;tag=1b47f86feac742a286b8ed5d42aa2455
04-27 14:28:26.491  1669  2370 D GB28181 : To: <sip:35020000201311005331@172.18.0.1:55150>;tag=2fe748ec568ac824;tag=57572552
04-27 14:28:26.491  1669  2370 D GB28181 : ]--tx_buf=[<sip:35020000201311005331@172.18.0.1:55150>;tag=2fe748ec568ac824]---
04-27 14:28:26.491  1669  2370 D GB28181 : ------[D:/camera_live/app/src/main/cpp/libgb28181/sip/sip_tx.cpp][170]----pHdrV->header=[Call-ID]----pHdrV->value_string=[9148ce602b0451b0ab647ae28cff70a2@0.0.0.0]---
04-27 14:28:26.493  1669  2370 D GB28181 : ------[D:/camera_live/app/src/main/cpp/libgb28181/sip/sip_tx.cpp][171][SIP/2.0 100 Trying
04-27 14:28:26.493  1669  2370 D GB28181 : Via: SIP/2.0/TCP 192.168.0.40:8160;branch=z9hG4bK4404647705;rport;rport=8160;received=192.168.0.40
04-27 14:28:26.493  1669  2370 D GB28181 : From: <sip:35020000002000000001@3502000000>;tag=1b47f86feac742a286b8ed5d42aa2455
04-27 14:28:26.493  1669  2370 D GB28181 : To: <sip:35020000201311005331@172.18.0.1:55150>;tag=2fe748ec568ac824;tag=57572552
04-27 14:28:26.493  1669  2370 D GB28181 : Call-ID: 9148ce602b0451b0ab647ae28cff70a2@0.0.0.0
04-27 14:28:26.493  1669  2370 D GB28181 : ]--tx_buf=[9148ce602b0451b0ab647ae28cff70a2@0.0.0.0]---
04-27 14:28:26.493  1669  2370 D GB28181 : ------[D:/camera_live/app/src/main/cpp/libgb28181/sip/sip_tx.cpp][170]----pHdrV->header=[CSeq]----pHdrV->value_string=[160 INVITE]---
04-27 14:28:26.493  1669  2370 D GB28181 : ------[D:/camera_live/app/src/main/cpp/libgb28181/sip/sip_tx.cpp][171][SIP/2.0 100 Trying
04-27 14:28:26.493  1669  2370 D GB28181 : Via: SIP/2.0/TCP 192.168.0.40:8160;branch=z9hG4bK4404647705;rport;rport=8160;received=192.168.0.40
04-27 14:28:26.493  1669  2370 D GB28181 : From: <sip:35020000002000000001@3502000000>;tag=1b47f86feac742a286b8ed5d42aa2455
04-27 14:28:26.493  1669  2370 D GB28181 : To: <sip:35020000201311005331@172.18.0.1:55150>;tag=2fe748ec568ac824;tag=57572552
04-27 14:28:26.493  1669  2370 D GB28181 : Call-ID: 9148ce602b0451b0ab647ae28cff70a2@0.0.0.0
04-27 14:28:26.493  1669  2370 D GB28181 : CSeq: 160 INVITE
04-27 14:28:26.493  1669  2370 D GB28181 : ]--tx_buf=[160 INVITE]---
04-27 14:28:26.493  1669  2370 D GB28181 : ------[D:/camera_live/app/src/main/cpp/libgb28181/sip/sip_tx.cpp][170]----pHdrV->header=[Server]----pHdrV->value_string=[Body Worn Camera]---
04-27 14:28:26.493  1669  2370 D GB28181 : ------[D:/camera_live/app/src/main/cpp/libgb28181/sip/sip_tx.cpp][171][SIP/2.0 100 Trying
04-27 14:28:26.493  1669  2370 D GB28181 : Via: SIP/2.0/TCP 192.168.0.40:8160;branch=z9hG4bK4404647705;rport;rport=8160;received=192.168.0.40
04-27 14:28:26.493  1669  2370 D GB28181 : From: <sip:35020000002000000001@3502000000>;tag=1b47f86feac742a286b8ed5d42aa2455
04-27 14:28:26.493  1669  2370 D GB28181 : To: <sip:35020000201311005331@172.18.0.1:55150>;tag=2fe748ec568ac824;tag=57572552
04-27 14:28:26.493  1669  2370 D GB28181 : Call-ID: 9148ce602b0451b0ab647ae28cff70a2@0.0.0.0
04-27 14:28:26.493  1669  2370 D GB28181 : CSeq: 160 INVITE
04-27 14:28:26.493  1669  2370 D GB28181 : Server: Body Worn Camera
04-27 14:28:26.493  1669  2370 D GB28181 : ]--tx_buf=[Body Worn Camera]---
04-27 14:28:26.493  1669  2370 D GB28181 : ------[D:/camera_live/app/src/main/cpp/libgb28181/sip/sip_tx.cpp][170]----pHdrV->header=[Content-Length]----pHdrV->value_string=[0]---
04-27 14:28:26.494  1669  2370 D GB28181 : ------[D:/camera_live/app/src/main/cpp/libgb28181/sip/sip_tx.cpp][171][SIP/2.0 100 Trying
04-27 14:28:26.494  1669  2370 D GB28181 : Via: SIP/2.0/TCP 192.168.0.40:8160;branch=z9hG4bK4404647705;rport;rport=8160;received=192.168.0.40
04-27 14:28:26.494  1669  2370 D GB28181 : From: <sip:35020000002000000001@3502000000>;tag=1b47f86feac742a286b8ed5d42aa2455
04-27 14:28:26.494  1669  2370 D GB28181 : To: <sip:35020000201311005331@172.18.0.1:55150>;tag=2fe748ec568ac824;tag=57572552
04-27 14:28:26.494  1669  2370 D GB28181 : Call-ID: 9148ce602b0451b0ab647ae28cff70a2@0.0.0.0
04-27 14:28:26.494  1669  2370 D GB28181 : CSeq: 160 INVITE
04-27 14:28:26.494  1669  2370 D GB28181 : Server: Body Worn Camera
04-27 14:28:26.494  1669  2370 D GB28181 : Content-Length: 0
04-27 14:28:26.494  1669  2370 D GB28181 : ]--tx_buf=[0]---
04-27 14:28:26.494  1669  2370 D GB28181 : ------[D:/camera_live/app/src/main/cpp/libgb28181/sip/sip_tx.cpp][214]-----
04-27 14:28:26.494  1669  2370 D GB28181 : ------[D:/camera_live/app/src/main/cpp/libgb28181/sip/sip_tx.cpp][218]-----
04-27 14:28:26.494  1669  2370 D GB28181 : ------[D:/camera_live/app/src/main/cpp/libgb28181/sip/sip_tx.cpp][222]-----
04-27 14:28:26.494  1669  2370 D GB28181 : ------[D:/camera_live/app/src/main/cpp/libgb28181/sip/sip_tx.cpp][225]-----
04-27 14:28:26.494  1669  2370 D GB28181 : ------[D:/camera_live/app/src/main/cpp/libgb28181/sip/sip_tx.cpp][249]-----
04-27 14:28:26.494  1669  2370 D GB28181 : sip_send_msg, client-->server : 
04-27 14:28:26.494  1669  2370 D GB28181 : SIP/2.0 100 Trying
04-27 14:28:26.494  1669  2370 D GB28181 : Via: SIP/2.0/TCP 192.168.0.40:8160;branch=z9hG4bK4404647705;rport;rport=8160;received=192.168.0.40
04-27 14:28:26.494  1669  2370 D GB28181 : From: <sip:35020000002000000001@3502000000>;tag=1b47f86feac742a286b8ed5d42aa2455
04-27 14:28:26.494  1669  2370 D GB28181 : To: <sip:35020000201311005331@172.18.0.1:55150>;tag=2fe748ec568ac824;tag=57572552
04-27 14:28:26.494  1669  2370 D GB28181 : Call-ID: 9148ce602b0451b0ab647ae28cff70a2@0.0.0.0
04-27 14:28:26.494  1669  2370 D GB28181 : CSeq: 160 INVITE
04-27 14:28:26.494  1669  2370 D GB28181 : Server: Body Worn Camera
04-27 14:28:26.494  1669  2370 D GB28181 : Content-Length: 0
04-27 14:28:26.494  1669  2370 D GB28181 : 
04-27 14:28:26.494  1669  2370 D GB28181 : 
04-27 14:28:26.495  1669  2370 D GB28181 : sip_get_sdp_yname 更新流p_sua->v_rtp_info.rtp_ssrc= 200000122 
04-27 14:28:26.495  1669  2370 I GB28181 : sua_call_in_sdp_parse, video{encoder[PS], hz[90000], chn[1]}
04-27 14:28:26.495  1669  2370 I GB28181 : sua_call_in_sdp_parse, video{encoder[MPEG4], hz[90000], chn[1]}
04-27 14:28:26.495  1669  2370 I GB28181 : sua_call_in_sdp_parse, video{encoder[H264], hz[90000], chn[1]}
04-27 14:28:26.495  1669  2370 I GB28181 : sua_call_in_sdp_parse, video{encoder[H265], hz[90000], chn[1]}
04-27 14:28:26.495  1669  2370 D GB28181 : sip_ntf_cb, evt : PUEVT_CALL_IN
04-27 14:28:26.495  1669  2378 D GB28181 : >>>>>>>>-----------------------
04-27 14:28:26.495  1669  2378 D GB28181 : >>>>>>>>--------scm.evt == 4---------------
04-27 14:28:26.496  1669  2378 I System.out: GB28181--->>>-----C++回调java:状态回调 回调函数--- sysState:2 connState:2heartbeatExceptionCount:0 liveState:0 talkState:0 videotapeState:0videotapedownloadState:0---------------------
04-27 14:28:26.497  1669  2378 E Gb28181Local: onStateUpdate sysState:2,connState:2,heartbeatExceptionCount:0,liveState:0,talkState:0,videotapeState:0,videotapeDownloadState:0
04-27 14:28:26.498  1669  2378 D GB28181 : ------>>>>Call in-------
04-27 14:28:26.498  1669  2370 I GB28181 : sip new call recv, caller[sip:35020000002000000001@3502000000]
04-27 14:28:26.498  1669  2378 D GB28181 : 实时视频>>>>real-time video
04-27 14:28:26.498  1669  2370 D GB28181 : --sip_task---->>> hsip.net_rx_flag===1 
04-27 14:28:26.498  1669  2378 D GB28181 : >>>>>>>>-----------Task running------------
04-27 14:28:26.498  1669  2370 D GB28181 : #sip_rev接收服务器到SIP消息:msg_buf[(null)]
04-27 14:28:26.498  1669  2370 D GB28181 : #########################stm.msg_src=[101],
04-27 14:28:26.498  1669  2370 D GB28181 : #sip_rev------>>>接收服务器SIP消息来源：命令消息 SUA_CMD_SRC 
04-27 14:28:26.498  1669  2370 I GB28181 :  SUA呼叫状态机补充部分: 会话控制消息处理 接收消息sua_emsg_recv, [sip:35020000002000000001@3502000000]::UAS_TRYING PUCMD_CONNECT
04-27 14:28:26.499  1669  2370 D GB28181 : ------[D:/camera_live/app/src/main/cpp/libgb28181/sip/sip_tx.cpp][88]-----
04-27 14:28:26.499  1669  2370 D GB28181 : ------[D:/camera_live/app/src/main/cpp/libgb28181/sip/sip_tx.cpp][92]-----
04-27 14:28:26.499  1669  2370 D GB28181 : 消息类别:0表示是request,  1表示是response tx_msg->msg_type=1 
04-27 14:28:26.499  1669  2370 D GB28181 : ------[D:/camera_live/app/src/main/cpp/libgb28181/sip/sip_tx.cpp][170]----pHdrV->header=[From]----pHdrV->value_string=[<sip:35020000002000000001@3502000000>;tag=1b47f86feac742a286b8ed5d42aa2455]---
04-27 14:28:26.499  1669  2370 D GB28181 : ------[D:/camera_live/app/src/main/cpp/libgb28181/sip/sip_tx.cpp][171][SIP/2.0 200 OK
04-27 14:28:26.499  1669  2370 D GB28181 : Via: SIP/2.0/TCP 192.168.0.40:8160;branch=z9hG4bK4404647705;rport;rport=8160;received=192.168.0.40
04-27 14:28:26.499  1669  2370 D GB28181 : From: <sip:35020000002000000001@3502000000>;tag=1b47f86feac742a286b8ed5d42aa2455
04-27 14:28:26.499  1669  2370 D GB28181 : ]--tx_buf=[<sip:35020000002000000001@3502000000>;tag=1b47f86feac742a286b8ed5d42aa2455]---
04-27 14:28:26.499  1669  2370 D GB28181 : ------[D:/camera_live/app/src/main/cpp/libgb28181/sip/sip_tx.cpp][170]----pHdrV->header=[To]----pHdrV->value_string=[<sip:35020000201311005331@172.18.0.1:55150>;tag=2fe748ec568ac824]---
04-27 14:28:26.499  1669  2370 D GB28181 : ------[D:/camera_live/app/src/main/cpp/libgb28181/sip/sip_tx.cpp][171][SIP/2.0 200 OK
04-27 14:28:26.499  1669  2370 D GB28181 : Via: SIP/2.0/TCP 192.168.0.40:8160;branch=z9hG4bK4404647705;rport;rport=8160;received=192.168.0.40
04-27 14:28:26.499  1669  2370 D GB28181 : From: <sip:35020000002000000001@3502000000>;tag=1b47f86feac742a286b8ed5d42aa2455
04-27 14:28:26.499  1669  2370 D GB28181 : To: <sip:35020000201311005331@172.18.0.1:55150>;tag=2fe748ec568ac824;tag=1538328028
04-27 14:28:26.499  1669  2370 D GB28181 : ]--tx_buf=[<sip:35020000201311005331@172.18.0.1:55150>;tag=2fe748ec568ac824]---
04-27 14:28:26.499  1669  2370 D GB28181 : ------[D:/camera_live/app/src/main/cpp/libgb28181/sip/sip_tx.cpp][170]----pHdrV->header=[Contact]----pHdrV->value_string=[<sip:35020000201311005331@172.18.0.1:55150>]---
04-27 14:28:26.499  1669  2370 D GB28181 : ------[D:/camera_live/app/src/main/cpp/libgb28181/sip/sip_tx.cpp][171][SIP/2.0 200 OK
04-27 14:28:26.499  1669  2370 D GB28181 : Via: SIP/2.0/TCP 192.168.0.40:8160;branch=z9hG4bK4404647705;rport;rport=8160;received=192.168.0.40
04-27 14:28:26.499  1669  2370 D GB28181 : From: <sip:35020000002000000001@3502000000>;tag=1b47f86feac742a286b8ed5d42aa2455
04-27 14:28:26.499  1669  2370 D GB28181 : To: <sip:35020000201311005331@172.18.0.1:55150>;tag=2fe748ec568ac824;tag=1538328028
04-27 14:28:26.499  1669  2370 D GB28181 : Contact: <sip:35020000201311005331@172.18.0.1:55150>
04-27 14:28:26.499  1669  2370 D GB28181 : ]--tx_buf=[<sip:35020000201311005331@172.18.0.1:55150>]---
04-27 14:28:26.499  1669  2370 D GB28181 : ------[D:/camera_live/app/src/main/cpp/libgb28181/sip/sip_tx.cpp][170]----pHdrV->header=[Call-ID]----pHdrV->value_string=[9148ce602b0451b0ab647ae28cff70a2@0.0.0.0]---
04-27 14:28:26.499  1669  2370 D GB28181 : ------[D:/camera_live/app/src/main/cpp/libgb28181/sip/sip_tx.cpp][171][SIP/2.0 200 OK
04-27 14:28:26.499  1669  2370 D GB28181 : Via: SIP/2.0/TCP 192.168.0.40:8160;branch=z9hG4bK4404647705;rport;rport=8160;received=192.168.0.40
04-27 14:28:26.499  1669  2370 D GB28181 : From: <sip:35020000002000000001@3502000000>;tag=1b47f86feac742a286b8ed5d42aa2455
04-27 14:28:26.499  1669  2370 D GB28181 : To: <sip:35020000201311005331@172.18.0.1:55150>;tag=2fe748ec568ac824;tag=1538328028
04-27 14:28:26.499  1669  2370 D GB28181 : Contact: <sip:35020000201311005331@172.18.0.1:55150>
04-27 14:28:26.499  1669  2370 D GB28181 : Call-ID: 9148ce602b0451b0ab647ae28cff70a2@0.0.0.0
04-27 14:28:26.499  1669  2370 D GB28181 : ]--tx_buf=[9148ce602b0451b0ab647ae28cff70a2@0.0.0.0]---
04-27 14:28:26.499  1669  2370 D GB28181 : ------[D:/camera_live/app/src/main/cpp/libgb28181/sip/sip_tx.cpp][170]----pHdrV->header=[CSeq]----pHdrV->value_string=[160 INVITE]---
04-27 14:28:26.499  1669  2370 D GB28181 : ------[D:/camera_live/app/src/main/cpp/libgb28181/sip/sip_tx.cpp][171][SIP/2.0 200 OK
04-27 14:28:26.499  1669  2370 D GB28181 : Via: SIP/2.0/TCP 192.168.0.40:8160;branch=z9hG4bK4404647705;rport;rport=8160;received=192.168.0.40
04-27 14:28:26.499  1669  2370 D GB28181 : From: <sip:35020000002000000001@3502000000>;tag=1b47f86feac742a286b8ed5d42aa2455
04-27 14:28:26.499  1669  2370 D GB28181 : To: <sip:35020000201311005331@172.18.0.1:55150>;tag=2fe748ec568ac824;tag=1538328028
04-27 14:28:26.499  1669  2370 D GB28181 : Contact: <sip:35020000201311005331@172.18.0.1:55150>
04-27 14:28:26.499  1669  2370 D GB28181 : Call-ID: 9148ce602b0451b0ab647ae28cff70a2@0.0.0.0
04-27 14:28:26.499  1669  2370 D GB28181 : CSeq: 160 INVITE
04-27 14:28:26.499  1669  2370 D GB28181 : ]--tx_buf=[160 INVITE]---
04-27 14:28:26.499  1669  2370 D GB28181 : ------[D:/camera_live/app/src/main/cpp/libgb28181/sip/sip_tx.cpp][170]----pHdrV->header=[Max-Forwards]----pHdrV->value_string=[70]---
04-27 14:28:26.500  1669  2370 D GB28181 : ------[D:/camera_live/app/src/main/cpp/libgb28181/sip/sip_tx.cpp][171][SIP/2.0 200 OK
04-27 14:28:26.500  1669  2370 D GB28181 : Via: SIP/2.0/TCP 192.168.0.40:8160;branch=z9hG4bK4404647705;rport;rport=8160;received=192.168.0.40
04-27 14:28:26.500  1669  2370 D GB28181 : From: <sip:35020000002000000001@3502000000>;tag=1b47f86feac742a286b8ed5d42aa2455
04-27 14:28:26.500  1669  2370 D GB28181 : To: <sip:35020000201311005331@172.18.0.1:55150>;tag=2fe748ec568ac824;tag=1538328028
04-27 14:28:26.500  1669  2370 D GB28181 : Contact: <sip:35020000201311005331@172.18.0.1:55150>
04-27 14:28:26.500  1669  2370 D GB28181 : Call-ID: 9148ce602b0451b0ab647ae28cff70a2@0.0.0.0
04-27 14:28:26.500  1669  2370 D GB28181 : CSeq: 160 INVITE
04-27 14:28:26.500  1669  2370 D GB28181 : Max-Forwards: 70
04-27 14:28:26.500  1669  2370 D GB28181 : ]--tx_buf=[70]---
04-27 14:28:26.500  1669  2370 D GB28181 : ------[D:/camera_live/app/src/main/cpp/libgb28181/sip/sip_tx.cpp][170]----pHdrV->header=[Allow]----pHdrV->value_string=[ACK,BYE,CANCEL,INVITE,NOTIFY,REFER,UPDATE,INFO]---
04-27 14:28:26.500  1669  2370 D GB28181 : ------[D:/camera_live/app/src/main/cpp/libgb28181/sip/sip_tx.cpp][171][SIP/2.0 200 OK
04-27 14:28:26.500  1669  2370 D GB28181 : Via: SIP/2.0/TCP 192.168.0.40:8160;branch=z9hG4bK4404647705;rport;rport=8160;received=192.168.0.40
04-27 14:28:26.500  1669  2370 D GB28181 : From: <sip:35020000002000000001@3502000000>;tag=1b47f86feac742a286b8ed5d42aa2455
04-27 14:28:26.500  1669  2370 D GB28181 : To: <sip:35020000201311005331@172.18.0.1:55150>;tag=2fe748ec568ac824;tag=1538328028
04-27 14:28:26.500  1669  2370 D GB28181 : Contact: <sip:35020000201311005331@172.18.0.1:55150>
04-27 14:28:26.500  1669  2370 D GB28181 : Call-ID: 9148ce602b0451b0ab647ae28cff70a2@0.0.0.0
04-27 14:28:26.500  1669  2370 D GB28181 : CSeq: 160 INVITE
04-27 14:28:26.500  1669  2370 D GB28181 : Max-Forwards: 70
04-27 14:28:26.500  1669  2370 D GB28181 : Allow: ACK,BYE,CANCEL,INVITE,NOTIFY,REFER,UPDATE,INFO
04-27 14:28:26.500  1669  2370 D GB28181 : ]--tx_buf=[ACK,BYE,CANCEL,INVITE,NOTIFY,REFER,UPDATE,INFO]---
04-27 14:28:26.500  1669  2370 D GB28181 : ------[D:/camera_live/app/src/main/cpp/libgb28181/sip/sip_tx.cpp][170]----pHdrV->header=[Supported]----pHdrV->value_string=[timer]---
04-27 14:28:26.500  1669  2370 D GB28181 : ------[D:/camera_live/app/src/main/cpp/libgb28181/sip/sip_tx.cpp][171][SIP/2.0 200 OK
04-27 14:28:26.500  1669  2370 D GB28181 : Via: SIP/2.0/TCP 192.168.0.40:8160;branch=z9hG4bK4404647705;rport;rport=8160;received=192.168.0.40
04-27 14:28:26.500  1669  2370 D GB28181 : From: <sip:35020000002000000001@3502000000>;tag=1b47f86feac742a286b8ed5d42aa2455
04-27 14:28:26.500  1669  2370 D GB28181 : To: <sip:35020000201311005331@172.18.0.1:55150>;tag=2fe748ec568ac824;tag=1538328028
04-27 14:28:26.500  1669  2370 D GB28181 : Contact: <sip:35020000201311005331@172.18.0.1:55150>
04-27 14:28:26.500  1669  2370 D GB28181 : Call-ID: 9148ce602b0451b0ab647ae28cff70a2@0.0.0.0
04-27 14:28:26.500  1669  2370 D GB28181 : CSeq: 160 INVITE
04-27 14:28:26.500  1669  2370 D GB28181 : Max-Forwards: 70
04-27 14:28:26.500  1669  2370 D GB28181 : Allow: ACK,BYE,CANCEL,INVITE,NOTIFY,REFER,UPDATE,INFO
04-27 14:28:26.500  1669  2370 D GB28181 : Supported: timer
04-27 14:28:26.500  1669  2370 D GB28181 : ]--tx_buf=[timer]---
04-27 14:28:26.500  1669  2370 D GB28181 : ------[D:/camera_live/app/src/main/cpp/libgb28181/sip/sip_tx.cpp][170]----pHdrV->header=[Session-Expires]----pHdrV->value_string=[200;refresher=uac]---
04-27 14:28:26.500  1669  2370 D GB28181 : ------[D:/camera_live/app/src/main/cpp/libgb28181/sip/sip_tx.cpp][171][SIP/2.0 200 OK
04-27 14:28:26.500  1669  2370 D GB28181 : Via: SIP/2.0/TCP 192.168.0.40:8160;branch=z9hG4bK4404647705;rport;rport=8160;received=192.168.0.40
04-27 14:28:26.500  1669  2370 D GB28181 : From: <sip:35020000002000000001@3502000000>;tag=1b47f86feac742a286b8ed5d42aa2455
04-27 14:28:26.500  1669  2370 D GB28181 : To: <sip:35020000201311005331@172.18.0.1:55150>;tag=2fe748ec568ac824;tag=1538328028
04-27 14:28:26.500  1669  2370 D GB28181 : Contact: <sip:35020000201311005331@172.18.0.1:55150>
04-27 14:28:26.500  1669  2370 D GB28181 : Call-ID: 9148ce602b0451b0ab647ae28cff70a2@0.0.0.0
04-27 14:28:26.500  1669  2370 D GB28181 : CSeq: 160 INVITE
04-27 14:28:26.500  1669  2370 D GB28181 : Max-Forwards: 70
04-27 14:28:26.500  1669  2370 D GB28181 : Allow: ACK,BYE,CANCEL,INVITE,NOTIFY,REFER,UPDATE,INFO
04-27 14:28:26.500  1669  2370 D GB28181 : Supported: timer
04-27 14:28:26.500  1669  2370 D GB28181 : Session-Expires: 200;refresher=uac
04-27 14:28:26.500  1669  2370 D GB28181 : ]--tx_buf=[200;refresher=uac]---
04-27 14:28:26.500  1669  2370 D GB28181 : ------[D:/camera_live/app/src/main/cpp/libgb28181/sip/sip_tx.cpp][170]----pHdrV->header=[Server]----pHdrV->value_string=[Body Worn Camera]---
04-27 14:28:26.500  1669  2370 D GB28181 : ------[D:/camera_live/app/src/main/cpp/libgb28181/sip/sip_tx.cpp][171][SIP/2.0 200 OK
04-27 14:28:26.500  1669  2370 D GB28181 : Via: SIP/2.0/TCP 192.168.0.40:8160;branch=z9hG4bK4404647705;rport;rport=8160;received=192.168.0.40
04-27 14:28:26.500  1669  2370 D GB28181 : From: <sip:35020000002000000001@3502000000>;tag=1b47f86feac742a286b8ed5d42aa2455
04-27 14:28:26.500  1669  2370 D GB28181 : To: <sip:35020000201311005331@172.18.0.1:55150>;tag=2fe748ec568ac824;tag=1538328028
04-27 14:28:26.500  1669  2370 D GB28181 : Contact: <sip:35020000201311005331@172.18.0.1:55150>
04-27 14:28:26.500  1669  2370 D GB28181 : Call-ID: 9148ce602b0451b0ab647ae28cff70a2@0.0.0.0
04-27 14:28:26.500  1669  2370 D GB28181 : CSeq: 160 INVITE
04-27 14:28:26.500  1669  2370 D GB28181 : Max-Forwards: 70
04-27 14:28:26.500  1669  2370 D GB28181 : Allow: ACK,BYE,CANCEL,INVITE,NOTIFY,REFER,UPDATE,INFO
04-27 14:28:26.500  1669  2370 D GB28181 : Supported: timer
04-27 14:28:26.500  1669  2370 D GB28181 : Session-Expires: 200;refresher=uac
04-27 14:28:26.500  1669  2370 D GB28181 : Server: Body Worn Camera
04-27 14:28:26.500  1669  2370 D GB28181 : ]--tx_buf=[Body Worn Camera]---
04-27 14:28:26.500  1669  2370 D GB28181 : ------[D:/camera_live/app/src/main/cpp/libgb28181/sip/sip_tx.cpp][170]----pHdrV->header=[Content-Type]----pHdrV->value_string=[application/sdp]---
04-27 14:28:26.500  1669  2370 D GB28181 : ------[D:/camera_live/app/src/main/cpp/libgb28181/sip/sip_tx.cpp][171][SIP/2.0 200 OK
04-27 14:28:26.500  1669  2370 D GB28181 : Via: SIP/2.0/TCP 192.168.0.40:8160;branch=z9hG4bK4404647705;rport;rport=8160;received=192.168.0.40
04-27 14:28:26.500  1669  2370 D GB28181 : From: <sip:35020000002000000001@3502000000>;tag=1b47f86feac742a286b8ed5d42aa2455
04-27 14:28:26.500  1669  2370 D GB28181 : To: <sip:35020000201311005331@172.18.0.1:55150>;tag=2fe748ec568ac824;tag=1538328028
04-27 14:28:26.500  1669  2370 D GB28181 : Contact: <sip:35020000201311005331@172.18.0.1:55150>
04-27 14:28:26.500  1669  2370 D GB28181 : Call-ID: 9148ce602b0451b0ab647ae28cff70a2@0.0.0.0
04-27 14:28:26.500  1669  2370 D GB28181 : CSeq: 160 INVITE
04-27 14:28:26.500  1669  2370 D GB28181 : Max-Forwards: 70
04-27 14:28:26.500  1669  2370 D GB28181 : Allow: ACK,BYE,CANCEL,INVITE,NOTIFY,REFER,UPDATE,INFO
04-27 14:28:26.500  1669  2370 D GB28181 : Supported: timer
04-27 14:28:26.500  1669  2370 D GB28181 : Session-Expires: 200;refresher=uac
04-27 14:28:26.500  1669  2370 D GB28181 : Server: Body Worn Camera
04-27 14:28:26.500  1669  2370 D GB28181 : Content-Type: application/sdp
04-27 14:28:26.500  1669  2370 D GB28181 : ]--tx_buf=[application/sdp]---
04-27 14:28:26.500  1669  2370 D GB28181 : ------[D:/camera_live/app/src/main/cpp/libgb28181/sip/sip_tx.cpp][170]----pHdrV->header=[Content-Length]----pHdrV->value_string=[203]---
04-27 14:28:26.500  1669  2370 D GB28181 : ------[D:/camera_live/app/src/main/cpp/libgb28181/sip/sip_tx.cpp][171][SIP/2.0 200 OK
04-27 14:28:26.500  1669  2370 D GB28181 : Via: SIP/2.0/TCP 192.168.0.40:8160;branch=z9hG4bK4404647705;rport;rport=8160;received=192.168.0.40
04-27 14:28:26.500  1669  2370 D GB28181 : From: <sip:35020000002000000001@3502000000>;tag=1b47f86feac742a286b8ed5d42aa2455
04-27 14:28:26.500  1669  2370 D GB28181 : To: <sip:35020000201311005331@172.18.0.1:55150>;tag=2fe748ec568ac824;tag=1538328028
04-27 14:28:26.500  1669  2370 D GB28181 : Contact: <sip:35020000201311005331@172.18.0.1:55150>
04-27 14:28:26.500  1669  2370 D GB28181 : Call-ID: 9148ce602b0451b0ab647ae28cff70a2@0.0.0.0
04-27 14:28:26.500  1669  2370 D GB28181 : CSeq: 160 INVITE
04-27 14:28:26.500  1669  2370 D GB28181 : Max-Forwards: 70
04-27 14:28:26.500  1669  2370 D GB28181 : Allow: ACK,BYE,CANCEL,INVITE,NOTIFY,REFER,UPDATE,INFO
