04-27 13:36:39.164 I/MtkCam/Utils(  491): {CamProfile}[DisplayClient::dequePrvOps] dequeue_buffer > 30ms: (0-th) ===> (overtime > 30 ms) [start-->now: 36 ms]
04-27 13:36:39.168 I/WifiService(  881): getConnectionInfo uid=10070
04-27 13:36:39.171 I/MtkCam/PrvCB(  491): (2420)[onClientThreadLoop] mOneShotSleepCount 0
04-27 13:36:39.173 I/WifiService(  881): getDhcpInfo uid=10070
04-27 13:36:39.174 I/Camera  ( 1670): handleMessage: 16
04-27 13:36:39.189 W/TwinMgr (  491): [TwinInfo_update] WARNING: [TwinInfo_update][0]no deque on AFO over 64 frames
04-27 13:36:39.189 W/MtkCam/BufferProvider_P(  491): [Hal:Image:yuvFD][dequeStreamBuffer] Cannot acquire from pool. Something wrong... SOS
04-27 13:36:39.189 E/SurfaceFlinger(  385): getUniqueId not supported on VirtualDisplaySurface
04-27 13:36:39.191 E/SurfaceFlinger(  385): getUniqueId not supported on VirtualDisplaySurface
04-27 13:36:39.192 I/System.out( 1670): [OkHttp] sendRequest>>
04-27 13:36:39.192 I/System.out( 1670): [OkHttp] sendRequest<<
04-27 13:36:39.194 D/BufferQueueProducer(  489): [GraphicBufferSource](this:0xe6c62000,id:0,api:1,p:489,c:489) cancelBuffer: slot 1
04-27 13:36:39.196 W/TuningMgr(  491): TuningMgr[updateEngine] WARNING: [temp log] AF enable(0_0x100802e0_0x8001e0)
04-27 13:36:39.202 I/WifiService(  881): getConnectionInfo uid=10070
04-27 13:36:39.211 I/MtkCam/PrvCB(  491): (2420)[onClientThreadLoop] mOneShotSleepCount 0
04-27 13:36:39.214 I/Camera  ( 1670): handleMessage: 16
04-27 13:36:39.223 E/SurfaceFlinger(  385): getUniqueId not supported on VirtualDisplaySurface
04-27 13:36:39.223 I/WifiService(  881): getConnectionInfo uid=10070
04-27 13:36:39.224 E/DCWLog-BaiduLocationProvider( 1670): 定位成功: &loctype=161&lat=22.67701&lon=113.977933&radius=40.0&biasprob=-1.0,coorType:gcj02,gpsAccuracy:0,isCal:1
04-27 13:36:39.226 E/SurfaceFlinger(  385): getUniqueId not supported on VirtualDisplaySurface
04-27 13:36:39.229 D/BufferQueueProducer(  489): [GraphicBufferSource](this:0xe6c62000,id:0,api:1,p:489,c:489) cancelBuffer: slot 0
04-27 13:36:39.229 W/TwinMgr (  491): [TwinInfo_update] WARNING: [TwinInfo_update][0]no deque on AFO over 64 frames
04-27 13:36:39.231 W/MtkCam/BufferProvider_P(  491): [Hal:Image:yuvFD][dequeStreamBuffer] Cannot acquire from pool. Something wrong... SOS
04-27 13:36:39.233 W/TuningMgr(  491): TuningMgr[updateEngine] WARNING: [temp log] AF enable(0_0x100802e0_0x8001e0)
04-27 13:36:39.234 I/WifiService(  881): getConnectionInfo uid=10070
04-27 13:36:39.238 I/WifiService(  881): getConnectionInfo uid=10070
04-27 13:36:39.251 I/MtkCam/PrvCB(  491): (2420)[onClientThreadLoop] mOneShotSleepCount 0
04-27 13:36:39.254 I/Camera  ( 1670): handleMessage: 16
04-27 13:36:39.266 W/MtkCam/BufferProvider_P(  491): [Hal:Image:yuvFD][dequeStreamBuffer] Cannot acquire from pool. Something wrong... SOS
04-27 13:36:39.269 W/TwinMgr (  491): [TwinInfo_update] WARNING: [TwinInfo_update][0]no deque on AFO over 64 frames
04-27 13:36:39.272 E/SurfaceFlinger(  385): getUniqueId not supported on VirtualDisplaySurface
04-27 13:36:39.274 W/TuningMgr(  491): TuningMgr[updateEngine] WARNING: [temp log] AF enable(0_0x100802e0_0x8001e0)
04-27 13:36:39.274 E/SurfaceFlinger(  385): getUniqueId not supported on VirtualDisplaySurface
04-27 13:36:39.276 D/BufferQueueProducer(  489): [GraphicBufferSource](this:0xe6c62000,id:0,api:1,p:489,c:489) cancelBuffer: slot 1
04-27 13:36:39.291 I/MtkCam/PrvCB(  491): (2420)[onClientThreadLoop] mOneShotSleepCount 0
04-27 13:36:39.295 I/Camera  ( 1670): handleMessage: 16
04-27 13:36:39.305 E/SurfaceFlinger(  385): getUniqueId not supported on VirtualDisplaySurface
04-27 13:36:39.307 E/SurfaceFlinger(  385): getUniqueId not supported on VirtualDisplaySurface
04-27 13:36:39.309 W/TwinMgr (  491): [TwinInfo_update] WARNING: [TwinInfo_update][0]no deque on AFO over 64 frames
04-27 13:36:39.309 D/BufferQueueProducer(  489): [GraphicBufferSource](this:0xe6c62000,id:0,api:1,p:489,c:489) cancelBuffer: slot 0
04-27 13:36:39.311 W/MtkCam/BufferProvider_P(  491): [Hal:Image:yuvFD][dequeStreamBuffer] Cannot acquire from pool. Something wrong... SOS
04-27 13:36:39.314 W/TuningMgr(  491): TuningMgr[updateEngine] WARNING: [temp log] AF enable(0_0x100802e0_0x8001e0)
04-27 13:36:39.331 I/MtkCam/PrvCB(  491): (2420)[onClientThreadLoop] mOneShotSleepCount 0
04-27 13:36:39.334 I/Camera  ( 1670): handleMessage: 16
04-27 13:36:39.347 I/WifiService(  881): getConnectionInfo uid=10070
04-27 13:36:39.349 W/TwinMgr (  491): [TwinInfo_update] WARNING: [TwinInfo_update][0]no deque on AFO over 64 frames
04-27 13:36:39.352 I/WifiService(  881): getConnectionInfo uid=10070
04-27 13:36:39.352 W/MtkCam/BufferProvider_P(  491): [Hal:Image:yuvFD][dequeStreamBuffer] Cannot acquire from pool. Something wrong... SOS
04-27 13:36:39.356 E/SurfaceFlinger(  385): getUniqueId not supported on VirtualDisplaySurface
04-27 13:36:39.357 W/TuningMgr(  491): TuningMgr[updateEngine] WARNING: [temp log] AF enable(0_0x100802e0_0x8001e0)
04-27 13:36:39.357 I/WifiService(  881): getConnectionInfo uid=10070
04-27 13:36:39.359 E/SurfaceFlinger(  385): getUniqueId not supported on VirtualDisplaySurface
04-27 13:36:39.362 D/BufferQueueProducer(  489): [GraphicBufferSource](this:0xe6c62000,id:0,api:1,p:489,c:489) cancelBuffer: slot 1
04-27 13:36:39.363 I/MtkCam/Utils(  491): {CamProfile}[DisplayClient::dequePrvOps] dequeue_buffer > 30ms: (0-th) ===> (overtime > 30 ms) [start-->now: 34 ms]
04-27 13:36:39.372 I/MtkCam/PrvCB(  491): (2420)[onClientThreadLoop] mOneShotSleepCount 0
04-27 13:36:39.374 I/WifiService(  881): getConnectionInfo uid=10070
04-27 13:36:39.377 I/Camera  ( 1670): handleMessage: 16
04-27 13:36:39.377 I/MtkCam/PrvCB(  491): (2420)[onClientThreadLoop] mOneShotSleepCount 1
04-27 13:36:39.388 E/SurfaceFlinger(  385): getUniqueId not supported on VirtualDisplaySurface
04-27 13:36:39.389 W/TwinMgr (  491): [TwinInfo_update] WARNING: [TwinInfo_update][0]no deque on AFO over 64 frames
04-27 13:36:39.390 E/SurfaceFlinger(  385): getUniqueId not supported on VirtualDisplaySurface
04-27 13:36:39.393 W/MtkCam/BufferProvider_P(  491): [Hal:Image:yuvFD][dequeStreamBuffer] Cannot acquire from pool. Something wrong... SOS
04-27 13:36:39.393 D/BufferQueueProducer(  489): [GraphicBufferSource](this:0xe6c62000,id:0,api:1,p:489,c:489) cancelBuffer: slot 0
04-27 13:36:39.395 W/TuningMgr(  491): TuningMgr[updateEngine] WARNING: [temp log] AF enable(0_0x100802e0_0x8001e0)
04-27 13:36:39.411 I/MtkCam/PrvCB(  491): (2420)[onClientThreadLoop] mOneShotSleepCount 0
04-27 13:36:39.415 I/Camera  ( 1670): handleMessage: 16
04-27 13:36:39.421 E/SurfaceFlinger(  385): getUniqueId not supported on VirtualDisplaySurface
04-27 13:36:39.423 E/SurfaceFlinger(  385): getUniqueId not supported on VirtualDisplaySurface
04-27 13:36:39.425 D/BufferQueueProducer(  489): [GraphicBufferSource](this:0xe6c62000,id:0,api:1,p:489,c:489) cancelBuffer: slot 1
04-27 13:36:39.429 W/TwinMgr (  491): [TwinInfo_update] WARNING: [TwinInfo_update][0]no deque on AFO over 64 frames
04-27 13:36:39.433 W/MtkCam/BufferProvider_P(  491): [Hal:Image:yuvFD][dequeStreamBuffer] Cannot acquire from pool. Something wrong... SOS
04-27 13:36:39.434 W/TuningMgr(  491): TuningMgr[updateEngine] WARNING: [temp log] AF enable(0_0x100802e0_0x8001e0)
04-27 13:36:39.451 I/MtkCam/PrvCB(  491): (2420)[onClientThreadLoop] mOneShotSleepCount 0
04-27 13:36:39.456 I/Camera  ( 1670): handleMessage: 16
04-27 13:36:39.469 W/TwinMgr (  491): [TwinInfo_update] WARNING: [TwinInfo_update][0]no deque on AFO over 64 frames
04-27 13:36:39.472 E/SurfaceFlinger(  385): getUniqueId not supported on VirtualDisplaySurface
04-27 13:36:39.474 E/SurfaceFlinger(  385): getUniqueId not supported on VirtualDisplaySurface
04-27 13:36:39.475 W/TuningMgr(  491): TuningMgr[updateEngine] WARNING: [temp log] AF enable(0_0x100802e0_0x8001e0)
04-27 13:36:39.476 W/MtkCam/BufferProvider_P(  491): [Hal:Image:yuvFD][dequeStreamBuffer] Cannot acquire from pool. Something wrong... SOS
04-27 13:36:39.477 D/BufferQueueProducer(  489): [GraphicBufferSource](this:0xe6c62000,id:0,api:1,p:489,c:489) cancelBuffer: slot 0
04-27 13:36:39.494 I/MtkCam/PrvCB(  491): (2420)[onClientThreadLoop] mOneShotSleepCount 0
04-27 13:36:39.499 I/Camera  ( 1670): handleMessage: 16
04-27 13:36:39.505 E/SurfaceFlinger(  385): getUniqueId not supported on VirtualDisplaySurface
04-27 13:36:39.507 E/SurfaceFlinger(  385): getUniqueId not supported on VirtualDisplaySurface
04-27 13:36:39.509 D/BufferQueueProducer(  489): [GraphicBufferSource](this:0xe6c62000,id:0,api:1,p:489,c:489) cancelBuffer: slot 1
04-27 13:36:39.510 W/TwinMgr (  491): [TwinInfo_update] WARNING: [TwinInfo_update][0]no deque on AFO over 64 frames
04-27 13:36:39.515 W/TuningMgr(  491): TuningMgr[updateEngine] WARNING: [temp log] AF enable(0_0x100802e0_0x8001e0)
04-27 13:36:39.517 W/MtkCam/BufferProvider_P(  491): [Hal:Image:yuvFD][dequeStreamBuffer] Cannot acquire from pool. Something wrong... SOS
04-27 13:36:39.535 I/MtkCam/PrvCB(  491): (2420)[onClientThreadLoop] mOneShotSleepCount 0
04-27 13:36:39.539 I/Camera  ( 1670): handleMessage: 16
04-27 13:36:39.550 W/TwinMgr (  491): [TwinInfo_update] WARNING: [TwinInfo_update][0]no deque on AFO over 64 frames
04-27 13:36:39.552 W/MtkCam/BufferProvider_P(  491): [Hal:Image:yuvFD][dequeStreamBuffer] Cannot acquire from pool. Something wrong... SOS
04-27 13:36:39.554 E/SurfaceFlinger(  385): getUniqueId not supported on VirtualDisplaySurface
04-27 13:36:39.555 W/TuningMgr(  491): TuningMgr[updateEngine] WARNING: [temp log] AF enable(0_0x100802e0_0x8001e0)
04-27 13:36:39.557 E/SurfaceFlinger(  385): getUniqueId not supported on VirtualDisplaySurface
04-27 13:36:39.559 D/BufferQueueProducer(  489): [GraphicBufferSource](this:0xe6c62000,id:0,api:1,p:489,c:489) cancelBuffer: slot 0
04-27 13:36:39.575 I/MtkCam/PrvCB(  491): (2420)[onClientThreadLoop] mOneShotSleepCount 0
04-27 13:36:39.576 W/zygote  ( 1670): Couldn't lock the profile file /data/data/com.dcw.vochat/files/iflytek/idata/cache/oat/a39b0f4b540c44b0ac6bb059bd9c298c.zip.cur.prof: Failed to open file '/data/data/com.dcw.vochat/files/iflytek/idata/cache/oat/a39b0f4b540c44b0ac6bb059bd9c298c.zip.cur.prof': No such file or directory
04-27 13:36:39.576 W/zygote  ( 1670): Could not forcefully load profile /data/data/com.dcw.vochat/files/iflytek/idata/cache/oat/a39b0f4b540c44b0ac6bb059bd9c298c.zip.cur.prof
04-27 13:36:39.579 I/Camera  ( 1670): handleMessage: 16
04-27 13:36:39.583 D/NxpTml  (  381): PN54X - Read requested.....
04-27 13:36:39.583 D/NxpTml  (  381): PN54X - Invoking I2C Read.....
04-27 13:36:39.587 E/SurfaceFlinger(  385): getUniqueId not supported on VirtualDisplaySurface
04-27 13:36:39.590 W/TwinMgr (  491): [TwinInfo_update] WARNING: [TwinInfo_update][0]no deque on AFO over 64 frames
04-27 13:36:39.590 E/SurfaceFlinger(  385): getUniqueId not supported on VirtualDisplaySurface
04-27 13:36:39.592 D/BufferQueueProducer(  489): [GraphicBufferSource](this:0xe6c62000,id:0,api:1,p:489,c:489) cancelBuffer: slot 1
04-27 13:36:39.593 W/MtkCam/BufferProvider_P(  491): [Hal:Image:yuvFD][dequeStreamBuffer] Cannot acquire from pool. Something wrong... SOS
04-27 13:36:39.595 W/TuningMgr(  491): TuningMgr[updateEngine] WARNING: [temp log] AF enable(0_0x100802e0_0x8001e0)
04-27 13:36:39.610 I/BufferQueueProducer(  385): [SurfaceView - #0](this:0x7efed64800,id:12,api:4,p:474,c:385) queueBuffer: fps=24.99 dur=1000.52 max=46.79 min=33.94
04-27 13:36:39.614 I/MtkCam/PrvCB(  491): (2420)[onClientThreadLoop] mOneShotSleepCount 0
04-27 13:36:39.618 I/Camera  ( 1670): handleMessage: 16
04-27 13:36:39.630 W/TwinMgr (  491): [TwinInfo_update] WARNING: [TwinInfo_update][0]no deque on AFO over 64 frames
04-27 13:36:39.634 W/MtkCam/BufferProvider_P(  491): [Hal:Image:yuvFD][dequeStreamBuffer] Cannot acquire from pool. Something wrong... SOS
04-27 13:36:39.635 W/TuningMgr(  491): TuningMgr[updateEngine] WARNING: [temp log] AF enable(0_0x100802e0_0x8001e0)
04-27 13:36:39.637 E/SurfaceFlinger(  385): getUniqueId not supported on VirtualDisplaySurface
04-27 13:36:39.640 E/SurfaceFlinger(  385): getUniqueId not supported on VirtualDisplaySurface
04-27 13:36:39.643 D/BufferQueueProducer(  489): [GraphicBufferSource](this:0xe6c62000,id:0,api:1,p:489,c:489) cancelBuffer: slot 0
04-27 13:36:39.644 I/MtkCam/Utils(  491): {CamProfile}[DisplayClient::dequePrvOps] dequeue_buffer > 30ms: (0-th) ===> (overtime > 30 ms) [start-->now: 33 ms]
04-27 13:36:39.654 I/MtkCam/PrvCB(  491): (2420)[onClientThreadLoop] mOneShotSleepCount 0
04-27 13:36:39.659 I/Camera  ( 1670): handleMessage: 16
04-27 13:36:39.660 I/MtkCam/PrvCB(  491): (2420)[onClientThreadLoop] mOneShotSleepCount 1
04-27 13:36:39.670 W/TwinMgr (  491): [TwinInfo_update] WARNING: [TwinInfo_update][0]no deque on AFO over 64 frames
04-27 13:36:39.670 E/SurfaceFlinger(  385): getUniqueId not supported on VirtualDisplaySurface
04-27 13:36:39.673 E/SurfaceFlinger(  385): getUniqueId not supported on VirtualDisplaySurface
04-27 13:36:39.675 D/BufferQueueProducer(  489): [GraphicBufferSource](this:0xe6c62000,id:0,api:1,p:489,c:489) cancelBuffer: slot 1
04-27 13:36:39.676 W/TuningMgr(  491): TuningMgr[updateEngine] WARNING: [temp log] AF enable(0_0x100802e0_0x8001e0)
04-27 13:36:39.677 W/MtkCam/BufferProvider_P(  491): [Hal:Image:yuvFD][dequeStreamBuffer] Cannot acquire from pool. Something wrong... SOS
04-27 13:36:39.695 I/MtkCam/PrvCB(  491): (2420)[onClientThreadLoop] mOneShotSleepCount 0
04-27 13:36:39.700 I/Camera  ( 1670): handleMessage: 16
04-27 13:36:39.700 I/MtkCam/PrvCB(  491): (2420)[onClientThreadLoop] mOneShotSleepCount 1
04-27 13:36:39.704 E/SurfaceFlinger(  385): getUniqueId not supported on VirtualDisplaySurface
04-27 13:36:39.706 E/SurfaceFlinger(  385): getUniqueId not supported on VirtualDisplaySurface
04-27 13:36:39.708 D/BufferQueueProducer(  489): [GraphicBufferSource](this:0xe6c62000,id:0,api:1,p:489,c:489) cancelBuffer: slot 0
04-27 13:36:39.710 W/TwinMgr (  491): [TwinInfo_update] WARNING: [TwinInfo_update][0]no deque on AFO over 64 frames
04-27 13:36:39.715 W/TuningMgr(  491): TuningMgr[updateEngine] WARNING: [temp log] AF enable(0_0x100802e0_0x8001e0)
04-27 13:36:39.718 W/MtkCam/BufferProvider_P(  491): [Hal:Image:yuvFD][dequeStreamBuffer] Cannot acquire from pool. Something wrong... SOS
04-27 13:36:39.737 I/MtkCam/PrvCB(  491): (2420)[onClientThreadLoop] mOneShotSleepCount 0
04-27 13:36:39.742 I/MtkCam/PrvCB(  491): (2420)[onClientThreadLoop] mOneShotSleepCount 1
04-27 13:36:39.743 I/Camera  ( 1670): handleMessage: 16
04-27 13:36:39.750 W/TwinMgr (  491): [TwinInfo_update] WARNING: [TwinInfo_update][0]no deque on AFO over 64 frames
04-27 13:36:39.754 E/SurfaceFlinger(  385): getUniqueId not supported on VirtualDisplaySurface
04-27 13:36:39.756 E/SurfaceFlinger(  385): getUniqueId not supported on VirtualDisplaySurface
04-27 13:36:39.758 W/TuningMgr(  491): TuningMgr[updateEngine] WARNING: [temp log] AF enable(0_0x100802e0_0x8001e0)
04-27 13:36:39.759 D/BufferQueueProducer(  489): [GraphicBufferSource](this:0xe6c62000,id:0,api:1,p:489,c:489) cancelBuffer: slot 1
04-27 13:36:39.759 W/MtkCam/BufferProvider_P(  491): [Hal:Image:yuvFD][dequeStreamBuffer] Cannot acquire from pool. Something wrong... SOS
04-27 13:36:39.778 I/MtkCam/PrvCB(  491): (2420)[onClientThreadLoop] mOneShotSleepCount 0
04-27 13:36:39.781 I/Camera  ( 1670): handleMessage: 16
04-27 13:36:39.786 E/SurfaceFlinger(  385): getUniqueId not supported on VirtualDisplaySurface
04-27 13:36:39.788 E/SurfaceFlinger(  385): getUniqueId not supported on VirtualDisplaySurface
04-27 13:36:39.790 W/TwinMgr (  491): [TwinInfo_update] WARNING: [TwinInfo_update][0]no deque on AFO over 64 frames
04-27 13:36:39.791 D/BufferQueueProducer(  489): [GraphicBufferSource](this:0xe6c62000,id:0,api:1,p:489,c:489) cancelBuffer: slot 0
04-27 13:36:39.794 W/MtkCam/BufferProvider_P(  491): [Hal:Image:yuvFD][dequeStreamBuffer] Cannot acquire from pool. Something wrong... SOS
04-27 13:36:39.795 W/TuningMgr(  491): TuningMgr[updateEngine] WARNING: [temp log] AF enable(0_0x100802e0_0x8001e0)
04-27 13:36:39.817 I/MtkCam/PrvCB(  491): (2420)[onClientThreadLoop] mOneShotSleepCount 0
04-27 13:36:39.821 I/Camera  ( 1670): handleMessage: 16
04-27 13:36:39.830 W/TwinMgr (  491): [TwinInfo_update] WARNING: [TwinInfo_update][0]no deque on AFO over 64 frames
04-27 13:36:39.835 W/MtkCam/BufferProvider_P(  491): [Hal:Image:yuvFD][dequeStreamBuffer] Cannot acquire from pool. Something wrong... SOS
04-27 13:36:39.835 W/TuningMgr(  491): TuningMgr[updateEngine] WARNING: [temp log] AF enable(0_0x100802e0_0x8001e0)
04-27 13:36:39.836 E/SurfaceFlinger(  385): getUniqueId not supported on VirtualDisplaySurface
04-27 13:36:39.838 E/SurfaceFlinger(  385): getUniqueId not supported on VirtualDisplaySurface
04-27 13:36:39.840 I/DisplayDevice(  385): [stdout (type:2)] fps:24.898634,dur:1044.23,max:52.80,min:30.03
04-27 13:36:39.841 D/BufferQueueProducer(  489): [GraphicBufferSource](this:0xe6c62000,id:0,api:1,p:489,c:489) cancelBuffer: slot 1
04-27 13:36:39.842 I/MtkCam/Utils(  491): {CamProfile}[DisplayClient::dequePrvOps] dequeue_buffer > 30ms: (0-th) ===> (overtime > 30 ms) [start-->now: 31 ms]
04-27 13:36:39.858 I/MtkCam/PrvCB(  491): (2420)[onClientThreadLoop] mOneShotSleepCount 0
04-27 13:36:39.862 I/Camera  ( 1670): handleMessage: 16
04-27 13:36:39.869 E/SurfaceFlinger(  385): getUniqueId not supported on VirtualDisplaySurface
04-27 13:36:39.870 W/TwinMgr (  491): [TwinInfo_update] WARNING: [TwinInfo_update][0]no deque on AFO over 64 frames
04-27 13:36:39.871 E/SurfaceFlinger(  385): getUniqueId not supported on VirtualDisplaySurface
04-27 13:36:39.874 D/BufferQueueProducer(  489): [GraphicBufferSource](this:0xe6c62000,id:0,api:1,p:489,c:489) cancelBuffer: slot 0
04-27 13:36:39.874 W/MtkCam/BufferProvider_P(  491): [Hal:Image:yuvFD][dequeStreamBuffer] Cannot acquire from pool. Something wrong... SOS
04-27 13:36:39.876 W/TuningMgr(  491): TuningMgr[updateEngine] WARNING: [temp log] AF enable(0_0x100802e0_0x8001e0)
04-27 13:36:39.897 I/MtkCam/PrvCB(  491): (2420)[onClientThreadLoop] mOneShotSleepCount 0
04-27 13:36:39.902 I/Camera  ( 1670): handleMessage: 16
04-27 13:36:39.910 W/TwinMgr (  491): [TwinInfo_update] WARNING: [TwinInfo_update][0]no deque on AFO over 64 frames
04-27 13:36:39.913 W/MtkCam/BufferProvider_P(  491): [Hal:Image:yuvFD][dequeStreamBuffer] Cannot acquire from pool. Something wrong... SOS
04-27 13:36:39.916 W/TuningMgr(  491): TuningMgr[updateEngine] WARNING: [temp log] AF enable(0_0x100802e0_0x8001e0)
04-27 13:36:39.919 E/SurfaceFlinger(  385): getUniqueId not supported on VirtualDisplaySurface
04-27 13:36:39.921 E/SurfaceFlinger(  385): getUniqueId not supported on VirtualDisplaySurface
04-27 13:36:39.924 D/BufferQueueProducer(  489): [GraphicBufferSource](this:0xe6c62000,id:0,api:1,p:489,c:489) cancelBuffer: slot 1
04-27 13:36:39.925 I/MtkCam/Utils(  491): {CamProfile}[DisplayClient::dequePrvOps] dequeue_buffer > 30ms: (0-th) ===> (overtime > 30 ms) [start-->now: 33 ms]
04-27 13:36:39.932 D/GB28181 ( 1670): >>>>>>>>=====D:/camera_live/app/src/main/cpp/libgb28181/sip/sip_timer.cpp[208]==========
04-27 13:36:39.932 D/GB28181 ( 1670): #sip_rev接收服务器到SIP消息:msg_buf[(null)]
04-27 13:36:39.932 D/GB28181 ( 1670): #########################stm.msg_src=[2],
04-27 13:36:39.933 I/System.out( 1670): GB28181--->>>-----C++回调java:状态回调 回调函数--- sysState:2 connState:2heartbeatExceptionCount:0 liveState:0 talkState:0 videotapeState:0videotapedownloadState:0---------------------
04-27 13:36:39.933 E/Gb28181Local( 1670): onStateUpdate sysState:2,connState:2,heartbeatExceptionCount:0,liveState:0,talkState:0,videotapeState:0,videotapeDownloadState:0
04-27 13:36:39.934 D/GB28181 ( 1670): #sip_rev------>>>接收服务器SIP消息来源:定时消息 SIP_TIMER_SRC ，收到服务器心跳反馈  
04-27 13:36:39.934 D/GB28181 ( 1670): 
04-27 13:36:39.934 D/GB28181 ( 1670): 
04-27 13:36:39.934 D/GB28181 ( 1670): cur_time=40  (p_user->last_rx_time + g_gb28181_cfg.heartbeat_interval) =45 
04-27 13:36:39.934 D/GB28181 ( 1670): cur_time=40  (p_user->last_rx_time + g_gb28181_cfg.heartbeat_interval) =45 
04-27 13:36:39.934 D/GB28181 ( 1670): --sip_task---->>> hsip.net_rx_flag===1 
04-27 13:36:39.938 I/MtkCam/PrvCB(  491): (2420)[onClientThreadLoop] mOneShotSleepCount 0
04-27 13:36:39.942 I/Camera  ( 1670): handleMessage: 16
04-27 13:36:39.949 E/DCWLog-dcwVochatService( 1670): appRunning: true,app isForeground: false
04-27 13:36:39.950 E/DCWLog-dcwVochatService( 1670): printMemAndCpuInfo maxMemory 536870912 ,totalFree 528746376
04-27 13:36:39.950 W/TwinMgr (  491): [TwinInfo_update] WARNING: [TwinInfo_update][0]no deque on AFO over 64 frames
04-27 13:36:39.952 E/SurfaceFlinger(  385): getUniqueId not supported on VirtualDisplaySurface
04-27 13:36:39.954 E/SurfaceFlinger(  385): getUniqueId not supported on VirtualDisplaySurface
04-27 13:36:39.955 W/MtkCam/BufferProvider_P(  491): [Hal:Image:yuvFD][dequeStreamBuffer] Cannot acquire from pool. Something wrong... SOS
04-27 13:36:39.956 W/TuningMgr(  491): TuningMgr[updateEngine] WARNING: [temp log] AF enable(0_0x100802e0_0x8001e0)
04-27 13:36:39.957 D/BufferQueueProducer(  489): [GraphicBufferSource](this:0xe6c62000,id:0,api:1,p:489,c:489) cancelBuffer: slot 0
04-27 13:36:39.977 I/MtkCam/PrvCB(  491): (2420)[onClientThreadLoop] mOneShotSleepCount 0
04-27 13:36:39.981 I/Camera  ( 1670): handleMessage: 16
04-27 13:36:39.985 E/SurfaceFlinger(  385): getUniqueId not supported on VirtualDisplaySurface
04-27 13:36:39.988 E/SurfaceFlinger(  385): getUniqueId not supported on VirtualDisplaySurface
04-27 13:36:39.991 D/BufferQueueProducer(  489): [GraphicBufferSource](this:0xe6c62000,id:0,api:1,p:489,c:489) cancelBuffer: slot 1
04-27 13:36:39.991 W/TwinMgr (  491): [TwinInfo_update] WARNING: [TwinInfo_update][0]no deque on AFO over 64 frames
04-27 13:36:39.995 W/MtkCam/BufferProvider_P(  491): [Hal:Image:yuvFD][dequeStreamBuffer] Cannot acquire from pool. Something wrong... SOS
04-27 13:36:39.998 W/TuningMgr(  491): TuningMgr[updateEngine] WARNING: [temp log] AF enable(0_0x100802e0_0x8001e0)
04-27 13:36:40.017 I/MtkCam/PrvCB(  491): (2420)[onClientThreadLoop] mOneShotSleepCount 0
04-27 13:36:40.021 I/Camera  ( 1670): handleMessage: 16
04-27 13:36:40.030 W/TwinMgr (  491): [TwinInfo_update] WARNING: [TwinInfo_update][0]no deque on AFO over 64 frames
04-27 13:36:40.035 W/MtkCam/BufferProvider_P(  491): [Hal:Image:yuvFD][dequeStreamBuffer] Cannot acquire from pool. Something wrong... SOS
04-27 13:36:40.036 E/SurfaceFlinger(  385): getUniqueId not supported on VirtualDisplaySurface
04-27 13:36:40.037 W/TuningMgr(  491): TuningMgr[updateEngine] WARNING: [temp log] AF enable(0_0x100802e0_0x8001e0)
04-27 13:36:40.038 E/SurfaceFlinger(  385): getUniqueId not supported on VirtualDisplaySurface
04-27 13:36:40.041 D/BufferQueueProducer(  489): [GraphicBufferSource](this:0xe6c62000,id:0,api:1,p:489,c:489) cancelBuffer: slot 0
04-27 13:36:40.057 I/MtkCam/PrvCB(  491): (2420)[onClientThreadLoop] mOneShotSleepCount 0
04-27 13:36:40.061 I/Camera  ( 1670): handleMessage: 16
04-27 13:36:40.068 E/SurfaceFlinger(  385): getUniqueId not supported on VirtualDisplaySurface
04-27 13:36:40.070 E/SurfaceFlinger(  385): getUniqueId not supported on VirtualDisplaySurface
04-27 13:36:40.071 W/TwinMgr (  491): [TwinInfo_update] WARNING: [TwinInfo_update][0]no deque on AFO over 64 frames
04-27 13:36:40.075 D/BufferQueueProducer(  489): [GraphicBufferSource](this:0xe6c62000,id:0,api:1,p:489,c:489) cancelBuffer: slot 1
04-27 13:36:40.076 W/MtkCam/BufferProvider_P(  491): [Hal:Image:yuvFD][dequeStreamBuffer] Cannot acquire from pool. Something wrong... SOS
04-27 13:36:40.079 W/TuningMgr(  491): TuningMgr[updateEngine] WARNING: [temp log] AF enable(0_0x100802e0_0x8001e0)
04-27 13:36:40.097 I/MtkCam/PrvCB(  491): (2420)[onClientThreadLoop] mOneShotSleepCount 0
04-27 13:36:40.100 I/Camera  ( 1670): handleMessage: 16
04-27 13:36:40.111 W/TwinMgr (  491): [TwinInfo_update] WARNING: [TwinInfo_update][0]no deque on AFO over 64 frames
04-27 13:36:40.112 W/MtkCam/BufferProvider_P(  491): [Hal:Image:yuvFD][dequeStreamBuffer] Cannot acquire from pool. Something wrong... SOS
04-27 13:36:40.118 W/TuningMgr(  491): TuningMgr[updateEngine] WARNING: [temp log] AF enable(0_0x100802e0_0x8001e0)
04-27 13:36:40.118 E/SurfaceFlinger(  385): getUniqueId not supported on VirtualDisplaySurface
04-27 13:36:40.121 E/SurfaceFlinger(  385): getUniqueId not supported on VirtualDisplaySurface
04-27 13:36:40.124 D/BufferQueueProducer(  489): [GraphicBufferSource](this:0xe6c62000,id:0,api:1,p:489,c:489) cancelBuffer: slot 0
04-27 13:36:40.125 I/MtkCam/Utils(  491): {CamProfile}[DisplayClient::dequePrvOps] dequeue_buffer > 30ms: (0-th) ===> (overtime > 30 ms) [start-->now: 31 ms]
04-27 13:36:40.137 I/MtkCam/PrvCB(  491): (2420)[onClientThreadLoop] mOneShotSleepCount 0
04-27 13:36:40.141 I/Camera  ( 1670): handleMessage: 16
04-27 13:36:40.143 D/MPE     (  469): mtk_gps_mnl_trigger_mpe: mpemsg len=0
04-27 13:36:40.150 W/MtkCam/BufferProvider_P(  491): [Hal:Image:yuvFD][dequeStreamBuffer] Cannot acquire from pool. Something wrong... SOS
04-27 13:36:40.150 E/SurfaceFlinger(  385): getUniqueId not supported on VirtualDisplaySurface
04-27 13:36:40.151 W/TwinMgr (  491): [TwinInfo_update] WARNING: [TwinInfo_update][0]no deque on AFO over 64 frames
04-27 13:36:40.154 E/SurfaceFlinger(  385): getUniqueId not supported on VirtualDisplaySurface
04-27 13:36:40.156 D/MPE     (  469): mtk_gps_mnl_trigger_mpe: mpemsg len=0
04-27 13:36:40.156 D/BufferQueueProducer(  489): [GraphicBufferSource](this:0xe6c62000,id:0,api:1,p:489,c:489) cancelBuffer: slot 1
04-27 13:36:40.156 W/TuningMgr(  491): TuningMgr[updateEngine] WARNING: [temp log] AF enable(0_0x100802e0_0x8001e0)
04-27 13:36:40.157 D/pseudo  (  469): mtk_gps_sys_nmea_output_to_mnld: received 770 bytes:
04-27 13:36:40.159 D/pseudo  (  469): mtk_gps_sys_nmea_output_to_app: len:770, [NMEA]$GNGGA,080943.01...
04-27 13:36:40.159 D/gps_controlller(  469): mtk_gps_sys_gps_mnl_callback: msg:0
04-27 13:36:40.159 D/gps_controlller(  469): send_active_notify: send clean nmea timer cmd!
04-27 13:36:40.159 D/gps_controlller(  469): mtk_gps_sys_gps_mnl_callback: MTK_GPS_MSG_FIX_READY,GET_RTC_FAIL
04-27 13:36:40.159 D/gps_controlller(  469): gps_control_thread: gps_control_thread wait
04-27 13:36:40.159 D/pseudo  (  469): mtk_gps_sys_nmea_output_to_app: len:46, [vAGPS_Auto_Req]:g_FirstDbtt:0,u2BitMap:0x12f
04-27 13:36:40.163 D/agps    (  498): [agps][n][AGPS] [MNL] write  pmtk  [$PMTK680,1,FFFFEFF6*7E
04-27 13:36:40.163 D/agps    (  498):  ]
04-27 13:36:40.175 I/MtkCam/PrvCB(  491): [performPreviewCallback] fps: 24.938623 = 50 / 2004922231 ns
04-27 13:36:40.177 I/MtkCam/PrvCB(  491): (2420)[onClientThreadLoop] mOneShotSleepCount 0
04-27 13:36:40.180 I/Camera  ( 1670): handleMessage: 16
04-27 13:36:40.184 E/SurfaceFlinger(  385): getUniqueId not supported on VirtualDisplaySurface
04-27 13:36:40.186 E/SurfaceFlinger(  385): getUniqueId not supported on VirtualDisplaySurface
04-27 13:36:40.189 D/BufferQueueProducer(  489): [GraphicBufferSource](this:0xe6c62000,id:0,api:1,p:489,c:489) cancelBuffer: slot 0
04-27 13:36:40.191 W/TwinMgr (  491): [TwinInfo_update] WARNING: [TwinInfo_update][0]no deque on AFO over 64 frames
04-27 13:36:40.192 W/MtkCam/BufferProvider_P(  491): [Hal:Image:yuvFD][dequeStreamBuffer] Cannot acquire from pool. Something wrong... SOS
04-27 13:36:40.196 W/TuningMgr(  491): TuningMgr[updateEngine] WARNING: [temp log] AF enable(0_0x100802e0_0x8001e0)
04-27 13:36:40.217 I/MtkCam/PrvCB(  491): (2420)[onClientThreadLoop] mOneShotSleepCount 0
04-27 13:36:40.221 I/Camera  ( 1670): handleMessage: 16
04-27 13:36:40.230 W/MtkCam/BufferProvider_P(  491): [Hal:Image:yuvFD][dequeStreamBuffer] Cannot acquire from pool. Something wrong... SOS
04-27 13:36:40.231 W/TwinMgr (  491): [TwinInfo_update] WARNING: [TwinInfo_update][0]no deque on AFO over 64 frames
04-27 13:36:40.234 E/SurfaceFlinger(  385): getUniqueId not supported on VirtualDisplaySurface
04-27 13:36:40.236 E/SurfaceFlinger(  385): getUniqueId not supported on VirtualDisplaySurface
04-27 13:36:40.236 W/TuningMgr(  491): TuningMgr[updateEngine] WARNING: [temp log] AF enable(0_0x100802e0_0x8001e0)
04-27 13:36:40.239 D/BufferQueueProducer(  489): [GraphicBufferSource](this:0xe6c62000,id:0,api:1,p:489,c:489) cancelBuffer: slot 1
04-27 13:36:40.240 I/MtkCam/Utils(  491): {CamProfile}[DisplayClient::dequePrvOps] dequeue_buffer > 30ms: (0-th) ===> (overtime > 30 ms) [start-->now: 31 ms]
04-27 13:36:40.257 I/MtkCam/PrvCB(  491): (2420)[onClientThreadLoop] mOneShotSleepCount 0
04-27 13:36:40.260 I/Camera  ( 1670): handleMessage: 16
04-27 13:36:40.267 E/SurfaceFlinger(  385): getUniqueId not supported on VirtualDisplaySurface
04-27 13:36:40.269 E/SurfaceFlinger(  385): getUniqueId not supported on VirtualDisplaySurface
04-27 13:36:40.271 W/TwinMgr (  491): [TwinInfo_update] WARNING: [TwinInfo_update][0]no deque on AFO over 64 frames
04-27 13:36:40.271 D/BufferQueueProducer(  489): [GraphicBufferSource](this:0xe6c62000,id:0,api:1,p:489,c:489) cancelBuffer: slot 0
04-27 13:36:40.274 W/MtkCam/BufferProvider_P(  491): [Hal:Image:yuvFD][dequeStreamBuffer] Cannot acquire from pool. Something wrong... SOS
04-27 13:36:40.276 W/TuningMgr(  491): TuningMgr[updateEngine] WARNING: [temp log] AF enable(0_0x100802e0_0x8001e0)
04-27 13:36:40.297 I/MtkCam/PrvCB(  491): (2420)[onClientThreadLoop] mOneShotSleepCount 0
04-27 13:36:40.300 I/Camera  ( 1670): handleMessage: 16
04-27 13:36:40.311 W/TwinMgr (  491): [TwinInfo_update] WARNING: [TwinInfo_update][0]no deque on AFO over 64 frames
04-27 13:36:40.317 W/TuningMgr(  491): TuningMgr[updateEngine] WARNING: [temp log] AF enable(0_0x100802e0_0x8001e0)
04-27 13:36:40.317 E/SurfaceFlinger(  385): getUniqueId not supported on VirtualDisplaySurface
04-27 13:36:40.317 W/MtkCam/BufferProvider_P(  491): [Hal:Image:yuvFD][dequeStreamBuffer] Cannot acquire from pool. Something wrong... SOS
04-27 13:36:40.320 E/SurfaceFlinger(  385): getUniqueId not supported on VirtualDisplaySurface
04-27 13:36:40.322 D/BufferQueueProducer(  489): [GraphicBufferSource](this:0xe6c62000,id:0,api:1,p:489,c:489) cancelBuffer: slot 1
04-27 13:36:40.323 I/MtkCam/Utils(  491): {CamProfile}[DisplayClient::dequePrvOps] dequeue_buffer > 30ms: (0-th) ===> (overtime > 30 ms) [start-->now: 32 ms]
04-27 13:36:40.337 I/MtkCam/PrvCB(  491): (2420)[onClientThreadLoop] mOneShotSleepCount 0
04-27 13:36:40.342 I/Camera  ( 1670): handleMessage: 16
04-27 13:36:40.342 I/MtkCam/PrvCB(  491): (2420)[onClientThreadLoop] mOneShotSleepCount 1
04-27 13:36:40.350 E/SurfaceFlinger(  385): getUniqueId not supported on VirtualDisplaySurface
04-27 13:36:40.351 W/TwinMgr (  491): [TwinInfo_update] WARNING: [TwinInfo_update][0]no deque on AFO over 64 frames
04-27 13:36:40.352 E/SurfaceFlinger(  385): getUniqueId not supported on VirtualDisplaySurface
04-27 13:36:40.354 D/BufferQueueProducer(  489): [GraphicBufferSource](this:0xe6c62000,id:0,api:1,p:489,c:489) cancelBuffer: slot 0
04-27 13:36:40.357 W/TuningMgr(  491): TuningMgr[updateEngine] WARNING: [temp log] AF enable(0_0x100802e0_0x8001e0)
04-27 13:36:40.359 W/MtkCam/BufferProvider_P(  491): [Hal:Image:yuvFD][dequeStreamBuffer] Cannot acquire from pool. Something wrong... SOS
04-27 13:36:40.363 I/libsuspend(  881): ws name: GPS, act_since: 40568, act_cnt: 1, ev_cnt: 1, wakeup_cnt: 0
04-27 13:36:40.363 I/libsuspend(  881): ws name: PowerManagerService.WakeLocks, act_since: 51021, act_cnt: 2, ev_cnt: 2, wakeup_cnt: 0
04-27 13:36:40.363 I/libsuspend(  881): ws name: gpswakelock, act_since: 40530, act_cnt: 1, ev_cnt: 1, wakeup_cnt: 0
04-27 13:36:40.363 I/libsuspend(  881): ws name: isp_lock_wakelock, act_since: 39934, act_cnt: 1, ev_cnt: 1, wakeup_cnt: 0
04-27 13:36:40.364 I/libsuspend(  881): ws name: ttyC2, act_since: 199, act_cnt: 44, ev_cnt: 57, wakeup_cnt: 0
04-27 13:36:40.364 I/libsuspend(  881): ws name: ttyC0, act_since: 137, act_cnt: 22, ev_cnt: 478, wakeup_cnt: 0
04-27 13:36:40.364 I/libsuspend(  881): ws name: USB suspend lock, act_since: 59270, act_cnt: 1, ev_cnt: 1, wakeup_cnt: 0
04-27 13:36:40.378 I/MtkCam/PrvCB(  491): (2420)[onClientThreadLoop] mOneShotSleepCount 0
04-27 13:36:40.382 I/Camera  ( 1670): handleMessage: 16
04-27 13:36:40.391 W/TwinMgr (  491): [TwinInfo_update] WARNING: [TwinInfo_update][0]no deque on AFO over 64 frames
04-27 13:36:40.396 W/MtkCam/BufferProvider_P(  491): [Hal:Image:yuvFD][dequeStreamBuffer] Cannot acquire from pool. Something wrong... SOS
04-27 13:36:40.397 W/TuningMgr(  491): TuningMgr[updateEngine] WARNING: [temp log] AF enable(0_0x100802e0_0x8001e0)
04-27 13:36:40.400 E/SurfaceFlinger(  385): getUniqueId not supported on VirtualDisplaySurface
04-27 13:36:40.402 E/SurfaceFlinger(  385): getUniqueId not supported on VirtualDisplaySurface
04-27 13:36:40.405 D/BufferQueueProducer(  489): [GraphicBufferSource](this:0xe6c62000,id:0,api:1,p:489,c:489) cancelBuffer: slot 1
04-27 13:36:40.417 I/MtkCam/PrvCB(  491): (2420)[onClientThreadLoop] mOneShotSleepCount 0
04-27 13:36:40.421 I/Camera  ( 1670): handleMessage: 16
04-27 13:36:40.431 W/TwinMgr (  491): [TwinInfo_update] WARNING: [TwinInfo_update][0]no deque on AFO over 64 frames
04-27 13:36:40.434 E/SurfaceFlinger(  385): getUniqueId not supported on VirtualDisplaySurface
04-27 13:36:40.436 W/MtkCam/BufferProvider_P(  491): [Hal:Image:yuvFD][dequeStreamBuffer] Cannot acquire from pool. Something wrong... SOS
04-27 13:36:40.437 W/TuningMgr(  491): TuningMgr[updateEngine] WARNING: [temp log] AF enable(0_0x100802e0_0x8001e0)
04-27 13:36:40.438 E/SurfaceFlinger(  385): getUniqueId not supported on VirtualDisplaySurface
04-27 13:36:40.441 D/BufferQueueProducer(  489): [GraphicBufferSource](this:0xe6c62000,id:0,api:1,p:489,c:489) cancelBuffer: slot 0
04-27 13:36:40.457 I/MtkCam/PrvCB(  491): (2420)[onClientThreadLoop] mOneShotSleepCount 0
04-27 13:36:40.461 I/Camera  ( 1670): handleMessage: 16
04-27 13:36:40.466 E/SurfaceFlinger(  385): getUniqueId not supported on VirtualDisplaySurface
04-27 13:36:40.468 E/SurfaceFlinger(  385): getUniqueId not supported on VirtualDisplaySurface
04-27 13:36:40.470 D/BufferQueueProducer(  489): [GraphicBufferSource](this:0xe6c62000,id:0,api:1,p:489,c:489) cancelBuffer: slot 1
04-27 13:36:40.473 W/MtkCam/BufferProvider_P(  491): [Hal:Image:yuvFD][dequeStreamBuffer] Cannot acquire from pool. Something wrong... SOS
04-27 13:36:40.473 W/TwinMgr (  491): [TwinInfo_update] WARNING: [TwinInfo_update][0]no deque on AFO over 64 frames
04-27 13:36:40.477 W/TuningMgr(  491): TuningMgr[updateEngine] WARNING: [temp log] AF enable(0_0x100802e0_0x8001e0)
04-27 13:36:40.497 I/MtkCam/PrvCB(  491): (2420)[onClientThreadLoop] mOneShotSleepCount 0
04-27 13:36:40.500 I/Camera  ( 1670): handleMessage: 16
04-27 13:36:40.511 W/MtkCam/BufferProvider_P(  491): [Hal:Image:yuvFD][dequeStreamBuffer] Cannot acquire from pool. Something wrong... SOS
04-27 13:36:40.512 W/TwinMgr (  491): [TwinInfo_update] WARNING: [TwinInfo_update][0]no deque on AFO over 64 frames
04-27 13:36:40.516 E/SurfaceFlinger(  385): getUniqueId not supported on VirtualDisplaySurface
04-27 13:36:40.517 W/TuningMgr(  491): TuningMgr[updateEngine] WARNING: [temp log] AF enable(0_0x100802e0_0x8001e0)
04-27 13:36:40.519 E/SurfaceFlinger(  385): getUniqueId not supported on VirtualDisplaySurface
04-27 13:36:40.522 D/BufferQueueProducer(  489): [GraphicBufferSource](this:0xe6c62000,id:0,api:1,p:489,c:489) cancelBuffer: slot 0
04-27 13:36:40.523 I/MtkCam/Utils(  491): {CamProfile}[DisplayClient::dequePrvOps] dequeue_buffer > 30ms: (0-th) ===> (overtime > 30 ms) [start-->now: 33 ms]
04-27 13:36:40.537 I/MtkCam/PrvCB(  491): (2420)[onClientThreadLoop] mOneShotSleepCount 0
04-27 13:36:40.540 I/Camera  ( 1670): handleMessage: 16
04-27 13:36:40.548 E/SurfaceFlinger(  385): getUniqueId not supported on VirtualDisplaySurface
04-27 13:36:40.550 E/SurfaceFlinger(  385): getUniqueId not supported on VirtualDisplaySurface
04-27 13:36:40.552 W/TwinMgr (  491): [TwinInfo_update] WARNING: [TwinInfo_update][0]no deque on AFO over 64 frames
04-27 13:36:40.553 D/BufferQueueProducer(  489): [GraphicBufferSource](this:0xe6c62000,id:0,api:1,p:489,c:489) cancelBuffer: slot 1
04-27 13:36:40.555 W/MtkCam/BufferProvider_P(  491): [Hal:Image:yuvFD][dequeStreamBuffer] Cannot acquire from pool. Something wrong... SOS
04-27 13:36:40.558 W/TuningMgr(  491): TuningMgr[updateEngine] WARNING: [temp log] AF enable(0_0x100802e0_0x8001e0)
04-27 13:36:40.577 I/MtkCam/PrvCB(  491): (2420)[onClientThreadLoop] mOneShotSleepCount 0
04-27 13:36:40.580 I/Camera  ( 1670): handleMessage: 16
04-27 13:36:40.592 W/TwinMgr (  491): [TwinInfo_update] WARNING: [TwinInfo_update][0]no deque on AFO over 64 frames
04-27 13:36:40.598 W/TuningMgr(  491): TuningMgr[updateEngine] WARNING: [temp log] AF enable(0_0x100802e0_0x8001e0)
04-27 13:36:40.598 W/MtkCam/BufferProvider_P(  491): [Hal:Image:yuvFD][dequeStreamBuffer] Cannot acquire from pool. Something wrong... SOS
04-27 13:36:40.599 E/SurfaceFlinger(  385): getUniqueId not supported on VirtualDisplaySurface
04-27 13:36:40.602 E/SurfaceFlinger(  385): getUniqueId not supported on VirtualDisplaySurface
04-27 13:36:40.604 D/BufferQueueProducer(  489): [GraphicBufferSource](this:0xe6c62000,id:0,api:1,p:489,c:489) cancelBuffer: slot 0
04-27 13:36:40.605 I/MtkCam/Utils(  491): {CamProfile}[DisplayClient::dequePrvOps] dequeue_buffer > 30ms: (0-th) ===> (overtime > 30 ms) [start-->now: 32 ms]
04-27 13:36:40.617 I/BufferQueueProducer(  385): [SurfaceView - #0](this:0x7efed64800,id:12,api:4,p:474,c:385) queueBuffer: fps=24.82 dur=1007.22 max=45.89 min=33.11
04-27 13:36:40.617 I/MtkCam/PrvCB(  491): (2420)[onClientThreadLoop] mOneShotSleepCount 0
04-27 13:36:40.622 I/Camera  ( 1670): handleMessage: 16
04-27 13:36:40.622 I/MtkCam/PrvCB(  491): (2420)[onClientThreadLoop] mOneShotSleepCount 1
04-27 13:36:40.631 E/SurfaceFlinger(  385): getUniqueId not supported on VirtualDisplaySurface
04-27 13:36:40.632 W/TwinMgr (  491): [TwinInfo_update] WARNING: [TwinInfo_update][0]no deque on AFO over 64 frames
04-27 13:36:40.635 E/SurfaceFlinger(  385): getUniqueId not supported on VirtualDisplaySurface
04-27 13:36:40.638 W/MtkCam/BufferProvider_P(  491): [Hal:Image:yuvFD][dequeStreamBuffer] Cannot acquire from pool. Something wrong... SOS
04-27 13:36:40.638 W/TuningMgr(  491): TuningMgr[updateEngine] WARNING: [temp log] AF enable(0_0x100802e0_0x8001e0)
04-27 13:36:40.638 D/BufferQueueProducer(  489): [GraphicBufferSource](this:0xe6c62000,id:0,api:1,p:489,c:489) cancelBuffer: slot 1
04-27 13:36:40.653 I/MtkCam/DisplayClient(  491): [DisplayClient::enquePrvOps] fps: 24.924438 = 50 / 2006063308 ns
04-27 13:36:40.657 I/MtkCam/PrvCB(  491): (2420)[onClientThreadLoop] mOneShotSleepCount 0
04-27 13:36:40.661 I/Camera  ( 1670): handleMessage: 16
04-27 13:36:40.665 E/SurfaceFlinger(  385): getUniqueId not supported on VirtualDisplaySurface
04-27 13:36:40.667 E/SurfaceFlinger(  385): getUniqueId not supported on VirtualDisplaySurface
04-27 13:36:40.669 D/BufferQueueProducer(  489): [GraphicBufferSource](this:0xe6c62000,id:0,api:1,p:489,c:489) cancelBuffer: slot 0
04-27 13:36:40.672 W/TwinMgr (  491): [TwinInfo_update] WARNING: [TwinInfo_update][0]no deque on AFO over 64 frames
04-27 13:36:40.677 W/MtkCam/BufferProvider_P(  491): [Hal:Image:yuvFD][dequeStreamBuffer] Cannot acquire from pool. Something wrong... SOS
04-27 13:36:40.678 W/TuningMgr(  491): TuningMgr[updateEngine] WARNING: [temp log] AF enable(0_0x100802e0_0x8001e0)
04-27 13:36:40.696 I/MtkCam/PrvCB(  491): (2420)[onClientThreadLoop] mOneShotSleepCount 0
04-27 13:36:40.701 I/Camera  ( 1670): handleMessage: 16
04-27 13:36:40.712 W/TwinMgr (  491): [TwinInfo_update] WARNING: [TwinInfo_update][0]no deque on AFO over 64 frames
04-27 13:36:40.712 W/MtkCam/BufferProvider_P(  491): [Hal:Image:yuvFD][dequeStreamBuffer] Cannot acquire from pool. Something wrong... SOS
04-27 13:36:40.715 E/SurfaceFlinger(  385): getUniqueId not supported on VirtualDisplaySurface
04-27 13:36:40.717 W/TuningMgr(  491): TuningMgr[updateEngine] WARNING: [temp log] AF enable(0_0x100802e0_0x8001e0)
04-27 13:36:40.718 E/SurfaceFlinger(  385): getUniqueId not supported on VirtualDisplaySurface
04-27 13:36:40.723 D/BufferQueueProducer(  489): [GraphicBufferSource](this:0xe6c62000,id:0,api:1,p:489,c:489) cancelBuffer: slot 1
04-27 13:36:40.737 I/MtkCam/PrvCB(  491): (2420)[onClientThreadLoop] mOneShotSleepCount 0
04-27 13:36:40.741 I/Camera  ( 1670): handleMessage: 16
04-27 13:36:40.748 E/SurfaceFlinger(  385): getUniqueId not supported on VirtualDisplaySurface
04-27 13:36:40.751 E/SurfaceFlinger(  385): getUniqueId not supported on VirtualDisplaySurface
04-27 13:36:40.752 W/TwinMgr (  491): [TwinInfo_update] WARNING: [TwinInfo_update][0]no deque on AFO over 64 frames
04-27 13:36:40.754 D/BufferQueueProducer(  489): [GraphicBufferSource](this:0xe6c62000,id:0,api:1,p:489,c:489) cancelBuffer: slot 0
04-27 13:36:40.756 W/MtkCam/BufferProvider_P(  491): [Hal:Image:yuvFD][dequeStreamBuffer] Cannot acquire from pool. Something wrong... SOS
04-27 13:36:40.758 W/TuningMgr(  491): TuningMgr[updateEngine] WARNING: [temp log] AF enable(0_0x100802e0_0x8001e0)
04-27 13:36:40.777 I/MtkCam/PrvCB(  491): (2420)[onClientThreadLoop] mOneShotSleepCount 0
04-27 13:36:40.781 I/Camera  ( 1670): handleMessage: 16
04-27 13:36:40.792 W/TwinMgr (  491): [TwinInfo_update] WARNING: [TwinInfo_update][0]no deque on AFO over 64 frames
04-27 13:36:40.799 W/MtkCam/BufferProvider_P(  491): [Hal:Image:yuvFD][dequeStreamBuffer] Cannot acquire from pool. Something wrong... SOS
04-27 13:36:40.799 W/TuningMgr(  491): TuningMgr[updateEngine] WARNING: [temp log] AF enable(0_0x100802e0_0x8001e0)
04-27 13:36:40.801 E/SurfaceFlinger(  385): getUniqueId not supported on VirtualDisplaySurface
04-27 13:36:40.804 E/SurfaceFlinger(  385): getUniqueId not supported on VirtualDisplaySurface
04-27 13:36:40.806 D/BufferQueueProducer(  489): [GraphicBufferSource](this:0xe6c62000,id:0,api:1,p:489,c:489) cancelBuffer: slot 1
04-27 13:36:40.807 I/MtkCam/Utils(  491): {CamProfile}[DisplayClient::dequePrvOps] dequeue_buffer > 30ms: (0-th) ===> (overtime > 30 ms) [start-->now: 32 ms]
04-27 13:36:40.817 I/MtkCam/PrvCB(  491): (2420)[onClientThreadLoop] mOneShotSleepCount 0
04-27 13:36:40.821 I/Camera  ( 1670): handleMessage: 16
04-27 13:36:40.830 E/SurfaceFlinger(  385): getUniqueId not supported on VirtualDisplaySurface
04-27 13:36:40.832 W/TwinMgr (  491): [TwinInfo_update] WARNING: [TwinInfo_update][0]no deque on AFO over 64 frames
04-27 13:36:40.833 E/SurfaceFlinger(  385): getUniqueId not supported on VirtualDisplaySurface
04-27 13:36:40.836 W/MtkCam/BufferProvider_P(  491): [Hal:Image:yuvFD][dequeStreamBuffer] Cannot acquire from pool. Something wrong... SOS
04-27 13:36:40.836 D/BufferQueueProducer(  489): [GraphicBufferSource](this:0xe6c62000,id:0,api:1,p:489,c:489) cancelBuffer: slot 0
04-27 13:36:40.839 W/TuningMgr(  491): TuningMgr[updateEngine] WARNING: [temp log] AF enable(0_0x100802e0_0x8001e0)
04-27 13:36:40.857 I/MtkCam/PrvCB(  491): (2420)[onClientThreadLoop] mOneShotSleepCount 0
04-27 13:36:40.861 I/Camera  ( 1670): handleMessage: 16
04-27 13:36:40.873 W/TwinMgr (  491): [TwinInfo_update] WARNING: [TwinInfo_update][0]no deque on AFO over 64 frames
04-27 13:36:40.875 W/MtkCam/BufferProvider_P(  491): [Hal:Image:yuvFD][dequeStreamBuffer] Cannot acquire from pool. Something wrong... SOS
04-27 13:36:40.878 W/TuningMgr(  491): TuningMgr[updateEngine] WARNING: [temp log] AF enable(0_0x100802e0_0x8001e0)
04-27 13:36:40.880 E/SurfaceFlinger(  385): getUniqueId not supported on VirtualDisplaySurface
04-27 13:36:40.883 E/SurfaceFlinger(  385): getUniqueId not supported on VirtualDisplaySurface
04-27 13:36:40.884 I/DisplayDevice(  385): [stdout (type:2)] fps:24.896040,dur:1044.34,max:52.70,min:28.67
04-27 13:36:40.886 D/BufferQueueProducer(  489): [GraphicBufferSource](this:0xe6c62000,id:0,api:1,p:489,c:489) cancelBuffer: slot 1
04-27 13:36:40.887 I/MtkCam/Utils(  491): {CamProfile}[DisplayClient::dequePrvOps] dequeue_buffer > 30ms: (0-th) ===> (overtime > 30 ms) [start-->now: 31 ms]
04-27 13:36:40.896 I/MtkCam/PrvCB(  491): (2420)[onClientThreadLoop] mOneShotSleepCount 0
04-27 13:36:40.900 I/Camera  ( 1670): handleMessage: 16
04-27 13:36:40.913 W/TwinMgr (  491): [TwinInfo_update] WARNING: [TwinInfo_update][0]no deque on AFO over 64 frames
04-27 13:36:40.913 E/SurfaceFlinger(  385): getUniqueId not supported on VirtualDisplaySurface
04-27 13:36:40.914 W/MtkCam/BufferProvider_P(  491): [Hal:Image:yuvFD][dequeStreamBuffer] Cannot acquire from pool. Something wrong... SOS
04-27 13:36:40.916 E/SurfaceFlinger(  385): getUniqueId not supported on VirtualDisplaySurface
04-27 13:36:40.918 W/TuningMgr(  491): TuningMgr[updateEngine] WARNING: [temp log] AF enable(0_0x100802e0_0x8001e0)
04-27 13:36:40.919 D/BufferQueueProducer(  489): [GraphicBufferSource](this:0xe6c62000,id:0,api:1,p:489,c:489) cancelBuffer: slot 0
04-27 13:36:40.933 D/GB28181 ( 1670): >>>>>>>>=====D:/camera_live/app/src/main/cpp/libgb28181/sip/sip_timer.cpp[208]==========
04-27 13:36:40.933 D/GB28181 ( 1670): #sip_rev接收服务器到SIP消息:msg_buf[(null)]
04-27 13:36:40.933 D/GB28181 ( 1670): #########################stm.msg_src=[2],
04-27 13:36:40.934 I/System.out( 1670): GB28181--->>>-----C++回调java:状态回调 回调函数--- sysState:2 connState:2heartbeatExceptionCount:0 liveState:0 talkState:0 videotapeState:0videotapedownloadState:0---------------------
04-27 13:36:40.935 E/Gb28181Local( 1670): onStateUpdate sysState:2,connState:2,heartbeatExceptionCount:0,liveState:0,talkState:0,videotapeState:0,videotapeDownloadState:0
04-27 13:36:40.935 D/GB28181 ( 1670): #sip_rev------>>>接收服务器SIP消息来源:定时消息 SIP_TIMER_SRC ，收到服务器心跳反馈  
04-27 13:36:40.935 D/GB28181 ( 1670): 
04-27 13:36:40.935 D/GB28181 ( 1670): 
04-27 13:36:40.936 D/GB28181 ( 1670): cur_time=41  (p_user->last_rx_time + g_gb28181_cfg.heartbeat_interval) =45 
04-27 13:36:40.936 D/GB28181 ( 1670): cur_time=41  (p_user->last_rx_time + g_gb28181_cfg.heartbeat_interval) =45 
04-27 13:36:40.936 D/GB28181 ( 1670): --sip_task---->>> hsip.net_rx_flag===1 
04-27 13:36:40.937 I/MtkCam/PrvCB(  491): (2420)[onClientThreadLoop] mOneShotSleepCount 0
04-27 1