04-27 11:42:21.752 I/MtkCam/PrvCB(  519): (2767)[onClientThreadLoop] mOneShotSleepCount 0
04-27 11:42:21.756 I/Camera  ( 2530): handleMessage: 16
04-27 11:42:21.762 W/TwinMgr (  519): [TwinInfo_update] WARNING: [TwinInfo_update][0]no deque on AFO over 64 frames
04-27 11:42:21.767 W/TuningMgr(  519): TuningMgr[updateEngine] WARNING: [temp log] AF enable(0_0x100802e0_0x8001e0)
04-27 11:42:21.768 W/MtkCam/BufferProvider_P(  519): [Hal:Image:yuvFD][dequeStreamBuffer] Cannot acquire from pool. Something wrong... SOS
04-27 11:42:21.770 E/SurfaceFlinger(  403): getUniqueId not supported on VirtualDisplaySurface
04-27 11:42:21.772 E/SurfaceFlinger(  403): getUniqueId not supported on VirtualDisplaySurface
04-27 11:42:21.774 D/BufferQueueProducer(  517): [GraphicBufferSource](this:0xefd4a000,id:0,api:1,p:517,c:517) cancelBuffer: slot 1
04-27 11:42:21.788 I/MtkCam/PrvCB(  519): (2767)[onClientThreadLoop] mOneShotSleepCount 0
04-27 11:42:21.791 I/Camera  ( 2530): handleMessage: 16
04-27 11:42:21.798 W/TwinMgr (  519): [TwinInfo_update] WARNING: [TwinInfo_update][0]no deque on AFO over 64 frames
04-27 11:42:21.802 E/SurfaceFlinger(  403): getUniqueId not supported on VirtualDisplaySurface
04-27 11:42:21.804 W/TuningMgr(  519): TuningMgr[updateEngine] WARNING: [temp log] AF enable(0_0x100802e0_0x8001e0)
04-27 11:42:21.804 W/MtkCam/BufferProvider_P(  519): [Hal:Image:yuvFD][dequeStreamBuffer] Cannot acquire from pool. Something wrong... SOS
04-27 11:42:21.805 E/SurfaceFlinger(  403): getUniqueId not supported on VirtualDisplaySurface
04-27 11:42:21.808 D/BufferQueueProducer(  517): [GraphicBufferSource](this:0xefd4a000,id:0,api:1,p:517,c:517) cancelBuffer: slot 2
04-27 11:42:21.821 I/BufferQueueProducer(  403): [SurfaceView - #0](this:0x74cd9b7800,id:14,api:4,p:500,c:403) queueBuffer: fps=27.87 dur=1004.72 max=40.48 min=30.05
04-27 11:42:21.824 I/MtkCam/PrvCB(  519): (2767)[onClientThreadLoop] mOneShotSleepCount 0
04-27 11:42:21.828 I/Camera  ( 2530): handleMessage: 16
04-27 11:42:21.834 W/TwinMgr (  519): [TwinInfo_update] WARNING: [TwinInfo_update][0]no deque on AFO over 64 frames
04-27 11:42:21.835 E/SurfaceFlinger(  403): getUniqueId not supported on VirtualDisplaySurface
04-27 11:42:21.838 E/SurfaceFlinger(  403): getUniqueId not supported on VirtualDisplaySurface
04-27 11:42:21.840 W/TuningMgr(  519): TuningMgr[updateEngine] WARNING: [temp log] AF enable(0_0x100802e0_0x8001e0)
04-27 11:42:21.840 D/BufferQueueProducer(  517): [GraphicBufferSource](this:0xefd4a000,id:0,api:1,p:517,c:517) cancelBuffer: slot 1
04-27 11:42:21.841 W/MtkCam/BufferProvider_P(  519): [Hal:Image:yuvFD][dequeStreamBuffer] Cannot acquire from pool. Something wrong... SOS
04-27 11:42:21.848 D/MPE     (  495): mtk_gps_mnl_trigger_mpe: mpemsg len=0
04-27 11:42:21.860 I/MtkCam/PrvCB(  519): (2767)[onClientThreadLoop] mOneShotSleepCount 0
04-27 11:42:21.863 D/MPE     (  495): mtk_gps_mnl_trigger_mpe: mpemsg len=0
04-27 11:42:21.865 I/MtkCam/PrvCB(  519): (2767)[onClientThreadLoop] mOneShotSleepCount 1
04-27 11:42:21.865 I/Camera  ( 2530): handleMessage: 16
04-27 11:42:21.866 D/pseudo  (  495): mtk_gps_sys_nmea_output_to_mnld: received 773 bytes:
04-27 11:42:21.868 D/pseudo  (  495): mtk_gps_sys_nmea_output_to_app: len:773, [NMEA]$GNGGA,034221.01...
04-27 11:42:21.868 D/gps_controlller(  495): mtk_gps_sys_gps_mnl_callback: msg:0
04-27 11:42:21.868 D/gps_controlller(  495): send_active_notify: send clean nmea timer cmd!
04-27 11:42:21.868 D/gps_controlller(  495): mtk_gps_sys_gps_mnl_callback: MTK_GPS_MSG_FIX_READY,GET_RTC_FAIL
04-27 11:42:21.868 D/gps_controlller(  495): gps_control_thread: gps_control_thread wait
04-27 11:42:21.868 D/pseudo  (  495): mtk_gps_sys_nmea_output_to_app: len:46, [vAGPS_Auto_Req]:g_FirstDbtt:0,u2BitMap:0x128
04-27 11:42:21.870 W/TwinMgr (  519): [TwinInfo_update] WARNING: [TwinInfo_update][0]no deque on AFO over 64 frames
04-27 11:42:21.872 D/agps    (  526): [agps][n][AGPS] [MNL] write  pmtk  [$PMTK680,1,FFFFF1A0*0B
04-27 11:42:21.872 D/agps    (  526):  ]
04-27 11:42:21.876 W/TuningMgr(  519): TuningMgr[updateEngine] WARNING: [temp log] AF enable(0_0x100802e0_0x8001e0)
04-27 11:42:21.876 W/MtkCam/BufferProvider_P(  519): [Hal:Image:yuvFD][dequeStreamBuffer] Cannot acquire from pool. Something wrong... SOS
04-27 11:42:21.884 E/SurfaceFlinger(  403): getUniqueId not supported on VirtualDisplaySurface
04-27 11:42:21.886 E/SurfaceFlinger(  403): getUniqueId not supported on VirtualDisplaySurface
04-27 11:42:21.889 D/BufferQueueProducer(  517): [GraphicBufferSource](this:0xefd4a000,id:0,api:1,p:517,c:517) cancelBuffer: slot 2
04-27 11:42:21.895 I/MtkCam/PrvCB(  519): (2767)[onClientThreadLoop] mOneShotSleepCount 0
04-27 11:42:21.899 I/Camera  ( 2530): handleMessage: 16
04-27 11:42:21.906 W/TwinMgr (  519): [TwinInfo_update] WARNING: [TwinInfo_update][0]no deque on AFO over 64 frames
04-27 11:42:21.911 W/TuningMgr(  519): TuningMgr[updateEngine] WARNING: [temp log] AF enable(0_0x100802e0_0x8001e0)
04-27 11:42:21.912 W/MtkCam/BufferProvider_P(  519): [Hal:Image:yuvFD][dequeStreamBuffer] Cannot acquire from pool. Something wrong... SOS
04-27 11:42:21.917 E/SurfaceFlinger(  403): getUniqueId not supported on VirtualDisplaySurface
04-27 11:42:21.919 E/SurfaceFlinger(  403): getUniqueId not supported on VirtualDisplaySurface
04-27 11:42:21.921 D/BufferQueueProducer(  517): [GraphicBufferSource](this:0xefd4a000,id:0,api:1,p:517,c:517) cancelBuffer: slot 1
04-27 11:42:21.931 I/MtkCam/PrvCB(  519): (2767)[onClientThreadLoop] mOneShotSleepCount 0
04-27 11:42:21.935 I/Camera  ( 2530): handleMessage: 16
04-27 11:42:21.942 W/TwinMgr (  519): [TwinInfo_update] WARNING: [TwinInfo_update][0]no deque on AFO over 64 frames
04-27 11:42:21.947 W/TuningMgr(  519): TuningMgr[updateEngine] WARNING: [temp log] AF enable(0_0x100802e0_0x8001e0)
04-27 11:42:21.948 W/MtkCam/BufferProvider_P(  519): [Hal:Image:yuvFD][dequeStreamBuffer] Cannot acquire from pool. Something wrong... SOS
04-27 11:42:21.950 E/SurfaceFlinger(  403): getUniqueId not supported on VirtualDisplaySurface
04-27 11:42:21.952 E/SurfaceFlinger(  403): getUniqueId not supported on VirtualDisplaySurface
04-27 11:42:21.954 D/BufferQueueProducer(  517): [GraphicBufferSource](this:0xefd4a000,id:0,api:1,p:517,c:517) cancelBuffer: slot 2
04-27 11:42:21.967 I/MtkCam/PrvCB(  519): (2767)[onClientThreadLoop] mOneShotSleepCount 0
04-27 11:42:21.970 I/Camera  ( 2530): handleMessage: 16
04-27 11:42:21.977 W/TwinMgr (  519): [TwinInfo_update] WARNING: [TwinInfo_update][0]no deque on AFO over 64 frames
04-27 11:42:21.982 E/SurfaceFlinger(  403): getUniqueId not supported on VirtualDisplaySurface
04-27 11:42:21.983 W/TuningMgr(  519): TuningMgr[updateEngine] WARNING: [temp log] AF enable(0_0x100802e0_0x8001e0)
04-27 11:42:21.984 W/MtkCam/BufferProvider_P(  519): [Hal:Image:yuvFD][dequeStreamBuffer] Cannot acquire from pool. Something wrong... SOS
04-27 11:42:21.984 E/SurfaceFlinger(  403): getUniqueId not supported on VirtualDisplaySurface
04-27 11:42:21.987 D/BufferQueueProducer(  517): [GraphicBufferSource](this:0xefd4a000,id:0,api:1,p:517,c:517) cancelBuffer: slot 1
04-27 11:42:21.994 I/LocationManagerService( 1081): remove 45f2c93
04-27 11:42:22.003 I/MtkCam/PrvCB(  519): (2767)[onClientThreadLoop] mOneShotSleepCount 0
04-27 11:42:22.006 I/Camera  ( 2530): handleMessage: 16
04-27 11:42:22.014 W/TwinMgr (  519): [TwinInfo_update] WARNING: [TwinInfo_update][0]no deque on AFO over 64 frames
04-27 11:42:22.015 E/SurfaceFlinger(  403): getUniqueId not supported on VirtualDisplaySurface
04-27 11:42:22.017 E/SurfaceFlinger(  403): getUniqueId not supported on VirtualDisplaySurface
04-27 11:42:22.020 D/BufferQueueProducer(  517): [GraphicBufferSource](this:0xefd4a000,id:0,api:1,p:517,c:517) cancelBuffer: slot 2
04-27 11:42:22.020 W/TuningMgr(  519): TuningMgr[updateEngine] WARNING: [temp log] AF enable(0_0x100802e0_0x8001e0)
04-27 11:42:22.022 W/MtkCam/BufferProvider_P(  519): [Hal:Image:yuvFD][dequeStreamBuffer] Cannot acquire from pool. Something wrong... SOS
04-27 11:42:22.040 I/MtkCam/PrvCB(  519): (2767)[onClientThreadLoop] mOneShotSleepCount 0
04-27 11:42:22.044 I/Camera  ( 2530): handleMessage: 16
04-27 11:42:22.049 W/TwinMgr (  519): [TwinInfo_update] WARNING: [TwinInfo_update][0]no deque on AFO over 64 frames
04-27 11:42:22.056 W/TuningMgr(  519): TuningMgr[updateEngine] WARNING: [temp log] AF enable(0_0x100802e0_0x8001e0)
04-27 11:42:22.056 W/MtkCam/BufferProvider_P(  519): [Hal:Image:yuvFD][dequeStreamBuffer] Cannot acquire from pool. Something wrong... SOS
04-27 11:42:22.064 E/SurfaceFlinger(  403): getUniqueId not supported on VirtualDisplaySurface
04-27 11:42:22.066 E/SurfaceFlinger(  403): getUniqueId not supported on VirtualDisplaySurface
04-27 11:42:22.068 D/BufferQueueProducer(  517): [GraphicBufferSource](this:0xefd4a000,id:0,api:1,p:517,c:517) cancelBuffer: slot 1
04-27 11:42:22.075 I/MtkCam/PrvCB(  519): (2767)[onClientThreadLoop] mOneShotSleepCount 0
04-27 11:42:22.079 I/Camera  ( 2530): handleMessage: 16
04-27 11:42:22.085 W/TwinMgr (  519): [TwinInfo_update] WARNING: [TwinInfo_update][0]no deque on AFO over 64 frames
04-27 11:42:22.092 W/MtkCam/BufferProvider_P(  519): [Hal:Image:yuvFD][dequeStreamBuffer] Cannot acquire from pool. Something wrong... SOS
04-27 11:42:22.092 W/TuningMgr(  519): TuningMgr[updateEngine] WARNING: [temp log] AF enable(0_0x100802e0_0x8001e0)
04-27 11:42:22.097 E/SurfaceFlinger(  403): getUniqueId not supported on VirtualDisplaySurface
04-27 11:42:22.100 E/SurfaceFlinger(  403): getUniqueId not supported on VirtualDisplaySurface
04-27 11:42:22.102 D/BufferQueueProducer(  517): [GraphicBufferSource](this:0xefd4a000,id:0,api:1,p:517,c:517) cancelBuffer: slot 2
04-27 11:42:22.111 I/MtkCam/PrvCB(  519): (2767)[onClientThreadLoop] mOneShotSleepCount 0
04-27 11:42:22.114 I/Camera  ( 2530): handleMessage: 16
04-27 11:42:22.121 W/TwinMgr (  519): [TwinInfo_update] WARNING: [TwinInfo_update][0]no deque on AFO over 64 frames
04-27 11:42:22.127 W/TuningMgr(  519): TuningMgr[updateEngine] WARNING: [temp log] AF enable(0_0x100802e0_0x8001e0)
04-27 11:42:22.128 W/MtkCam/BufferProvider_P(  519): [Hal:Image:yuvFD][dequeStreamBuffer] Cannot acquire from pool. Something wrong... SOS
04-27 11:42:22.129 E/SurfaceFlinger(  403): getUniqueId not supported on VirtualDisplaySurface
04-27 11:42:22.132 E/SurfaceFlinger(  403): getUniqueId not supported on VirtualDisplaySurface
04-27 11:42:22.134 D/BufferQueueProducer(  517): [GraphicBufferSource](this:0xefd4a000,id:0,api:1,p:517,c:517) cancelBuffer: slot 1
04-27 11:42:22.147 I/MtkCam/PrvCB(  519): (2767)[onClientThreadLoop] mOneShotSleepCount 0
04-27 11:42:22.153 I/MtkCam/PrvCB(  519): (2767)[onClientThreadLoop] mOneShotSleepCount 1
04-27 11:42:22.155 I/Camera  ( 2530): handleMessage: 16
04-27 11:42:22.157 W/TwinMgr (  519): [TwinInfo_update] WARNING: [TwinInfo_update][0]no deque on AFO over 64 frames
04-27 11:42:22.162 E/SurfaceFlinger(  403): getUniqueId not supported on VirtualDisplaySurface
04-27 11:42:22.163 W/MtkCam/BufferProvider_P(  519): [Hal:Image:yuvFD][dequeStreamBuffer] Cannot acquire from pool. Something wrong... SOS
04-27 11:42:22.163 W/TuningMgr(  519): TuningMgr[updateEngine] WARNING: [temp log] AF enable(0_0x100802e0_0x8001e0)
04-27 11:42:22.164 E/SurfaceFlinger(  403): getUniqueId not supported on VirtualDisplaySurface
04-27 11:42:22.166 D/BufferQueueProducer(  517): [GraphicBufferSource](this:0xefd4a000,id:0,api:1,p:517,c:517) cancelBuffer: slot 2
04-27 11:42:22.177 I/MtkCam/DisplayClient(  519): [DisplayClient::enquePrvOps] fps: 27.875629 = 56 / 2008923231 ns
04-27 11:42:22.183 I/MtkCam/PrvCB(  519): (2767)[onClientThreadLoop] mOneShotSleepCount 0
04-27 11:42:22.187 I/Camera  ( 2530): handleMessage: 16
04-27 11:42:22.193 W/TwinMgr (  519): [TwinInfo_update] WARNING: [TwinInfo_update][0]no deque on AFO over 64 frames
04-27 11:42:22.194 E/SurfaceFlinger(  403): getUniqueId not supported on VirtualDisplaySurface
04-27 11:42:22.197 E/SurfaceFlinger(  403): getUniqueId not supported on VirtualDisplaySurface
04-27 11:42:22.199 D/BufferQueueProducer(  517): [GraphicBufferSource](this:0xefd4a000,id:0,api:1,p:517,c:517) cancelBuffer: slot 1
04-27 11:42:22.200 W/TuningMgr(  519): TuningMgr[updateEngine] WARNING: [temp log] AF enable(0_0x100802e0_0x8001e0)
04-27 11:42:22.200 W/MtkCam/BufferProvider_P(  519): [Hal:Image:yuvFD][dequeStreamBuffer] Cannot acquire from pool. Something wrong... SOS
04-27 11:42:22.219 I/MtkCam/PrvCB(  519): (2767)[onClientThreadLoop] mOneShotSleepCount 0
04-27 11:42:22.223 I/Camera  ( 2530): handleMessage: 16
04-27 11:42:22.229 W/TwinMgr (  519): [TwinInfo_update] WARNING: [TwinInfo_update][0]no deque on AFO over 64 frames
04-27 11:42:22.236 W/MtkCam/BufferProvider_P(  519): [Hal:Image:yuvFD][dequeStreamBuffer] Cannot acquire from pool. Something wrong... SOS
04-27 11:42:22.237 W/TuningMgr(  519): TuningMgr[updateEngine] WARNING: [temp log] AF enable(0_0x100802e0_0x8001e0)
04-27 11:42:22.243 E/SurfaceFlinger(  403): getUniqueId not supported on VirtualDisplaySurface
04-27 11:42:22.246 E/SurfaceFlinger(  403): getUniqueId not supported on VirtualDisplaySurface
04-27 11:42:22.248 D/BufferQueueProducer(  517): [GraphicBufferSource](this:0xefd4a000,id:0,api:1,p:517,c:517) cancelBuffer: slot 2
04-27 11:42:22.249 I/MtkCam/Utils(  519): {CamProfile}[DisplayClient::dequePrvOps] dequeue_buffer > 30ms: (0-th) ===> (overtime > 30 ms) [start-->now: 31 ms]
04-27 11:42:22.254 I/MtkCam/PrvCB(  519): (2767)[onClientThreadLoop] mOneShotSleepCount 0
04-27 11:42:22.258 I/Camera  ( 2530): handleMessage: 16
04-27 11:42:22.265 W/TwinMgr (  519): [TwinInfo_update] WARNING: [TwinInfo_update][0]no deque on AFO over 64 frames
04-27 11:42:22.272 W/TuningMgr(  519): TuningMgr[updateEngine] WARNING: [temp log] AF enable(0_0x100802e0_0x8001e0)
04-27 11:42:22.272 W/MtkCam/BufferProvider_P(  519): [Hal:Image:yuvFD][dequeStreamBuffer] Cannot acquire from pool. Something wrong... SOS
04-27 11:42:22.279 E/SurfaceFlinger(  403): getUniqueId not supported on VirtualDisplaySurface
04-27 11:42:22.281 E/SurfaceFlinger(  403): getUniqueId not supported on VirtualDisplaySurface
04-27 11:42:22.283 D/BufferQueueProducer(  517): [GraphicBufferSource](this:0xefd4a000,id:0,api:1,p:517,c:517) cancelBuffer: slot 1
04-27 11:42:22.291 I/MtkCam/PrvCB(  519): (2767)[onClientThreadLoop] mOneShotSleepCount 0
04-27 11:42:22.295 I/Camera  ( 2530): handleMessage: 16
04-27 11:42:22.301 W/TwinMgr (  519): [TwinInfo_update] WARNING: [TwinInfo_update][0]no deque on AFO over 64 frames
04-27 11:42:22.307 W/MtkCam/BufferProvider_P(  519): [Hal:Image:yuvFD][dequeStreamBuffer] Cannot acquire from pool. Something wrong... SOS
04-27 11:42:22.308 W/TuningMgr(  519): TuningMgr[updateEngine] WARNING: [temp log] AF enable(0_0x100802e0_0x8001e0)
04-27 11:42:22.309 E/SurfaceFlinger(  403): getUniqueId not supported on VirtualDisplaySurface
04-27 11:42:22.311 E/SurfaceFlinger(  403): getUniqueId not supported on VirtualDisplaySurface
04-27 11:42:22.313 D/BufferQueueProducer(  517): [GraphicBufferSource](this:0xefd4a000,id:0,api:1,p:517,c:517) cancelBuffer: slot 2
04-27 11:42:22.326 I/MtkCam/PrvCB(  519): (2767)[onClientThreadLoop] mOneShotSleepCount 0
04-27 11:42:22.330 I/Camera  ( 2530): handleMessage: 16
04-27 11:42:22.337 W/TwinMgr (  519): [TwinInfo_update] WARNING: [TwinInfo_update][0]no deque on AFO over 64 frames
04-27 11:42:22.341 E/SurfaceFlinger(  403): getUniqueId not supported on VirtualDisplaySurface
04-27 11:42:22.344 E/SurfaceFlinger(  403): getUniqueId not supported on VirtualDisplaySurface
04-27 11:42:22.345 W/TuningMgr(  519): TuningMgr[updateEngine] WARNING: [temp log] AF enable(0_0x100802e0_0x8001e0)
04-27 11:42:22.346 D/BufferQueueProducer(  517): [GraphicBufferSource](this:0xefd4a000,id:0,api:1,p:517,c:517) cancelBuffer: slot 1
04-27 11:42:22.346 W/MtkCam/BufferProvider_P(  519): [Hal:Image:yuvFD][dequeStreamBuffer] Cannot acquire from pool. Something wrong... SOS
04-27 11:42:22.351 D/GB28181 ( 2530): >>>>>>>>=====D:/androidProject/src_edition/app2020_8_10/camera_live/app/src/main/cpp/libgb28181/sip/sip_timer.cpp[208]==========
04-27 11:42:22.352 D/GB28181 ( 2530): #sip_rev接收服务器到SIP消息:msg_buf[(null)]
04-27 11:42:22.352 D/GB28181 ( 2530): #########################stm.msg_src=[2],
04-27 11:42:22.352 I/System.out( 2530): GB28181--->>>-----C++回调java:状态回调 回调函数--- sysState:2 connState:2heartbeatExceptionCount:0 liveState:0 talkState:0 videotapeState:0videotapedownloadState:0---------------------
04-27 11:42:22.353 D/GB28181 ( 2530): #sip_rev------>>>接收服务器SIP消息来源:定时消息 SIP_TIMER_SRC ，收到服务器心跳反馈
04-27 11:42:22.353 D/GB28181 ( 2530):
04-27 11:42:22.353 D/GB28181 ( 2530):
04-27 11:42:22.353 D/GB28181 ( 2530): cur_time=249  (p_user->last_rx_time + g_gb28181_cfg.heartbeat_interval) =271
04-27 11:42:22.353 D/GB28181 ( 2530): cur_time=249  (p_user->last_rx_time + g_gb28181_cfg.heartbeat_interval) =271
04-27 11:42:22.354 D/GB28181 ( 2530): --sip_task---->>> hsip.net_rx_flag===1
04-27 11:42:22.361 I/MtkCam/PrvCB(  519): [performPreviewCallback] fps: 27.849983 = 56 / 2010773154 ns
04-27 11:42:22.363 I/MtkCam/PrvCB(  519): (2767)[onClientThreadLoop] mOneShotSleepCount 0
04-27 11:42:22.367 I/Camera  ( 2530): handleMessage: 16
04-27 11:42:22.373 W/TwinMgr (  519): [TwinInfo_update] WARNING: [TwinInfo_update][0]no deque on AFO over 64 frames
04-27 11:42:22.374 E/SurfaceFlinger(  403): getUniqueId not supported on VirtualDisplaySurface
04-27 11:42:22.376 E/SurfaceFlinger(  403): getUniqueId not supported on VirtualDisplaySurface
04-27 11:42:22.378 D/BufferQueueProducer(  517): [GraphicBufferSource](this:0xefd4a000,id:0,api:1,p:517,c:517) cancelBuffer: slot 2
04-27 11:42:22.379 W/TuningMgr(  519): TuningMgr[updateEngine] WARNING: [temp log] AF enable(0_0x100802e0_0x8001e0)
04-27 11:42:22.380 W/MtkCam/BufferProvider_P(  519): [Hal:Image:yuvFD][dequeStreamBuffer] Cannot acquire from pool. Something wrong... SOS
04-27 11:42:22.386 D/NxpTml  (  399): PN54X - Read requested.....
04-27 11:42:22.386 D/NxpTml  (  399): PN54X - Invoking I2C Read.....
04-27 11:42:22.399 I/MtkCam/PrvCB(  519): (2767)[onClientThreadLoop] mOneShotSleepCount 0
04-27 11:42:22.402 I/Camera  ( 2530): handleMessage: 16
04-27 11:42:22.409 W/TwinMgr (  519): [TwinInfo_update] WARNING: [TwinInfo_update][0]no deque on AFO over 64 frames
04-27 11:42:22.414 W/TuningMgr(  519): TuningMgr[updateEngine] WARNING: [temp log] AF enable(0_0x100802e0_0x8001e0)
04-27 11:42:22.415 W/MtkCam/BufferProvider_P(  519): [Hal:Image:yuvFD][dequeStreamBuffer] Cannot acquire from pool. Something wrong... SOS
04-27 11:42:22.424 E/SurfaceFlinger(  403): getUniqueId not supported on VirtualDisplaySurface
04-27 11:42:22.426 E/SurfaceFlinger(  403): getUniqueId not supported on VirtualDisplaySurface
04-27 11:42:22.428 D/BufferQueueProducer(  517): [GraphicBufferSource](this:0xefd4a000,id:0,api:1,p:517,c:517) cancelBuffer: slot 1
04-27 11:42:22.430 I/MtkCam/Utils(  519): {CamProfile}[DisplayClient::dequePrvOps] dequeue_buffer > 30ms: (0-th) ===> (overtime > 30 ms) [start-->now: 32 ms]
04-27 11:42:22.434 I/MtkCam/PrvCB(  519): (2767)[onClientThreadLoop] mOneShotSleepCount 0
04-27 11:42:22.437 I/Camera  ( 2530): handleMessage: 16
04-27 11:42:22.445 W/TwinMgr (  519): [TwinInfo_update] WARNING: [TwinInfo_update][0]no deque on AFO over 64 frames
04-27 11:42:22.450 W/TuningMgr(  519): TuningMgr[updateEngine] WARNING: [temp log] AF enable(0_0x100802e0_0x8001e0)
04-27 11:42:22.450 W/MtkCam/BufferProvider_P(  519): [Hal:Image:yuvFD][dequeStreamBuffer] Cannot acquire from pool. Something wrong... SOS
04-27 11:42:22.455 E/SurfaceFlinger(  403): getUniqueId not supported on VirtualDisplaySurface
04-27 11:42:22.458 E/SurfaceFlinger(  403): getUniqueId not supported on VirtualDisplaySurface
04-27 11:42:22.460 D/BufferQueueProducer(  517): [GraphicBufferSource](this:0xefd4a000,id:0,api:1,p:517,c:517) cancelBuffer: slot 2
04-27 11:42:22.470 I/MtkCam/PrvCB(  519): (2767)[onClientThreadLoop] mOneShotSleepCount 0
04-27 11:42:22.474 I/Camera  ( 2530): handleMessage: 16
04-27 11:42:22.480 W/TwinMgr (  519): [TwinInfo_update] WARNING: [TwinInfo_update][0]no deque on AFO over 64 frames
04-27 11:42:22.487 W/TuningMgr(  519): TuningMgr[updateEngine] WARNING: [temp log] AF enable(0_0x100802e0_0x8001e0)
04-27 11:42:22.488 W/MtkCam/BufferProvider_P(  519): [Hal:Image:yuvFD][dequeStreamBuffer] Cannot acquire from pool. Something wrong... SOS
04-27 11:42:22.488 E/SurfaceFlinger(  403): getUniqueId not supported on VirtualDisplaySurface
04-27 11:42:22.490 E/SurfaceFlinger(  403): getUniqueId not supported on VirtualDisplaySurface
04-27 11:42:22.492 I/DisplayDevice(  403): [stdout (type:2)] fps:27.649456,dur:1012.68,max:50.08,min:30.44
04-27 11:42:22.493 D/BufferQueueProducer(  517): [GraphicBufferSource](this:0xefd4a000,id:0,api:1,p:517,c:517) cancelBuffer: slot 1
04-27 11:42:22.506 I/MtkCam/PrvCB(  519): (2767)[onClientThreadLoop] mOneShotSleepCount 0
04-27 11:42:22.510 I/Camera  ( 2530): handleMessage: 16
04-27 11:42:22.516 W/TwinMgr (  519): [TwinInfo_update] WARNING: [TwinInfo_update][0]no deque on AFO over 64 frames
04-27 11:42:22.521 E/SurfaceFlinger(  403): getUniqueId not supported on VirtualDisplaySurface
04-27 11:42:22.523 W/TuningMgr(  519): TuningMgr[updateEngine] WARNING: [temp log] AF enable(0_0x100802e0_0x8001e0)
04-27 11:42:22.524 E/SurfaceFlinger(  403): getUniqueId not supported on VirtualDisplaySurface
04-27 11:42:22.524 W/MtkCam/BufferProvider_P(  519): [Hal:Image:yuvFD][dequeStreamBuffer] Cannot acquire from pool. Something wrong... SOS
04-27 11:42:22.526 D/BufferQueueProducer(  517): [GraphicBufferSource](this:0xefd4a000,id:0,api:1,p:517,c:517) cancelBuffer: slot 2
04-27 11:42:22.543 I/MtkCam/PrvCB(  519): (2767)[onClientThreadLoop] mOneShotSleepCount 0
04-27 11:42:22.547 I/Camera  ( 2530): handleMessage: 16
04-27 11:42:22.552 W/TwinMgr (  519): [TwinInfo_update] WARNING: [TwinInfo_update][0]no deque on AFO over 64 frames
04-27 11:42:22.554 E/SurfaceFlinger(  403): getUniqueId not supported on VirtualDisplaySurface
04-27 11:42:22.556 E/SurfaceFlinger(  403): getUniqueId not supported on VirtualDisplaySurface
04-27 11:42:22.559 D/BufferQueueProducer(  517): [GraphicBufferSource](this:0xefd4a000,id:0,api:1,p:517,c:517) cancelBuffer: slot 1
04-27 11:42:22.564 W/TuningMgr(  519): TuningMgr[updateEngine] WARNING: [temp log] AF enable(0_0x100802e0_0x8001e0)
04-27 11:42:22.564 W/MtkCam/BufferProvider_P(  519): [Hal:Image:yuvFD][dequeStreamBuffer] Cannot acquire from pool. Something wrong... SOS
04-27 11:42:22.581 I/MtkCam/PrvCB(  519): (2767)[onClientThreadLoop] mOneShotSleepCount 0
04-27 11:42:22.586 I/MtkCam/PrvCB(  519): (2767)[onClientThreadLoop] mOneShotSleepCount 1
04-27 11:42:22.588 W/TwinMgr (  519): [TwinInfo_update] WARNING: [TwinInfo_update][0]no deque on AFO over 64 frames
04-27 11:42:22.591 I/Camera  ( 2530): handleMessage: 16
04-27 11:42:22.597 W/MtkCam/BufferProvider_P(  519): [Hal:Image:yuvFD][dequeStreamBuffer] Cannot acquire from pool. Something wrong... SOS
04-27 11:42:22.597 W/TuningMgr(  519): TuningMgr[updateEngine] WARNING: [temp log] AF enable(0_0x100802e0_0x8001e0)
04-27 11:42:22.601 E/SurfaceFlinger(  403): getUniqueId not supported on VirtualDisplaySurface
04-27 11:42:22.604 E/SurfaceFlinger(  403): getUniqueId not supported on VirtualDisplaySurface
04-27 11:42:22.606 D/BufferQueueProducer(  517): [GraphicBufferSource](this:0xefd4a000,id:0,api:1,p:517,c:517) cancelBuffer: slot 2
04-27 11:42:22.617 I/MtkCam/PrvCB(  519): (2767)[onClientThreadLoop] mOneShotSleepCount 0
04-27 11:42:22.622 I/MtkCam/PrvCB(  519): (2767)[onClientThreadLoop] mOneShotSleepCount 1
04-27 11:42:22.622 I/Camera  ( 2530): handleMessage: 16
04-27 11:42:22.624 W/TwinMgr (  519): [TwinInfo_update] WARNING: [TwinInfo_update][0]no deque on AFO over 64 frames
04-27 11:42:22.630 W/TuningMgr(  519): TuningMgr[updateEngine] WARNING: [temp log] AF enable(0_0x100802e0_0x8001e0)
04-27 11:42:22.630 W/MtkCam/BufferProvider_P(  519): [Hal:Image:yuvFD][dequeStreamBuffer] Cannot acquire from pool. Something wrong... SOS
04-27 11:42:22.634 E/SurfaceFlinger(  403): getUniqueId not supported on VirtualDisplaySurface
04-27 11:42:22.637 E/SurfaceFlinger(  403): getUniqueId not supported on VirtualDisplaySurface
04-27 11:42:22.640 D/BufferQueueProducer(  517): [GraphicBufferSource](this:0xefd4a000,id:0,api:1,p:517,c:517) cancelBuffer: slot 1
04-27 11:42:22.653 I/MtkCam/PrvCB(  519): (2767)[onClientThreadLoop] mOneShotSleepCount 0
04-27 11:42:22.656 I/Camera  ( 2530): handleMessage: 16
04-27 11:42:22.660 W/TwinMgr (  519): [TwinInfo_update] WARNING: [TwinInfo_update][0]no deque on AFO over 64 frames
04-27 11:42:22.664 W/TuningMgr(  519): TuningMgr[updateEngine] WARNING: [temp log] AF enable(0_0x100802e0_0x8001e0)
04-27 11:42:22.664 W/MtkCam/BufferProvider_P(  519): [Hal:Image:yuvFD][dequeStreamBuffer] Cannot acquire from pool. Something wrong... SOS
04-27 11:42:22.668 E/SurfaceFlinger(  403): getUniqueId not supported on VirtualDisplaySurface
04-27 11:42:22.670 E/SurfaceFlinger(  403): getUniqueId not supported on VirtualDisplaySurface
04-27 11:42:22.673 D/BufferQueueProducer(  517): [GraphicBufferSource](this:0xefd4a000,id:0,api:1,p:517,c:517) cancelBuffer: slot 2
04-27 11:42:22.688 I/MtkCam/PrvCB(  519): (2767)[onClientThreadLoop] mOneShotSleepCount 0
04-27 11:42:22.692 I/Camera  ( 2530): handleMessage: 16
04-27 11:42:22.696 W/TwinMgr (  519): [TwinInfo_update] WARNING: [TwinInfo_update][0]no deque on AFO over 64 frames
04-27 11:42:22.701 E/SurfaceFlinger(  403): getUniqueId not supported on VirtualDisplaySurface
04-27 11:42:22.702 W/TuningMgr(  519): TuningMgr[updateEngine] WARNING: [temp log] AF enable(0_0x100802e0_0x8001e0)
04-27 11:42:22.702 W/MtkCam/BufferProvider_P(  519): [Hal:Image:yuvFD][dequeStreamBuffer] Cannot acquire from pool. Something wrong... SOS
04-27 11:42:22.703 E/SurfaceFlinger(  403): getUniqueId not supported on VirtualDisplaySurface
04-27 11:42:22.706 D/BufferQueueProducer(  517): [GraphicBufferSource](this:0xefd4a000,id:0,api:1,p:517,c:517) cancelBuffer: slot 1
04-27 11:42:22.724 I/MtkCam/PrvCB(  519): (2767)[onClientThreadLoop] mOneShotSleepCount 0
04-27 11:42:22.728 I/Camera  ( 2530): handleMessage: 16
04-27 11:42:22.732 W/TwinMgr (  519): [TwinInfo_update] WARNING: [TwinInfo_update][0]no deque on AFO over 64 frames
04-27 11:42:22.733 E/SurfaceFlinger(  403): getUniqueId not supported on VirtualDisplaySurface
04-27 11:42:22.736 E/SurfaceFlinger(  403): getUniqueId not supported on VirtualDisplaySurface
04-27 11:42:22.738 W/TuningMgr(  519): TuningMgr[updateEngine] WARNING: [temp log] AF enable(0_0x100802e0_0x8001e0)
04-27 11:42:22.739 D/BufferQueueProducer(  517): [GraphicBufferSource](this:0xefd4a000,id:0,api:1,p:517,c:517) cancelBuffer: slot 2
04-27 11:42:22.739 W/MtkCam/BufferProvider_P(  519): [Hal:Image:yuvFD][dequeStreamBuffer] Cannot acquire from pool. Something wrong... SOS
04-27 11:42:22.760 I/MtkCam/PrvCB(  519): (2767)[onClientThreadLoop] mOneShotSleepCount 0
04-27 11:42:22.764 I/Camera  ( 2530): handleMessage: 16
04-27 11:42:22.768 W/TwinMgr (  519): [TwinInfo_update] WARNING: [TwinInfo_update][0]no deque on AFO over 64 frames
04-27 11:42:22.773 W/TuningMgr(  519): TuningMgr[updateEngine] WARNING: [temp log] AF enable(0_0x100802e0_0x8001e0)
04-27 11:42:22.774 W/MtkCam/BufferProvider_P(  519): [Hal:Image:yuvFD][dequeStreamBuffer] Cannot acquire from pool. Something wrong... SOS
04-27 11:42:22.782 E/SurfaceFlinger(  403): getUniqueId not supported on VirtualDisplaySurface
04-27 11:42:22.785 E/SurfaceFlinger(  403): getUniqueId not supported on VirtualDisplaySurface
04-27 11:42:22.788 D/BufferQueueProducer(  517): [GraphicBufferSource](this:0xefd4a000,id:0,api:1,p:517,c:517) cancelBuffer: slot 1
04-27 11:42:22.789 I/MtkCam/Utils(  519): {CamProfile}[DisplayClient::dequePrvOps] dequeue_buffer > 30ms: (0-th) ===> (overtime > 30 ms) [start-->now: 33 ms]
04-27 11:42:22.795 I/MtkCam/PrvCB(  519): (2767)[onClientThreadLoop] mOneShotSleepCount 0
04-27 11:42:22.800 I/Camera  ( 2530): handleMessage: 16
04-27 11:42:22.804 W/TwinMgr (  519): [TwinInfo_update] WARNING: [TwinInfo_update][0]no deque on AFO over 64 frames
04-27 11:42:22.811 W/TuningMgr(  519): TuningMgr[updateEngine] WARNING: [temp log] AF enable(0_0x100802e0_0x8001e0)
04-27 11:42:22.812 W/MtkCam/BufferProvider_P(  519): [Hal:Image:yuvFD][dequeStreamBuffer] Cannot acquire from pool. Something wrong... SOS
04-27 11:42:22.815 E/SurfaceFlinger(  403): getUniqueId not supported on VirtualDisplaySurface
04-27 11:42:22.818 E/SurfaceFlinger(  403): getUniqueId not supported on VirtualDisplaySurface
04-27 11:42:22.820 D/BufferQueueProducer(  517): [GraphicBufferSource](this:0xefd4a000,id:0,api:1,p:517,c:517) cancelBuffer: slot 2
04-27 11:42:22.828 I/BufferQueueProducer(  403): [SurfaceView - #0](this:0x74cd9b7800,id:14,api:4,p:500,c:403) queueBuffer: fps=27.80 dur=1007.07 max=39.79 min=31.85
04-27 11:42:22.831 I/MtkCam/PrvCB(  519): (2767)[onClientThreadLoop] mOneShotSleepCount 0
04-27 11:42:22.834 I/Camera  ( 2530): handleMessage: 16
04-27 11:42:22.840 W/TwinMgr (  519): [TwinInfo_update] WARNING: [TwinInfo_update][0]no deque on AFO over 64 frames
04-27 11:42:22.846 W/TuningMgr(  519): TuningMgr[updateEngine] WARNING: [temp log] AF enable(0_0x100802e0_0x8001e0)
04-27 11:42:22.846 W/MtkCam/BufferProvider_P(  519): [Hal:Image:yuvFD][dequeStreamBuffer] Cannot acquire from pool. Something wrong... SOS
04-27 11:42:22.847 E/SurfaceFlinger(  403): getUniqueId not supported on VirtualDisplaySurface
04-27 11:42:22.848 D/MPE     (  495): mtk_gps_mnl_trigger_mpe: mpemsg len=0
04-27 11:42:22.849 E/SurfaceFlinger(  403): getUniqueId not supported on VirtualDisplaySurface
04-27 11:42:22.852 D/BufferQueueProducer(  517): [GraphicBufferSource](this:0xefd4a000,id:0,api:1,p:517,c:517) cancelBuffer: slot 1
04-27 11:42:22.860 D/MPE     (  495): mtk_gps_mnl_trigger_mpe: mpemsg len=0
04-27 11:42:22.865 D/pseudo  (  495): mtk_gps_sys_nmea_output_to_mnld: received 772 bytes:
04-27 11:42:22.866 D/pseudo  (  495): mtk_gps_sys_nmea_output_to_app: len:772, [NMEA]$GNGGA,034222.01...
04-27 11:42:22.866 D/gps_controlller(  495): mtk_gps_sys_gps_mnl_callback: msg:0
04-27 11:42:22.866 D/gps_controlller(  495): send_active_notify: send clean nmea timer cmd!
04-27 11:42:22.866 D/gps_controlller(  495): mtk_gps_sys_gps_mnl_callback: MTK_GPS_MSG_FIX_READY,GET_RTC_FAIL
04-27 11:42:22.866 D/pseudo  (  495): mtk_gps_sys_nmea_output_to_app: len:46, [vAGPS_Auto_Req]:g_FirstDbtt:0,u2BitMap:0x128
04-27 11:42:22.867 D/gps_controlller(  495): gps_control_thread: gps_control_thread wait
04-27 11:42:22.869 D/agps    (  526): [agps][n][AGPS] [MNL] write  pmtk  [$PMTK680,1,FFFFF1A9*02
04-27 11:42:22.869 D/agps    (  526):  ]
04-27 11:42:22.869 I/MtkCam/PrvCB(  519): (2767)[onClientThreadLoop] mOneShotSleepCount 0
04-27 11:42:22.874 I/MtkCam/PrvCB(  519): (2767)[onClientThreadLoop] mOneShotSleepCount 1
04-27 11:42:22.876 W/TwinMgr (  519): [TwinInfo_update] WARNING: [TwinInfo_update][0]no deque on AFO over 64 frames
04-27 11:42:22.878 I/Camera  ( 2530): handleMessage: 16
04-27 11:42:22.880 W/TuningMgr(  519): TuningMgr[updateEngine] WARNING: [temp log] AF enable(0_0x100802e0_0x8001e0)
04-27 11:42:22.881 E/SurfaceFlinger(  403): getUniqueId not supported on VirtualDisplaySurface
04-27 11:42:22.883 W/MtkCam/BufferProvider_P(  519): [Hal:Image:yuvFD][dequeStreamBuffer] Cannot acquire from pool. Something wrong... SOS
04-27 11:42:22.883 E/SurfaceFlinger(  403): getUniqueId not supported on VirtualDisplaySurface
04-27 11:42:22.886 D/BufferQueueProducer(  517): [GraphicBufferSource](this:0xefd4a000,id:0,api:1,p:517,c:517) cancelBuffer: slot 2
04-27 11:42:22.902 I/MtkCam/PrvCB(  519): (2767)[onClientThreadLoop] mOneShotSleepCount 0
04-27 11:42:22.906 I/Camera  ( 2530): handleMessage: 16
04-27 11:42:22.911 W/TwinMgr (  519): [TwinInfo_update] WARNING: [TwinInfo_update][0]no deque on AFO over 64 frames
04-27 11:42:22.912 E/SurfaceFlinger(  403): getUniqueId not supported on VirtualDisplaySurface
04-27 11:42:22.914 E/SurfaceFlinger(  403): getUniqueId not supported on VirtualDisplaySurface
04-27 11:42:22.917 D/BufferQueueProducer(  517): [GraphicBufferSource](this:0xefd4a000,id:0,api:1,p:517,c:517) cancelBuffer: slot 1
04-27 11:42:22.917 W/TuningMgr(  519): TuningMgr[updateEngine] WARNING: [temp log] AF enable(0_0x100802e0_0x8001e0)
04-27 11:42:22.918 W/MtkCam/BufferProvider_P(  519): [Hal:Image:yuvFD][dequeStreamBuffer] Cannot acquire from pool. Something wrong... SOS
04-27 11:42:22.938 I/MtkCam/PrvCB(  519): (2767)[onClientThreadLoop] mOneShotSleepCount 0
04-27 11:42:22.942 I/Camera  ( 2530): handleMessage: 16
04-27 11:42:22.947 W/TwinMgr (  519): [TwinInfo_update] WARNING: [TwinInfo_update][0]no deque on AFO over 64 frames
04-27 11:42:22.953 W/TuningMgr(  519): TuningMgr[updateEngine] WARNING: [temp log] AF enable(0_0x100802e0_0x8001e0)
04-27 11:42:22.954 W/MtkCam/BufferProvider_P(  519): [Hal:Image:yuvFD][dequeStreamBuffer] Cannot acquire from pool. Something wrong... SOS
04-27 11:42:22.962 E/SurfaceFlinger(  403): getUniqueId not supported on VirtualDisplaySurface
04-27 11:42:22.964 E/SurfaceFlinger(  403): getUniqueId not supported on VirtualDisplaySurface
04-27 11:42:22.966 D/BufferQueueProducer(  517): [GraphicBufferSource](this:0xefd4a000,id:0,api:1,p:517,c:517) cancelBuffer: slot 2
04-27 11:42:22.967 I/MtkCam/Utils(  519): {CamProfile}[DisplayClient::dequePrvOps] dequeue_buffer > 30ms: (0-th) ===> (overtime > 30 ms) [start-->now: 31 ms]
04-27 11:42:22.974 I/MtkCam/PrvCB(  519): (2767)[onClientThreadLoop] mOneShotSleepCount 0
04-27 11:42:22.977 I/Camera  ( 2530): handleMessage: 16
04-27 11:42:22.983 W/TwinMgr (  519): [TwinInfo_update] WARNING: [TwinInfo_update][0]no deque on AFO over 64 frames
04-27 11:42:22.989 W/TuningMgr(  519): TuningMgr[updateEngine] WARNING: [temp log] AF enable(0_0x100802e0_0x8001e0)
04-27 11:42:22.990 W/MtkCam/BufferProvider_P(  519): [Hal:Image:yuvFD][dequeStreamBuffer] Cannot acquire from pool. Something wrong... SOS
04-27 11:42:22.994 E/SurfaceFlinger(  403): getUniqueId not supported on VirtualDisplaySurface
04-27 11:42:22.997 E/SurfaceFlinger(  403): getUniqueId not supported on VirtualDisplaySurface
04-27 11:42:22.999 D/BufferQueueProducer(  517): [GraphicBufferSource](this:0xefd4a000,id:0,api:1,p:517,c:517) cancelBuffer: slot 1
04-27 11:42:23.011 I/MtkCam/PrvCB(  519): (2767)[onClientThreadLoop] mOneShotSleepCount 0
04-27 11:42:23.015 I/Camera  ( 2530): handleMessage: 16
04-27 11:42:23.020 W/TwinMgr (  519): [TwinInfo_update] WARNING: [TwinInfo_update][0]no deque on AFO over 64 frames
04-27 11:42:23.028 W/MtkCam/BufferProvider_P(  519): [Hal:Image:yuvFD][dequeStreamBuffer] Cannot acquire from pool. Something wrong... SOS
04-27 11:42:23.028 W/TuningMgr(  519): TuningMgr[updateEngine] WARNING: [temp log] AF enable(0_0x100802e0_0x8001e0)
04-27 11:42:23.031 E/SurfaceFlinger(  403): getUniqueId not supported on VirtualDisplaySurface
04-27 11:42:23.033 E/SurfaceFlinger(  403): getUniqueId not supported on VirtualDisplaySurface
04-27 11:42:23.036 D/BufferQueueProducer(  517): [GraphicBufferSource](this:0xefd4a000,id:0,api:1,p:517,c:517) cancelBuffer: slot 2
04-27 11:42:23.046 I/MtkCam/PrvCB(  519): (2767)[onClientThreadLoop] mOneShotSleepCount 0
04-27 11:42:23.051 I/Camera  ( 2530): handleMessage: 16
04-27 11:42:23.052 I/MtkCam/PrvCB(  519): (2767)[onClientThreadLoop] mOneShotSleepCount 1
04-27 11:42:23.055 W/TwinMgr (  519): [TwinInfo_update] WARNING: [TwinInfo_update][0]no deque on AFO over 64 frames
04-27 11:42:23.059 E/SurfaceFlinger(  403): getUniqueId not supported on VirtualDisplaySurface
04-27 11:42:23.062 E/SurfaceFlinger(  403): getUniqueId not supported on VirtualDisplaySurface
04-27 11:42:23.064 W/TuningMgr(  519): TuningMgr[updateEngine] WARNING: [temp log] AF enable(0_0x100802e0_0x8001e0)
04-27 11:42:23.064 D/BufferQueueProducer(  517): [GraphicBufferSource](this:0xefd4a000,id:0,api:1,p:517,c:517) cancelBuffer: slot 1
04-27 11:42:23.065 W/MtkCam/BufferProvider_P(  519): [Hal:Image:yuvFD][dequeStreamBuffer] Cannot acquire from pool. Something wrong... SOS
04-27 11:42:23.082 I/MtkCam/PrvCB(  519): (2767)[onClientThreadLoop] mOneShotSleepCount 0
04-27 11:42:23.086 I/Camera  ( 2530): handleMessage: 16
04-27 11:42:23.091 W/TwinMgr (  519): [TwinInfo_update] WARNING: [TwinInfo_update][0]no deque on AFO over 64 frames
04-27 11:42:23.092 E/SurfaceFlinger(  403): getUniqueId not supported on VirtualDisplaySurface
04-27 11:42:23.094 E/SurfaceFlinger(  403): getUniqueId not supported on VirtualDisplaySurface
04-27 11:42:23.097 D/BufferQueueProducer(  517): [GraphicBufferSource](this:0xefd4a000,id:0,api:1,p:517,c:517) cancelBuffer: slot 2
04-27 11:42:23.098 W/TuningMgr(  519): TuningMgr[updateEngine] WARNING: [temp log] AF enable(0_0x100802e0_0x8001e0)
04-27 11:42:23.098 W/MtkCam/BufferProvider_P(  519): [Hal:Image:yuvFD][dequeStreamBuffer] Cannot acquire from pool. Something wrong... SOS
04-27 11:42:23.118 I/MtkCam/PrvCB(  519): (2767)[onClientThreadLoop] mOneShotSleepCount 0
04-27 11:42:23.121 I/Camera  ( 2530): handleMessage: 16
04-27 11:42:23.127 W/TwinMgr (  519): [TwinInfo_update] WARNING: [TwinInfo_update][0]no deque on AFO over 64 frames
04-27 11:42:23.130 W/MtkCam/BufferProvider_P(  519): [Hal:Image:yuvFD][dequeStreamBuffer] Cannot acquire from pool. Something wrong... SOS
04-27 11:42:23.131 W/TuningMgr(  519): TuningMgr[updateEngine] WARNING: [temp log] AF enable(0_0x100802e0_0x8001e0)
04-27 11:42:23.141 E/SurfaceFlinger(  403): getUniqueId not supported on VirtualDisplaySurface
04-27 11:42:23.143 E/SurfaceFlinger(  403): getUniqueId not supported on VirtualDisplaySurface
04-27 11:42:23.146 D/BufferQueueProducer(  517): [GraphicBufferSource](this:0xefd4a000,id:0,api:1,p:517,c:517) cancelBuffer: slot 1
04-27 11:42:23.147 I/MtkCam/Utils(  519): {CamProfile}[DisplayClient::dequePrvOps] dequeue_buffer > 30ms: (0-th) ===> (overtime > 30 ms) [start-->now: 31 ms]
04-27 11:42:23.154 I/MtkCam/PrvCB(  519): (2767)[onClientThreadLoop] mOneShotSleepCount 0
04-27 11:42:23.157 I/Camera  ( 2530): handleMessage: 16
04-27 11:42:23.163 W/TwinMgr (  519): [TwinInfo_update] WARNING: [TwinInfo_update][0]no deque on AFO over 64 frames
04-27 11:42:23.166 W/MtkCam/BufferProvider_P(  519): [Hal:Image:yuvFD][dequeStreamBuffer] Cannot acquire from pool. Something wrong... SOS
04-27 11:42:23.168 W/TuningMgr(  519): TuningMgr[updateEngine] WARNING: [temp log] AF enable(0_0x100802e0_0x8001e0)
04-27 11:42:23.173 E/SurfaceFlinger(  403): getUniqueId not supported on VirtualDisplaySurface
04-27 11:42:23.176 E/SurfaceFlinger(  403): getUniqueId not supported on VirtualDisplaySurface
04-27 11:42:23.178 D/BufferQueueProducer(  517): [GraphicBufferSource](this:0xefd4a000,id:0,api:1,p:517,c:517) cancelBuffer: slot 2
04-27 11:42:23.190 I/MtkCam/PrvCB(  519): (2767)[onClientThreadLoop] mOneShotSleepCount 0
04-27 11:42:23.193 I/Camera  ( 2530): handleMessage: 16
04-27 11:42:23.199 W/TwinMgr (  519): [TwinInfo_update] WARNING: [TwinInfo_update][0]no deque on AFO over 64 frames
04-27 11:42:23.204 W/TuningMgr(  519): TuningMgr[updateEngine] WARNING: [temp log] AF enable(0_0x100802e0_0x8001e0)
04-27 11:42:23.205 W/MtkCam/BufferProvider_P(  519): [Hal:Image:yuvFD][dequeStreamBuffer] Cannot acquire from pool. Something wrong... SOS
04-27 11:42:23.207 E/SurfaceFlinger(  403): getUniqueId not supported on VirtualDisplaySurface
04-27 11:42:23.209 E/SurfaceFlinger(  403): getUniqueId not supported on VirtualDisplaySurface
04-27 11:42:23.211 D/BufferQueueProducer(  517): [GraphicBufferSource](this:0xefd4a000,id:0,api:1,p:517,c:517) cancelBuffer: slot 1
04-27 11:42:23.225 I/MtkCam/PrvCB(  519): (2767)[onClientThreadLoop] mOneShotSleepCount 0
04-27 11:42:23.229 I/Camera  ( 2530): handleMessage: 16
04-27 11:42:23.235 W/TwinMgr (  519): [TwinInfo_update] WARNING: [TwinInfo_update][0]no deque on AFO over 64 frames
04-27 11:42:23.239 E/SurfaceFlinger(  403): getUniqueId not supported on VirtualDisplaySurface
04-27 11:42:23.241 E/SurfaceFlinger(  403): getUniqueId not supported on VirtualDisplaySurface
04-27 11:42:23.241 W/TuningMgr(  519): TuningMgr[updateEngine] WARNING: [temp log] AF enable(0_0x100802e0_0x8001e0)
04-27 11:42:23.242 W/MtkCam/BufferProvider_P(  519): [Hal:Image:yuvFD][dequeStreamBuffer] Cannot acquire from pool. Something wrong... SOS
04-27 11:42:23.244 D/BufferQueueProducer(  517): [GraphicBufferSource](this:0xefd4a000,id:0,api:1,p:517,c:517) cancelBuffer: slot 2
04-27 11:42:23.261 I/MtkCam/PrvCB(  519): (2767)[onClientThreadLoop] mOneShotSleepCount 0
04-27 11:42:23.265 I/Camera  ( 2530): handleMessage: 16
04-27 11:42:23.271 W/TwinMgr (  519): [TwinInfo_update] WARNING: [TwinInfo_update][0]no deque on AFO over 64 frames
04-27 11:42:23.271 E/SurfaceFlinger(  403): getUniqueId not supported on VirtualDisplaySurface
04-27 11:42:23.273 E/SurfaceFlinger(  403): getUniqueId not supported on VirtualDisplaySurface
04-27 11:42:23.276 W/TuningMgr(  519): TuningMgr[updateEngine] WARNING: [temp log] AF enable(0_0x100802e0_0x8001e0)
04-27 11:42:23.277 W/MtkCam/BufferProvider_P(  519): [Hal:Image:yuvFD][dequeStreamBuffer] Cannot acquire from pool. Something wrong... SOS
04-27 11:42:23.278 D/BufferQueueProducer(  517): [GraphicBufferSource](this:0xefd4a000,id:0,api:1,p:517,c:517) cancelBuffer: slot 1
04-27 11:42:23.297 I/MtkCam/PrvCB(  519): (2767)[onClientThreadLoop] mOneShotSleepCount 0
04-27 11:42:23.300 I/Camera  ( 2530): handleMessage: 16
04-27 11:42:23.307 W/TwinMgr (  519): [TwinInfo_update] WARNING: [TwinInfo_update][0]no deque on AFO over 64 frames
04-27 11:42:23.312 W/TuningMgr(  519): TuningMgr[updateEngine] WARNING: [temp log] AF enable(0_0x100802e0_0x8001e0)
04-27 11:42:23.312 W/MtkCam/BufferProvider_P(  519): [Hal:Image:yuvFD][dequeStreamBuffer] Cannot acquire from pool. Something wrong... SOS
04-27 11:42:23.320 E/SurfaceFlinger(  403): getUniqueId not supported on VirtualDisplaySurface
04-27 11:42:23.323 E/SurfaceFlinger(  403): getUniqueId not supported on VirtualDisplaySurface
04-27 11:42:23.326 D/BufferQueueProducer(  517): [GraphicBufferSource](this:0xefd4a000,id:0,api:1,p:517,c:517) cancelBuffer: slot 2
04-27 11:42:23.327 I/MtkCam/Utils(  519): {CamProfile}[DisplayClient::dequePrvOps] dequeue_buffer > 30ms: (0-th) ===> (overtime > 30 ms) [start-->now: 33 ms]
04-27 11:42:23.332 I/MtkCam/PrvCB(  519): (2767)[onClientThreadLoop] mOneShotSleepCount 0
04-27 11:42:23.336 I/Camera  ( 2530): handleMessage: 16
04-27 11:42:23.343 W/TwinMgr (  519): [TwinInfo_update] WARNING: [TwinInfo_update][0]no deque on AFO over 64 frames
04-27 11:42:23.347 W/TuningMgr(  519): TuningMgr[updateEngine] WARNING: [temp log] AF enable(0_0x100802e0_0x8001e0)
04-27 11:42:23.348 W/MtkCam/BufferProvider_P(  519): [Hal:Image:yuvFD][dequeStreamBuffer] Cannot acquire from pool. Something wrong... SOS
04-27 11:42:23.353 D/GB28181 ( 2530): >>>>>>>>=====D:/androidProject/src_edition/app2020_8_10/camera_live/app/src/main/cpp/libgb28181/sip/sip_timer.cpp[208]==========
04-27 11:42:23.353 D/GB28181 ( 2530): #sip_rev接收服务器到SIP消息:msg_buf[(null)]
04-27 11:42:23.353 D/GB28181 ( 2530): #########################stm.msg_src=[2],
04-27 11:42:23.353 E/SurfaceFlinger(  403): getUniqueId not supported on VirtualDisplaySurface
04-27 11:42:23.354 I/System.out( 2530): GB28181--->>>-----C++回调java:状态回调 回调函数--- sysState:2 connState:2heartbeatExceptionCount:0 liveState:0 talkState:0 videotapeState:0videotapedownloadState:0---------------------
04-27 11:42:23.355 D/GB28181 ( 2530): #sip_rev------>>>接收服务器SIP消息来源:定时消息 SIP_TIMER_SRC ，收到服务器心跳反馈
04-27 11:42:23.355 D/GB28181 ( 2530):
04-27 11:42:23.355 D/GB28181 ( 2530):
04-27 11:42:23.355 D/GB28181 ( 2530): cur_time=250  (p_user->last_rx_time + g_gb28181_cfg.heartbeat_interval) =271
04-27 11:42:23.355 D/GB28181 ( 2530): cur_time=250  (p_user->last_rx_time + g_gb28181_cfg.heartbeat_interval) =271
04-27 11:42:23.355 D/GB28181 ( 2530): --sip_task---->>> hsip.net_rx_flag===1
04-27 11:42:23.356 E/SurfaceFlinger(  403): getUniqueId not supported on VirtualDisplaySurface
04-27 11:42:23.359 D/BufferQueueProducer(  517): [GraphicBufferSource](this:0xefd4a000,id:0,api:1,p:517,c:517) cancelBuffer: slot 1
04-27 11:42:23.368 I/MtkCam/PrvCB(  519): (2767)[onClientThreadLoop] mOneShotSleepCount 0
04-27 11:42:23.372 I/Camera  ( 2530): handleMessage: 16
04-27 11:42:23.378 W/TwinMgr (  519): [TwinInfo_update] WARNING: [TwinInfo_update][0]no deque on AFO over 64 frames
04-27 11:42:23.384 W/MtkCam/BufferProvider_P(  519): [Hal:Image:yuvFD][dequeStreamBuffer] Cannot acquire from pool. Something wrong... SOS
04-27 11:42:23.384 W/TuningMgr(  519): TuningMgr[updateEngine] WARNING: [temp log] AF enable(0_0x100802e0_0x8001e0)
04-27 11:42:23.386 E/SurfaceFlinger(  403): getUniqueId not supported on VirtualDisplaySurface
04-27 11:42:23.389 E/SurfaceFlinger(  403): getUniqueId not supported on VirtualDisplaySurface
04-27 11:42:23.391 D/BufferQueueProducer(  517): [GraphicBufferSource](this:0xefd4a000,id:0,api:1,p:517,c:517) cancelBuffer: slot 2
04-27 11:42:23.404 I/MtkCam/PrvCB(  519): (2767)[onClientThreadLoop] mOneShotSleepCount 0
04-27 11:42:23.407 I/Camera  ( 2530): handleMessage: 16
04-27 11:42:23.414 W/TwinMgr (  519): [TwinInfo_update] WARNING: [TwinInfo_update][0]no deque on AFO over 64 frames
04-27 11:42:23.419 E/SurfaceFlinger(  403): getUniqueId not supported on VirtualDisplaySurface
04-27 11:42:23.421 W/TuningMgr(  519): TuningMgr[updateEngine] WARNING: [temp log] AF enable(0_0x100802e0_0x8001e0)
04-27 11:42:23.421 E/SurfaceFlinger(  403): getUniqueId not supported on VirtualDisplaySurface
04-27 11:42:23.422 W/MtkCam/BufferProvider_P(  519): [Hal:Image:yuvFD][dequeStreamBuffer] Cannot acquire from pool. Something wrong... SOS
04-27 11:42:23.424 D/BufferQueueProducer(  517): [GraphicBufferSource](this:0xefd4a000,id:0,api:1,p:517,c:517) cancelBuffer: slot 1
04-27 11:42:23.441 I/MtkCam/PrvCB(  519): (2767)[onClientThreadLoop] mOneShotSleepCount 0
04-27 11:42:23.444 I/Camera  ( 2530): handleMessage: 16
04-27 11:42:23.450 W/TwinMgr (  519): [TwinInfo_update] WARNING: [TwinInfo_update][0]no deque on AFO over 64 frames
04-27 11:42:23.451 E/SurfaceFlinger(  403): getUniqueId not supported on VirtualDisplaySurface
04-27 11:42:23.454 E/SurfaceFlinger(  403): getUniqueId not supported on VirtualDisplaySurface
04-27 11:42:23.456 D/BufferQueueProducer(  517): [GraphicBufferSource](this:0xefd4a000,id:0,api:1,p:517,c:517) cancelBuffer: slot 2
04-27 11:42:23.458 W/TuningMgr(  519): TuningMgr[updateEngine] WARNING: [temp log] AF enable(0_0x100802e0_0x8001e0)
04-27 11:42:23.458 W/MtkCam/BufferProvider_P(  519): [Hal:Image:yuvFD][dequeStreamBuffer] Cannot acquire from pool. Something wrong... SOS
04-27 11:42:23.476 I/MtkCam/PrvCB(  519): (2767)[onClientThreadLoop] mOneShotSleepCount 0
04-27 11:42:23.481 I/Camera  ( 2530): handleMessage: 16
04-27 11:42:23.486 W/TwinMgr (  519): [TwinInfo_update] WARNING: [TwinInfo_update][0]no deque on AFO over 64 frames
04-27 11:42:23.492 W/TuningMgr(  519): TuningMgr[updateEngine] WARNING: [temp log] AF enable(0_0x100802e0_0x8001e0)
04-27 11:42:23.493 W/MtkCam/BufferProvider_P(  519): [Hal:Image:yuvFD][dequeStreamBuffer] Cannot acquire from pool. Something wrong... SOS
04-27 11:42:23.501 E/SurfaceFlinger(  403): getUniqueId not supported on VirtualDisplaySurface
04-27 11:42:23.503 E/SurfaceFlinger(  403): getUniqueId not supported on VirtualDisplaySurface
04-27 11:42:23.504 I/DisplayDevice(  403): [stdout (type:2)] fps:27.653046,dur:1012.55,max:49.41,min:28.27
04-27 11:42:23.506 D/BufferQueueProducer(  517): [GraphicBufferSource](this:0xefd4a000,id:0,api:1,p:517,c:517) cancelBuffer: slot 1
04-27 11:42:23.512 I/MtkCam/PrvCB(  519): (2767)[onClientThreadLoop] mOneShotSleepCount 0
04-27 11:42:23.516 I/Camera  ( 2530): handleMessage: 16
04-27 11:42:23.522 W/TwinMgr (  519): [TwinInfo_update] WARNING: [TwinInfo_update][0]no deque on AFO over 64 frames
04-27 11:42:23.528 W/TuningMgr(  519): TuningMgr[updateEngine] WARNING: [temp log] AF enable(0_0x100802e0_0x8001e0)
04-27 11:42:23.529 W/MtkCam/BufferProvider_P(  519): [Hal:Image:yuvFD][dequeStreamBuffer] Cannot acquire from pool. Something wrong... SOS
04-27 11:42:23.533 E/SurfaceFlinger(  403): getUniqueId not supported on VirtualDisplaySurface
04-27 11:42:23.535 E/SurfaceFlinger(  403): getUniqueId not supported on VirtualDisplaySurface
04-27 11:42:23.538 D/BufferQueueProducer(  517): [GraphicBufferSource](this:0xefd4a000,id:0,api:1,p:517,c:517) cancelBuffer: slot 2
04-27 11:42:23.549 I/MtkCam/PrvCB(  519): (2767)[onClientThreadLoop] mOneShotSleepCount 0
04-27 11:42:23.553 I/Camera  ( 2530): handleMessage: 16
04-27 11:42:23.558 W/TwinMgr (  519): [TwinInfo_update] WARNING: [TwinInfo_update][0]no deque on AFO over 64 frames
04-27 11:42:23.564 W/TuningMgr(  519): TuningMgr[updateEngine] WARNING: [temp log] AF enable(0_0x100802e0_0x8001e0)
04-27 11:42:23.565 W/MtkCam/BufferProvider_P(  519): [Hal:Image:yuvFD][dequeStreamBuffer] Cannot acquire from pool. Something wrong... SOS
04-27 11:42:23.566 E/SurfaceFlinger(  403): getUniqueId not supported on VirtualDisplaySurface
04-27 11:42:23.568 E/SurfaceFlinger(  403): getUniqueId not supported on VirtualDisplaySurface
04-27 11:42:23.570 D/BufferQueueProducer(  517): [GraphicBufferSource](this:0xefd4a000,id:0,api:1,p:517,c:517) cancelBuffer: slot 1
04-27 11:42:23.584 I/MtkCam/PrvCB(  519): (2767)[onClientThreadLoop] mOneShotSleepCount 0
04-27 11:42:23.588 I/Camera  ( 2530): handleMessage: 16
04-27 11:42:23.594 W/TwinMgr (  519): [TwinInfo_update] WARNING: [TwinInfo_update][0]no deque on AFO over 64 frames
04-27 11:42:23.599 E/SurfaceFlinger(  403): getUniqueId not supported on VirtualDisplaySurface
04-27 11:42:23.602 E/SurfaceFlinger(  403): getUniqueId not supported on VirtualDisplaySurface
04-27 11:42:23.602 W/TuningMgr(  519): TuningMgr[updateEngine] WARNING: [temp log] AF enable(0_0x100802e0_0x8001e0)
04-27 11:42:23.604 D/BufferQueueProducer(  517): [GraphicBufferSource](this:0xefd4a000,id:0,api:1,p:517,c:517) cancelBuffer: slot 2
