04-27 11:42:29.125 I/MtkCam/PrvCB(  519): (2767)[onClientThreadLoop] mOneShotSleepCount 0
04-27 11:42:29.127 W/TwinMgr (  519): [TwinInfo_update] WARNING: [TwinInfo_update][0]no deque on AFO over 64 frames
04-27 11:42:29.129 I/Camera  ( 2530): handleMessage: 16
04-27 11:42:29.132 W/MtkCam/BufferProvider_P(  519): [Hal:Image:yuvFD][dequeStreamBuffer] Cannot acquire from pool. Something wrong... SOS
04-27 11:42:29.133 E/SurfaceFlinger(  403): getUniqueId not supported on VirtualDisplaySurface
04-27 11:42:29.133 W/TuningMgr(  519): TuningMgr[updateEngine] WARNING: [temp log] AF enable(0_0x100802e0_0x8001e0)
04-27 11:42:29.135 E/SurfaceFlinger(  403): getUniqueId not supported on VirtualDisplaySurface
04-27 11:42:29.138 D/BufferQueueProducer(  517): [GraphicBufferSource](this:0xefd4a000,id:0,api:1,p:517,c:517) cancelBuffer: slot 2
04-27 11:42:29.160 I/MtkCam/PrvCB(  519): (2767)[onClientThreadLoop] mOneShotSleepCount 0
04-27 11:42:29.162 W/TwinMgr (  519): [TwinInfo_update] WARNING: [TwinInfo_update][0]no deque on AFO over 64 frames
04-27 11:42:29.165 E/SurfaceFlinger(  403): getUniqueId not supported on VirtualDisplaySurface
04-27 11:42:29.166 I/Camera  ( 2530): handleMessage: 16
04-27 11:42:29.166 I/MtkCam/PrvCB(  519): (2767)[onClientThreadLoop] mOneShotSleepCount 1
04-27 11:42:29.168 E/SurfaceFlinger(  403): getUniqueId not supported on VirtualDisplaySurface
04-27 11:42:29.169 W/TuningMgr(  519): TuningMgr[updateEngine] WARNING: [temp log] AF enable(0_0x100802e0_0x8001e0)
04-27 11:42:29.170 W/MtkCam/BufferProvider_P(  519): [Hal:Image:yuvFD][dequeStreamBuffer] Cannot acquire from pool. Something wrong... SOS
04-27 11:42:29.170 D/BufferQueueProducer(  517): [GraphicBufferSource](this:0xefd4a000,id:0,api:1,p:517,c:517) cancelBuffer: slot 1
04-27 11:42:29.197 I/MtkCam/PrvCB(  519): (2767)[onClientThreadLoop] mOneShotSleepCount 0
04-27 11:42:29.198 W/TwinMgr (  519): [TwinInfo_update] WARNING: [TwinInfo_update][0]no deque on AFO over 64 frames
04-27 11:42:29.201 I/Camera  ( 2530): handleMessage: 16
04-27 11:42:29.205 W/TuningMgr(  519): TuningMgr[updateEngine] WARNING: [temp log] AF enable(0_0x100802e0_0x8001e0)
04-27 11:42:29.205 W/MtkCam/BufferProvider_P(  519): [Hal:Image:yuvFD][dequeStreamBuffer] Cannot acquire from pool. Something wrong... SOS
04-27 11:42:29.213 E/SurfaceFlinger(  403): getUniqueId not supported on VirtualDisplaySurface
04-27 11:42:29.216 E/SurfaceFlinger(  403): getUniqueId not supported on VirtualDisplaySurface
04-27 11:42:29.219 D/BufferQueueProducer(  517): [GraphicBufferSource](this:0xefd4a000,id:0,api:1,p:517,c:517) cancelBuffer: slot 2
04-27 11:42:29.220 I/MtkCam/Utils(  519): {CamProfile}[DisplayClient::dequePrvOps] dequeue_buffer > 30ms: (0-th) ===> (overtime > 30 ms) [start-->now: 33 ms]
04-27 11:42:29.232 I/MtkCam/PrvCB(  519): (2767)[onClientThreadLoop] mOneShotSleepCount 0
04-27 11:42:29.234 W/TwinMgr (  519): [TwinInfo_update] WARNING: [TwinInfo_update][0]no deque on AFO over 64 frames
04-27 11:42:29.237 I/Camera  ( 2530): handleMessage: 16
04-27 11:42:29.237 I/MtkCam/PrvCB(  519): (2767)[onClientThreadLoop] mOneShotSleepCount 1
04-27 11:42:29.241 W/TuningMgr(  519): TuningMgr[updateEngine] WARNING: [temp log] AF enable(0_0x100802e0_0x8001e0)
04-27 11:42:29.242 W/MtkCam/BufferProvider_P(  519): [Hal:Image:yuvFD][dequeStreamBuffer] Cannot acquire from pool. Something wrong... SOS
04-27 11:42:29.246 E/SurfaceFlinger(  403): getUniqueId not supported on VirtualDisplaySurface
04-27 11:42:29.248 E/SurfaceFlinger(  403): getUniqueId not supported on VirtualDisplaySurface
04-27 11:42:29.250 D/BufferQueueProducer(  517): [GraphicBufferSource](this:0xefd4a000,id:0,api:1,p:517,c:517) cancelBuffer: slot 1
04-27 11:42:29.268 I/MtkCam/PrvCB(  519): (2767)[onClientThreadLoop] mOneShotSleepCount 0
04-27 11:42:29.270 W/TwinMgr (  519): [TwinInfo_update] WARNING: [TwinInfo_update][0]no deque on AFO over 64 frames
04-27 11:42:29.273 I/MtkCam/PrvCB(  519): (2767)[onClientThreadLoop] mOneShotSleepCount 1
04-27 11:42:29.277 W/TuningMgr(  519): TuningMgr[updateEngine] WARNING: [temp log] AF enable(0_0x100802e0_0x8001e0)
04-27 11:42:29.278 W/MtkCam/BufferProvider_P(  519): [Hal:Image:yuvFD][dequeStreamBuffer] Cannot acquire from pool. Something wrong... SOS
04-27 11:42:29.278 I/Camera  ( 2530): handleMessage: 16
04-27 11:42:29.279 I/MtkCam/PrvCB(  519): (2767)[onClientThreadLoop] mOneShotSleepCount 2
04-27 11:42:29.281 E/SurfaceFlinger(  403): getUniqueId not supported on VirtualDisplaySurface
04-27 11:42:29.283 E/SurfaceFlinger(  403): getUniqueId not supported on VirtualDisplaySurface
04-27 11:42:29.286 D/BufferQueueProducer(  517): [GraphicBufferSource](this:0xefd4a000,id:0,api:1,p:517,c:517) cancelBuffer: slot 2
04-27 11:42:29.304 I/MtkCam/PrvCB(  519): (2767)[onClientThreadLoop] mOneShotSleepCount 0
04-27 11:42:29.306 W/TwinMgr (  519): [TwinInfo_update] WARNING: [TwinInfo_update][0]no deque on AFO over 64 frames
04-27 11:42:29.308 I/Camera  ( 2530): handleMessage: 16
04-27 11:42:29.312 E/SurfaceFlinger(  403): getUniqueId not supported on VirtualDisplaySurface
04-27 11:42:29.314 W/TuningMgr(  519): TuningMgr[updateEngine] WARNING: [temp log] AF enable(0_0x100802e0_0x8001e0)
04-27 11:42:29.314 E/SurfaceFlinger(  403): getUniqueId not supported on VirtualDisplaySurface
04-27 11:42:29.316 W/MtkCam/BufferProvider_P(  519): [Hal:Image:yuvFD][dequeStreamBuffer] Cannot acquire from pool. Something wrong... SOS
04-27 11:42:29.317 D/BufferQueueProducer(  517): [GraphicBufferSource](this:0xefd4a000,id:0,api:1,p:517,c:517) cancelBuffer: slot 1
04-27 11:42:29.339 I/MtkCam/PrvCB(  519): (2767)[onClientThreadLoop] mOneShotSleepCount 0
04-27 11:42:29.342 W/TwinMgr (  519): [TwinInfo_update] WARNING: [TwinInfo_update][0]no deque on AFO over 64 frames
04-27 11:42:29.344 I/Camera  ( 2530): handleMessage: 16
04-27 11:42:29.345 I/MtkCam/PrvCB(  519): (2767)[onClientThreadLoop] mOneShotSleepCount 1
04-27 11:42:29.345 E/SurfaceFlinger(  403): getUniqueId not supported on VirtualDisplaySurface
04-27 11:42:29.348 E/SurfaceFlinger(  403): getUniqueId not supported on VirtualDisplaySurface
04-27 11:42:29.349 W/TuningMgr(  519): TuningMgr[updateEngine] WARNING: [temp log] AF enable(0_0x100802e0_0x8001e0)
04-27 11:42:29.350 D/BufferQueueProducer(  517): [GraphicBufferSource](this:0xefd4a000,id:0,api:1,p:517,c:517) cancelBuffer: slot 2
04-27 11:42:29.356 W/MtkCam/BufferProvider_P(  519): [Hal:Image:yuvFD][dequeStreamBuffer] Cannot acquire from pool. Something wrong... SOS
04-27 11:42:29.361 D/GB28181 ( 2530): >>>>>>>>=====D:/androidProject/src_edition/app2020_8_10/camera_live/app/src/main/cpp/libgb28181/sip/sip_timer.cpp[208]==========
04-27 11:42:29.361 D/GB28181 ( 2530): #sip_rev接收服务器到SIP消息:msg_buf[(null)]
04-27 11:42:29.361 D/GB28181 ( 2530): #########################stm.msg_src=[2],
04-27 11:42:29.362 I/System.out( 2530): GB28181--->>>-----C++回调java:状态回调 回调函数--- sysState:2 connState:2heartbeatExceptionCount:0 liveState:0 talkState:0 videotapeState:0videotapedownloadState:0---------------------
04-27 11:42:29.362 D/GB28181 ( 2530): #sip_rev------>>>接收服务器SIP消息来源:定时消息 SIP_TIMER_SRC ，收到服务器心跳反馈
04-27 11:42:29.362 D/GB28181 ( 2530):
04-27 11:42:29.362 D/GB28181 ( 2530):
04-27 11:42:29.362 D/GB28181 ( 2530): cur_time=256  (p_user->last_rx_time + g_gb28181_cfg.heartbeat_interval) =271
04-27 11:42:29.362 D/GB28181 ( 2530): cur_time=256  (p_user->last_rx_time + g_gb28181_cfg.heartbeat_interval) =271
04-27 11:42:29.363 D/GB28181 ( 2530): --sip_task---->>> hsip.net_rx_flag===1
04-27 11:42:29.377 I/MtkCam/PrvCB(  519): (2767)[onClientThreadLoop] mOneShotSleepCount 0
04-27 11:42:29.378 W/TwinMgr (  519): [TwinInfo_update] WARNING: [TwinInfo_update][0]no deque on AFO over 64 frames
04-27 11:42:29.378 I/Camera  ( 2530): handleMessage: 16
04-27 11:42:29.384 W/TuningMgr(  519): TuningMgr[updateEngine] WARNING: [temp log] AF enable(0_0x100802e0_0x8001e0)
04-27 11:42:29.385 W/MtkCam/BufferProvider_P(  519): [Hal:Image:yuvFD][dequeStreamBuffer] Cannot acquire from pool. Something wrong... SOS
04-27 11:42:29.393 E/SurfaceFlinger(  403): getUniqueId not supported on VirtualDisplaySurface
04-27 11:42:29.395 E/SurfaceFlinger(  403): getUniqueId not supported on VirtualDisplaySurface
04-27 11:42:29.398 D/BufferQueueProducer(  517): [GraphicBufferSource](this:0xefd4a000,id:0,api:1,p:517,c:517) cancelBuffer: slot 1
04-27 11:42:29.411 I/MtkCam/PrvCB(  519): (2767)[onClientThreadLoop] mOneShotSleepCount 0
04-27 11:42:29.414 W/TwinMgr (  519): [TwinInfo_update] WARNING: [TwinInfo_update][0]no deque on AFO over 64 frames
04-27 11:42:29.416 I/Camera  ( 2530): handleMessage: 16
04-27 11:42:29.416 I/MtkCam/PrvCB(  519): (2767)[onClientThreadLoop] mOneShotSleepCount 1
04-27 11:42:29.420 W/TuningMgr(  519): TuningMgr[updateEngine] WARNING: [temp log] AF enable(0_0x100802e0_0x8001e0)
04-27 11:42:29.421 W/MtkCam/BufferProvider_P(  519): [Hal:Image:yuvFD][dequeStreamBuffer] Cannot acquire from pool. Something wrong... SOS
04-27 11:42:29.425 E/SurfaceFlinger(  403): getUniqueId not supported on VirtualDisplaySurface
04-27 11:42:29.428 E/SurfaceFlinger(  403): getUniqueId not supported on VirtualDisplaySurface
04-27 11:42:29.430 D/BufferQueueProducer(  517): [GraphicBufferSource](this:0xefd4a000,id:0,api:1,p:517,c:517) cancelBuffer: slot 2
04-27 11:42:29.446 I/MtkCam/PrvCB(  519): (2767)[onClientThreadLoop] mOneShotSleepCount 0
04-27 11:42:29.450 W/TwinMgr (  519): [TwinInfo_update] WARNING: [TwinInfo_update][0]no deque on AFO over 64 frames
04-27 11:42:29.451 I/Camera  ( 2530): handleMessage: 16
04-27 11:42:29.457 W/MtkCam/BufferProvider_P(  519): [Hal:Image:yuvFD][dequeStreamBuffer] Cannot acquire from pool. Something wrong... SOS
04-27 11:42:29.458 W/TuningMgr(  519): TuningMgr[updateEngine] WARNING: [temp log] AF enable(0_0x100802e0_0x8001e0)
04-27 11:42:29.458 E/SurfaceFlinger(  403): getUniqueId not supported on VirtualDisplaySurface
04-27 11:42:29.461 E/SurfaceFlinger(  403): getUniqueId not supported on VirtualDisplaySurface
04-27 11:42:29.463 D/BufferQueueProducer(  517): [GraphicBufferSource](this:0xefd4a000,id:0,api:1,p:517,c:517) cancelBuffer: slot 1
04-27 11:42:29.482 I/MtkCam/PrvCB(  519): (2767)[onClientThreadLoop] mOneShotSleepCount 0
04-27 11:42:29.486 W/TwinMgr (  519): [TwinInfo_update] WARNING: [TwinInfo_update][0]no deque on AFO over 64 frames
04-27 11:42:29.487 I/MtkCam/PrvCB(  519): (2767)[onClientThreadLoop] mOneShotSleepCount 1
04-27 11:42:29.487 I/Camera  ( 2530): handleMessage: 16
04-27 11:42:29.491 E/SurfaceFlinger(  403): getUniqueId not supported on VirtualDisplaySurface
04-27 11:42:29.492 W/MtkCam/BufferProvider_P(  519): [Hal:Image:yuvFD][dequeStreamBuffer] Cannot acquire from pool. Something wrong... SOS
04-27 11:42:29.493 W/TuningMgr(  519): TuningMgr[updateEngine] WARNING: [temp log] AF enable(0_0x100802e0_0x8001e0)
04-27 11:42:29.494 E/SurfaceFlinger(  403): getUniqueId not supported on VirtualDisplaySurface
04-27 11:42:29.496 D/BufferQueueProducer(  517): [GraphicBufferSource](this:0xefd4a000,id:0,api:1,p:517,c:517) cancelBuffer: slot 2
04-27 11:42:29.517 I/MtkCam/PrvCB(  519): (2767)[onClientThreadLoop] mOneShotSleepCount 0
04-27 11:42:29.522 I/Camera  ( 2530): handleMessage: 16
04-27 11:42:29.522 W/TwinMgr (  519): [TwinInfo_update] WARNING: [TwinInfo_update][0]no deque on AFO over 64 frames
04-27 11:42:29.526 E/SurfaceFlinger(  403): getUniqueId not supported on VirtualDisplaySurface
04-27 11:42:29.528 E/SurfaceFlinger(  403): getUniqueId not supported on VirtualDisplaySurface
04-27 11:42:29.528 W/MtkCam/BufferProvider_P(  519): [Hal:Image:yuvFD][dequeStreamBuffer] Cannot acquire from pool. Something wrong... SOS
04-27 11:42:29.531 D/BufferQueueProducer(  517): [GraphicBufferSource](this:0xefd4a000,id:0,api:1,p:517,c:517) cancelBuffer: slot 1
04-27 11:42:29.532 W/TuningMgr(  519): TuningMgr[updateEngine] WARNING: [temp log] AF enable(0_0x100802e0_0x8001e0)
04-27 11:42:29.554 I/MtkCam/PrvCB(  519): (2767)[onClientThreadLoop] mOneShotSleepCount 0
04-27 11:42:29.558 W/TwinMgr (  519): [TwinInfo_update] WARNING: [TwinInfo_update][0]no deque on AFO over 64 frames
04-27 11:42:29.559 I/MtkCam/PrvCB(  519): (2767)[onClientThreadLoop] mOneShotSleepCount 1
04-27 11:42:29.560 I/Camera  ( 2530): handleMessage: 16
04-27 11:42:29.564 W/TuningMgr(  519): TuningMgr[updateEngine] WARNING: [temp log] AF enable(0_0x100802e0_0x8001e0)
04-27 11:42:29.564 W/MtkCam/BufferProvider_P(  519): [Hal:Image:yuvFD][dequeStreamBuffer] Cannot acquire from pool. Something wrong... SOS
04-27 11:42:29.573 E/SurfaceFlinger(  403): getUniqueId not supported on VirtualDisplaySurface
04-27 11:42:29.575 E/SurfaceFlinger(  403): getUniqueId not supported on VirtualDisplaySurface
04-27 11:42:29.577 D/BufferQueueProducer(  517): [GraphicBufferSource](this:0xefd4a000,id:0,api:1,p:517,c:517) cancelBuffer: slot 2
04-27 11:42:29.578 I/MtkCam/Utils(  519): {CamProfile}[DisplayClient::dequePrvOps] dequeue_buffer > 30ms: (0-th) ===> (overtime > 30 ms) [start-->now: 31 ms]
04-27 11:42:29.589 I/MtkCam/PrvCB(  519): (2767)[onClientThreadLoop] mOneShotSleepCount 0
04-27 11:42:29.593 W/TwinMgr (  519): [TwinInfo_update] WARNING: [TwinInfo_update][0]no deque on AFO over 64 frames
04-27 11:42:29.594 I/Camera  ( 2530): handleMessage: 16
04-27 11:42:29.598 W/TuningMgr(  519): TuningMgr[updateEngine] WARNING: [temp log] AF enable(0_0x100802e0_0x8001e0)
04-27 11:42:29.600 W/MtkCam/BufferProvider_P(  519): [Hal:Image:yuvFD][dequeStreamBuffer] Cannot acquire from pool. Something wrong... SOS
04-27 11:42:29.604 E/SurfaceFlinger(  403): getUniqueId not supported on VirtualDisplaySurface
04-27 11:42:29.607 E/SurfaceFlinger(  403): getUniqueId not supported on VirtualDisplaySurface
04-27 11:42:29.609 D/BufferQueueProducer(  517): [GraphicBufferSource](this:0xefd4a000,id:0,api:1,p:517,c:517) cancelBuffer: slot 1
04-27 11:42:29.625 I/MtkCam/PrvCB(  519): (2767)[onClientThreadLoop] mOneShotSleepCount 0
04-27 11:42:29.629 W/TwinMgr (  519): [TwinInfo_update] WARNING: [TwinInfo_update][0]no deque on AFO over 64 frames
04-27 11:42:29.631 I/MtkCam/PrvCB(  519): (2767)[onClientThreadLoop] mOneShotSleepCount 1
04-27 11:42:29.631 I/Camera  ( 2530): handleMessage: 16
04-27 11:42:29.636 W/TuningMgr(  519): TuningMgr[updateEngine] WARNING: [temp log] AF enable(0_0x100802e0_0x8001e0)
04-27 11:42:29.636 W/MtkCam/BufferProvider_P(  519): [Hal:Image:yuvFD][dequeStreamBuffer] Cannot acquire from pool. Something wrong... SOS
04-27 11:42:29.638 E/SurfaceFlinger(  403): getUniqueId not supported on VirtualDisplaySurface
04-27 11:42:29.641 E/SurfaceFlinger(  403): getUniqueId not supported on VirtualDisplaySurface
04-27 11:42:29.641 I/DisplayDevice(  403): [stdout (type:2)] fps:27.678375,dur:1011.62,max:49.56,min:30.72
04-27 11:42:29.643 D/BufferQueueProducer(  517): [GraphicBufferSource](this:0xefd4a000,id:0,api:1,p:517,c:517) cancelBuffer: slot 2
04-27 11:42:29.661 I/MtkCam/PrvCB(  519): (2767)[onClientThreadLoop] mOneShotSleepCount 0
04-27 11:42:29.664 I/Camera  ( 2530): handleMessage: 16
