04-27 11:42:18.425 E/SurfaceFlinger(  403): getUniqueId not supported on VirtualDisplaySurface
04-27 11:42:18.427 I/DisplayDevice(  403): [stdout (type:2)] fps:28.203239,dur:1028.25,max:50.17,min:31.08
04-27 11:42:18.427 W/TuningMgr(  519): TuningMgr[updateEngine] WARNING: [temp log] AF enable(0_0x100802e0_0x8001e0)
04-27 11:42:18.427 W/MtkCam/BufferProvider_P(  519): [Hal:Image:yuvFD][dequeStreamBuffer] Cannot acquire from pool. Something wrong... SOS
04-27 11:42:18.428 D/BufferQueueProducer(  517): [GraphicBufferSource](this:0xefd4a000,id:0,api:1,p:517,c:517) cancelBuffer: slot 2
04-27 11:42:18.448 I/MtkCam/PrvCB(  519): (2767)[onClientThreadLoop] mOneShotSleepCount 0
04-27 11:42:18.451 I/Camera  ( 2530): handleMessage: 16
04-27 11:42:18.457 W/TwinMgr (  519): [TwinInfo_update] WARNING: [TwinInfo_update][0]no deque on AFO over 64 frames
04-27 11:42:18.463 W/TuningMgr(  519): TuningMgr[updateEngine] WARNING: [temp log] AF enable(0_0x100802e0_0x8001e0)
04-27 11:42:18.463 W/MtkCam/BufferProvider_P(  519): [Hal:Image:yuvFD][dequeStreamBuffer] Cannot acquire from pool. Something wrong... SOS
04-27 11:42:18.473 E/SurfaceFlinger(  403): getUniqueId not supported on VirtualDisplaySurface
04-27 11:42:18.475 E/SurfaceFlinger(  403): getUniqueId not supported on VirtualDisplaySurface
04-27 11:42:18.478 D/BufferQueueProducer(  517): [GraphicBufferSource](this:0xefd4a000,id:0,api:1,p:517,c:517) cancelBuffer: slot 1
04-27 11:42:18.479 I/MtkCam/Utils(  519): {CamProfile}[DisplayClient::dequePrvOps] dequeue_buffer > 30ms: (0-th) ===> (overtime > 30 ms) [start-->now: 35 ms]
04-27 11:42:18.484 I/MtkCam/PrvCB(  519): (2767)[onClientThreadLoop] mOneShotSleepCount 0
04-27 11:42:18.488 I/Camera  ( 2530): handleMessage: 16
04-27 11:42:18.493 W/TwinMgr (  519): [TwinInfo_update] WARNING: [TwinInfo_update][0]no deque on AFO over 64 frames
04-27 11:42:18.499 W/TuningMgr(  519): TuningMgr[updateEngine] WARNING: [temp log] AF enable(0_0x100802e0_0x8001e0)
04-27 11:42:18.500 W/MtkCam/BufferProvider_P(  519): [Hal:Image:yuvFD][dequeStreamBuffer] Cannot acquire from pool. Something wrong... SOS
04-27 11:42:18.505 E/SurfaceFlinger(  403): getUniqueId not supported on VirtualDisplaySurface
04-27 11:42:18.507 E/SurfaceFlinger(  403): getUniqueId not supported on VirtualDisplaySurface
04-27 11:42:18.510 D/BufferQueueProducer(  517): [GraphicBufferSource](this:0xefd4a000,id:0,api:1,p:517,c:517) cancelBuffer: slot 2
04-27 11:42:18.520 I/MtkCam/PrvCB(  519): (2767)[onClientThreadLoop] mOneShotSleepCount 0
04-27 11:42:18.524 I/Camera  ( 2530): handleMessage: 16
04-27 11:42:18.529 W/TwinMgr (  519): [TwinInfo_update] WARNING: [TwinInfo_update][0]no deque on AFO over 64 frames
04-27 11:42:18.536 W/TuningMgr(  519): TuningMgr[updateEngine] WARNING: [temp log] AF enable(0_0x100802e0_0x8001e0)
04-27 11:42:18.538 W/MtkCam/BufferProvider_P(  519): [Hal:Image:yuvFD][dequeStreamBuffer] Cannot acquire from pool. Something wrong... SOS
04-27 11:42:18.538 E/SurfaceFlinger(  403): getUniqueId not supported on VirtualDisplaySurface
04-27 11:42:18.540 E/SurfaceFlinger(  403): getUniqueId not supported on VirtualDisplaySurface
04-27 11:42:18.543 D/BufferQueueProducer(  517): [GraphicBufferSource](this:0xefd4a000,id:0,api:1,p:517,c:517) cancelBuffer: slot 1
04-27 11:42:18.556 I/MtkCam/PrvCB(  519): (2767)[onClientThreadLoop] mOneShotSleepCount 0
04-27 11:42:18.560 I/Camera  ( 2530): handleMessage: 16
04-27 11:42:18.565 W/TwinMgr (  519): [TwinInfo_update] WARNING: [TwinInfo_update][0]no deque on AFO over 64 frames
04-27 11:42:18.571 E/SurfaceFlinger(  403): getUniqueId not supported on VirtualDisplaySurface
04-27 11:42:18.572 W/TuningMgr(  519): TuningMgr[updateEngine] WARNING: [temp log] AF enable(0_0x100802e0_0x8001e0)
04-27 11:42:18.573 W/MtkCam/BufferProvider_P(  519): [Hal:Image:yuvFD][dequeStreamBuffer] Cannot acquire from pool. Something wrong... SOS
04-27 11:42:18.573 E/SurfaceFlinger(  403): getUniqueId not supported on VirtualDisplaySurface
04-27 11:42:18.576 D/BufferQueueProducer(  517): [GraphicBufferSource](this:0xefd4a000,id:0,api:1,p:517,c:517) cancelBuffer: slot 2
04-27 11:42:18.591 I/MtkCam/PrvCB(  519): (2767)[onClientThreadLoop] mOneShotSleepCount 0
04-27 11:42:18.594 I/Camera  ( 2530): handleMessage: 16
04-27 11:42:18.601 W/TwinMgr (  519): [TwinInfo_update] WARNING: [TwinInfo_update][0]no deque on AFO over 64 frames
04-27 11:42:18.603 E/SurfaceFlinger(  403): getUniqueId not supported on VirtualDisplaySurface
04-27 11:42:18.606 E/SurfaceFlinger(  403): getUniqueId not supported on VirtualDisplaySurface
04-27 11:42:18.608 W/TuningMgr(  519): TuningMgr[updateEngine] WARNING: [temp log] AF enable(0_0x100802e0_0x8001e0)
04-27 11:42:18.608 W/MtkCam/BufferProvider_P(  519): [Hal:Image:yuvFD][dequeStreamBuffer] Cannot acquire from pool. Something wrong... SOS
04-27 11:42:18.608 D/BufferQueueProducer(  517): [GraphicBufferSource](this:0xefd4a000,id:0,api:1,p:517,c:517) cancelBuffer: slot 1
04-27 11:42:18.627 I/MtkCam/PrvCB(  519): (2767)[onClientThreadLoop] mOneShotSleepCount 0
04-27 11:42:18.630 I/Camera  ( 2530): handleMessage: 16
04-27 11:42:18.637 W/TwinMgr (  519): [TwinInfo_update] WARNING: [TwinInfo_update][0]no deque on AFO over 64 frames
04-27 11:42:18.641 W/MtkCam/BufferProvider_P(  519): [Hal:Image:yuvFD][dequeStreamBuffer] Cannot acquire from pool. Something wrong... SOS
04-27 11:42:18.642 W/TuningMgr(  519): TuningMgr[updateEngine] WARNING: [temp log] AF enable(0_0x100802e0_0x8001e0)
04-27 11:42:18.652 E/SurfaceFlinger(  403): getUniqueId not supported on VirtualDisplaySurface
04-27 11:42:18.655 E/SurfaceFlinger(  403): getUniqueId not supported on VirtualDisplaySurface
04-27 11:42:18.657 D/BufferQueueProducer(  517): [GraphicBufferSource](this:0xefd4a000,id:0,api:1,p:517,c:517) cancelBuffer: slot 2
04-27 11:42:18.658 I/MtkCam/Utils(  519): {CamProfile}[DisplayClient::dequePrvOps] dequeue_buffer > 30ms: (0-th) ===> (overtime > 30 ms) [start-->now: 32 ms]
04-27 11:42:18.662 I/MtkCam/PrvCB(  519): (2767)[onClientThreadLoop] mOneShotSleepCount 0
04-27 11:42:18.666 I/Camera  ( 2530): handleMessage: 16
04-27 11:42:18.672 W/TwinMgr (  519): [TwinInfo_update] WARNING: [TwinInfo_update][0]no deque on AFO over 64 frames
04-27 11:42:18.677 W/TuningMgr(  519): TuningMgr[updateEngine] WARNING: [temp log] AF enable(0_0x100802e0_0x8001e0)
04-27 11:42:18.678 W/MtkCam/BufferProvider_P(  519): [Hal:Image:yuvFD][dequeStreamBuffer] Cannot acquire from pool. Something wrong... SOS
04-27 11:42:18.685 E/SurfaceFlinger(  403): getUniqueId not supported on VirtualDisplaySurface
04-27 11:42:18.687 E/SurfaceFlinger(  403): getUniqueId not supported on VirtualDisplaySurface
04-27 11:42:18.689 D/BufferQueueProducer(  517): [GraphicBufferSource](this:0xefd4a000,id:0,api:1,p:517,c:517) cancelBuffer: slot 1
04-27 11:42:18.698 I/MtkCam/PrvCB(  519): (2767)[onClientThreadLoop] mOneShotSleepCount 0
04-27 11:42:18.702 I/Camera  ( 2530): handleMessage: 16
04-27 11:42:18.708 W/TwinMgr (  519): [TwinInfo_update] WARNING: [TwinInfo_update][0]no deque on AFO over 64 frames
04-27 11:42:18.715 W/TuningMgr(  519): TuningMgr[updateEngine] WARNING: [temp log] AF enable(0_0x100802e0_0x8001e0)
04-27 11:42:18.716 W/MtkCam/BufferProvider_P(  519): [Hal:Image:yuvFD][dequeStreamBuffer] Cannot acquire from pool. Something wrong... SOS
04-27 11:42:18.718 E/SurfaceFlinger(  403): getUniqueId not supported on VirtualDisplaySurface
04-27 11:42:18.720 E/SurfaceFlinger(  403): getUniqueId not supported on VirtualDisplaySurface
04-27 11:42:18.722 D/BufferQueueProducer(  517): [GraphicBufferSource](this:0xefd4a000,id:0,api:1,p:517,c:517) cancelBuffer: slot 2
04-27 11:42:18.734 I/WifiService( 1081): getConnectionInfo uid=10069
04-27 11:42:18.734 I/MtkCam/PrvCB(  519): (2767)[onClientThreadLoop] mOneShotSleepCount 0
04-27 11:42:18.738 I/Camera  ( 2530): handleMessage: 16
04-27 11:42:18.738 I/WifiService( 1081): getConnectionInfo uid=10069
04-27 11:42:18.744 W/TwinMgr (  519): [TwinInfo_update] WARNING: [TwinInfo_update][0]no deque on AFO over 64 frames
04-27 11:42:18.750 E/SurfaceFlinger(  403): getUniqueId not supported on VirtualDisplaySurface
04-27 11:42:18.752 W/TuningMgr(  519): TuningMgr[updateEngine] WARNING: [temp log] AF enable(0_0x100802e0_0x8001e0)
04-27 11:42:18.752 W/MtkCam/BufferProvider_P(  519): [Hal:Image:yuvFD][dequeStreamBuffer] Cannot acquire from pool. Something wrong... SOS
04-27 11:42:18.753 E/SurfaceFlinger(  403): getUniqueId not supported on VirtualDisplaySurface
04-27 11:42:18.755 D/BufferQueueProducer(  517): [GraphicBufferSource](this:0xefd4a000,id:0,api:1,p:517,c:517) cancelBuffer: slot 1
04-27 11:42:18.770 I/MtkCam/PrvCB(  519): (2767)[onClientThreadLoop] mOneShotSleepCount 0
04-27 11:42:18.774 I/Camera  ( 2530): handleMessage: 16
04-27 11:42:18.780 W/TwinMgr (  519): [TwinInfo_update] WARNING: [TwinInfo_update][0]no deque on AFO over 64 frames
04-27 11:42:18.783 E/SurfaceFlinger(  403): getUniqueId not supported on VirtualDisplaySurface
04-27 11:42:18.785 E/SurfaceFlinger(  403): getUniqueId not supported on VirtualDisplaySurface
04-27 11:42:18.787 W/TuningMgr(  519): TuningMgr[updateEngine] WARNING: [temp log] AF enable(0_0x100802e0_0x8001e0)
04-27 11:42:18.787 W/MtkCam/BufferProvider_P(  519): [Hal:Image:yuvFD][dequeStreamBuffer] Cannot acquire from pool. Something wrong... SOS
04-27 11:42:18.788 D/BufferQueueProducer(  517): [GraphicBufferSource](this:0xefd4a000,id:0,api:1,p:517,c:517) cancelBuffer: slot 2
04-27 11:42:18.804 I/BufferQueueProducer(  403): [SurfaceView - #0](this:0x74cd9b7800,id:14,api:4,p:500,c:403) queueBuffer: fps=27.90 dur=1003.45 max=42.15 min=31.11
04-27 11:42:18.806 I/MtkCam/PrvCB(  519): (2767)[onClientThreadLoop] mOneShotSleepCount 0
04-27 11:42:18.809 I/Camera  ( 2530): handleMessage: 16
04-27 11:42:18.816 W/TwinMgr (  519): [TwinInfo_update] WARNING: [TwinInfo_update][0]no deque on AFO over 64 frames
04-27 11:42:18.818 I/[BIP]   (  734):  [BIP NL] event newlink match dev 0, interface index 28
04-27 11:42:18.818 I/[BIP]   (  734):  [BIP NL] the link status of interface(index:0) changes to 1
04-27 11:42:18.818 D/wifi2agps(  532): scan result, found 0 APs
04-27 11:42:18.818 D/agps    (  532): [WIFI2AGPS] wifi2agps_scanned
04-27 11:42:18.822 D/VoLTE IMSM(  735): send CTRL_CMD_GET_SCAN (module/mdagent/volte_imsm_93/src/wireless.c:574)
04-27 11:42:18.822 D/VoLTE IMSM(  735): monitor_wifi_tech: mutex lock (module/mdagent/volte_imsm_93/src/wireless.c:589)
04-27 11:42:18.822 D/VoLTE IMSM(  735): monitor_wifi_tech: mutex unlock (module/mdagent/volte_imsm_93/src/wireless.c:597)
04-27 11:42:18.822 D/VoLTE IMSM(  735): FOUND[1] 6
04-27 11:42:18.822 D/VoLTE IMSM(  735):  (module/mdagent/volte_imsm_93/src/wireless.c:599)
04-27 11:42:18.822 W/TuningMgr(  519): TuningMgr[updateEngine] WARNING: [temp log] AF enable(0_0x100802e0_0x8001e0)
04-27 11:42:18.823 W/MtkCam/BufferProvider_P(  519): [Hal:Image:yuvFD][dequeStreamBuffer] Cannot acquire from pool. Something wrong... SOS
04-27 11:42:18.823 D/WificondControl( 1081): Scan result ready event
04-27 11:42:18.825 D/WifiStateMachine( 1081):  MtkL2ConnectedState { when=-1ms what=147461 target=com.android.internal.util.StateMachine$SmHandler } 0 0, mShouldDeferDisableWifi = false, mState = MONITORING
04-27 11:42:18.828 D/WifiScanningService( 1081): singleScanResults: ClientInfo[uid=1000,android.os.Messenger@9c8b6ad],Id=13,results=6
04-27 11:42:18.830 D/WifiScanningService( 1081): singleScanResults: ClientInfo[uid=1000,android.os.Messenger@9c8b6ad],Id=1,results=6
04-27 11:42:18.830 D/WifiScanner( 1081): removing listener for single scan
04-27 11:42:18.831 D/WifiConnectivityManager( 1081): AllSingleScanListener onResults: start network selection
04-27 11:42:18.832 D/WifiNetworkSelector( 1081): Current connected network: "TP-LINK_7611" , ID: 5
04-27 11:42:18.832 E/SurfaceFlinger(  403): getUniqueId not supported on VirtualDisplaySurface
04-27 11:42:18.833 D/WifiNetworkSelector( 1081): Current network is 2.4GHz. 5GHz networks available.
04-27 11:42:18.833 D/WifiNetworkSelector( 1081): Current connected network is not sufficient.
04-27 11:42:18.835 E/SurfaceFlinger(  403): getUniqueId not supported on VirtualDisplaySurface
04-27 11:42:18.838 D/BufferQueueProducer(  517): [GraphicBufferSource](this:0xefd4a000,id:0,api:1,p:517,c:517) cancelBuffer: slot 1
04-27 11:42:18.839 I/MtkCam/Utils(  519): {CamProfile}[DisplayClient::dequePrvOps] dequeue_buffer > 30ms: (0-th) ===> (overtime > 30 ms) [start-->now: 34 ms]
04-27 11:42:18.839 D/WifiNetworkSelector( 1081): Networks filtered out due to low signal strength: AP_Prowess_5G:f8:ce:21:9e:f9:0e(5GHz)-88 /
04-27 11:42:18.840 D/WifiNetworkSelector( 1081): About to run SavedNetworkEvaluator :
04-27 11:42:18.842 I/MtkCam/PrvCB(  519): (2767)[onClientThreadLoop] mOneShotSleepCount 0
04-27 11:42:18.842 D/SavedNetworkEvaluator( 1081):
04-27 11:42:18.842 D/SavedNetworkEvaluator( 1081): [ TP-LINK_7611 f4:2a:7d:87:3d:79 RSSI:-54 ]  RSSI score: 100, Same network bonus: 16, Same BSSID bonus: 24, Secure network bonus: 80, ## Total score: 220
04-27 11:42:18.842 D/SavedNetworkEvaluator( 1081): [ TP-LINK_7611 f4:2a:7d:87:3d:7a RSSI:-74 ]  RSSI score: 44, 5GHz bonus: 40, Same network bonus: 16, Equivalent BSSID bonus: 24, Secure network bonus: 80, ## Total score: 204
04-27 11:42:18.843 D/WifiNetworkSelector( 1081): SavedNetworkEvaluator selects "TP-LINK_7611":5 : f4:2a:7d:87:3d:79
04-27 11:42:18.844 D/WifiConnectivityManager( 1081): AllSingleScanListener:  WNS candidate-"TP-LINK_7611"
04-27 11:42:18.844 D/WifiConnectivityManager( 1081): connectToNetwork: Either already connected or is connecting to "TP-LINK_7611" : f4:2a:7d:87:3d:79
04-27 11:42:18.847 I/MtkCam/PrvCB(  519): (2767)[onClientThreadLoop] mOneShotSleepCount 1
04-27 11:42:18.848 D/MPE     (  495): mtk_gps_mnl_trigger_mpe: mpemsg len=0
04-27 11:42:18.849 I/Camera  ( 2530): handleMessage: 16
04-27 11:42:18.852 W/TwinMgr (  519): [TwinInfo_update] WARNING: [TwinInfo_update][0]no deque on AFO over 64 frames
04-27 11:42:18.858 W/TuningMgr(  519): TuningMgr[updateEngine] WARNING: [temp log] AF enable(0_0x100802e0_0x8001e0)
04-27 11:42:18.858 W/MtkCam/BufferProvider_P(  519): [Hal:Image:yuvFD][dequeStreamBuffer] Cannot acquire from pool. Something wrong... SOS
04-27 11:42:18.860 D/MPE     (  495): mtk_gps_mnl_trigger_mpe: mpemsg len=0
04-27 11:42:18.862 D/agps    (  526): [agps][n][AGPS] [MNL] write  pmtk  [$PMTK680,1,FFFFF1B2*0A
04-27 11:42:18.862 D/agps    (  526):  ]
04-27 11:42:18.862 D/pseudo  (  495): mtk_gps_sys_nmea_output_to_mnld: received 772 bytes:
04-27 11:42:18.863 D/pseudo  (  495): mtk_gps_sys_nmea_output_to_app: len:772, [NMEA]$GNGGA,034218.01...
04-27 11:42:18.863 D/gps_controlller(  495): mtk_gps_sys_gps_mnl_callback: msg:0
04-27 11:42:18.863 D/gps_controlller(  495): send_active_notify: send clean nmea timer cmd!
04-27 11:42:18.863 D/gps_controlller(  495): mtk_gps_sys_gps_mnl_callback: MTK_GPS_MSG_FIX_READY,GET_RTC_FAIL
04-27 11:42:18.864 D/pseudo  (  495): mtk_gps_sys_nmea_output_to_app: len:46, [vAGPS_Auto_Req]:g_FirstDbtt:0,u2BitMap:0x128
04-27 11:42:18.864 D/gps_controlller(  495): gps_control_thread: gps_control_thread wait
04-27 11:42:18.864 D/gps_controlller(  495): mtk_gps_sys_agps_disaptcher_callback: GPS re-aiding
04-27 11:42:18.865 E/SurfaceFlinger(  403): getUniqueId not supported on VirtualDisplaySurface
04-27 11:42:18.865 D/agps    (  526): [agps] WARNING: [AGPS] [MNL] read  reaiding_req
04-27 11:42:18.866 D/agps    (  526): [agps][n][AGPS] [MNL] write  set_id_req  flags=0x1
04-27 11:42:18.867 D/MNLD    (  495): agps_set_id_req: agps_set_id_req  flags=1
04-27 11:42:18.867 D/mnl2hal (  495): mnl2hal_request_set_id: mnl2hal_request_set_id  flag=0x1
04-27 11:42:18.868 E/SurfaceFlinger(  403): getUniqueId not supported on VirtualDisplaySurface
04-27 11:42:18.870 D/BufferQueueProducer(  517): [GraphicBufferSource](this:0xefd4a000,id:0,api:1,p:517,c:517) cancelBuffer: slot 2
04-27 11:42:18.874 D/hal2mnl (  530): hal2mnl_set_id: hal2mnl_set_id  type=1 setid=[]
04-27 11:42:18.875 D/MNLD    (  495): mnld_main_thread: hal2mnl_hdlr msg
04-27 11:42:18.876 D/MNLD    (  495): hal_set_id: hal_set_id  type=1 setid=[]
04-27 11:42:18.876 D/agps    (  526): [agps][n][AGPS] [MNL] read  set_set_id  type=1 setid=[] imsi_enable=1
04-27 11:42:18.876 D/agps    (  526): [agps][n][AGPS] [MNL] write  ref_loc_req  flags=0x1
04-27 11:42:18.877 D/MNLD    (  495): agps_ref_loc_req: agps_ref_loc_req  flags=1
04-27 11:42:18.877 D/mnl2hal (  495): mnl2hal_request_ref_loc: mnl2hal_request_ref_loc  flag=0x1
04-27 11:42:18.877 I/MtkCam/PrvCB(  519): (2767)[onClientThreadLoop] mOneShotSleepCount 0
04-27 11:42:18.882 I/Camera  ( 2530): handleMessage: 16
04-27 11:42:18.882 I/MtkCam/PrvCB(  519): (2767)[onClientThreadLoop] mOneShotSleepCount 1
04-27 11:42:18.888 W/TwinMgr (  519): [TwinInfo_update] WARNING: [TwinInfo_update][0]no deque on AFO over 64 frames
04-27 11:42:18.890 W/MtkCam/BufferProvider_P(  519): [Hal:Image:yuvFD][dequeStreamBuffer] Cannot acquire from pool. Something wrong... SOS
04-27 11:42:18.891 W/TuningMgr(  519): TuningMgr[updateEngine] WARNING: [temp log] AF enable(0_0x100802e0_0x8001e0)
04-27 11:42:18.896 E/SurfaceFlinger(  403): getUniqueId not supported on VirtualDisplaySurface
04-27 11:42:18.898 E/SurfaceFlinger(  403): getUniqueId not supported on VirtualDisplaySurface
04-27 11:42:18.900 D/BufferQueueProducer(  517): [GraphicBufferSource](this:0xefd4a000,id:0,api:1,p:517,c:517) cancelBuffer: slot 1
04-27 11:42:18.912 I/MtkCam/PrvCB(  519): (2767)[onClientThreadLoop] mOneShotSleepCount 0
04-27 11:42:18.915 I/Camera  ( 2530): handleMessage: 16
04-27 11:42:18.924 W/TwinMgr (  519): [TwinInfo_update] WARNING: [TwinInfo_update][0]no deque on AFO over 64 frames
04-27 11:42:18.929 W/TuningMgr(  519): TuningMgr[updateEngine] WARNING: [temp log] AF enable(0_0x100802e0_0x8001e0)
04-27 11:42:18.929 E/SurfaceFlinger(  403): getUniqueId not supported on VirtualDisplaySurface
04-27 11:42:18.929 W/MtkCam/BufferProvider_P(  519): [Hal:Image:yuvFD][dequeStreamBuffer] Cannot acquire from pool. Something wrong... SOS
04-27 11:42:18.931 E/SurfaceFlinger(  403): getUniqueId not supported on VirtualDisplaySurface
04-27 11:42:18.934 D/BufferQueueProducer(  517): [GraphicBufferSource](this:0xefd4a000,id:0,api:1,p:517,c:517) cancelBuffer: slot 2
04-27 11:42:18.935 I/MtkCam/Utils(  519): {CamProfile}[DisplayClient::dequePrvOps] dequeue_buffer > 30ms: (0-th) ===> (overtime > 30 ms) [start-->now: 31 ms]
04-27 11:42:18.948 I/MtkCam/PrvCB(  519): (2767)[onClientThreadLoop] mOneShotSleepCount 0
04-27 11:42:18.952 I/Camera  ( 2530): handleMessage: 16
04-27 11:42:18.960 W/TwinMgr (  519): [TwinInfo_update] WARNING: [TwinInfo_update][0]no deque on AFO over 64 frames
04-27 11:42:18.962 E/SurfaceFlinger(  403): getUniqueId not supported on VirtualDisplaySurface
04-27 11:42:18.964 W/TuningMgr(  519): TuningMgr[updateEngine] WARNING: [temp log] AF enable(0_0x100802e0_0x8001e0)
04-27 11:42:18.965 E/SurfaceFlinger(  403): getUniqueId not supported on VirtualDisplaySurface
04-27 11:42:18.965 W/MtkCam/BufferProvider_P(  519): [Hal:Image:yuvFD][dequeStreamBuffer] Cannot acquire from pool. Something wrong... SOS
04-27 11:42:18.967 D/BufferQueueProducer(  517): [GraphicBufferSource](this:0xefd4a000,id:0,api:1,p:517,c:517) cancelBuffer: slot 1
04-27 11:42:18.984 I/MtkCam/PrvCB(  519): (2767)[onClientThreadLoop] mOneShotSleepCount 0
04-27 11:42:18.988 I/Camera  ( 2530): handleMessage: 16
04-27 11:42:18.996 W/TwinMgr (  519): [TwinInfo_update] WARNING: [TwinInfo_update][0]no deque on AFO over 64 frames
04-27 11:42:19.002 W/TuningMgr(  519): TuningMgr[updateEngine] WARNING: [temp log] AF enable(0_0x100802e0_0x8001e0)
04-27 11:42:19.002 W/MtkCam/BufferProvider_P(  519): [Hal:Image:yuvFD][dequeStreamBuffer] Cannot acquire from pool. Something wrong... SOS
04-27 11:42:19.011 E/SurfaceFlinger(  403): getUniqueId not supported on VirtualDisplaySurface
04-27 11:42:19.014 E/SurfaceFlinger(  403): getUniqueId not supported on VirtualDisplaySurface
04-27 11:42:19.016 D/BufferQueueProducer(  517): [GraphicBufferSource](this:0xefd4a000,id:0,api:1,p:517,c:517) cancelBuffer: slot 2
04-27 11:42:19.017 I/MtkCam/Utils(  519): {CamProfile}[DisplayClient::dequePrvOps] dequeue_buffer > 30ms: (0-th) ===> (overtime > 30 ms) [start-->now: 35 ms]
04-27 11:42:19.021 I/MtkCam/PrvCB(  519): (2767)[onClientThreadLoop] mOneShotSleepCount 0
04-27 11:42:19.024 I/Camera  ( 2530): handleMessage: 16
04-27 11:42:19.032 W/TwinMgr (  519): [TwinInfo_update] WARNING: [TwinInfo_update][0]no deque on AFO over 64 frames
04-27 11:42:19.037 W/TuningMgr(  519): TuningMgr[updateEngine] WARNING: [temp log] AF enable(0_0x100802e0_0x8001e0)
04-27 11:42:19.039 W/MtkCam/BufferProvider_P(  519): [Hal:Image:yuvFD][dequeStreamBuffer] Cannot acquire from pool. Something wrong... SOS
04-27 11:42:19.044 E/SurfaceFlinger(  403): getUniqueId not supported on VirtualDisplaySurface
04-27 11:42:19.046 E/SurfaceFlinger(  403): getUniqueId not supported on VirtualDisplaySurface
04-27 11:42:19.049 D/BufferQueueProducer(  517): [GraphicBufferSource](this:0xefd4a000,id:0,api:1,p:517,c:517) cancelBuffer: slot 1
04-27 11:42:19.056 I/MtkCam/PrvCB(  519): (2767)[onClientThreadLoop] mOneShotSleepCount 0
04-27 11:42:19.060 I/Camera  ( 2530): handleMessage: 16
04-27 11:42:19.068 W/TwinMgr (  519): [TwinInfo_update] WARNING: [TwinInfo_update][0]no deque on AFO over 64 frames
04-27 11:42:19.073 W/TuningMgr(  519): TuningMgr[updateEngine] WARNING: [temp log] AF enable(0_0x100802e0_0x8001e0)
04-27 11:42:19.074 W/MtkCam/BufferProvider_P(  519): [Hal:Image:yuvFD][dequeStreamBuffer] Cannot acquire from pool. Something wrong... SOS
04-27 11:42:19.077 E/SurfaceFlinger(  403): getUniqueId not supported on VirtualDisplaySurface
04-27 11:42:19.079 E/SurfaceFlinger(  403): getUniqueId not supported on VirtualDisplaySurface
04-27 11:42:19.082 D/BufferQueueProducer(  517): [GraphicBufferSource](this:0xefd4a000,id:0,api:1,p:517,c:517) cancelBuffer: slot 2
04-27 11:42:19.092 I/MtkCam/PrvCB(  519): (2767)[onClientThreadLoop] mOneShotSleepCount 0
04-27 11:42:19.095 I/Camera  ( 2530): handleMessage: 16
04-27 11:42:19.104 W/TwinMgr (  519): [TwinInfo_update] WARNING: [TwinInfo_update][0]no deque on AFO over 64 frames
04-27 11:42:19.109 E/SurfaceFlinger(  403): getUniqueId not supported on VirtualDisplaySurface
04-27 11:42:19.109 W/TuningMgr(  519): TuningMgr[updateEngine] WARNING: [temp log] AF enable(0_0x100802e0_0x8001e0)
04-27 11:42:19.110 W/MtkCam/BufferProvider_P(  519): [Hal:Image:yuvFD][dequeStreamBuffer] Cannot acquire from pool. Something wrong... SOS
04-27 11:42:19.111 E/SurfaceFlinger(  403): getUniqueId not supported on VirtualDisplaySurface
04-27 11:42:19.114 D/BufferQueueProducer(  517): [GraphicBufferSource](this:0xefd4a000,id:0,api:1,p:517,c:517) cancelBuffer: slot 1
04-27 11:42:19.127 I/MtkCam/PrvCB(  519): (2767)[onClientThreadLoop] mOneShotSleepCount 0
04-27 11:42:19.131 I/Camera  ( 2530): handleMessage: 16
04-27 11:42:19.140 W/TwinMgr (  519): [TwinInfo_update] WARNING: [TwinInfo_update][0]no deque on AFO over 64 frames
04-27 11:42:19.142 E/SurfaceFlinger(  403): getUniqueId not supported on VirtualDisplaySurface
04-27 11:42:19.144 W/MtkCam/BufferProvider_P(  519): [Hal:Image:yuvFD][dequeStreamBuffer] Cannot acquire from pool. Something wrong... SOS
04-27 11:42:19.145 E/SurfaceFlinger(  403): getUniqueId not supported on VirtualDisplaySurface
04-27 11:42:19.145 W/TuningMgr(  519): TuningMgr[updateEngine] WARNING: [temp log] AF enable(0_0x100802e0_0x8001e0)
04-27 11:42:19.148 D/BufferQueueProducer(  517): [GraphicBufferSource](this:0xefd4a000,id:0,api:1,p:517,c:517) cancelBuffer: slot 2
04-27 11:42:19.163 I/MtkCam/PrvCB(  519): (2767)[onClientThreadLoop] mOneShotSleepCount 0
04-27 11:42:19.166 I/Camera  ( 2530): handleMessage: 16
04-27 11:42:19.176 W/TwinMgr (  519): [TwinInfo_update] WARNING: [TwinInfo_update][0]no deque on AFO over 64 frames
04-27 11:42:19.182 W/TuningMgr(  519): TuningMgr[updateEngine] WARNING: [temp log] AF enable(0_0x100802e0_0x8001e0)
04-27 11:42:19.183 W/MtkCam/BufferProvider_P(  519): [Hal:Image:yuvFD][dequeStreamBuffer] Cannot acquire from pool. Something wrong... SOS
04-27 11:42:19.191 E/SurfaceFlinger(  403): getUniqueId not supported on VirtualDisplaySurface
04-27 11:42:19.194 E/SurfaceFlinger(  403): getUniqueId not supported on VirtualDisplaySurface
04-27 11:42:19.196 D/BufferQueueProducer(  517): [GraphicBufferSource](this:0xefd4a000,id:0,api:1,p:517,c:517) cancelBuffer: slot 1
04-27 11:42:19.197 I/MtkCam/Utils(  519): {CamProfile}[DisplayClient::dequePrvOps] dequeue_buffer > 30ms: (0-th) ===> (overtime > 30 ms) [start-->now: 36 ms]
04-27 11:42:19.201 I/MtkCam/PrvCB(  519): (2767)[onClientThreadLoop] mOneShotSleepCount 0
04-27 11:42:19.204 I/Camera  ( 2530): handleMessage: 16
04-27 11:42:19.211 W/TwinMgr (  519): [TwinInfo_update] WARNING: [TwinInfo_update][0]no deque on AFO over 64 frames
04-27 11:42:19.218 W/TuningMgr(  519): TuningMgr[updateEngine] WARNING: [temp log] AF enable(0_0x100802e0_0x8001e0)
04-27 11:42:19.221 W/MtkCam/BufferProvider_P(  519): [Hal:Image:yuvFD][dequeStreamBuffer] Cannot acquire from pool. Something wrong... SOS
04-27 11:42:19.224 E/SurfaceFlinger(  403): getUniqueId not supported on VirtualDisplaySurface
04-27 11:42:19.227 E/SurfaceFlinger(  403): getUniqueId not supported on VirtualDisplaySurface
04-27 11:42:19.229 D/BufferQueueProducer(  517): [GraphicBufferSource](this:0xefd4a000,id:0,api:1,p:517,c:517) cancelBuffer: slot 2
04-27 11:42:19.240 I/MtkCam/PrvCB(  519): (2767)[onClientThreadLoop] mOneShotSleepCount 0
04-27 11:42:19.243 I/Camera  ( 2530): handleMessage: 16
04-27 11:42:19.247 W/TwinMgr (  519): [TwinInfo_update] WARNING: [TwinInfo_update][0]no deque on AFO over 64 frames
04-27 11:42:19.253 W/TuningMgr(  519): TuningMgr[updateEngine] WARNING: [temp log] AF enable(0_0x100802e0_0x8001e0)
04-27 11:42:19.255 W/MtkCam/BufferProvider_P(  519): [Hal:Image:yuvFD][dequeStreamBuffer] Cannot acquire from pool. Something wrong... SOS
04-27 11:42:19.256 E/SurfaceFlinger(  403): getUniqueId not supported on VirtualDisplaySurface
04-27 11:42:19.258 E/SurfaceFlinger(  403): getUniqueId not supported on VirtualDisplaySurface
04-27 11:42:19.261 D/BufferQueueProducer(  517): [GraphicBufferSource](this:0xefd4a000,id:0,api:1,p:517,c:517) cancelBuffer: slot 1
04-27 11:42:19.275 I/MtkCam/PrvCB(  519): (2767)[onClientThreadLoop] mOneShotSleepCount 0
04-27 11:42:19.278 I/Camera  ( 2530): handleMessage: 16
04-27 11:42:19.283 W/TwinMgr (  519): [TwinInfo_update] WARNING: [TwinInfo_update][0]no deque on AFO over 64 frames
04-27 11:42:19.289 E/SurfaceFlinger(  403): getUniqueId not supported on VirtualDisplaySurface
04-27 11:42:19.289 W/TuningMgr(  519): TuningMgr[updateEngine] WARNING: [temp log] AF enable(0_0x100802e0_0x8001e0)
04-27 11:42:19.289 W/MtkCam/BufferProvider_P(  519): [Hal:Image:yuvFD][dequeStreamBuffer] Cannot acquire from pool. Something wrong... SOS
04-27 11:42:19.291 E/SurfaceFlinger(  403): getUniqueId not supported on VirtualDisplaySurface
04-27 11:42:19.294 D/BufferQueueProducer(  517): [GraphicBufferSource](this:0xefd4a000,id:0,api:1,p:517,c:517) cancelBuffer: slot 2
04-27 11:42:19.311 I/MtkCam/PrvCB(  519): (2767)[onClientThreadLoop] mOneShotSleepCount 0
04-27 11:42:19.314 I/Camera  ( 2530): handleMessage: 16
04-27 11:42:19.319 W/TwinMgr (  519): [TwinInfo_update] WARNING: [TwinInfo_update][0]no deque on AFO over 64 frames
04-27 11:42:19.321 E/SurfaceFlinger(  403): getUniqueId not supported on VirtualDisplaySurface
04-27 11:42:19.324 E/SurfaceFlinger(  403): getUniqueId not supported on VirtualDisplaySurface
04-27 11:42:19.326 W/TuningMgr(  519): TuningMgr[updateEngine] WARNING: [temp log] AF enable(0_0x100802e0_0x8001e0)
04-27 11:42:19.326 W/MtkCam/BufferProvider_P(  519): [Hal:Image:yuvFD][dequeStreamBuffer] Cannot acquire from pool. Something wrong... SOS
04-27 11:42:19.326 D/BufferQueueProducer(  517): [GraphicBufferSource](this:0xefd4a000,id:0,api:1,p:517,c:517) cancelBuffer: slot 1
04-27 11:42:19.346 I/MtkCam/PrvCB(  519): (2767)[onClientThreadLoop] mOneShotSleepCount 0
04-27 11:42:19.347 D/GB28181 ( 2530): >>>>>>>>=====D:/androidProject/src_edition/app2020_8_10/camera_live/app/src/main/cpp/libgb28181/sip/sip_timer.cpp[208]==========
04-27 11:42:19.348 D/GB28181 ( 2530): #sip_rev接收服务器到SIP消息:msg_buf[(null)]
04-27 11:42:19.348 D/GB28181 ( 2530): #########################stm.msg_src=[2],
04-27 11:42:19.349 I/System.out( 2530): GB28181--->>>-----C++回调java:状态回调 回调函数--- sysState:2 connState:2heartbeatExceptionCount:0 liveState:0 talkState:0 videotapeState:0videotapedownloadState:0---------------------
04-27 11:42:19.350 D/GB28181 ( 2530): #sip_rev------>>>接收服务器SIP消息来源:定时消息 SIP_TIMER_SRC ，收到服务器心跳反馈
04-27 11:42:19.350 D/GB28181 ( 2530):
04-27 11:42:19.350 D/GB28181 ( 2530):
04-27 11:42:19.350 D/GB28181 ( 2530): cur_time=246  (p_user->last_rx_time + g_gb28181_cfg.heartbeat_interval) =271
04-27 11:42:19.350 D/GB28181 ( 2530): cur_time=246  (p_user->last_rx_time + g_gb28181_cfg.heartbeat_interval) =271
04-27 11:42:19.350 D/GB28181 ( 2530): --sip_task---->>> hsip.net_rx_flag===1
04-27 11:42:19.352 I/MtkCam/PrvCB(  519): (2767)[onClientThreadLoop] mOneShotSleepCount 1
04-27 11:42:19.353 I/Camera  ( 2530): handleMessage: 16
04-27 11:42:19.355 W/TwinMgr (  519): [TwinInfo_update] WARNING: [TwinInfo_update][0]no deque on AFO over 64 frames
04-27 11:42:19.361 W/TuningMgr(  519): TuningMgr[updateEngine] WARNING: [temp log] AF enable(0_0x100802e0_0x8001e0)
04-27 11:42:19.362 W/MtkCam/BufferProvider_P(  519): [Hal:Image:yuvFD][dequeStreamBuffer] Cannot acquire from pool. Something wrong... SOS
04-27 11:42:19.370 E/SurfaceFlinger(  403): getUniqueId not supported on VirtualDisplaySurface
04-27 11:42:19.373 E/SurfaceFlinger(  403): getUniqueId not supported on VirtualDisplaySurface
04-27 11:42:19.376 D/BufferQueueProducer(  517): [GraphicBufferSource](this:0xefd4a000,id:0,api:1,p:517,c:517) cancelBuffer: slot 2
04-27 11:42:19.377 I/MtkCam/Utils(  519): {CamProfile}[DisplayClient::dequePrvOps] dequeue_buffer > 30ms: (0-th) ===> (overtime > 30 ms) [start-->now: 33 ms]
04-27 11:42:19.382 I/MtkCam/PrvCB(  519): (2767)[onClientThreadLoop] mOneShotSleepCount 0
04-27 11:42:19.385 I/Camera  ( 2530): handleMessage: 16
04-27 11:42:19.391 W/TwinMgr (  519): [TwinInfo_update] WARNING: [TwinInfo_update][0]no deque on AFO over 64 frames
04-27 11:42:19.396 W/TuningMgr(  519): TuningMgr[updateEngine] WARNING: [temp log] AF enable(0_0x100802e0_0x8001e0)
04-27 11:42:19.398 W/MtkCam/BufferProvider_P(  519): [Hal:Image:yuvFD][dequeStreamBuffer] Cannot acquire from pool. Something wrong... SOS
04-27 11:42:19.403 E/SurfaceFlinger(  403): getUniqueId not supported on VirtualDisplaySurface
04-27 11:42:19.405 E/SurfaceFlinger(  403): getUniqueId not supported on VirtualDisplaySurface
04-27 11:42:19.408 D/BufferQueueProducer(  517): [GraphicBufferSource](this:0xefd4a000,id:0,api:1,p:517,c:517) cancelBuffer: slot 1
04-27 11:42:19.418 I/MtkCam/PrvCB(  519): (2767)[onClientThreadLoop] mOneShotSleepCount 0
04-27 11:42:19.422 I/Camera  ( 2530): handleMessage: 16
04-27 11:42:19.427 W/TwinMgr (  519): [TwinInfo_update] WARNING: [TwinInfo_update][0]no deque on AFO over 64 frames
04-27 11:42:19.433 W/MtkCam/BufferProvider_P(  519): [Hal:Image:yuvFD][dequeStreamBuffer] Cannot acquire from pool. Something wrong... SOS
04-27 11:42:19.435 W/TuningMgr(  519): TuningMgr[updateEngine] WARNING: [temp log] AF enable(0_0x100802e0_0x8001e0)
04-27 11:42:19.438 E/SurfaceFlinger(  403): getUniqueId not supported on VirtualDisplaySurface
04-27 11:42:19.440 E/SurfaceFlinger(  403): getUniqueId not supported on VirtualDisplaySurface
04-27 11:42:19.442 I/DisplayDevice(  403): [stdout (type:2)] fps:27.588598,dur:1014.91,max:49.92,min:30.24
04-27 11:42:19.443 D/BufferQueueProducer(  517): [GraphicBufferSource](this:0xefd4a000,id:0,api:1,p:517,c:517) cancelBuffer: slot 2
04-27 11:42:19.454 I/MtkCam/PrvCB(  519): (2767)[onClientThreadLoop] mOneShotSleepCount 0
04-27 11:42:19.457 I/Camera  ( 2530): handleMessage: 16
04-27 11:42:19.463 W/TwinMgr (  519): [TwinInfo_update] WARNING: [TwinInfo_update][0]no deque on AFO over 64 frames
04-27 11:42:19.468 E/SurfaceFlinger(  403): getUniqueId not supported on VirtualDisplaySurface
04-27 11:42:19.470 E/SurfaceFlinger(  403): getUniqueId not supported on VirtualDisplaySurface
04-27 11:42:19.472 W/TuningMgr(  519): TuningMgr[updateEngine] WARNING: [temp log] AF enable(0_0x100802e0_0x8001e0)
04-27 11:42:19.473 D/BufferQueueProducer(  517): [GraphicBufferSource](this:0xefd4a000,id:0,api:1,p:517,c:517) cancelBuffer: slot 1
04-27 11:42:19.476 W/MtkCam/BufferProvider_P(  519): [Hal:Image:yuvFD][dequeStreamBuffer] Cannot acquire from pool. Something wrong... SOS
04-27 11:42:19.494 I/MtkCam/PrvCB(  519): (2767)[onClientThreadLoop] mOneShotSleepCount 0
04-27 11:42:19.499 W/TwinMgr (  519): [TwinInfo_update] WARNING: [TwinInfo_update][0]no deque on AFO over 64 frames
04-27 11:42:19.499 I/MtkCam/PrvCB(  519): (2767)[onClientThreadLoop] mOneShotSleepCount 1
04-27 11:42:19.500 I/Camera  ( 2530): handleMessage: 16
04-27 11:42:19.501 E/SurfaceFlinger(  403): getUniqueId not supported on VirtualDisplaySurface
04-27 11:42:19.504 E/SurfaceFlinger(  403): getUniqueId not supported on VirtualDisplaySurface
04-27 11:42:19.506 W/TuningMgr(  519): TuningMgr[updateEngine] WARNING: [temp log] AF enable(0_0x100802e0_0x8001e0)
04-27 11:42:19.507 D/BufferQueueProducer(  517): [GraphicBufferSource](this:0xefd4a000,id:0,api:1,p:517,c:517) cancelBuffer: slot 2
04-27 11:42:19.507 W/MtkCam/BufferProvider_P(  519): [Hal:Image:yuvFD][dequeStreamBuffer] Cannot acquire from pool. Something wrong... SOS
04-27 11:42:19.530 I/MtkCam/PrvCB(  519): (2767)[onClientThreadLoop] mOneShotSleepCount 0
04-27 11:42:19.534 I/Camera  ( 2530): handleMessage: 16
04-27 11:42:19.535 W/TwinMgr (  519): [TwinInfo_update] WARNING: [TwinInfo_update][0]no deque on AFO over 64 frames
04-27 11:42:19.540 W/TuningMgr(  519): TuningMgr[updateEngine] WARNING: [temp log] AF enable(0_0x100802e0_0x8001e0)
04-27 11:42:19.541 W/MtkCam/BufferProvider_P(  519): [Hal:Image:yuvFD][dequeStreamBuffer] Cannot acquire from pool. Something wrong... SOS
04-27 11:42:19.550 E/SurfaceFlinger(  403): getUniqueId not supported on VirtualDisplaySurface
04-27 11:42:19.552 E/SurfaceFlinger(  403): getUniqueId not supported on VirtualDisplaySurface
04-27 11:42:19.555 D/BufferQueueProducer(  517): [GraphicBufferSource](this:0xefd4a000,id:0,api:1,p:517,c:517) cancelBuffer: slot 1
04-27 11:42:19.556 I/MtkCam/Utils(  519): {CamProfile}[DisplayClient::dequePrvOps] dequeue_buffer > 30ms: (0-th) ===> (overtime > 30 ms) [start-->now: 31 ms]
04-27 11:42:19.565 I/MtkCam/PrvCB(  519): (2767)[onClientThreadLoop] mOneShotSleepCount 0
04-27 11:42:19.569 I/Camera  ( 2530): handleMessage: 16
04-27 11:42:19.571 W/TwinMgr (  519): [TwinInfo_update] WARNING: [TwinInfo_update][0]no deque on AFO over 64 frames
04-27 11:42:19.577 W/TuningMgr(  519): TuningMgr[updateEngine] WARNING: [temp log] AF enable(0_0x100802e0_0x8001e0)
04-27 11:42:19.578 W/MtkCam/BufferProvider_P(  519): [Hal:Image:yuvFD][dequeStreamBuffer] Cannot acquire from pool. Something wrong... SOS
04-27 11:42:19.583 E/SurfaceFlinger(  403): getUniqueId not supported on VirtualDisplaySurface
04-27 11:42:19.585 E/SurfaceFlinger(  403): getUniqueId not supported on VirtualDisplaySurface
04-27 11:42:19.587 D/BufferQueueProducer(  517): [GraphicBufferSource](this:0xefd4a000,id:0,api:1,p:517,c:517) cancelBuffer: slot 2
04-27 11:42:19.601 I/MtkCam/PrvCB(  519): (2767)[onClientThreadLoop] mOneShotSleepCount 0
04-27 11:42:19.606 I/Camera  ( 2530): handleMessage: 16
04-27 11:42:19.607 W/TwinMgr (  519): [TwinInfo_update] WARNING: [TwinInfo_update][0]no deque on AFO over 64 frames
04-27 11:42:19.613 W/TuningMgr(  519): TuningMgr[updateEngine] WARNING: [temp log] AF enable(0_0x100802e0_0x8001e0)
04-27 11:42:19.614 W/MtkCam/BufferProvider_P(  519): [Hal:Image:yuvFD][dequeStreamBuffer] Cannot acquire from pool. Something wrong... SOS
04-27 11:42:19.616 E/SurfaceFlinger(  403): getUniqueId not supported on VirtualDisplaySurface
04-27 11:42:19.618 E/SurfaceFlinger(  403): getUniqueId not supported on VirtualDisplaySurface
04-27 11:42:19.622 D/BufferQueueProducer(  517): [GraphicBufferSource](this:0xefd4a000,id:0,api:1,p:517,c:517) cancelBuffer: slot 1
04-27 11:42:19.637 I/MtkCam/PrvCB(  519): (2767)[onClientThreadLoop] mOneShotSleepCount 0
04-27 11:42:19.641 I/Camera  ( 2530): handleMessage: 16
04-27 11:42:19.642 W/TwinMgr (  519): [TwinInfo_update] WARNING: [TwinInfo_update][0]no deque on AFO over 64 frames
04-27 11:42:19.648 E/SurfaceFlinger(  403): getUniqueId not supported on VirtualDisplaySurface
04-27 11:42:19.648 W/TuningMgr(  519): TuningMgr[updateEngine] WARNING: [temp log] AF enable(0_0x100802e0_0x8001e0)
04-27 11:42:19.649 W/MtkCam/BufferProvider_P(  519): [Hal:Image:yuvFD][dequeStreamBuffer] Cannot acquire from pool. Something wrong... SOS
04-27 11:42:19.650 E/SurfaceFlinger(  403): getUniqueId not supported on VirtualDisplaySurface
04-27 11:42:19.653 D/BufferQueueProducer(  517): [GraphicBufferSource](this:0xefd4a000,id:0,api:1,p:517,c:517) cancelBuffer: slot 2
04-27 11:42:19.673 I/MtkCam/PrvCB(  519): (2767)[onClientThreadLoop] mOneShotSleepCount 0
04-27 11:42:19.677 D/agps    (  526): [agps] WARNING: [AGPS] agps2_ref_loc_timeout
04-27 11:42:19.677 D/agps    (  526): [agps][n][CP] [MD_1] write  nbr_cell_info_reg_req
04-27 11:42:19.678 I/Camera  ( 2530): handleMessage: 16
04-27 11:42:19.678 I/MtkCam/PrvCB(  519): (2767)[onClientThreadLoop] mOneShotSleepCount 1
04-27 11:42:19.678 W/TwinMgr (  519): [TwinInfo_update] WARNING: [TwinInfo_update][0]no deque on AFO over 64 frames
04-27 11:42:19.681 E/SurfaceFlinger(  403): getUniqueId not supported on VirtualDisplaySurface
04-27 11:42:19.682 W/TuningMgr(  519): TuningMgr[updateEngine] WARNING: [temp log] AF enable(0_0x100802e0_0x8001e0)
04-27 11:42:19.683 W/MtkCam/BufferProvider_P(  519): [Hal:Image:yuvFD][dequeStreamBuffer] Cannot acquire from pool. Something wrong... SOS
04-27 11:42:19.684 E/SurfaceFlinger(  403): getUniqueId not supported on VirtualDisplaySurface
04-27 11:42:19.684 D/agps    (  526): [agps][n][CP] [MD_1] read  nbr_cell_info_reg_cnf  rat_mode=4 (GSM=1 UMTS=2 LTE=4) is_nbr_info_valid=1
04-27 11:42:19.684 D/agps    (  526): [agps][n][CP] [MD_1] write  nbr_cell_info_dereg_req
04-27 11:42:19.684 D/agps    (  526): [agps][n][AGPS] agps2_mgr_session_req  type=[UP]
04-27 11:42:19.685 E/agps    (  526): [agps] ERR: [AGPS] update_imsi_to_supl_swip  IMSI is invalid
04-27 11:42:19.685 D/agps    (  526): [agps][SUPL] config supl_version=2 eCID=1 addr=[supl.google.com] port=7275 tls=1
04-27 11:42:19.685 D/agps    (  526): [agps][SUPL] create type=[SI] trigger_type=[NONE] pos_method=[BASE]
04-27 11:42:19.685 D/agps    (  526): [agps][SUPL] qop horacc=22 veracc=0(used=0) maxLocAge=0(used=0) delay=0(used=0)
04-27 11:42:19.685 I/WifiService( 1081): requestActivityInfo uid=1000
04-27 11:42:19.686 I/WifiService( 1081): reportActivityInfo uid=1000
04-27 11:42:19.686 I/WifiService( 1081): getSupportedFeatures uid=1000
04-27 11:42:19.686 V/MtkAgpsNative(  526): supl_mmi_msg_hdlr msg_id(6)(MSG_ID_SUPL_MMI_CONFIG_REQ)
04-27 11:42:19.686 D/WifiStateMachine( 1081):  MtkL2ConnectedState { when=0 what=131133 target=com.android.internal.util.StateMachine$SmHandler } 0 0, mShouldDeferDisableWifi = false, mState = MONITORING
04-27 11:42:19.686 V/MtkAgpsNative(  526): supl_mmi_msg_hdlr msg_id(7)(MSG_ID_SUPL_MMI_CREATE_REQ)
04-27 11:42:19.686 D/BufferQueueProducer(  517): [GraphicBufferSource](this:0xefd4a000,id:0,api:1,p:517,c:517) cancelBuffer: slot 1
04-27 11:42:19.687 D/agps    (  526): [agps][n][CP] [MD_1] write  nbr_cell_info_reg_req
04-27 11:42:19.687 I/WifiHAL (  395): [WIFI HAL]wifi_get_supported_feature_set: handle=0x792e030a20, feature_set=0x80101a
04-27 11:42:19.689 D/WifiController( 1081): DeviceActiveState CMD_BATTERY_CHANGED{ when=0 what=155652 arg1=2 target=com.android.internal.util.StateMachine$SmHandler }
04-27 11:42:19.689 D/WifiController( 1081): StaEnabledState CMD_BATTERY_CHANGED{ when=0 what=155652 arg1=2 target=com.android.internal.util.StateMachine$SmHandler }
04-27 11:42:19.689 D/WifiController( 1081): DefaultState CMD_BATTERY_CHANGED{ when=0 what=155652 arg1=2 target=com.android.internal.util.StateMachine$SmHandler }
04-27 11:42:19.689 I/WifiHAL (  395): [WIFI HAL]wifi_get_supported_feature_set: handle=0x792e030a20, feature_set=0x80101a
04-27 11:42:19.690 D/zhh_tts ( 1213): onBatteryLevelChanged()
04-27 11:42:19.692 D/LPPeService( 1081): [4][lbs] lbsBatteryChanged() level=[97] scale=[100] percentage=[97]
04-27 11:42:19.692 D/zhang   ( 1213): updateSmallBattery------level=97,pluggedIn=true,charging=true
04-27 11:42:19.693 D/agps    (  526): [agps][n][CP] [MD_1] read  nbr_cell_info_dereg_cnf
04-27 11:42:19.693 D/agps    (  526): [agps][n][CP] [MD_1] read  nbr_cell_info_reg_cnf  rat_mode=4 (GSM=1 UMTS=2 LTE=4) is_nbr_info_valid=1
04-27 11:42:19.694 D/zhh_tts ( 1213): onBatteryLevelChanged()
04-27 11:42:19.694 D/agps    (  526): [agps][n][SUPL] supl_l4c_nbr_cell_info_update: no preferred eCell: i(0) ts(0) diiff_time(326270) n(3)
04-27 11:42:19.694 D/agps    (  526): [agps][n][SUPL] supl_l4c_nbr_cell_info_update: no preferred eCell: i(1) ts(0) diiff_time(326270) n(3)
04-27 11:42:19.694 D/agps    (  526): [agps][n][SUPL] supl_l4c_nbr_cell_info_update: use preferred eCell: i(2) diiff_time(0) n(3)
04-27 11:42:19.694 D/agps    (  526): [agps][n][CP] [MD_1] write  nbr_cell_info_dereg_req
04-27 11:42:19.694 D/agps    (  526): [agps] WARNING: [APP] SUPL_START [SET_BASE][2.0.0] [Snd]
04-27 11:42:19.694 D/agps    (  526): [agps][n][SUPL] version=2 support_network_used=0 wlan=0 is_associated=1
04-27 11:42:19.695 D/zhang   ( 1213): updateSmallBattery------level=97,pluggedIn=true,charging=true
04-27 11:42:19.696 I/MtkAgpsNative(  526): Enter supl_conn_send_create_req
04-27 11:42:19.696 D/agps    (  526): [agps][SUPL] MMI msg_id=[MSG_ID_SUPL_MMI_SUPL_FLOW_IND]
04-27 11:42:19.696 D/agps    (  526): [agps][n][CP] [MD_1] write  cp2_util_send_raw_data_req  type=[SUPL_FLOW_IND] len=118
04-27 11:42:19.697 D/lbs_hidl_service(  525): [1.06][mtk_agps2framework] handleSocketEvent() ret=[9]
04-27 11:42:19.698 D/zhh_tts ( 1213): onBatteryLevelChanged()
04-27 11:42:19.698 D/AgpsApn ( 1081): isExist() 0
04-27 11:42:19.700 D/lbs_hidl_service(  525): [1.06][mtk_agps2framework] handleSocketEvent() ret=[29]
04-27 11:42:19.701 D/AgpsApn ( 1081): requestDedicatedApnAndDnsQuery() fqdn=supl.google.com isEsupl=false isSuplApn=false
04-27 11:42:19.701 D/agps    (  526): [agps][n][CP] [MD_1] read  nbr_cell_info_dereg_cnf
04-27 11:42:19.701 D/AgpsApn ( 1081): handleRequestNet
04-27 11:42:19.701 D/zhang   ( 1213): updateSmallBattery------level=97,pluggedIn=true,charging=true
04-27 11:42:19.702 D/AgpsApn ( 1081): checking net=100 cap=[ Transports: WIFI Capabilities: NOT_METERED&INTERNET&NOT_RESTRICTED&TRUSTED&NOT_VPN&VALIDATED&FOREGROUND LinkUpBandwidth>=1048576Kbps LinkDnBandwidth>=1048576Kbps SignalStrength: -52]
04-27 11:42:19.704 D/libc-netbsd(  514): [getaddrinfo]: netid=100; mark=786532; ai_flags=1024; ai_family=0
04-27 11:42:19.705 D/libc-netbsd(  514): default dns: query_ipv6=0, query_ipv4=1
04-27 11:42:19.705 D/libc-netbsd(  514): res_queryN succeed
04-27 11:42:19.689 D/WifiController( 1081): battery changed pluggedType: 2
04-27 11:42:19.706 E/BatteryExternalStatsWorker( 1081): no controller energy info supplied for wifi
04-27 11:42:19.706 E/BatteryExternalStatsWorker( 1081): no controller energy info supplied for bluetooth
04-27 11:42:19.707 D/libc-netbsd( 1081): getaddrinfo: get result from proxy gai_error = 0
04-27 11:42:19.707 D/AgpsApn ( 1081): ia=supl.google.com/74.125.195.192 bytes=[74, 125, -61, -64] network=null
04-27 11:42:19.708 D/lbs_hidl_service(  525): [1.06][mtk_framework2agps] sendToServer() size=[40]
04-27 11:42:19.709 I/MtkCam/PrvCB(  519): (2767)[onClientThreadLoop] mOneShotSleepCount 0
04-27 11:42:19.709 D/agps    (  526): [agps][n][task] DNS IPv4=[74.125.195.192]
04-27 11:42:19.709 E/agps    (  526): [agps] ERR: [Utility] do_socket_connect_v6  no v6 address
04-27 11:42:19.709 D/AgpsApn ( 1081): DnsQueryResult() fqdn=supl.google.com isSuccess=true hasIpv4=true ipv4=c0c37d4a hasIpv6=false ipv6=[0, 0, 0, 0, 0, 0, 0, 0, 0, 0, 0, 0, 0, 0, 0, 0] hasNetId=false netId=-1 ret=true
04-27 11:42:19.709 D/agps    (  526): [agps] WARNING: [Utility] socket_dump_keepalive_status() enabled=0 probes=9 time=7200 intvl=75
04-27 11:42:19.712 I/Camera  ( 2530): handleMessage: 16
04-27 11:42:19.713 D/agps    (  526): [agps] WARNING: [APP] Before Connection IPv4=[74:125:195:192] Port=[7275] ret=[-1] errno=[115] fd=[54]
04-27 11:42:19.714 W/TwinMgr (  519): [TwinInfo_update] WARNING: [TwinInfo_update][0]no deque on AFO over 64 frames
04-27 11:42:19.717 W/MtkCam/BufferProvider_P(  519): [Hal:Image:yuvFD][dequeStreamBuffer] Cannot acquire from pool. Something wrong... SOS
04-27 11:42:19.717 W/TuningMgr(  519): TuningMgr[updateEngine] WARNING: [temp log] AF enable(0_0x100802e0_0x8001e0)
04-27 11:42:19.725 E/KernelUidCpuFreqTimeReader( 1081): Failed to read /proc/uid_time_in_state: java.io.FileNotFoundException: /proc/uid_time_in_state (No such file or directory)
04-27 11:42:19.729 E/SurfaceFlinger(  403): getUniqueId not supported on VirtualDisplaySurface
04-27 11:42:19.731 E/SurfaceFlinger(  403): getUniqueId not supported on VirtualDisplaySurface
04-27 11:42:19.733 D/BufferQueueProducer(  517): [GraphicBufferSource](this:0xefd4a000,id:0,api:1,p:517,c:517) cancelBuffer: slot 2
04-27 11:42:19.734 I/MtkCam/Utils(  519): {CamProfile}[DisplayClient::dequePrvOps] dequeue_buffer > 30ms: (0-th) ===> (overtime > 30 ms) [start-->now: 31 ms]
04-27 11:42:19.744 I/MtkCam/PrvCB(  519): (2767)[onClientThreadLoop] mOneShotSleepCount 0
04-27 11:42:19.747 I/Camera  ( 2530): handleMessage: 16
04-27 11:42:19.750 W/TwinMgr (  519): [TwinInfo_update] WARNING: [TwinInfo_update][0]no deque on AFO over 64 frames
04-27 11:42:19.753 W/TuningMgr(  519): TuningMgr[updateEngine] WARNING: [temp log] AF enable(0_0x100802e0_0x8001e0)
04-27 11:42:19.754 W/MtkCam/BufferProvider_P(  519): [Hal:Image:yuvFD][dequeStreamBuffer] Cannot acquire from pool. Something wrong... SOS
04-27 11:42:19.762 E/SurfaceFlinger(  403): getUniqueId not supported on VirtualDisplaySurface
04-27 11:42:19.764 E/SurfaceFlinger(  403): getUniqueId not supported on VirtualDisplaySurface
04-27 11:42:19.766 D/BufferQueueProducer(  517): [GraphicBufferSource](this:0xefd4a000,id:0,api:1,p:517,c:517) cancelBuffer: slot 1
04-27 11:42:19.780 I/MtkCam/PrvCB(  519): (2767)[onClientThreadLoop] mOneShotSleepCount 0
04-27 11:42:19.783 I/Camera  ( 2530): handleMessage: 16
04-27 11:42:19.786 W/TwinMgr (  519): [TwinInfo_update] WARNING: [TwinInfo_update][0]no deque on AFO over 64 frames
04-27 11:42:19.792 W/TuningMgr(  519): TuningMgr[updateEngine] WARNING: [temp log] AF enable(0_0x100802e0_0x8001e0)
04-27 11:42:19.793 W/MtkCam/BufferProvider_P(  519): [Hal:Image:yuvFD][dequeStreamBuffer] Cannot acquire from pool. Something wrong... SOS
04-27 11:42:19.795 E/SurfaceFlinger(  403): getUniqueId not supported on VirtualDisplaySurface
04-27 11:42:19.797 E/SurfaceFlinger(  403): getUniqueId not supported on VirtualDisplaySurface
04-27 11:42:19.800 D/BufferQueueProducer(  517): [GraphicBufferSource](this:0xefd4a000,id:0,api:1,p:517,c:517) cancelBuffer: slot 2
04-27 11:42:19.801 I/MtkCam/Utils(  519): {CamProfile}[DisplayClient::dequePrvOps] dequeue_buffer > 30ms: (0-th) ===> (overtime > 30 ms) [start-->now: 31 ms]
04-27 11:42:19.809 I/BufferQueueProducer(  403): [SurfaceView - #0](this:0x74cd9b7800,id:14,api:4,p:500,c:403) queueBuffer: fps=27.84 dur=1005.87 max=42.96 min=28.23
04-27 11:42:19.816 I/MtkCam/PrvCB(  519): (2767)[onClientThreadLoop] mOneShotSleepCount 0
04-27 11:42:19.820 I/Camera  ( 2530): handleMessage: 16
04-27 11:42:19.822 W/TwinMgr (  519): [TwinInfo_update] WARNING: [TwinInfo_update][0]no deque on AFO over 64 frames
04-27 11:42:19.827 E/SurfaceFlinger(  403): getUniqueId not supported on VirtualDisplaySurface
04-27 11:42:19.829 W/TuningMgr(  519): TuningMgr[updateEngine] WARNING: [temp log] AF enable(0_0x100802e0_0x8001e0)
04-27 11:42:19.830 W/MtkCam/BufferProvider_P(  519): [Hal:Image:yuvFD][dequeStreamBuffer] Cannot acquire from pool. Something wrong... SOS
04-27 11:42:19.830 E/SurfaceFlinger(  403): getUniqueId not supported on VirtualDisplaySurface
04-27 11:42:19.833 D/BufferQueueProducer(  517): [GraphicBufferSource](this:0xefd4a000,id:0,api:1,p:517,c:517) cancelBuffer: slot 1
04-27 11:42:19.848 D/MPE     (  495): mtk_gps_mnl_trigger_mpe: mpemsg len=0
04-27 11:42:19.852 I/MtkCam/PrvCB(  519): (2767)[onClientThreadLoop] mOneShotSleepCount 0
04-27 11:42:19.855 I/Camera  ( 2530): handleMessage: 16
04-27 11:42:19.858 W/TwinMgr (  519): [TwinInfo_update] WARNING: [TwinInfo_update][0]no deque on AFO over 64 frames
04-27 11:42:19.860 D/MPE     (  495): mtk_gps_mnl_trigger_mpe: mpemsg len=0
04-27 11:42:19.862 E/SurfaceFlinger(  403): getUniqueId not supported on VirtualDisplaySurface
04-27 11:42:19.863 D/pseudo  (  495): mtk_gps_sys_nmea_output_to_mnld: received 772 bytes:
04-27 11:42:19.865 E/SurfaceFlinger(  403): getUniqueId not supported on VirtualDisplaySurface
04-27 11:42:19.865 W/TuningMgr(  519): TuningMgr[updateEngine] WARNING: [temp log] AF enable(0_0x100802e0_0x8001e0)
04-27 11:42:19.865 D/pseudo  (  495): mtk_gps_sys_nmea_output_to_app: len:772, [NMEA]$GNGGA,034219.01...
04-27 11:42:19.865 D/gps_controlller(  495): mtk_gps_sys_gps_mnl_callback: msg:0
04-27 11:42:19.865 D/gps_controlller(  495): send_active_notify: send clean nmea timer cmd!
04-27 11:42:19.865 D/gps_controlller(  495): mtk_gps_sys_gps_mnl_callback: MTK_GPS_MSG_FIX_READY,GET_RTC_FAIL
04-27 11:42:19.865 D/gps_controlller(  495): gps_control_thread: gps_control_thread wait
04-27 11:42:19.865 D/pseudo  (  495): mtk_gps_sys_nmea_output_to_app: len:46, [vAGPS_Auto_Req]:g_FirstDbtt:0,u2BitMap:0x128
