04-27 11:42:19.868 D/BufferQueueProducer(  517): [GraphicBufferSource](this:0xefd4a000,id:0,api:1,p:517,c:517) cancelBuffer: slot 2
04-27 11:42:19.868 D/agps    (  526): [agps][n][AGPS] [MNL] write  pmtk  [$PMTK680,1,FFFFF1AE*7E
04-27 11:42:19.868 D/agps    (  526):  ]
04-27 11:42:19.870 W/MtkCam/BufferProvider_P(  519): [Hal:Image:yuvFD][dequeStreamBuffer] Cannot acquire from pool. Something wrong... SOS
04-27 11:42:19.887 I/MtkCam/PrvCB(  519): (2767)[onClientThreadLoop] mOneShotSleepCount 0
04-27 11:42:19.892 I/Camera  ( 2530): handleMessage: 16
04-27 11:42:19.894 W/TwinMgr (  519): [TwinInfo_update] WARNING: [TwinInfo_update][0]no deque on AFO over 64 frames
04-27 11:42:19.901 W/TuningMgr(  519): TuningMgr[updateEngine] WARNING: [temp log] AF enable(0_0x100802e0_0x8001e0)
04-27 11:42:19.901 W/MtkCam/BufferProvider_P(  519): [Hal:Image:yuvFD][dequeStreamBuffer] Cannot acquire from pool. Something wrong... SOS
04-27 11:42:19.909 E/SurfaceFlinger(  403): getUniqueId not supported on VirtualDisplaySurface
04-27 11:42:19.911 E/SurfaceFlinger(  403): getUniqueId not supported on VirtualDisplaySurface
04-27 11:42:19.914 D/BufferQueueProducer(  517): [GraphicBufferSource](this:0xefd4a000,id:0,api:1,p:517,c:517) cancelBuffer: slot 1
04-27 11:42:19.923 I/MtkCam/PrvCB(  519): (2767)[onClientThreadLoop] mOneShotSleepCount 0
04-27 11:42:19.927 I/Camera  ( 2530): handleMessage: 16
04-27 11:42:19.930 W/TwinMgr (  519): [TwinInfo_update] WARNING: [TwinInfo_update][0]no deque on AFO over 64 frames
04-27 11:42:19.935 W/TuningMgr(  519): TuningMgr[updateEngine] WARNING: [temp log] AF enable(0_0x100802e0_0x8001e0)
04-27 11:42:19.935 W/MtkCam/BufferProvider_P(  519): [Hal:Image:yuvFD][dequeStreamBuffer] Cannot acquire from pool. Something wrong... SOS
04-27 11:42:19.942 E/SurfaceFlinger(  403): getUniqueId not supported on VirtualDisplaySurface
04-27 11:42:19.944 E/SurfaceFlinger(  403): getUniqueId not supported on VirtualDisplaySurface
04-27 11:42:19.946 D/BufferQueueProducer(  517): [GraphicBufferSource](this:0xefd4a000,id:0,api:1,p:517,c:517) cancelBuffer: slot 2
04-27 11:42:19.959 I/MtkCam/PrvCB(  519): (2767)[onClientThreadLoop] mOneShotSleepCount 0
04-27 11:42:19.962 I/Camera  ( 2530): handleMessage: 16
04-27 11:42:19.964 I/MtkCam/PrvCB(  519): (2767)[onClientThreadLoop] mOneShotSleepCount 1
04-27 11:42:19.966 W/TwinMgr (  519): [TwinInfo_update] WARNING: [TwinInfo_update][0]no deque on AFO over 64 frames
04-27 11:42:19.972 W/TuningMgr(  519): TuningMgr[updateEngine] WARNING: [temp log] AF enable(0_0x100802e0_0x8001e0)
04-27 11:42:19.972 W/MtkCam/BufferProvider_P(  519): [Hal:Image:yuvFD][dequeStreamBuffer] Cannot acquire from pool. Something wrong... SOS
04-27 11:42:19.974 E/SurfaceFlinger(  403): getUniqueId not supported on VirtualDisplaySurface
04-27 11:42:19.977 E/SurfaceFlinger(  403): getUniqueId not supported on VirtualDisplaySurface
04-27 11:42:19.979 D/BufferQueueProducer(  517): [GraphicBufferSource](this:0xefd4a000,id:0,api:1,p:517,c:517) cancelBuffer: slot 1
04-27 11:42:19.994 I/MtkCam/PrvCB(  519): (2767)[onClientThreadLoop] mOneShotSleepCount 0
04-27 11:42:19.998 I/Camera  ( 2530): handleMessage: 16
04-27 11:42:20.000 I/ADB_SERVICES( 1533): g_pending_list length=1
04-27 11:42:20.000 I/ADB_SERVICES( 1533): +read_data=614376 local_socket_list_len=4
04-27 11:42:20.002 W/TwinMgr (  519): [TwinInfo_update] WARNING: [TwinInfo_update][0]no deque on AFO over 64 frames
04-27 11:42:20.007 E/SurfaceFlinger(  403): getUniqueId not supported on VirtualDisplaySurface
04-27 11:42:20.008 W/TuningMgr(  519): TuningMgr[updateEngine] WARNING: [temp log] AF enable(0_0x100802e0_0x8001e0)
04-27 11:42:20.009 W/MtkCam/BufferProvider_P(  519): [Hal:Image:yuvFD][dequeStreamBuffer] Cannot acquire from pool. Something wrong... SOS
04-27 11:42:20.009 E/SurfaceFlinger(  403): getUniqueId not supported on VirtualDisplaySurface
04-27 11:42:20.012 D/BufferQueueProducer(  517): [GraphicBufferSource](this:0xefd4a000,id:0,api:1,p:517,c:517) cancelBuffer: slot 2
04-27 11:42:20.030 I/MtkCam/PrvCB(  519): (2767)[onClientThreadLoop] mOneShotSleepCount 0
04-27 11:42:20.034 I/Camera  ( 2530): handleMessage: 16
04-27 11:42:20.038 W/TwinMgr (  519): [TwinInfo_update] WARNING: [TwinInfo_update][0]no deque on AFO over 64 frames
04-27 11:42:20.040 E/SurfaceFlinger(  403): getUniqueId not supported on VirtualDisplaySurface
04-27 11:42:20.042 E/SurfaceFlinger(  403): getUniqueId not supported on VirtualDisplaySurface
04-27 11:42:20.044 W/TuningMgr(  519): TuningMgr[updateEngine] WARNING: [temp log] AF enable(0_0x100802e0_0x8001e0)
04-27 11:42:20.045 D/BufferQueueProducer(  517): [GraphicBufferSource](this:0xefd4a000,id:0,api:1,p:517,c:517) cancelBuffer: slot 1
04-27 11:42:20.045 W/MtkCam/BufferProvider_P(  519): [Hal:Image:yuvFD][dequeStreamBuffer] Cannot acquire from pool. Something wrong... SOS
04-27 11:42:20.066 I/MtkCam/PrvCB(  519): (2767)[onClientThreadLoop] mOneShotSleepCount 0
04-27 11:42:20.072 I/MtkCam/PrvCB(  519): (2767)[onClientThreadLoop] mOneShotSleepCount 1
04-27 11:42:20.072 I/Camera  ( 2530): handleMessage: 16
04-27 11:42:20.074 W/TwinMgr (  519): [TwinInfo_update] WARNING: [TwinInfo_update][0]no deque on AFO over 64 frames
04-27 11:42:20.081 W/TuningMgr(  519): TuningMgr[updateEngine] WARNING: [temp log] AF enable(0_0x100802e0_0x8001e0)
04-27 11:42:20.082 W/MtkCam/BufferProvider_P(  519): [Hal:Image:yuvFD][dequeStreamBuffer] Cannot acquire from pool. Something wrong... SOS
04-27 11:42:20.089 E/SurfaceFlinger(  403): getUniqueId not supported on VirtualDisplaySurface
04-27 11:42:20.091 E/SurfaceFlinger(  403): getUniqueId not supported on VirtualDisplaySurface
04-27 11:42:20.094 D/BufferQueueProducer(  517): [GraphicBufferSource](this:0xefd4a000,id:0,api:1,p:517,c:517) cancelBuffer: slot 2
04-27 11:42:20.095 I/MtkCam/Utils(  519): {CamProfile}[DisplayClient::dequePrvOps] dequeue_buffer > 30ms: (0-th) ===> (overtime > 30 ms) [start-->now: 32 ms]
04-27 11:42:20.102 I/MtkCam/PrvCB(  519): (2767)[onClientThreadLoop] mOneShotSleepCount 0
04-27 11:42:20.106 I/Camera  ( 2530): handleMessage: 16
04-27 11:42:20.110 W/TwinMgr (  519): [TwinInfo_update] WARNING: [TwinInfo_update][0]no deque on AFO over 64 frames
04-27 11:42:20.115 W/TuningMgr(  519): TuningMgr[updateEngine] WARNING: [temp log] AF enable(0_0x100802e0_0x8001e0)
04-27 11:42:20.116 W/MtkCam/BufferProvider_P(  519): [Hal:Image:yuvFD][dequeStreamBuffer] Cannot acquire from pool. Something wrong... SOS
04-27 11:42:20.121 E/SurfaceFlinger(  403): getUniqueId not supported on VirtualDisplaySurface
04-27 11:42:20.124 E/SurfaceFlinger(  403): getUniqueId not supported on VirtualDisplaySurface
04-27 11:42:20.126 D/BufferQueueProducer(  517): [GraphicBufferSource](this:0xefd4a000,id:0,api:1,p:517,c:517) cancelBuffer: slot 1
04-27 11:42:20.138 I/MtkCam/PrvCB(  519): (2767)[onClientThreadLoop] mOneShotSleepCount 0
04-27 11:42:20.141 I/Camera  ( 2530): handleMessage: 16
04-27 11:42:20.146 W/TwinMgr (  519): [TwinInfo_update] WARNING: [TwinInfo_update][0]no deque on AFO over 64 frames
04-27 11:42:20.152 W/TuningMgr(  519): TuningMgr[updateEngine] WARNING: [temp log] AF enable(0_0x100802e0_0x8001e0)
04-27 11:42:20.152 W/MtkCam/BufferProvider_P(  519): [Hal:Image:yuvFD][dequeStreamBuffer] Cannot acquire from pool. Something wrong... SOS
04-27 11:42:20.155 E/SurfaceFlinger(  403): getUniqueId not supported on VirtualDisplaySurface
04-27 11:42:20.158 E/SurfaceFlinger(  403): getUniqueId not supported on VirtualDisplaySurface
04-27 11:42:20.160 D/BufferQueueProducer(  517): [GraphicBufferSource](this:0xefd4a000,id:0,api:1,p:517,c:517) cancelBuffer: slot 2
04-27 11:42:20.168 I/MtkCam/DisplayClient(  519): [DisplayClient::enquePrvOps] fps: 27.797031 = 56 / 2014603693 ns
04-27 11:42:20.173 I/MtkCam/PrvCB(  519): (2767)[onClientThreadLoop] mOneShotSleepCount 0
04-27 11:42:20.176 I/Camera  ( 2530): handleMessage: 16
04-27 11:42:20.181 W/TwinMgr (  519): [TwinInfo_update] WARNING: [TwinInfo_update][0]no deque on AFO over 64 frames
04-27 11:42:20.186 E/SurfaceFlinger(  403): getUniqueId not supported on VirtualDisplaySurface
04-27 11:42:20.187 W/TuningMgr(  519): TuningMgr[updateEngine] WARNING: [temp log] AF enable(0_0x100802e0_0x8001e0)
04-27 11:42:20.188 W/MtkCam/BufferProvider_P(  519): [Hal:Image:yuvFD][dequeStreamBuffer] Cannot acquire from pool. Something wrong... SOS
04-27 11:42:20.189 E/SurfaceFlinger(  403): getUniqueId not supported on VirtualDisplaySurface
04-27 11:42:20.192 D/BufferQueueProducer(  517): [GraphicBufferSource](this:0xefd4a000,id:0,api:1,p:517,c:517) cancelBuffer: slot 1
04-27 11:42:20.209 I/MtkCam/PrvCB(  519): (2767)[onClientThreadLoop] mOneShotSleepCount 0
04-27 11:42:20.212 I/Camera  ( 2530): handleMessage: 16
04-27 11:42:20.217 W/TwinMgr (  519): [TwinInfo_update] WARNING: [TwinInfo_update][0]no deque on AFO over 64 frames
04-27 11:42:20.219 E/SurfaceFlinger(  403): getUniqueId not supported on VirtualDisplaySurface
04-27 11:42:20.221 E/SurfaceFlinger(  403): getUniqueId not supported on VirtualDisplaySurface
04-27 11:42:20.223 W/TuningMgr(  519): TuningMgr[updateEngine] WARNING: [temp log] AF enable(0_0x100802e0_0x8001e0)
04-27 11:42:20.223 W/MtkCam/BufferProvider_P(  519): [Hal:Image:yuvFD][dequeStreamBuffer] Cannot acquire from pool. Something wrong... SOS
04-27 11:42:20.224 D/BufferQueueProducer(  517): [GraphicBufferSource](this:0xefd4a000,id:0,api:1,p:517,c:517) cancelBuffer: slot 2
04-27 11:42:20.245 I/MtkCam/PrvCB(  519): (2767)[onClientThreadLoop] mOneShotSleepCount 0
04-27 11:42:20.249 I/Camera  ( 2530): handleMessage: 16
04-27 11:42:20.253 W/TwinMgr (  519): [TwinInfo_update] WARNING: [TwinInfo_update][0]no deque on AFO over 64 frames
04-27 11:42:20.259 W/TuningMgr(  519): TuningMgr[updateEngine] WARNING: [temp log] AF enable(0_0x100802e0_0x8001e0)
04-27 11:42:20.260 W/MtkCam/BufferProvider_P(  519): [Hal:Image:yuvFD][dequeStreamBuffer] Cannot acquire from pool. Something wrong... SOS
04-27 11:42:20.268 E/SurfaceFlinger(  403): getUniqueId not supported on VirtualDisplaySurface
04-27 11:42:20.272 E/SurfaceFlinger(  403): getUniqueId not supported on VirtualDisplaySurface
04-27 11:42:20.274 D/BufferQueueProducer(  517): [GraphicBufferSource](this:0xefd4a000,id:0,api:1,p:517,c:517) cancelBuffer: slot 1
04-27 11:42:20.275 I/MtkCam/Utils(  519): {CamProfile}[DisplayClient::dequePrvOps] dequeue_buffer > 30ms: (0-th) ===> (overtime > 30 ms) [start-->now: 34 ms]
04-27 11:42:20.281 I/MtkCam/PrvCB(  519): (2767)[onClientThreadLoop] mOneShotSleepCount 0
04-27 11:42:20.284 I/Camera  ( 2530): handleMessage: 16
04-27 11:42:20.289 W/TwinMgr (  519): [TwinInfo_update] WARNING: [TwinInfo_update][0]no deque on AFO over 64 frames
04-27 11:42:20.295 W/TuningMgr(  519): TuningMgr[updateEngine] WARNING: [temp log] AF enable(0_0x100802e0_0x8001e0)
04-27 11:42:20.296 W/MtkCam/BufferProvider_P(  519): [Hal:Image:yuvFD][dequeStreamBuffer] Cannot acquire from pool. Something wrong... SOS
04-27 11:42:20.301 E/SurfaceFlinger(  403): getUniqueId not supported on VirtualDisplaySurface
04-27 11:42:20.303 E/SurfaceFlinger(  403): getUniqueId not supported on VirtualDisplaySurface
04-27 11:42:20.305 D/BufferQueueProducer(  517): [GraphicBufferSource](this:0xefd4a000,id:0,api:1,p:517,c:517) cancelBuffer: slot 2
04-27 11:42:20.316 I/MtkCam/PrvCB(  519): (2767)[onClientThreadLoop] mOneShotSleepCount 0
04-27 11:42:20.321 I/Camera  ( 2530): handleMessage: 16
04-27 11:42:20.322 I/MtkCam/PrvCB(  519): (2767)[onClientThreadLoop] mOneShotSleepCount 1
04-27 11:42:20.325 W/TwinMgr (  519): [TwinInfo_update] WARNING: [TwinInfo_update][0]no deque on AFO over 64 frames
04-27 11:42:20.331 W/TuningMgr(  519): TuningMgr[updateEngine] WARNING: [temp log] AF enable(0_0x100802e0_0x8001e0)
04-27 11:42:20.332 W/MtkCam/BufferProvider_P(  519): [Hal:Image:yuvFD][dequeStreamBuffer] Cannot acquire from pool. Something wrong... SOS
04-27 11:42:20.334 E/SurfaceFlinger(  403): getUniqueId not supported on VirtualDisplaySurface
04-27 11:42:20.336 E/SurfaceFlinger(  403): getUniqueId not supported on VirtualDisplaySurface
04-27 11:42:20.339 D/BufferQueueProducer(  517): [GraphicBufferSource](this:0xefd4a000,id:0,api:1,p:517,c:517) cancelBuffer: slot 1
04-27 11:42:20.349 D/GB28181 ( 2530): >>>>>>>>=====D:/androidProject/src_edition/app2020_8_10/camera_live/app/src/main/cpp/libgb28181/sip/sip_timer.cpp[208]==========
04-27 11:42:20.349 D/GB28181 ( 2530): #sip_rev接收服务器到SIP消息:msg_buf[(null)]
04-27 11:42:20.349 D/GB28181 ( 2530): #########################stm.msg_src=[2],
04-27 11:42:20.350 I/System.out( 2530): GB28181--->>>-----C++回调java:状态回调 回调函数--- sysState:2 connState:2heartbeatExceptionCount:0 liveState:0 talkState:0 videotapeState:0videotapedownloadState:0---------------------
04-27 11:42:20.350 D/GB28181 ( 2530): #sip_rev------>>>接收服务器SIP消息来源:定时消息 SIP_TIMER_SRC ，收到服务器心跳反馈
04-27 11:42:20.350 D/GB28181 ( 2530):
04-27 11:42:20.350 D/GB28181 ( 2530):
04-27 11:42:20.350 I/MtkCam/PrvCB(  519): [performPreviewCallback] fps: 27.849215 = 56 / 2010828693 ns
04-27 11:42:20.350 D/GB28181 ( 2530): cur_time=247  (p_user->last_rx_time + g_gb28181_cfg.heartbeat_interval) =271
04-27 11:42:20.350 D/GB28181 ( 2530): cur_time=247  (p_user->last_rx_time + g_gb28181_cfg.heartbeat_interval) =271
04-27 11:42:20.350 D/GB28181 ( 2530): --sip_task---->>> hsip.net_rx_flag===1
04-27 11:42:20.352 I/MtkCam/PrvCB(  519): (2767)[onClientThreadLoop] mOneShotSleepCount 0
04-27 11:42:20.355 I/Camera  ( 2530): handleMessage: 16
04-27 11:42:20.361 W/TwinMgr (  519): [TwinInfo_update] WARNING: [TwinInfo_update][0]no deque on AFO over 64 frames
04-27 11:42:20.366 E/SurfaceFlinger(  403): getUniqueId not supported on VirtualDisplaySurface
04-27 11:42:20.367 W/TuningMgr(  519): TuningMgr[updateEngine] WARNING: [temp log] AF enable(0_0x100802e0_0x8001e0)
04-27 11:42:20.368 W/MtkCam/BufferProvider_P(  519): [Hal:Image:yuvFD][dequeStreamBuffer] Cannot acquire from pool. Something wrong... SOS
04-27 11:42:20.369 E/SurfaceFlinger(  403): getUniqueId not supported on VirtualDisplaySurface
04-27 11:42:20.371 D/BufferQueueProducer(  517): [GraphicBufferSource](this:0xefd4a000,id:0,api:1,p:517,c:517) cancelBuffer: slot 2
04-27 11:42:20.384 D/NxpTml  (  399): PN54X - Read requested.....
04-27 11:42:20.384 D/NxpTml  (  399): PN54X - Invoking I2C Read.....
04-27 11:42:20.388 I/MtkCam/PrvCB(  519): (2767)[onClientThreadLoop] mOneShotSleepCount 0
04-27 11:42:20.391 I/Camera  ( 2530): handleMessage: 16
04-27 11:42:20.397 W/TwinMgr (  519): [TwinInfo_update] WARNING: [TwinInfo_update][0]no deque on AFO over 64 frames
04-27 11:42:20.399 E/SurfaceFlinger(  403): getUniqueId not supported on VirtualDisplaySurface
04-27 11:42:20.401 E/SurfaceFlinger(  403): getUniqueId not supported on VirtualDisplaySurface
04-27 11:42:20.403 W/TuningMgr(  519): TuningMgr[updateEngine] WARNING: [temp log] AF enable(0_0x100802e0_0x8001e0)
04-27 11:42:20.404 W/MtkCam/BufferProvider_P(  519): [Hal:Image:yuvFD][dequeStreamBuffer] Cannot acquire from pool. Something wrong... SOS
04-27 11:42:20.404 D/BufferQueueProducer(  517): [GraphicBufferSource](this:0xefd4a000,id:0,api:1,p:517,c:517) cancelBuffer: slot 1
04-27 11:42:20.423 I/MtkCam/PrvCB(  519): (2767)[onClientThreadLoop] mOneShotSleepCount 0
04-27 11:42:20.426 I/Camera  ( 2530): handleMessage: 16
04-27 11:42:20.433 W/TwinMgr (  519): [TwinInfo_update] WARNING: [TwinInfo_update][0]no deque on AFO over 64 frames
04-27 11:42:20.439 W/TuningMgr(  519): TuningMgr[updateEngine] WARNING: [temp log] AF enable(0_0x100802e0_0x8001e0)
04-27 11:42:20.439 W/MtkCam/BufferProvider_P(  519): [Hal:Image:yuvFD][dequeStreamBuffer] Cannot acquire from pool. Something wrong... SOS
04-27 11:42:20.448 E/SurfaceFlinger(  403): getUniqueId not supported on VirtualDisplaySurface
04-27 11:42:20.450 E/SurfaceFlinger(  403): getUniqueId not supported on VirtualDisplaySurface
04-27 11:42:20.451 I/thermal_repeater(  521): [recvMdThermalInfo] ret=30, strLen=127,  3, 48, -127, -28366, 32767, 0
04-27 11:42:20.452 I/DisplayDevice(  403): [stdout (type:2)] fps:27.723276,dur:1009.98,max:49.94,min:30.28
04-27 11:42:20.453 D/BufferQueueProducer(  517): [GraphicBufferSource](this:0xefd4a000,id:0,api:1,p:517,c:517) cancelBuffer: slot 2
04-27 11:42:20.454 I/MtkCam/Utils(  519): {CamProfile}[DisplayClient::dequePrvOps] dequeue_buffer > 30ms: (0-th) ===> (overtime > 30 ms) [start-->now: 34 ms]
04-27 11:42:20.459 I/MtkCam/PrvCB(  519): (2767)[onClientThreadLoop] mOneShotSleepCount 0
04-27 11:42:20.462 I/Camera  ( 2530): handleMessage: 16
04-27 11:42:20.469 W/TwinMgr (  519): [TwinInfo_update] WARNING: [TwinInfo_update][0]no deque on AFO over 64 frames
04-27 11:42:20.474 W/TuningMgr(  519): TuningMgr[updateEngine] WARNING: [temp log] AF enable(0_0x100802e0_0x8001e0)
04-27 11:42:20.475 W/MtkCam/BufferProvider_P(  519): [Hal:Image:yuvFD][dequeStreamBuffer] Cannot acquire from pool. Something wrong... SOS
04-27 11:42:20.480 E/SurfaceFlinger(  403): getUniqueId not supported on VirtualDisplaySurface
04-27 11:42:20.483 E/SurfaceFlinger(  403): getUniqueId not supported on VirtualDisplaySurface
04-27 11:42:20.485 D/BufferQueueProducer(  517): [GraphicBufferSource](this:0xefd4a000,id:0,api:1,p:517,c:517) cancelBuffer: slot 1
04-27 11:42:20.495 I/MtkCam/PrvCB(  519): (2767)[onClientThreadLoop] mOneShotSleepCount 0
04-27 11:42:20.498 I/Camera  ( 2530): handleMessage: 16
04-27 11:42:20.505 W/TwinMgr (  519): [TwinInfo_update] WARNING: [TwinInfo_update][0]no deque on AFO over 64 frames
04-27 11:42:20.511 W/MtkCam/BufferProvider_P(  519): [Hal:Image:yuvFD][dequeStreamBuffer] Cannot acquire from pool. Something wrong... SOS
04-27 11:42:20.512 W/TuningMgr(  519): TuningMgr[updateEngine] WARNING: [temp log] AF enable(0_0x100802e0_0x8001e0)
04-27 11:42:20.514 E/SurfaceFlinger(  403): getUniqueId not supported on VirtualDisplaySurface
04-27 11:42:20.516 E/SurfaceFlinger(  403): getUniqueId not supported on VirtualDisplaySurface
04-27 11:42:20.519 D/BufferQueueProducer(  517): [GraphicBufferSource](this:0xefd4a000,id:0,api:1,p:517,c:517) cancelBuffer: slot 2
04-27 11:42:20.531 I/MtkCam/PrvCB(  519): (2767)[onClientThreadLoop] mOneShotSleepCount 0
04-27 11:42:20.534 I/Camera  ( 2530): handleMessage: 16
04-27 11:42:20.541 W/TwinMgr (  519): [TwinInfo_update] WARNING: [TwinInfo_update][0]no deque on AFO over 64 frames
04-27 11:42:20.546 E/SurfaceFlinger(  403): getUniqueId not supported on VirtualDisplaySurface
04-27 11:42:20.547 W/TuningMgr(  519): TuningMgr[updateEngine] WARNING: [temp log] AF enable(0_0x100802e0_0x8001e0)
04-27 11:42:20.547 W/MtkCam/BufferProvider_P(  519): [Hal:Image:yuvFD][dequeStreamBuffer] Cannot acquire from pool. Something wrong... SOS
04-27 11:42:20.548 E/SurfaceFlinger(  403): getUniqueId not supported on VirtualDisplaySurface
04-27 11:42:20.551 D/BufferQueueProducer(  517): [GraphicBufferSource](this:0xefd4a000,id:0,api:1,p:517,c:517) cancelBuffer: slot 1
04-27 11:42:20.566 I/MtkCam/PrvCB(  519): (2767)[onClientThreadLoop] mOneShotSleepCount 0
04-27 11:42:20.570 I/Camera  ( 2530): handleMessage: 16
04-27 11:42:20.577 W/TwinMgr (  519): [TwinInfo_update] WARNING: [TwinInfo_update][0]no deque on AFO over 64 frames
04-27 11:42:20.578 E/SurfaceFlinger(  403): getUniqueId not supported on VirtualDisplaySurface
04-27 11:42:20.581 E/SurfaceFlinger(  403): getUniqueId not supported on VirtualDisplaySurface
04-27 11:42:20.583 D/BufferQueueProducer(  517): [GraphicBufferSource](this:0xefd4a000,id:0,api:1,p:517,c:517) cancelBuffer: slot 2
04-27 11:42:20.583 W/TuningMgr(  519): TuningMgr[updateEngine] WARNING: [temp log] AF enable(0_0x100802e0_0x8001e0)
04-27 11:42:20.585 W/MtkCam/BufferProvider_P(  519): [Hal:Image:yuvFD][dequeStreamBuffer] Cannot acquire from pool. Something wrong... SOS
04-27 11:42:20.603 I/MtkCam/PrvCB(  519): (2767)[onClientThreadLoop] mOneShotSleepCount 0
04-27 11:42:20.606 I/Camera  ( 2530): handleMessage: 16
04-27 11:42:20.612 W/TwinMgr (  519): [TwinInfo_update] WARNING: [TwinInfo_update][0]no deque on AFO over 64 frames
04-27 11:42:20.620 W/MtkCam/BufferProvider_P(  519): [Hal:Image:yuvFD][dequeStreamBuffer] Cannot acquire from pool. Something wrong... SOS
04-27 11:42:20.621 W/TuningMgr(  519): TuningMgr[updateEngine] WARNING: [temp log] AF enable(0_0x100802e0_0x8001e0)
04-27 11:42:20.627 E/SurfaceFlinger(  403): getUniqueId not supported on VirtualDisplaySurface
04-27 11:42:20.630 E/SurfaceFlinger(  403): getUniqueId not supported on VirtualDisplaySurface
04-27 11:42:20.633 D/BufferQueueProducer(  517): [GraphicBufferSource](this:0xefd4a000,id:0,api:1,p:517,c:517) cancelBuffer: slot 1
04-27 11:42:20.639 I/MtkCam/PrvCB(  519): (2767)[onClientThreadLoop] mOneShotSleepCount 0
04-27 11:42:20.643 I/Camera  ( 2530): handleMessage: 16
04-27 11:42:20.648 W/TwinMgr (  519): [TwinInfo_update] WARNING: [TwinInfo_update][0]no deque on AFO over 64 frames
04-27 11:42:20.652 W/TuningMgr(  519): TuningMgr[updateEngine] WARNING: [temp log] AF enable(0_0x100802e0_0x8001e0)
04-27 11:42:20.654 W/MtkCam/BufferProvider_P(  519): [Hal:Image:yuvFD][dequeStreamBuffer] Cannot acquire from pool. Something wrong... SOS
04-27 11:42:20.659 E/SurfaceFlinger(  403): getUniqueId not supported on VirtualDisplaySurface
04-27 11:42:20.662 E/SurfaceFlinger(  403): getUniqueId not supported on VirtualDisplaySurface
04-27 11:42:20.664 D/BufferQueueProducer(  517): [GraphicBufferSource](this:0xefd4a000,id:0,api:1,p:517,c:517) cancelBuffer: slot 2
04-27 11:42:20.674 I/MtkCam/PrvCB(  519): (2767)[onClientThreadLoop] mOneShotSleepCount 0
04-27 11:42:20.678 I/Camera  ( 2530): handleMessage: 16
04-27 11:42:20.684 W/TwinMgr (  519): [TwinInfo_update] WARNING: [TwinInfo_update][0]no deque on AFO over 64 frames
04-27 11:42:20.689 W/TuningMgr(  519): TuningMgr[updateEngine] WARNING: [temp log] AF enable(0_0x100802e0_0x8001e0)
04-27 11:42:20.692 W/MtkCam/BufferProvider_P(  519): [Hal:Image:yuvFD][dequeStreamBuffer] Cannot acquire from pool. Something wrong... SOS
04-27 11:42:20.693 E/SurfaceFlinger(  403): getUniqueId not supported on VirtualDisplaySurface
04-27 11:42:20.695 E/SurfaceFlinger(  403): getUniqueId not supported on VirtualDisplaySurface
04-27 11:42:20.698 D/BufferQueueProducer(  517): [GraphicBufferSource](this:0xefd4a000,id:0,api:1,p:517,c:517) cancelBuffer: slot 1
04-27 11:42:20.710 I/MtkCam/PrvCB(  519): (2767)[onClientThreadLoop] mOneShotSleepCount 0
04-27 11:42:20.714 I/Camera  ( 2530): handleMessage: 16
04-27 11:42:20.720 W/TwinMgr (  519): [TwinInfo_update] WARNING: [TwinInfo_update][0]no deque on AFO over 64 frames
04-27 11:42:20.726 E/SurfaceFlinger(  403): getUniqueId not supported on VirtualDisplaySurface
04-27 11:42:20.726 W/TuningMgr(  519): TuningMgr[updateEngine] WARNING: [temp log] AF enable(0_0x100802e0_0x8001e0)
04-27 11:42:20.727 W/MtkCam/BufferProvider_P(  519): [Hal:Image:yuvFD][dequeStreamBuffer] Cannot acquire from pool. Something wrong... SOS
04-27 11:42:20.728 E/SurfaceFlinger(  403): getUniqueId not supported on VirtualDisplaySurface
04-27 11:42:20.731 D/BufferQueueProducer(  517): [GraphicBufferSource](this:0xefd4a000,id:0,api:1,p:517,c:517) cancelBuffer: slot 2
04-27 11:42:20.746 I/MtkCam/PrvCB(  519): (2767)[onClientThreadLoop] mOneShotSleepCount 0
04-27 11:42:20.750 I/Camera  ( 2530): handleMessage: 16
04-27 11:42:20.756 W/TwinMgr (  519): [TwinInfo_update] WARNING: [TwinInfo_update][0]no deque on AFO over 64 frames
04-27 11:42:20.759 E/SurfaceFlinger(  403): getUniqueId not supported on VirtualDisplaySurface
04-27 11:42:20.762 E/SurfaceFlinger(  403): getUniqueId not supported on VirtualDisplaySurface
04-27 11:42:20.762 W/TuningMgr(  519): TuningMgr[updateEngine] WARNING: [temp log] AF enable(0_0x100802e0_0x8001e0)
04-27 11:42:20.763 W/MtkCam/BufferProvider_P(  519): [Hal:Image:yuvFD][dequeStreamBuffer] Cannot acquire from pool. Something wrong... SOS
04-27 11:42:20.765 D/BufferQueueProducer(  517): [GraphicBufferSource](this:0xefd4a000,id:0,api:1,p:517,c:517) cancelBuffer: slot 1
04-27 11:42:20.781 I/MtkCam/PrvCB(  519): (2767)[onClientThreadLoop] mOneShotSleepCount 0
04-27 11:42:20.786 I/Camera  ( 2530): handleMessage: 16
04-27 11:42:20.787 I/MtkCam/PrvCB(  519): (2767)[onClientThreadLoop] mOneShotSleepCount 1
04-27 11:42:20.792 W/TwinMgr (  519): [TwinInfo_update] WARNING: [TwinInfo_update][0]no deque on AFO over 64 frames
04-27 11:42:20.798 W/TuningMgr(  519): TuningMgr[updateEngine] WARNING: [temp log] AF enable(0_0x100802e0_0x8001e0)
04-27 11:42:20.799 W/MtkCam/BufferProvider_P(  519): [Hal:Image:yuvFD][dequeStreamBuffer] Cannot acquire from pool. Something wrong... SOS
04-27 11:42:20.807 E/SurfaceFlinger(  403): getUniqueId not supported on VirtualDisplaySurface
04-27 11:42:20.810 E/SurfaceFlinger(  403): getUniqueId not supported on VirtualDisplaySurface
04-27 11:42:20.812 D/BufferQueueProducer(  517): [GraphicBufferSource](this:0xefd4a000,id:0,api:1,p:517,c:517) cancelBuffer: slot 2
04-27 11:42:20.813 I/MtkCam/Utils(  519): {CamProfile}[DisplayClient::dequePrvOps] dequeue_buffer > 30ms: (0-th) ===> (overtime > 30 ms) [start-->now: 31 ms]
04-27 11:42:20.817 I/BufferQueueProducer(  403): [SurfaceView - #0](this:0x74cd9b7800,id:14,api:4,p:500,c:403) queueBuffer: fps=27.80 dur=1007.14 max=39.84 min=30.50
04-27 11:42:20.818 I/MtkCam/PrvCB(  519): (2767)[onClientThreadLoop] mOneShotSleepCount 0
04-27 11:42:20.822 I/Camera  ( 2530): handleMessage: 16
04-27 11:42:20.828 W/TwinMgr (  519): [TwinInfo_update] WARNING: [TwinInfo_update][0]no deque on AFO over 64 frames
04-27 11:42:20.835 W/TuningMgr(  519): TuningMgr[updateEngine] WARNING: [temp log] AF enable(0_0x100802e0_0x8001e0)
04-27 11:42:20.836 W/MtkCam/BufferProvider_P(  519): [Hal:Image:yuvFD][dequeStreamBuffer] Cannot acquire from pool. Something wrong... SOS
04-27 11:42:20.839 E/SurfaceFlinger(  403): getUniqueId not supported on VirtualDisplaySurface
04-27 11:42:20.842 E/SurfaceFlinger(  403): getUniqueId not supported on VirtualDisplaySurface
04-27 11:42:20.844 D/BufferQueueProducer(  517): [GraphicBufferSource](this:0xefd4a000,id:0,api:1,p:517,c:517) cancelBuffer: slot 1
04-27 11:42:20.848 D/MPE     (  495): mtk_gps_mnl_trigger_mpe: mpemsg len=0
04-27 11:42:20.855 I/MtkCam/PrvCB(  519): (2767)[onClientThreadLoop] mOneShotSleepCount 0
04-27 11:42:20.859 I/Camera  ( 2530): handleMessage: 16
04-27 11:42:20.860 D/MPE     (  495): mtk_gps_mnl_trigger_mpe: mpemsg len=0
04-27 11:42:20.863 D/pseudo  (  495): mtk_gps_sys_nmea_output_to_mnld: received 772 bytes:
04-27 11:42:20.864 W/TwinMgr (  519): [TwinInfo_update] WARNING: [TwinInfo_update][0]no deque on AFO over 64 frames
04-27 11:42:20.865 D/pseudo  (  495): mtk_gps_sys_nmea_output_to_app: len:772, [NMEA]$GNGGA,034220.01...
04-27 11:42:20.865 D/gps_controlller(  495): mtk_gps_sys_gps_mnl_callback: msg:0
04-27 11:42:20.865 D/gps_controlller(  495): send_active_notify: send clean nmea timer cmd!
04-27 11:42:20.865 D/gps_controlller(  495): mtk_gps_sys_gps_mnl_callback: MTK_GPS_MSG_FIX_READY,GET_RTC_FAIL
04-27 11:42:20.865 D/pseudo  (  495): mtk_gps_sys_nmea_output_to_app: len:46, [vAGPS_Auto_Req]:g_FirstDbtt:0,u2BitMap:0x128
04-27 11:42:20.865 D/gps_controlller(  495): gps_control_thread: gps_control_thread wait
04-27 11:42:20.868 D/agps    (  526): [agps][n][AGPS] [MNL] write  pmtk  [$PMTK680,1,FFFFF1A5*0E
04-27 11:42:20.868 D/agps    (  526):  ]
04-27 11:42:20.870 W/TuningMgr(  519): TuningMgr[updateEngine] WARNING: [temp log] AF enable(0_0x100802e0_0x8001e0)
04-27 11:42:20.871 W/MtkCam/BufferProvider_P(  519): [Hal:Image:yuvFD][dequeStreamBuffer] Cannot acquire from pool. Something wrong... SOS
04-27 11:42:20.873 E/SurfaceFlinger(  403): getUniqueId not supported on VirtualDisplaySurface
04-27 11:42:20.875 E/SurfaceFlinger(  403): getUniqueId not supported on VirtualDisplaySurface
04-27 11:42:20.877 D/BufferQueueProducer(  517): [GraphicBufferSource](this:0xefd4a000,id:0,api:1,p:517,c:517) cancelBuffer: slot 2
04-27 11:42:20.890 I/MtkCam/PrvCB(  519): (2767)[onClientThreadLoop] mOneShotSleepCount 0
04-27 11:42:20.894 I/Camera  ( 2530): handleMessage: 16
04-27 11:42:20.900 W/TwinMgr (  519): [TwinInfo_update] WARNING: [TwinInfo_update][0]no deque on AFO over 64 frames
04-27 11:42:20.905 E/SurfaceFlinger(  403): getUniqueId not supported on VirtualDisplaySurface
04-27 11:42:20.906 W/TuningMgr(  519): TuningMgr[updateEngine] WARNING: [temp log] AF enable(0_0x100802e0_0x8001e0)
04-27 11:42:20.907 E/SurfaceFlinger(  403): getUniqueId not supported on VirtualDisplaySurface
04-27 11:42:20.907 W/MtkCam/BufferProvider_P(  519): [Hal:Image:yuvFD][dequeStreamBuffer] Cannot acquire from pool. Something wrong... SOS
04-27 11:42:20.909 D/BufferQueueProducer(  517): [GraphicBufferSource](this:0xefd4a000,id:0,api:1,p:517,c:517) cancelBuffer: slot 1
04-27 11:42:20.927 I/MtkCam/PrvCB(  519): (2767)[onClientThreadLoop] mOneShotSleepCount 0
04-27 11:42:20.931 I/Camera  ( 2530): handleMessage: 16
04-27 11:42:20.936 W/TwinMgr (  519): [TwinInfo_update] WARNING: [TwinInfo_update][0]no deque on AFO over 64 frames
04-27 11:42:20.937 E/SurfaceFlinger(  403): getUniqueId not supported on VirtualDisplaySurface
04-27 11:42:20.940 E/SurfaceFlinger(  403): getUniqueId not supported on VirtualDisplaySurface
04-27 11:42:20.942 D/BufferQueueProducer(  517): [GraphicBufferSource](this:0xefd4a000,id:0,api:1,p:517,c:517) cancelBuffer: slot 2
04-27 11:42:20.943 W/TuningMgr(  519): TuningMgr[updateEngine] WARNING: [temp log] AF enable(0_0x100802e0_0x8001e0)
04-27 11:42:20.943 W/MtkCam/BufferProvider_P(  519): [Hal:Image:yuvFD][dequeStreamBuffer] Cannot acquire from pool. Something wrong... SOS
04-27 11:42:20.962 I/MtkCam/PrvCB(  519): (2767)[onClientThreadLoop] mOneShotSleepCount 0
04-27 11:42:20.966 I/Camera  ( 2530): handleMessage: 16
04-27 11:42:20.972 W/TwinMgr (  519): [TwinInfo_update] WARNING: [TwinInfo_update][0]no deque on AFO over 64 frames
04-27 11:42:20.978 W/TuningMgr(  519): TuningMgr[updateEngine] WARNING: [temp log] AF enable(0_0x100802e0_0x8001e0)
04-27 11:42:20.979 W/MtkCam/BufferProvider_P(  519): [Hal:Image:yuvFD][dequeStreamBuffer] Cannot acquire from pool. Something wrong... SOS
04-27 11:42:20.987 E/SurfaceFlinger(  403): getUniqueId not supported on VirtualDisplaySurface
04-27 11:42:20.989 E/SurfaceFlinger(  403): getUniqueId not supported on VirtualDisplaySurface
04-27 11:42:20.991 D/BufferQueueProducer(  517): [GraphicBufferSource](this:0xefd4a000,id:0,api:1,p:517,c:517) cancelBuffer: slot 1
04-27 11:42:20.992 I/MtkCam/Utils(  519): {CamProfile}[DisplayClient::dequePrvOps] dequeue_buffer > 30ms: (0-th) ===> (overtime > 30 ms) [start-->now: 31 ms]
04-27 11:42:20.998 I/MtkCam/PrvCB(  519): (2767)[onClientThreadLoop] mOneShotSleepCount 0
04-27 11:42:21.002 I/Camera  ( 2530): handleMessage: 16
04-27 11:42:21.008 W/TwinMgr (  519): [TwinInfo_update] WARNING: [TwinInfo_update][0]no deque on AFO over 64 frames
04-27 11:42:21.014 W/TuningMgr(  519): TuningMgr[updateEngine] WARNING: [temp log] AF enable(0_0x100802e0_0x8001e0)
04-27 11:42:21.014 W/MtkCam/BufferProvider_P(  519): [Hal:Image:yuvFD][dequeStreamBuffer] Cannot acquire from pool. Something wrong... SOS
04-27 11:42:21.019 E/SurfaceFlinger(  403): getUniqueId not supported on VirtualDisplaySurface
04-27 11:42:21.021 E/SurfaceFlinger(  403): getUniqueId not supported on VirtualDisplaySurface
04-27 11:42:21.024 D/BufferQueueProducer(  517): [GraphicBufferSource](this:0xefd4a000,id:0,api:1,p:517,c:517) cancelBuffer: slot 2
04-27 11:42:21.034 I/MtkCam/PrvCB(  519): (2767)[onClientThreadLoop] mOneShotSleepCount 0
04-27 11:42:21.038 I/Camera  ( 2530): handleMessage: 16
04-27 11:42:21.044 W/TwinMgr (  519): [TwinInfo_update] WARNING: [TwinInfo_update][0]no deque on AFO over 64 frames
04-27 11:42:21.049 W/TuningMgr(  519): TuningMgr[updateEngine] WARNING: [temp log] AF enable(0_0x100802e0_0x8001e0)
04-27 11:42:21.051 W/MtkCam/BufferProvider_P(  519): [Hal:Image:yuvFD][dequeStreamBuffer] Cannot acquire from pool. Something wrong... SOS
04-27 11:42:21.052 E/SurfaceFlinger(  403): getUniqueId not supported on VirtualDisplaySurface
04-27 11:42:21.054 E/SurfaceFlinger(  403): getUniqueId not supported on VirtualDisplaySurface
04-27 11:42:21.056 D/BufferQueueProducer(  517): [GraphicBufferSource](this:0xefd4a000,id:0,api:1,p:517,c:517) cancelBuffer: slot 1
04-27 11:42:21.070 I/MtkCam/PrvCB(  519): (2767)[onClientThreadLoop] mOneShotSleepCount 0
04-27 11:42:21.075 I/Camera  ( 2530): handleMessage: 16
04-27 11:42:21.076 I/MtkCam/PrvCB(  519): (2767)[onClientThreadLoop] mOneShotSleepCount 1
04-27 11:42:21.080 W/TwinMgr (  519): [TwinInfo_update] WARNING: [TwinInfo_update][0]no deque on AFO over 64 frames
04-27 11:42:21.085 E/SurfaceFlinger(  403): getUniqueId not supported on VirtualDisplaySurface
04-27 11:42:21.087 E/SurfaceFlinger(  403): getUniqueId not supported on VirtualDisplaySurface
04-27 11:42:21.088 W/TuningMgr(  519): TuningMgr[updateEngine] WARNING: [temp log] AF enable(0_0x100802e0_0x8001e0)
04-27 11:42:21.089 W/MtkCam/BufferProvider_P(  519): [Hal:Image:yuvFD][dequeStreamBuffer] Cannot acquire from pool. Something wrong... SOS
04-27 11:42:21.090 D/BufferQueueProducer(  517): [GraphicBufferSource](this:0xefd4a000,id:0,api:1,p:517,c:517) cancelBuffer: slot 2
04-27 11:42:21.107 I/MtkCam/PrvCB(  519): (2767)[onClientThreadLoop] mOneShotSleepCount 0
04-27 11:42:21.111 I/Camera  ( 2530): handleMessage: 16
04-27 11:42:21.116 W/TwinMgr (  519): [TwinInfo_update] WARNING: [TwinInfo_update][0]no deque on AFO over 64 frames
04-27 11:42:21.117 E/SurfaceFlinger(  403): getUniqueId not supported on VirtualDisplaySurface
04-27 11:42:21.120 E/SurfaceFlinger(  403): getUniqueId not supported on VirtualDisplaySurface
04-27 11:42:21.122 D/BufferQueueProducer(  517): [GraphicBufferSource](this:0xefd4a000,id:0,api:1,p:517,c:517) cancelBuffer: slot 1
04-27 11:42:21.123 W/TuningMgr(  519): TuningMgr[updateEngine] WARNING: [temp log] AF enable(0_0x100802e0_0x8001e0)
04-27 11:42:21.123 W/MtkCam/BufferProvider_P(  519): [Hal:Image:yuvFD][dequeStreamBuffer] Cannot acquire from pool. Something wrong... SOS
04-27 11:42:21.142 I/MtkCam/PrvCB(  519): (2767)[onClientThreadLoop] mOneShotSleepCount 0
04-27 11:42:21.145 I/Camera  ( 2530): handleMessage: 16
04-27 11:42:21.151 W/TwinMgr (  519): [TwinInfo_update] WARNING: [TwinInfo_update][0]no deque on AFO over 64 frames
04-27 11:42:21.159 W/TuningMgr(  519): TuningMgr[updateEngine] WARNING: [temp log] AF enable(0_0x100802e0_0x8001e0)
04-27 11:42:21.163 W/MtkCam/BufferProvider_P(  519): [Hal:Image:yuvFD][dequeStreamBuffer] Cannot acquire from pool. Something wrong... SOS
04-27 11:42:21.166 E/SurfaceFlinger(  403): getUniqueId not supported on VirtualDisplaySurface
04-27 11:42:21.168 E/SurfaceFlinger(  403): getUniqueId not supported on VirtualDisplaySurface
04-27 11:42:21.170 D/BufferQueueProducer(  517): [GraphicBufferSource](this:0xefd4a000,id:0,api:1,p:517,c:517) cancelBuffer: slot 2
04-27 11:42:21.181 I/MtkCam/PrvCB(  519): (2767)[onClientThreadLoop] mOneShotSleepCount 0
04-27 11:42:21.185 I/Camera  ( 2530): handleMessage: 16
04-27 11:42:21.187 W/TwinMgr (  519): [TwinInfo_update] WARNING: [TwinInfo_update][0]no deque on AFO over 64 frames
04-27 11:42:21.193 W/TuningMgr(  519): TuningMgr[updateEngine] WARNING: [temp log] AF enable(0_0x100802e0_0x8001e0)
04-27 11:42:21.193 W/MtkCam/BufferProvider_P(  519): [Hal:Image:yuvFD][dequeStreamBuffer] Cannot acquire from pool. Something wrong... SOS
04-27 11:42:21.199 E/SurfaceFlinger(  403): getUniqueId not supported on VirtualDisplaySurface
04-27 11:42:21.201 E/SurfaceFlinger(  403): getUniqueId not supported on VirtualDisplaySurface
04-27 11:42:21.203 D/BufferQueueProducer(  517): [GraphicBufferSource](this:0xefd4a000,id:0,api:1,p:517,c:517) cancelBuffer: slot 1
04-27 11:42:21.216 I/MtkCam/PrvCB(  519): (2767)[onClientThreadLoop] mOneShotSleepCount 0
04-27 11:42:21.221 I/Camera  ( 2530): handleMessage: 16
04-27 11:42:21.221 I/MtkCam/PrvCB(  519): (2767)[onClientThreadLoop] mOneShotSleepCount 1
04-27 11:42:21.223 W/TwinMgr (  519): [TwinInfo_update] WARNING: [TwinInfo_update][0]no deque on AFO over 64 frames
04-27 11:42:21.229 W/TuningMgr(  519): TuningMgr[updateEngine] WARNING: [temp log] AF enable(0_0x100802e0_0x8001e0)
04-27 11:42:21.230 W/MtkCam/BufferProvider_P(  519): [Hal:Image:yuvFD][dequeStreamBuffer] Cannot acquire from pool. Something wrong... SOS
04-27 11:42:21.232 E/SurfaceFlinger(  403): getUniqueId not supported on VirtualDisplaySurface
04-27 11:42:21.234 E/SurfaceFlinger(  403): getUniqueId not supported on VirtualDisplaySurface
04-27 11:42:21.236 D/BufferQueueProducer(  517): [GraphicBufferSource](this:0xefd4a000,id:0,api:1,p:517,c:517) cancelBuffer: slot 2
04-27 11:42:21.252 I/MtkCam/PrvCB(  519): (2767)[onClientThreadLoop] mOneShotSleepCount 0
04-27 11:42:21.255 I/Camera  ( 2530): handleMessage: 16
04-27 11:42:21.259 W/TwinMgr (  519): [TwinInfo_update] WARNING: [TwinInfo_update][0]no deque on AFO over 64 frames
04-27 11:42:21.264 E/SurfaceFlinger(  403): getUniqueId not supported on VirtualDisplaySurface
04-27 11:42:21.266 W/TuningMgr(  519): TuningMgr[updateEngine] WARNING: [temp log] AF enable(0_0x100802e0_0x8001e0)
04-27 11:42:21.266 E/SurfaceFlinger(  403): getUniqueId not supported on VirtualDisplaySurface
04-27 11:42:21.266 W/MtkCam/BufferProvider_P(  519): [Hal:Image:yuvFD][dequeStreamBuffer] Cannot acquire from pool. Something wrong... SOS
04-27 11:42:21.269 D/BufferQueueProducer(  517): [GraphicBufferSource](this:0xefd4a000,id:0,api:1,p:517,c:517) cancelBuffer: slot 1
04-27 11:42:21.287 I/MtkCam/PrvCB(  519): (2767)[onClientThreadLoop] mOneShotSleepCount 0
04-27 11:42:21.291 I/Camera  ( 2530): handleMessage: 16
04-27 11:42:21.295 W/TwinMgr (  519): [TwinInfo_update] WARNING: [TwinInfo_update][0]no deque on AFO over 64 frames
04-27 11:42:21.297 E/SurfaceFlinger(  403): getUniqueId not supported on VirtualDisplaySurface
04-27 11:42:21.299 E/SurfaceFlinger(  403): getUniqueId not supported on VirtualDisplaySurface
04-27 11:42:21.301 D/BufferQueueProducer(  517): [GraphicBufferSource](this:0xefd4a000,id:0,api:1,p:517,c:517) cancelBuffer: slot 2
04-27 11:42:21.302 W/TuningMgr(  519): TuningMgr[updateEngine] WARNING: [temp log] AF enable(0_0x100802e0_0x8001e0)
04-27 11:42:21.302 W/MtkCam/BufferProvider_P(  519): [Hal:Image:yuvFD][dequeStreamBuffer] Cannot acquire from pool. Something wrong... SOS
04-27 11:42:21.323 I/MtkCam/PrvCB(  519): (2767)[onClientThreadLoop] mOneShotSleepCount 0
04-27 11:42:21.327 I/Camera  ( 2530): handleMessage: 16
04-27 11:42:21.331 W/TwinMgr (  519): [TwinInfo_update] WARNING: [TwinInfo_update][0]no deque on AFO over 64 frames
04-27 11:42:21.337 W/TuningMgr(  519): TuningMgr[updateEngine] WARNING: [temp log] AF enable(0_0x100802e0_0x8001e0)
04-27 11:42:21.339 W/MtkCam/BufferProvider_P(  519): [Hal:Image:yuvFD][dequeStreamBuffer] Cannot acquire from pool. Something wrong... SOS
04-27 11:42:21.345 E/SurfaceFlinger(  403): getUniqueId not supported on VirtualDisplaySurface
04-27 11:42:21.348 E/SurfaceFlinger(  403): getUniqueId not supported on VirtualDisplaySurface
04-27 11:42:21.350 D/BufferQueueProducer(  517): [GraphicBufferSource](this:0xefd4a000,id:0,api:1,p:517,c:517) cancelBuffer: slot 1
04-27 11:42:21.350 D/GB28181 ( 2530): #sip_rev接收服务器到SIP消息:msg_buf[(null)]
04-27 11:42:21.350 D/GB28181 ( 2530): >>>>>>>>=====D:/androidProject/src_edition/app2020_8_10/camera_live/app/src/main/cpp/libgb28181/sip/sip_timer.cpp[208]==========
04-27 11:42:21.350 D/GB28181 ( 2530): #########################stm.msg_src=[2],
04-27 11:42:21.351 I/MtkCam/Utils(  519): {CamProfile}[DisplayClient::dequePrvOps] dequeue_buffer > 30ms: (0-th) ===> (overtime > 30 ms) [start-->now: 31 ms]
04-27 11:42:21.352 I/System.out( 2530): GB28181--->>>-----C++回调java:状态回调 回调函数--- sysState:2 connState:2heartbeatExceptionCount:0 liveState:0 talkState:0 videotapeState:0videotapedownloadState:0---------------------
04-27 11:42:21.352 D/GB28181 ( 2530): #sip_rev------>>>接收服务器SIP消息来源:定时消息 SIP_TIMER_SRC ，收到服务器心跳反馈
04-27 11:42:21.352 D/GB28181 ( 2530):
04-27 11:42:21.352 D/GB28181 ( 2530):
04-27 11:42:21.352 D/GB28181 ( 2530): cur_time=248  (p_user->last_rx_time + g_gb28181_cfg.heartbeat_interval) =271
04-27 11:42:21.352 D/GB28181 ( 2530): cur_time=248  (p_user->last_rx_time + g_gb28181_cfg.heartbeat_interval) =271
04-27 11:42:21.352 D/GB28181 ( 2530): --sip_task---->>> hsip.net_rx_flag===1
04-27 11:42:21.359 I/MtkCam/PrvCB(  519): (2767)[onClientThreadLoop] mOneShotSleepCount 0
04-27 11:42:21.363 I/Camera  ( 2530): handleMessage: 16
04-27 11:42:21.367 W/TwinMgr (  519): [TwinInfo_update] WARNING: [TwinInfo_update][0]no deque on AFO over 64 frames
04-27 11:42:21.373 W/TuningMgr(  519): TuningMgr[updateEngine] WARNING: [temp log] AF enable(0_0x100802e0_0x8001e0)
04-27 11:42:21.374 W/MtkCam/BufferProvider_P(  519): [Hal:Image:yuvFD][dequeStreamBuffer] Cannot acquire from pool. Something wrong... SOS
04-27 11:42:21.379 E/SurfaceFlinger(  403): getUniqueId not supported on VirtualDisplaySurface
04-27 11:42:21.381 E/SurfaceFlinger(  403): getUniqueId not supported on VirtualDisplaySurface
04-27 11:42:21.383 D/BufferQueueProducer(  517): [GraphicBufferSource](this:0xefd4a000,id:0,api:1,p:517,c:517) cancelBuffer: slot 2
04-27 11:42:21.395 I/MtkCam/PrvCB(  519): (2767)[onClientThreadLoop] mOneShotSleepCount 0
04-27 11:42:21.398 I/Camera  ( 2530): handleMessage: 16
04-27 11:42:21.403 W/TwinMgr (  519): [TwinInfo_update] WARNING: [TwinInfo_update][0]no deque on AFO over 64 frames
04-27 11:42:21.408 W/TuningMgr(  519): TuningMgr[updateEngine] WARNING: [temp log] AF enable(0_0x100802e0_0x8001e0)
04-27 11:42:21.409 W/MtkCam/BufferProvider_P(  519): [Hal:Image:yuvFD][dequeStreamBuffer] Cannot acquire from pool. Something wrong... SOS
04-27 11:42:21.411 E/SurfaceFlinger(  403): getUniqueId not supported on VirtualDisplaySurface
04-27 11:42:21.413 E/SurfaceFlinger(  403): getUniqueId not supported on VirtualDisplaySurface
04-27 11:42:21.415 D/BufferQueueProducer(  517): [GraphicBufferSource](this:0xefd4a000,id:0,api:1,p:517,c:517) cancelBuffer: slot 1
04-27 11:42:21.430 I/MtkCam/PrvCB(  519): (2767)[onClientThreadLoop] mOneShotSleepCount 0
04-27 11:42:21.434 I/Camera  ( 2530): handleMessage: 16
04-27 11:42:21.439 W/TwinMgr (  519): [TwinInfo_update] WARNING: [TwinInfo_update][0]no deque on AFO over 64 frames
04-27 11:42:21.443 E/SurfaceFlinger(  403): getUniqueId not supported on VirtualDisplaySurface
04-27 11:42:21.445 E/SurfaceFlinger(  403): getUniqueId not supported on VirtualDisplaySurface
04-27 11:42:21.445 W/TuningMgr(  519): TuningMgr[updateEngine] WARNING: [temp log] AF enable(0_0x100802e0_0x8001e0)
04-27 11:42:21.446 W/MtkCam/BufferProvider_P(  519): [Hal:Image:yuvFD][dequeStreamBuffer] Cannot acquire from pool. Something wrong... SOS
04-27 11:42:21.448 D/BufferQueueProducer(  517): [GraphicBufferSource](this:0xefd4a000,id:0,api:1,p:517,c:517) cancelBuffer: slot 2
04-27 11:42:21.466 I/MtkCam/PrvCB(  519): (2767)[onClientThreadLoop] mOneShotSleepCount 0
04-27 11:42:21.471 I/Camera  ( 2530): handleMessage: 16
04-27 11:42:21.471 I/MtkCam/PrvCB(  519): (2767)[onClientThreadLoop] mOneShotSleepCount 1
04-27 11:42:21.475 W/TwinMgr (  519): [TwinInfo_update] WARNING: [TwinInfo_update][0]no deque on AFO over 64 frames
04-27 11:42:21.476 E/SurfaceFlinger(  403): getUniqueId not supported on VirtualDisplaySurface
04-27 11:42:21.478 E/SurfaceFlinger(  403): getUniqueId not supported on VirtualDisplaySurface
04-27 11:42:21.479 I/DisplayDevice(  403): [stdout (type:2)] fps:28.231739,dur:1027.21,max:49.15,min:31.37
04-27 11:42:21.480 D/BufferQueueProducer(  517): [GraphicBufferSource](this:0xefd4a000,id:0,api:1,p:517,c:517) cancelBuffer: slot 1
04-27 11:42:21.481 W/MtkCam/BufferProvider_P(  519): [Hal:Image:yuvFD][dequeStreamBuffer] Cannot acquire from pool. Something wrong... SOS
04-27 11:42:21.481 W/TuningMgr(  519): TuningMgr[updateEngine] WARNING: [temp log] AF enable(0_0x100802e0_0x8001e0)
04-27 11:42:21.502 I/MtkCam/PrvCB(  519): (2767)[onClientThreadLoop] mOneShotSleepCount 0
04-27 11:42:21.506 I/Camera  ( 2530): handleMessage: 16
04-27 11:42:21.510 W/TwinMgr (  519): [TwinInfo_update] WARNING: [TwinInfo_update][0]no deque on AFO over 64 frames
04-27 11:42:21.517 W/MtkCam/BufferProvider_P(  519): [Hal:Image:yuvFD][dequeStreamBuffer] Cannot acquire from pool. Something wrong... SOS
04-27 11:42:21.517 W/TuningMgr(  519): TuningMgr[updateEngine] WARNING: [temp log] AF enable(0_0x100802e0_0x8001e0)
04-27 11:42:21.525 E/SurfaceFlinger(  403): getUniqueId not supported on VirtualDisplaySurface
04-27 11:42:21.527 E/SurfaceFlinger(  403): getUniqueId not supported on VirtualDisplaySurface
04-27 11:42:21.530 D/BufferQueueProducer(  517): [GraphicBufferSource](this:0xefd4a000,id:0,api:1,p:517,c:517) cancelBuffer: slot 2
04-27 11:42:21.531 I/MtkCam/Utils(  519): {CamProfile}[DisplayClient::dequePrvOps] dequeue_buffer > 30ms: (0-th) ===> (overtime > 30 ms) [start-->now: 34 ms]
04-27 11:42:21.538 I/MtkCam/PrvCB(  519): (2767)[onClientThreadLoop] mOneShotSleepCount 0
04-27 11:42:21.541 I/Camera  ( 2530): handleMessage: 16
04-27 11:42:21.546 W/TwinMgr (  519): [TwinInfo_update] WARNING: [TwinInfo_update][0]no deque on AFO over 64 frames
04-27 11:42:21.552 W/TuningMgr(  519): TuningMgr[updateEngine] WARNING: [temp log] AF enable(0_0x100802e0_0x8001e0)
04-27 11:42:21.553 W/MtkCam/BufferProvider_P(  519): [Hal:Image:yuvFD][dequeStreamBuffer] Cannot acquire from pool. Something wrong... SOS
04-27 11:42:21.558 E/SurfaceFlinger(  403): getUniqueId not supported on VirtualDisplaySurface
04-27 11:42:21.560 E/SurfaceFlinger(  403): getUniqueId not supported on VirtualDisplaySurface
04-27 11:42:21.562 D/BufferQueueProducer(  517): [GraphicBufferSource](this:0xefd4a000,id:0,api:1,p:517,c:517) cancelBuffer: slot 1
04-27 11:42:21.574 I/MtkCam/PrvCB(  519): (2767)[onClientThreadLoop] mOneShotSleepCount 0
04-27 11:42:21.578 I/Camera  ( 2530): handleMessage: 16
04-27 11:42:21.582 W/TwinMgr (  519): [TwinInfo_update] WARNING: [TwinInfo_update][0]no deque on AFO over 64 frames
04-27 11:42:21.590 W/TuningMgr(  519): TuningMgr[updateEngine] WARNING: [temp log] AF enable(0_0x100802e0_0x8001e0)
04-27 11:42:21.591 W/MtkCam/BufferProvider_P(  519): [Hal:Image:yuvFD][dequeStreamBuffer] Cannot acquire from pool. Something wrong... SOS
04-27 11:42:21.591 E/SurfaceFlinger(  403): getUniqueId not supported on VirtualDisplaySurface
04-27 11:42:21.593 E/SurfaceFlinger(  403): getUniqueId not supported on VirtualDisplaySurface
04-27 11:42:21.596 D/BufferQueueProducer(  517): [GraphicBufferSource](this:0xefd4a000,id:0,api:1,p:517,c:517) cancelBuffer: slot 2
04-27 11:42:21.609 I/MtkCam/PrvCB(  519): (2767)[onClientThreadLoop] mOneShotSleepCount 0
04-27 11:42:21.613 I/Camera  ( 2530): handleMessage: 16
04-27 11:42:21.618 W/TwinMgr (  519): [TwinInfo_update] WARNING: [TwinInfo_update][0]no deque on AFO over 64 frames
04-27 11:42:21.623 E/SurfaceFlinger(  403): getUniqueId not supported on VirtualDisplaySurface
04-27 11:42:21.624 W/TuningMgr(  519): TuningMgr[updateEngine] WARNING: [temp log] AF enable(0_0x100802e0_0x8001e0)
04-27 11:42:21.625 W/MtkCam/BufferProvider_P(  519): [Hal:Image:yuvFD][dequeStreamBuffer] Cannot acquire from pool. Something wrong... SOS
04-27 11:42:21.625 E/SurfaceFlinger(  403): getUniqueId not supported on VirtualDisplaySurface
04-27 11:42:21.628 D/BufferQueueProducer(  517): [GraphicBufferSource](this:0xefd4a000,id:0,api:1,p:517,c:517) cancelBuffer: slot 1
04-27 11:42:21.645 I/MtkCam/PrvCB(  519): (2767)[onClientThreadLoop] mOneShotSleepCount 0
04-27 11:42:21.649 I/Camera  ( 2530): handleMessage: 16
04-27 11:42:21.654 W/TwinMgr (  519): [TwinInfo_update] WARNING: [TwinInfo_update][0]no deque on AFO over 64 frames
04-27 11:42:21.655 E/SurfaceFlinger(  403): getUniqueId not supported on VirtualDisplaySurface
04-27 11:42:21.658 E/SurfaceFlinger(  403): getUniqueId not supported on VirtualDisplaySurface
04-27 11:42:21.660 W/TuningMgr(  519): TuningMgr[updateEngine] WARNING: [temp log] AF enable(0_0x100802e0_0x8001e0)
04-27 11:42:21.661 D/BufferQueueProducer(  517): [GraphicBufferSource](this:0xefd4a000,id:0,api:1,p:517,c:517) cancelBuffer: slot 2
04-27 11:42:21.661 W/MtkCam/BufferProvider_P(  519): [Hal:Image:yuvFD][dequeStreamBuffer] Cannot acquire from pool. Something wrong... SOS
04-27 11:42:21.681 I/MtkCam/PrvCB(  519): (2767)[onClientThreadLoop] mOneShotSleepCount 0
04-27 11:42:21.684 I/Camera  ( 2530): handleMessage: 16
04-27 11:42:21.690 W/TwinMgr (  519): [TwinInfo_update] WARNING: [TwinInfo_update][0]no deque on AFO over 64 frames
04-27 11:42:21.696 W/TuningMgr(  519): TuningMgr[updateEngine] WARNING: [temp log] AF enable(0_0x100802e0_0x8001e0)
04-27 11:42:21.698 W/MtkCam/BufferProvider_P(  519): [Hal:Image:yuvFD][dequeStreamBuffer] Cannot acquire from pool. Something wrong... SOS
04-27 11:42:21.704 E/SurfaceFlinger(  403): getUniqueId not supported on VirtualDisplaySurface
04-27 11:42:21.707 E/SurfaceFlinger(  403): getUniqueId not supported on VirtualDisplaySurface
04-27 11:42:21.710 D/BufferQueueProducer(  517): [GraphicBufferSource](this:0xefd4a000,id:0,api:1,p:517,c:517) cancelBuffer: slot 1
04-27 11:42:21.711 I/MtkCam/Utils(  519): {CamProfile}[DisplayClient::dequePrvOps] dequeue_buffer > 30ms: (0-th) ===> (overtime > 30 ms) [start-->now: 32 ms]
04-27 11:42:21.717 I/MtkCam/PrvCB(  519): (2767)[onClientThreadLoop] mOneShotSleepCount 0
04-27 11:42:21.720 I/Camera  ( 2530): handleMessage: 16
04-27 11:42:21.726 W/TwinMgr (  519): [TwinInfo_update] WARNING: [TwinInfo_update][0]no deque on AFO over 64 frames
04-27 11:42:21.733 W/MtkCam/BufferProvider_P(  519): [Hal:Image:yuvFD][dequeStreamBuffer] Cannot acquire from pool. Something wrong... SOS
04-27 11:42:21.733 W/TuningMgr(  519): TuningMgr[updateEngine] WARNING: [temp log] AF enable(0_0x100802e0_0x8001e0)
04-27 11:42:21.737 E/SurfaceFlinger(  403): getUniqueId not supported on VirtualDisplaySurface
04-27 11:42:21.740 E/SurfaceFlinger(  403): getUniqueId not supported on VirtualDisplaySurface
04-27 11:42:21.742 D/BufferQueueProducer(  517): [GraphicBufferSource](this:0xefd4a000,id:0,api:1,p:517,c:517) cancelBuffer: slot 2
